03-19 20:44:10.194  2093  2093 I MSM-irqbalance: Decided to move IRQ18 from CPU0 [P:0] to CPU7 [P:1] (banned)
03-19 20:44:10.194  2093  2093 I MSM-irqbalance: Decided to move IRQ18 from CPU1 [P:0] to CPU4 [P:1] (banned)
03-19 20:44:12.213   587   587 I SFPerfTracer:      triggers: (rate: 22:1808) (compose: 0:3) (post: 0:5) (render: 0:6) (25:29991 frames) (26:40366)
03-19 20:44:12.213   587   587 D SFPerfTracer:        layers: (1:6) (DimLayerController/Stack=0 (0xb0891000): 0:233)* (StatusBar (0xb0894c00): 0:10222)* (com.android.systemui.ImageWallpaper (0xb06f8400): 0:5779)* (Sprite (0xb06f9800): 0:3)* (animation background stackId=1 (0xb06fac00): 0:2)* (us.moviemates/us.moviemates.Activities.MainActivity (0xb0892400): 26:1679) 
03-19 20:44:12.511  1966  1966 I cnss-daemon: RTM_NEWNEIGH message received: 28
03-19 20:44:12.511  1966  1966 E cnss-daemon: Stale or unreachable neighbors, ndm state: 16
03-19 20:44:12.528  1966  1966 I cnss-daemon: RTM_NEWNEIGH message received: 28
03-19 20:44:12.528  1966  1966 I cnss-daemon: NDA_DST received: 192.168.0.1 ul: 16820416
03-19 20:44:12.528  1966  1966 I cnss-daemon: NDA_LLADDR received
03-19 20:44:13.366  2649  3615 D BatteryService: mLastPlugType/mPlugType:2/2
03-19 20:44:13.366  2649  3615 D BatteryService: set mLastPlugType to 2
03-19 20:44:13.367  3048  3048 D KeyguardUpdateMonitor: received broadcast android.intent.action.BATTERY_CHANGED
03-19 20:44:13.368  3385  4063 D HeadsetStateMachine: Disconnected process message: 10, size: 0
03-19 20:44:13.368  3385  4063 D HeadsetStateMachine: Enter processIntentBatteryChanged()
03-19 20:44:13.368  3385  4063 D HeadsetStateMachine: Exit processIntentBatteryChanged()
03-19 20:44:13.368  3385  4063 D HeadsetStateMachine: Exit Disconnected processMessage() 
03-19 20:44:13.368  3006  3006 D VideoCall_LowBattery: BatteryIntent received: android.intent.action.BATTERY_CHANGED
03-19 20:44:13.368  3562  3662 W QCNEJ   : |CORE| CNE received unexpected action: android.intent.action.BATTERY_CHANGED
03-19 20:44:13.370  3006  3006 E QtiImsExtUtils: getConfigForPhoneId subId is invalid
03-19 20:44:13.370  3006  3006 E QtiImsExtUtils: isCarrierConfigEnabled bundle is null
03-19 20:44:13.370  3006  3006 D VideoCall_LowBattery:  allowVideoCallsInLowBattery: false isCarrierOneSupported: false mIsLowbattery: false
03-19 20:44:13.370  3048  3048 D KeyguardUpdateMonitor: handleBatteryUpdate
03-19 20:44:15.194  2093  2093 I MSM-irqbalance: Decided to move IRQ18 from CPU3 [P:0] to CPU5 [P:1] (banned)
03-19 20:44:15.194  2093  2093 I MSM-irqbalance: Decided to move IRQ18 from CPU2 [P:0] to CPU6 [P:1] (banned)
03-19 20:44:15.194  2093  2093 I MSM-irqbalance: Decided to move IRQ18 from CPU0 [P:0] to CPU7 [P:1] (banned)
03-19 20:44:15.194  2093  2093 I MSM-irqbalance: Decided to move IRQ18 from CPU1 [P:0] to CPU4 [P:1] (banned)
03-19 20:44:17.039  3720  2146 I DeviceScanner: [MDNS] Received response from "Bazoom  TV" (d06909be874a6070328167867a2d019a) with result "0 No change"
03-19 20:44:18.062  3720  2148 I DeviceScanner: [MDNS] Received response from "Bazoom  TV" (d06909be874a6070328167867a2d019a) with result "0 No change"
03-19 20:44:18.381  2649  2956 D BatteryService: uevent={POWER_SUPPLY_TEMP=287, POWER_SUPPLY_PRESENT=1, POWER_SUPPLY_STATUS=Full, POWER_SUPPLY_CAPACITY=100, ACTION=change, DEVPATH=/devices/soc/qpnp-smbcharger-17/power_supply/battery, SUBSYSTEM=power_supply, POWER_SUPPLY_VOLTAGE_NOW=4374058, SEQNUM=10074, POWER_SUPPLY_NAME=battery, POWER_SUPPLY_CURRENT_NOW=152, POWER_SUPPLY_CHARGE_COUNTER=3038000, POWER_SUPPLY_CHARGE_RATE=Normal, POWER_SUPPLY_HEALTH=Good}
03-19 20:44:19.086  3720  2146 I DeviceScanner: [MDNS] Received response from "Bazoom  TV" (d06909be874a6070328167867a2d019a) with result "0 No change"
03-19 20:44:20.194  2093  2093 I MSM-irqbalance: Decided to move IRQ18 from CPU3 [P:0] to CPU5 [P:1] (banned)
03-19 20:44:20.194  2093  2093 I MSM-irqbalance: Decided to move IRQ18 from CPU2 [P:0] to CPU6 [P:1] (banned)
03-19 20:44:20.194  2093  2093 I MSM-irqbalance: Decided to move IRQ18 from CPU0 [P:0] to CPU7 [P:1] (banned)
03-19 20:44:20.195  2093  2093 I MSM-irqbalance: Decided to move IRQ18 from CPU1 [P:0] to CPU4 [P:1] (banned)
03-19 20:44:21.220   587   643 I SFPerfTracer:      triggers: (rate: 0:0) (0 sw vsyncs) (0 skipped) (24:33160 vsyncs) (26:51247)
03-19 20:44:23.177  1966  1966 I cnss-daemon: RTM_NEWNEIGH message received: 28
03-19 20:44:23.177  1966  1966 E cnss-daemon: Stale or unreachable neighbors, ndm state: 4
03-19 20:44:25.194  2093  2093 I MSM-irqbalance: Decided to move IRQ18 from CPU3 [P:0] to CPU5 [P:1] (banned)
03-19 20:44:25.194  2093  2093 I MSM-irqbalance: Decided to move IRQ18 from CPU2 [P:0] to CPU7 [P:1] (banned)
03-19 20:44:25.194  2093  2093 I MSM-irqbalance: Decided to move IRQ18 from CPU0 [P:0] to CPU6 [P:1] (banned)
03-19 20:44:25.194  2093  2093 I MSM-irqbalance: Decided to move IRQ18 from CPU1 [P:0] to CPU4 [P:1] (banned)
03-19 20:44:26.034   587   587 I SFPerfTracer:      triggers: (rate: 22:1808) (compose: 0:3) (post: 0:5) (render: 0:6) (13:30079 frames) (14:40468)
03-19 20:44:26.034   587   587 D SFPerfTracer:        layers: (1:6) (DimLayerController/Stack=0 (0xb0891000): 0:233)* (StatusBar (0xb0894c00): 0:10223)* (com.android.systemui.ImageWallpaper (0xb06f8400): 0:5779)* (Sprite (0xb06f9800): 0:3)* (animation background stackId=1 (0xb06fac00): 0:2)* (us.moviemates/us.moviemates.Activities.MainActivity (0xb0892400): 14:1773) 
03-19 20:44:27.411  2649  3635 I chatty  : uid=1000(system) Binder:2649_A expire 5 lines
03-19 20:44:27.935  2649  4631 I chatty  : uid=1000(system) Binder:2649_12 expire 1 line
03-19 20:44:30.194  2093  2093 I MSM-irqbalance: Decided to move IRQ18 from CPU3 [P:0] to CPU5 [P:1] (banned)
03-19 20:44:30.194  2093  2093 I MSM-irqbalance: Decided to move IRQ18 from CPU2 [P:0] to CPU7 [P:1] (banned)
03-19 20:44:30.194  2093  2093 I MSM-irqbalance: Decided to move IRQ18 from CPU0 [P:0] to CPU6 [P:1] (banned)
03-19 20:44:30.195  2093  2093 I MSM-irqbalance: Decided to move IRQ18 from CPU1 [P:0] to CPU4 [P:1] (banned)
03-19 20:44:33.418  1966  1966 I cnss-daemon: RTM_NEWNEIGH message received: 28
03-19 20:44:33.418  1966  1966 E cnss-daemon: Stale or unreachable neighbors, ndm state: 4
03-19 20:44:35.058   587   643 I SFPerfTracer:      triggers: (rate: 0:0) (0 sw vsyncs) (0 skipped) (14:33250 vsyncs) (16:51361)
03-19 20:44:35.194  2093  2093 I MSM-irqbalance: Decided to move IRQ18 from CPU2 [P:0] to CPU5 [P:1] (banned)
03-19 20:44:35.194  2093  2093 I MSM-irqbalance: Decided to move IRQ18 from CPU3 [P:0] to CPU7 [P:1] (banned)
03-19 20:44:35.194  2093  2093 I MSM-irqbalance: Decided to move IRQ18 from CPU0 [P:0] to CPU6 [P:1] (banned)
03-19 20:44:35.194  2093  2093 I MSM-irqbalance: Decided to move IRQ18 from CPU1 [P:0] to CPU4 [P:1] (banned)
03-19 20:44:39.157  3720  2146 I DeviceScanner: [MDNS] Received response from "Bazoom  TV" (d06909be874a6070328167867a2d019a) with result "0 No change"
03-19 20:44:39.254   587   587 I SFPerfTracer:      triggers: (rate: 22:1808) (compose: 0:3) (post: 0:5) (render: 0:6) (24:30179 frames) (25:40580)
03-19 20:44:39.254   587   587 D SFPerfTracer:        layers: (1:6) (DimLayerController/Stack=0 (0xb0891000): 0:233)* (StatusBar (0xb0894c00): 0:10223)* (com.android.systemui.ImageWallpaper (0xb06f8400): 0:5779)* (Sprite (0xb06f9800): 0:3)* (animation background stackId=1 (0xb06fac00): 0:2)* (us.moviemates/us.moviemates.Activities.MainActivity (0xb0892400): 25:1879) 
03-19 20:44:40.186  3720  2146 I DeviceScanner: [MDNS] Received response from "Bazoom  TV" (d06909be874a6070328167867a2d019a) with result "0 No change"
03-19 20:44:40.194  2093  2093 I MSM-irqbalance: Decided to move IRQ18 from CPU2 [P:0] to CPU4 [P:1] (banned)
03-19 20:44:40.194  2093  2093 I MSM-irqbalance: Decided to move IRQ18 from CPU3 [P:0] to CPU7 [P:1] (banned)
03-19 20:44:40.194  2093  2093 I MSM-irqbalance: Decided to move IRQ18 from CPU0 [P:0] to CPU6 [P:1] (banned)
03-19 20:44:40.194  2093  2093 I MSM-irqbalance: Decided to move IRQ18 from CPU1 [P:0] to CPU5 [P:1] (banned)
03-19 20:44:41.205  3720  2148 I DeviceScanner: [MDNS] Received response from "Bazoom  TV" (d06909be874a6070328167867a2d019a) with result "0 No change"
03-19 20:44:45.194  2093  2093 I MSM-irqbalance: Decided to move IRQ18 from CPU2 [P:0] to CPU4 [P:1] (banned)
03-19 20:44:45.194  2093  2093 I MSM-irqbalance: Decided to move IRQ18 from CPU3 [P:0] to CPU7 [P:1] (banned)
03-19 20:44:45.194  2093  2093 I MSM-irqbalance: Decided to move IRQ18 from CPU0 [P:0] to CPU6 [P:1] (banned)
03-19 20:44:45.194  2093  2093 I MSM-irqbalance: Decided to move IRQ18 from CPU1 [P:0] to CPU5 [P:1] (banned)
03-19 20:44:46.644  1966  1966 I cnss-daemon: RTM_NEWNEIGH message received: 28
03-19 20:44:46.644  1966  1966 E cnss-daemon: Stale or unreachable neighbors, ndm state: 16
03-19 20:44:46.661  1966  1966 I cnss-daemon: RTM_NEWNEIGH message received: 28
03-19 20:44:46.661  1966  1966 I cnss-daemon: NDA_DST received: fe80::9e3d:cfff:feac:7d62 ul: 33022
03-19 20:44:46.661  1966  1966 I cnss-daemon: NDA_LLADDR received
03-19 20:44:48.277   587   643 I SFPerfTracer:      triggers: (rate: 0:0) (0 sw vsyncs) (0 skipped) (25:33350 vsyncs) (27:51485)
03-19 20:44:50.194  2093  2093 I MSM-irqbalance: Decided to move IRQ18 from CPU2 [P:0] to CPU4 [P:1] (banned)
03-19 20:44:50.194  2093  2093 I MSM-irqbalance: Decided to move IRQ18 from CPU3 [P:0] to CPU7 [P:1] (banned)
03-19 20:44:50.194  2093  2093 I MSM-irqbalance: Decided to move IRQ18 from CPU0 [P:0] to CPU6 [P:1] (banned)
03-19 20:44:50.195  2093  2093 I MSM-irqbalance: Decided to move IRQ18 from CPU1 [P:0] to CPU5 [P:1] (banned)
03-19 20:44:53.075   587   587 I SFPerfTracer:      triggers: (rate: 22:1808) (compose: 0:3) (post: 0:5) (render: 0:6) (12:30267 frames) (13:40680)
03-19 20:44:53.075   587   587 D SFPerfTracer:        layers: (1:6) (DimLayerController/Stack=0 (0xb0891000): 0:233)* (StatusBar (0xb0894c00): 0:10223)* (com.android.systemui.ImageWallpaper (0xb06f8400): 0:5779)* (Sprite (0xb06f9800): 0:3)* (animation background stackId=1 (0xb06fac00): 0:2)* (us.moviemates/us.moviemates.Activities.MainActivity (0xb0892400): 13:1973) 
03-19 20:44:55.194  2093  2093 I MSM-irqbalance: Decided to move IRQ18 from CPU2 [P:0] to CPU4 [P:1] (banned)
03-19 20:44:55.194  2093  2093 I MSM-irqbalance: Decided to move IRQ18 from CPU3 [P:0] to CPU7 [P:1] (banned)
03-19 20:44:55.194  2093  2093 I MSM-irqbalance: Decided to move IRQ18 from CPU0 [P:0] to CPU6 [P:1] (banned)
03-19 20:44:55.194  2093  2093 I MSM-irqbalance: Decided to move IRQ18 from CPU1 [P:0] to CPU5 [P:1] (banned)
03-19 20:45:00.002  3048  3048 D KeyguardUpdateMonitor: received broadcast android.intent.action.TIME_TICK
03-19 20:45:00.002  3048  3048 D KeyguardUpdateMonitor: handleTimeUpdate
03-19 20:45:00.194  2093  2093 I MSM-irqbalance: Decided to move IRQ18 from CPU2 [P:0] to CPU4 [P:1] (banned)
03-19 20:45:00.194  2093  2093 I MSM-irqbalance: Decided to move IRQ18 from CPU3 [P:0] to CPU7 [P:1] (banned)
03-19 20:45:00.194  2093  2093 I MSM-irqbalance: Decided to move IRQ18 from CPU0 [P:0] to CPU6 [P:1] (banned)
03-19 20:45:00.195  2093  2093 I MSM-irqbalance: Decided to move IRQ18 from CPU1 [P:0] to CPU5 [P:1] (banned)
03-19 20:45:01.282  3720  2146 I DeviceScanner: [MDNS] Received response from "Bazoom  TV" (d06909be874a6070328167867a2d019a) with result "0 No change"
03-19 20:45:01.798   587   643 I SFPerfTracer:      triggers: (rate: 0:0) (0 sw vsyncs) (0 skipped) (0:33430 vsyncs) (2:51587)
03-19 20:45:02.095  3720  2146 I DeviceScanner: [MDNS] Received response from "Bazoom  TV" (d06909be874a6070328167867a2d019a) with result "0 No change"
03-19 20:45:03.118  3720  2146 I DeviceScanner: [MDNS] Received response from "Bazoom  TV" (d06909be874a6070328167867a2d019a) with result "0 No change"
03-19 20:45:05.194  2093  2093 I MSM-irqbalance: Decided to move IRQ18 from CPU2 [P:0] to CPU4 [P:1] (banned)
03-19 20:45:05.194  2093  2093 I MSM-irqbalance: Decided to move IRQ18 from CPU3 [P:0] to CPU7 [P:1] (banned)
03-19 20:45:05.194  2093  2093 I MSM-irqbalance: Decided to move IRQ18 from CPU0 [P:0] to CPU6 [P:1] (banned)
03-19 20:45:05.194  2093  2093 I MSM-irqbalance: Decided to move IRQ18 from CPU1 [P:0] to CPU5 [P:1] (banned)
03-19 20:45:06.294   587   587 I SFPerfTracer:      triggers: (rate: 22:1809) (compose: 0:3) (post: 0:5) (render: 0:6) (24:30371 frames) (25:40796)
03-19 20:45:06.294   587   587 D SFPerfTracer:        layers: (1:6) (DimLayerController/Stack=0 (0xb0891000): 0:233)* (StatusBar (0xb0894c00): 0:10227)* (com.android.systemui.ImageWallpaper (0xb06f8400): 0:5779)* (Sprite (0xb06f9800): 0:3)* (animation background stackId=1 (0xb06fac00): 0:2)* (us.moviemates/us.moviemates.Activities.MainActivity (0xb0892400): 25:2079) 
03-19 20:45:06.804  1966  1966 I cnss-daemon: RTM_NEWNEIGH message received: 28
03-19 20:45:06.805  1966  1966 E cnss-daemon: Stale or unreachable neighbors, ndm state: 4
03-19 20:45:08.831  1966  1966 I cnss-daemon: RTM_NEWNEIGH message received: 28
03-19 20:45:08.831  1966  1966 E cnss-daemon: Stale or unreachable neighbors, ndm state: 16
03-19 20:45:08.849  1966  1966 I cnss-daemon: RTM_NEWNEIGH message received: 28
03-19 20:45:08.849  1966  1966 I cnss-daemon: NDA_DST received: 192.168.0.1 ul: 16820416
03-19 20:45:08.849  1966  1966 I cnss-daemon: NDA_LLADDR received
03-19 20:45:10.194  2093  2093 I MSM-irqbalance: Decided to move IRQ18 from CPU2 [P:0] to CPU4 [P:1] (banned)
03-19 20:45:10.194  2093  2093 I MSM-irqbalance: Decided to move IRQ18 from CPU3 [P:0] to CPU7 [P:1] (banned)
03-19 20:45:10.194  2093  2093 I MSM-irqbalance: Decided to move IRQ18 from CPU0 [P:0] to CPU6 [P:1] (banned)
03-19 20:45:10.194  2093  2093 I MSM-irqbalance: Decided to move IRQ18 from CPU1 [P:0] to CPU5 [P:1] (banned)
03-19 20:45:12.636  1939  1940 E ANDR-PERF-MPCTL: Invalid profile no. 0, total profiles 0 only
03-19 20:45:12.697  2649  2963 I ActivityManager: START u0 {act=android.intent.action.MAIN cat=[android.intent.category.HOME] flg=0x10200000 cmp=com.android.launcher3/.GoogleNowPanel (has extras)} from uid 1000 on display 0
03-19 20:45:12.697  1948  2033 I ThermalEngine: Thermal-Server: Thermal received msg from  override
03-19 20:45:12.697  1939  3333 I Thermal-Lib: Thermal-Lib-Client: Client request sent
03-19 20:45:12.728  2649  2963 I ActivityManager: moveHomeStack, setupComplete:true
03-19 20:45:12.739  1966  1966 I cnss-daemon: RTM_NEWROUTE Indication
03-19 20:45:12.739  1966  1966 I cnss-daemon: ip type is ipv6
03-19 20:45:12.741  1966  1966 E cnss-daemon: gateway ipv6 address: fe80::9e3d:cfff:feac:7d62
03-19 20:45:12.741  1966  1966 E cnss-daemon: gateway mac address: %02x:%02x:%02x:%02x:%02x:%02x
03-19 20:45:12.741  1966  1966 E cnss-daemon: : 00:00:00:00:00:00
03-19 20:45:12.741  1966  1966 E cnss-daemon: Invalid mac address: 0x7f55ee6cM
03-19 20:45:12.741  1966  1966 I cnss-daemon: RTM_NEWROUTE Indication
03-19 20:45:12.741  1966  1966 I cnss-daemon: ip type is ipv6
03-19 20:45:12.746 22817 22817 I GoogleInputMethod: onFinishInput() : Dummy InputConnection bound
03-19 20:45:12.746 22817 22817 I GoogleInputMethod: onStartInput() : Dummy InputConnection bound
03-19 20:45:12.769  2649  2714 I LaunchCheckinHandler: Displayed com.android.launcher3/.GoogleNowPanel,wp,wa,73
03-19 20:45:12.773  2649  2649 E NotificationService: Suppressing notification from package by user request.
03-19 20:45:12.778   587   587 I DisplayDevice: Built-in Screen: layer: Multi
03-19 20:45:12.778   587   587 D DisplayPanel: iPanelNotifySfSingleLayer: state=0
03-19 20:45:12.781 12021 12021 W SessionLifecycleManager: Handover failed. Creating new session controller.
03-19 20:45:12.802 12021 12021 I OptInState: There is a new client and it does not support opt-in. Dropping request.
03-19 20:45:12.810 12021 12380 V ConnectivityManager: isActiveNetworkMetered() returns:false
03-19 20:45:12.816 12021 12380 V ConnectivityManager: isActiveNetworkMetered() returns:false
03-19 20:45:12.817 12021  2284 W LocationOracle: No location history returned by ContextManager
03-19 20:45:12.828  2649  4610 I WindowManager: Destroying surface Surface(name=us.moviemates/us.moviemates.Activities.MainActivity) called by com.android.server.wm.WindowStateAnimator.destroySurface:2067 com.android.server.wm.WindowStateAnimator.destroySurfaceLocked:896 com.android.server.wm.WindowState.destroyOrSaveSurface:2094 com.android.server.wm.WindowManagerService.tryStartExitingAnimation:3093 com.android.server.wm.WindowManagerService.relayoutWindow:2973 com.android.server.wm.Session.relayout:215 android.view.IWindowSession$Stub.onTransact:286 com.android.server.wm.Session.onTransact:136 
03-19 20:45:12.838 12021 12021 I MicroDetectionWorker: #startMicroDetector [speakerMode: 0]
03-19 20:45:12.840 12021 12021 I AudioController: Created new AudioSource
03-19 20:45:12.861 12021 12021 I MicroDetectionWorker: onReady
03-19 20:45:12.864 12021 12021 I BgTaskExecutorImpl: Starting EXCLUSIVE background task update_searchnow_bootstrap_data.
03-19 20:45:12.870 12021  2284 I MicroRecognitionRunner: Starting detection.
03-19 20:45:12.871 12021 12380 I MicrophoneInputStream: mic_starting  SR : 16000 CC : 16 SO : 1999
03-19 20:45:12.873  1955  3342 I AudioFlinger: AudioFlinger's thread 0xaac16640 ready to run
03-19 20:45:12.879  1955  3342 D audio_hw_primary: in_set_parameters: enter: kvpairs=input_source=6;routing=-2147483644
03-19 20:45:12.880  1955  2242 D APM_AudioPolicyManager: AudioPolicyManager::startInput() input source = 1999
03-19 20:45:12.880 12021 12380 I MicrophoneInputStream: mic_started  SR : 16000 CC : 16 SO : 1999
03-19 20:45:12.881  3505  4596 V ConnectivityManager: isActiveNetworkMetered() returns:false
03-19 20:45:12.882 12021 12021 W NowEndstateTracker: Trying to delete an endstate 5792770627144188634 that does not exist
03-19 20:45:12.889  2649  2659 I chatty  : uid=1000(system) HeapTaskDaemon expire 5 lines
03-19 20:45:12.889  3505   465 W ctxmgr  : [AclManager]No 3 for (accnt=account#-517948760#, com.google.android.gms(10033):UserVelocityProducer, vrsn=12221438, 0, 3pPkg = null ,  3pMdlId = null ,  pid = 3505). Was: 3 for 1, account#-517948760#
03-19 20:45:12.890  1955  3342 V msm8974_platform: platform_update_usecase_from_source: input source :6
03-19 20:45:12.890  1955  3342 V msm8974_platform: platform_get_input_snd_device: enter: out_device(0) in_device(0x4) channel_count (1) channel_mask (0x10)
03-19 20:45:12.890  1955  3342 V msm8974_platform: platform_get_input_snd_device: exit: in_snd_device(voice-rec-mic)
03-19 20:45:12.890  1955  3342 E audio_route: unable to find path 'set-capture-format-default'
03-19 20:45:12.890  1955  3342 V msm8974_platform: platform_send_audio_calibration: sending audio calibration for snd_device(107) acdb_id(62)
03-19 20:45:12.890  1955  3342 D ACDB-LOADER: ACDB -> send_audio_cal, acdb_id = 62, path = 1, app id = 0x11130, sample rate = 48000
03-19 20:45:12.890  1955  3342 D ACDB-LOADER: ACDB -> send_asm_topology
03-19 20:45:12.890  1955  3342 D ACDB-LOADER: ACDB -> ACDB_CMD_GET_AUDPROC_STREAM_TOPOLOGY_ID
03-19 20:45:12.890  1955  3342 D ACDB-LOADER: ACDB -> send_adm_topology
03-19 20:45:12.890  1955  3342 D ACDB-LOADER: ACDB -> ACDB_CMD_GET_AUDPROC_COMMON_TOPOLOGY_ID
03-19 20:45:12.890  1955  3342 D ACDB-LOADER: ACDB -> send_audtable
03-19 20:45:12.890  1955  3342 D ACDB-LOADER: ACDB -> ACDB_CMD_GET_AUDPROC_COMMON_TABLE_SIZE
03-19 20:45:12.890  1955  3342 D         : ACDBFILE_MGR:Read the devices count as zero, please check the acdb file
03-19 20:45:12.890  1955  3342 D         : Failed to fetch the lookup information of the device 0000003E 
03-19 20:45:12.890  1955  3342 E ACDB-LOADER: Error: ACDB_CMD_GET_AUDPROC_COMMON_TABLE_SIZE Returned = -19
03-19 20:45:12.890  1955  3342 D ACDB-LOADER: ACDB -> ACDB_CMD_GET_AUDPROC_COMMON_TABLE
03-19 20:45:12.890  1955  3342 D         : ACDBFILE_MGR:Read the devices count as zero, please check the acdb file
03-19 20:45:12.890  1955  3342 D         : Failed to fetch the lookup information of the device 0000003E 
03-19 20:45:12.890  1955  3342 D ACDB-LOADER: ACDB -> AUDIO_SET_AUDPROC_CAL
03-19 20:45:12.890  1955  3342 D ACDB-LOADER: ACDB -> send_audvoltable
03-19 20:45:12.890  1955  3342 D ACDB-LOADER: ACDB -> ACDB_CMD_GET_AUDPROC_GAIN_DEP_STEP_TABLE, vol index 0
03-19 20:45:12.890  1955  3342 D         : ACDBFILE_MGR:Read the devices count as zero, please check the acdb file
03-19 20:45:12.890  1955  3342 D         : Failed to fetch the lookup information of the device 0000003E 
03-19 20:45:12.890  1955  3342 D ACDB-LOADER: ACDB -> AUDIO_SET_VOL_CAL cal type = 12
03-19 20:45:12.890  1955  3342 D ACDB-LOADER: ACDB -> send_audstrmtable
03-19 20:45:12.890  1955  3342 D ACDB-LOADER: ACDB -> ACDB_CMD_GET_AUDPROC_STREAM_TABLE_V2
03-19 20:45:12.890  1955  3342 D ACDB-LOADER: ACDB -> audstrm_cal->cal_type.cal_data.cal_size = 456
03-19 20:45:12.890  1955  3342 D ACDB-LOADER: ACDB -> send_afe_topology
03-19 20:45:12.890  1955  3342 D ACDB-LOADER: ACDB -> ACDB_CMD_GET_AFE_TOPOLOGY_ID
03-19 20:45:12.890  1955  3342 D ACDB-LOADER: ACDB -> GET_AFE_TOPOLOGY_ID for adcd_id 62, Topology Id 112fb
03-19 20:45:12.890  1955  3342 D ACDB-LOADER: ACDB -> send_afe_cal
03-19 20:45:12.890  1955  3342 D ACDB-LOADER: ACDB -> ACDB_CMD_GET_AFE_COMMON_TABLE
03-19 20:45:12.890  1955  3342 D         : ACDBFILE_MGR:Read the devices count as zero, please check the acdb file
03-19 20:45:12.890  1955  3342 D         : Failed to fetch the lookup information of the device 0000003E 
03-19 20:45:12.890  1955  3342 D ACDB-LOADER: ACDB -> AUDIO_SET_AFE_CAL
03-19 20:45:12.890  1955  3342 D ACDB-LOADER: ACDB -> send_hw_delay : acdb_id = 62 path = 1
03-19 20:45:12.890  1955  3342 D ACDB-LOADER: ACDB -> ACDB_AVSYNC_INFO: ACDB_CMD_GET_DEVICE_PROPERTY
03-19 20:45:12.890  1955  3342 D audio_hw_primary: enable_snd_device: snd_device(107: voice-rec-mic)
03-19 20:45:12.894  1955  3342 D audio_hw_primary: enable_audio_route: apply and update mixer path: audio-record
03-19 20:45:12.895  1955  3342 I audio_hw_utils: audio_extn_utils_send_app_type_cfg PLAYBACK app_type 69936, acdb_dev_id 62, sample_rate 48000
03-19 20:45:12.912  2649  5517 D WifiService: acquireWifiLockLocked: WifiLock{NlpWifiLock type=2 uid=10033}
03-19 20:45:12.915  2649  2986 I chatty  : uid=1000(system) WifiScanningSer expire 12 lines
03-19 20:45:12.920 12021 12021 I SNBWorker: Updating bootstrap data
03-19 20:45:12.951  2649  4630 I chatty  : uid=1000(system) Binder:2649_11 expire 5 lines
03-19 20:45:12.958 12021 28921 W TabTreeCopier: Card found with UNKNOWN_TAB, Entry Type 155
03-19 20:45:12.960 12021 28921 W TabTreeCopier: Card found with UNKNOWN_TAB, Entry Type 143
03-19 20:45:12.975  3505  7425 I PlaceInferenceEngine: [anon] Changed inference mode: 0
03-19 20:45:12.989  3505  3704 E ctxmgr  : [WorkInfo]Attribution was already enqueued pkg=com.google.android.gms, lbl=PlacesProducer_receive, start=unspec, stop=unspec.
03-19 20:45:12.996  3505   465 E ctxmgr  : [WorkManager]Ongoing task not found: PlacesProducer_receive
03-19 20:45:13.008  3505  7425 I Places  : ?: PlacesBleScanner start() with priority 2
03-19 20:45:13.008  3505  7425 I PlaceInferenceEngine: [anon] Changed inference mode: 1
03-19 20:45:13.011   587   643 I SFPerfTracer:      triggers: (rate: 0:0) (0 sw vsyncs) (0 skipped) (13:33518 vsyncs) (15:51697)
03-19 20:45:13.022  3505  3505 I BeaconBle: Client requested scan, settings=BleSettings [scanMode=ZERO_POWER, callbackType=ALL_MATCHES, reportDelayMillis=0, 1 filters, 0 clients, callingClientName=Places]
03-19 20:45:13.027  3505  3505 I BeaconBle: ZERO_POWER is disabled.
03-19 20:45:13.027  3505  3505 I BeaconBle: 'L' hardware scan: scan stopped, no powered clients
03-19 20:45:13.266  3653  3707 W OpenGLRenderer: Incorrectly called buildLayer on View: ShortcutAndWidgetContainer, destroying layer...
03-19 20:45:13.266  3653  3707 W OpenGLRenderer: Incorrectly called buildLayer on View: ShortcutAndWidgetContainer, destroying layer...
03-19 20:45:13.474 12021 12021 I MicroDetectionWorker: onReady
03-19 20:45:13.475 12021 12021 I BgTaskExecutorImpl: Starting EXCLUSIVE background task update_launcher_shortcut.
03-19 20:45:13.478  2649  3640 I chatty  : uid=1000(system) Binder:2649_B expire 1 line
03-19 20:45:13.619  2649  3956 I chatty  : uid=1000(system) GNPProxy expire 1 line
03-19 20:45:13.619  2649  3970 I chatty  : uid=1000(system) IzatServiceBase expire 1 line
03-19 20:45:13.622  2649  3306 I chatty  : uid=1000(system) FLP Service Cal expire 1 line
03-19 20:45:13.622  2649  3221 I chatty  : uid=1000(system) FLP Service Cal expire 1 line
03-19 20:45:13.624  2649  3347 D WifiService: releaseWifiLockLocked: WifiLock{NlpWifiLock type=2 uid=10033}
03-19 20:45:13.628  3505  7425 I Places  : Converted 10 out of 10 WiFi scans
03-19 20:45:13.632  3505   993 W ctxmgr  : [AclManager]No 2 for (accnt=account#-517948760#, com.google.android.gms(10033):UserLocationProducer, vrsn=12221000, 0, 3pPkg = null ,  3pMdlId = null ,  pid = 3505). Was: 3 for 1, account#-517948760#
03-19 20:45:13.634  3505   993 W ctxmgr  : [AclManager]No 2 for (accnt=account#665195901#, com.google.android.gms(10033):UserLocationProducer, vrsn=12221000, 0, 3pPkg = null ,  3pMdlId = null ,  pid = 3505). Was: 2 for 1, account#665195901#
03-19 20:45:13.635  3505   993 W ctxmgr  : [AclManager]No 2 for (accnt=account#1612353702#, com.google.android.gms(10033):UserLocationProducer, vrsn=12221000, 0, 3pPkg = null ,  3pMdlId = null ,  pid = 3505). Was: 2 for 1, account#1612353702#
03-19 20:45:13.641  3505   993 I PlaceInferenceEngine: No beacon scan available - ignoring candidates.
03-19 20:45:13.754  3505 28922 W ctxmgr  : [AclManager]No 2 for (accnt=account#-517948760#, com.google.android.gms(10033):PlacesProducer, vrsn=12221000, 0, 3pPkg = null ,  3pMdlId = null ,  pid = 3505). Was: 3 for 18, account#-517948760#
03-19 20:45:15.194  2093  2093 I MSM-irqbalance: Decided to move IRQ18 from CPU2 [P:0] to CPU4 [P:1] (banned)
03-19 20:45:15.194  2093  2093 I MSM-irqbalance: Decided to move IRQ18 from CPU3 [P:0] to CPU7 [P:1] (banned)
03-19 20:45:15.194  2093  2093 I MSM-irqbalance: Decided to move IRQ18 from CPU0 [P:0] to CPU6 [P:1] (banned)
03-19 20:45:15.194  2093  2093 I MSM-irqbalance: Decided to move IRQ18 from CPU1 [P:0] to CPU5 [P:1] (banned)
03-19 20:45:15.697  1948  2033 I ThermalEngine: Thermal-Server: Thermal received msg from  override
03-19 20:45:15.697  1939  3351 I Thermal-Lib: Thermal-Lib-Client: Client request sent
03-19 20:45:17.751  1966  1966 I cnss-daemon: RTM_NEWNEIGH message received: 28
03-19 20:45:17.751  1966  1966 E cnss-daemon: Stale or unreachable neighbors, ndm state: 16
03-19 20:45:17.754  1966  1966 I cnss-daemon: RTM_NEWNEIGH message received: 28
03-19 20:45:17.754  1966  1966 I cnss-daemon: NDA_DST received: fe80::9e3d:cfff:feac:7d62 ul: 33022
03-19 20:45:17.754  1966  1966 I cnss-daemon: NDA_LLADDR received
03-19 20:45:17.755  1966  1966 E cnss-daemon: gateway ipv6 address: fe80::9e3d:cfff:feac:7d62
03-19 20:45:17.755  1966  1966 E cnss-daemon: gateway mac address: %02x:%02x:%02x:%02x:%02x:%02x
03-19 20:45:17.755  1966  1966 E cnss-daemon: : 9c:3d:cf:ac:7d:62
03-19 20:45:17.756  1966  1966 E cnss-daemon: gw update message successfully sent
03-19 20:45:17.854 12021  1047 I EventLogSendingHelper: Sending log events.
03-19 20:45:18.542  2649  2956 D BatteryService: uevent={POWER_SUPPLY_TEMP=295, POWER_SUPPLY_PRESENT=1, POWER_SUPPLY_STATUS=Full, POWER_SUPPLY_CAPACITY=100, ACTION=change, DEVPATH=/devices/soc/qpnp-smbcharger-17/power_supply/battery, SUBSYSTEM=power_supply, POWER_SUPPLY_VOLTAGE_NOW=4373448, SEQNUM=10075, POWER_SUPPLY_NAME=battery, POWER_SUPPLY_CURRENT_NOW=152, POWER_SUPPLY_CHARGE_COUNTER=3037884, POWER_SUPPLY_CHARGE_RATE=Normal, POWER_SUPPLY_HEALTH=Good}
03-19 20:45:18.543  2649  3635 D BatteryService: mLastPlugType/mPlugType:2/2
03-19 20:45:18.543  2649  3635 D BatteryService: set mLastPlugType to 2
03-19 20:45:18.545  3048  3048 D KeyguardUpdateMonitor: received broadcast android.intent.action.BATTERY_CHANGED
03-19 20:45:18.546  3385  4063 D HeadsetStateMachine: Disconnected process message: 10, size: 0
03-19 20:45:18.546  3385  4063 D HeadsetStateMachine: Enter processIntentBatteryChanged()
03-19 20:45:18.546  3385  4063 D HeadsetStateMachine: Exit processIntentBatteryChanged()
03-19 20:45:18.546  3385  4063 D HeadsetStateMachine: Exit Disconnected processMessage() 
03-19 20:45:18.547  3562  3662 W QCNEJ   : |CORE| CNE received unexpected action: android.intent.action.BATTERY_CHANGED
03-19 20:45:18.547  3006  3006 D VideoCall_LowBattery: BatteryIntent received: android.intent.action.BATTERY_CHANGED
03-19 20:45:18.550  3006  3006 E QtiImsExtUtils: getConfigForPhoneId subId is invalid
03-19 20:45:18.550  3006  3006 E QtiImsExtUtils: isCarrierConfigEnabled bundle is null
03-19 20:45:18.550  3006  3006 D VideoCall_LowBattery:  allowVideoCallsInLowBattery: false isCarrierOneSupported: false mIsLowbattery: false
03-19 20:45:18.551  3048  3048 D KeyguardUpdateMonitor: handleBatteryUpdate
03-19 20:45:20.179  2649  2678 I ActivityManager: Force stopping io.appium.uiautomator2.server appid=10737 user=-1: deletePackageX
03-19 20:45:20.179  2649  2678 I ActivityManager: Killing 2917:io.appium.uiautomator2.server/u0a737 (adj 0): stop io.appium.uiautomator2.server
03-19 20:45:20.179  2649  2678 D ActivityManager: cleanUpApplicationRecord -- 2917
03-19 20:45:20.180  2649  2678 W ActivityManager: Crash of app io.appium.uiautomator2.server running instrumentation ComponentInfo{io.appium.uiautomator2.server.test/android.support.test.runner.AndroidJUnitRunner}
03-19 20:45:20.181  2649  2678 I ActivityManager: Force stopping io.appium.uiautomator2.server appid=-1 user=0: finished inst
03-19 20:45:20.182  2649  3358 I ActivityManager: Failure reporting to instrumentation watcher: comp=ComponentInfo{io.appium.uiautomator2.server.test/android.support.test.runner.AndroidJUnitRunner} results=Bundle[{shortMsg=Process crashed.}]
03-19 20:45:20.186  2649  2678 W ActivityManager: Error shutting down UiAutomationConnection
03-19 20:45:20.194  2093  2093 I MSM-irqbalance: Decided to move IRQ18 from CPU1 [P:0] to CPU4 [P:1] (banned)
03-19 20:45:20.195  2093  2093 I MSM-irqbalance: Decided to move IRQ18 from CPU3 [P:0] to CPU7 [P:1] (banned)
03-19 20:45:20.195  2093  2093 I MSM-irqbalance: Decided to move IRQ18 from CPU0 [P:0] to CPU6 [P:1] (banned)
03-19 20:45:20.195  2093  2093 I MSM-irqbalance: Decided to move IRQ18 from CPU2 [P:0] to CPU5 [P:1] (banned)
03-19 20:45:20.295  2649  5517 W AppOps  : Bad call: specified package io.appium.uiautomator2.server.test under uid 10737 but it is really 10738
03-19 20:45:20.295  2649  5517 W AppOps  : java.lang.RuntimeException: here
03-19 20:45:20.295  2649  5517 W AppOps  : 	at com.android.server.AppOpsService.getOpsRawLocked(AppOpsService.java:1257)
03-19 20:45:20.295  2649  5517 W AppOps  : 	at com.android.server.AppOpsService.getOpLocked(AppOpsService.java:1289)
03-19 20:45:20.295  2649  5517 W AppOps  : 	at com.android.server.AppOpsService.finishOperation(AppOpsService.java:1136)
03-19 20:45:20.295  2649  5517 W AppOps  : 	at com.android.server.power.Notifier.onWakeLockReleased(Notifier.java:291)
03-19 20:45:20.295  2649  5517 W AppOps  : 	at com.android.server.power.PowerManagerService.notifyWakeLockReleasedLocked(PowerManagerService.java:1114)
03-19 20:45:20.295  2649  5517 W AppOps  : 	at com.android.server.power.PowerManagerService.removeWakeLockLocked(PowerManagerService.java:1026)
03-19 20:45:20.295  2649  5517 W AppOps  : 	at com.android.server.power.PowerManagerService.handleWakeLockDeath(PowerManagerService.java:1020)
03-19 20:45:20.295  2649  5517 W AppOps  : 	at com.android.server.power.PowerManagerService.-wrap17(PowerManagerService.java)
03-19 20:45:20.295  2649  5517 W AppOps  : 	at com.android.server.power.PowerManagerService$WakeLock.binderDied(PowerManagerService.java:3272)
03-19 20:45:20.295  2649  5517 W AppOps  : 	at android.os.BinderProxy.sendDeathNotice(Binder.java:688)
03-19 20:45:20.297  2649  2740 I chatty  : uid=1000(system) PackageManager expire 12 lines
03-19 20:45:20.412  2649  2956 D BatteryService: uevent={POWER_SUPPLY_TEMP=295, POWER_SUPPLY_PRESENT=1, POWER_SUPPLY_STATUS=Full, POWER_SUPPLY_CAPACITY=100, ACTION=change, DEVPATH=/devices/soc/qpnp-smbcharger-17/power_supply/battery, SUBSYSTEM=power_supply, POWER_SUPPLY_VOLTAGE_NOW=4373448, SEQNUM=10077, POWER_SUPPLY_NAME=battery, POWER_SUPPLY_CURRENT_NOW=152, POWER_SUPPLY_CHARGE_COUNTER=3037884, POWER_SUPPLY_CHARGE_RATE=Normal, POWER_SUPPLY_HEALTH=Good}
03-19 20:45:20.469  2649  2740 I ActivityManager: Force stopping io.appium.uiautomator2.server appid=10737 user=0: pkg removed
03-19 20:45:20.482  3385  3385 D BluetoothMapAppObserver: onReceive
03-19 20:45:20.482  3385  3385 D BluetoothMapAppObserver: The removed package is: io.appium.uiautomator2.server
03-19 20:45:20.484  3505  3505 I GeofencerStateMachine: removeGeofences: removeRequest=RemoveGeofencingRequest[REMOVE_ALL packageName=io.appium.uiautomator2.server]
03-19 20:45:20.494  2649  2974 I chatty  : uid=1000(system) NetworkStats expire 4 lines
03-19 20:45:20.495  3562  3594 D QtiTetherService/IpaWrapper: getStats(false)
03-19 20:45:20.495  8938  8938 E CarrierServices: [1] bri.a: Invalid signature found for com.android.contacts: 9E0178744377D469264A2D8AC1E9EBA90E0FC9C4
03-19 20:45:20.498  2649  2964 I chatty  : uid=1000(system) InputReader expire 4 lines
03-19 20:45:20.501  2649  2678 I ActivityManager: Start proc 3363:com.android.keychain/1000 for broadcast com.android.keychain/.KeyChainBroadcastReceiver
03-19 20:45:20.502  2649  3347 W ActivityManager: Permission Denial: Accessing service ComponentInfo{com.google.android.music/com.google.android.music.dial.DialMediaRouteProviderService} from pid=3720, uid=10033 that is not exported from uid 10114
03-19 20:45:20.505  3006  3006 D CarrierSvcBindHelper: No carrier app for: 0
03-19 20:45:20.539  3363  3363 W System  : ClassLoader referenced unknown path: /system/app/KeyChain/lib/arm
03-19 20:45:20.543  2649  2678 I ActivityManager: Force stopping io.appium.uiautomator2.server.test appid=10738 user=-1: deletePackageX
03-19 20:45:20.553  3363  3363 W ContextImpl: Calling a method in the system process without a qualified user: android.app.ContextImpl.startService:1357 android.content.ContextWrapper.startService:613 android.content.ContextWrapper.startService:613 com.android.keychain.KeyChainBroadcastReceiver.onReceive:12 android.app.ActivityThread.handleReceiver:3032 
03-19 20:45:20.568  2649  3593 I ActivityManager: Start proc 3389:android.process.acore/u0a11 for broadcast com.android.providers.contacts/.PackageIntentReceiver
03-19 20:45:20.685  2649  2676 I ActivityManager: Start proc 3421:com.android.printspooler/u0a119 for service com.android.printspooler/.model.PrintSpoolerService
03-19 20:45:20.687  2649  4629 I ActivityManager: Killing 2272:com.google.android.partnersetup/u0a38 (adj 904): empty #13
03-19 20:45:20.701  2649  4648 D ActivityManager: cleanUpApplicationRecord -- 2272
03-19 20:45:20.713  3389  3389 W System  : ClassLoader referenced unknown path: /system/priv-app/ContactsProvider/lib/arm
03-19 20:45:20.752  3389  3389 W System  : ClassLoader referenced unknown path: /system/priv-app/BlockedNumberProvider/lib/arm
03-19 20:45:20.762  3389  3389 W System  : ClassLoader referenced unknown path: /system/app/UserDictionaryProvider/lib/arm
03-19 20:45:20.780  3389  3440 D VoicemailCleanupService: Cleaning up data for package: io.appium.uiautomator2.server
03-19 20:45:20.799 31453 31453 I Finsky  : [1] com.google.android.finsky.wear.WearSupportService.onStartCommand(21): Starting WearSupportService for auto_uninstall
03-19 20:45:20.802 31453 31453 I Finsky  : [1] com.google.android.finsky.wear.ao.a(80): Connecting to wearable; initiated by: com.google.android.finsky.wear.WearSupportService
03-19 20:45:20.806 31453 31453 I Finsky  : [1] com.google.android.finsky.wear.WearSupportService.onStartCommand(21): Starting WearSupportService for send_installed_apps
03-19 20:45:20.808 31453 31551 I Finsky  : [3321] com.google.android.finsky.splitinstallservice.af.run(7): No active session in storage.
03-19 20:45:20.810  3505 28922 E NetworkScheduler: Unrecognised action provided: android.intent.action.PACKAGE_REMOVED
03-19 20:45:20.816  3389  3436 I ContactLocale: AddressBook Labels [[en_US,ru_RU]]: [, A, B, C, D, E, F, G, H, I, J, K, L, M, N, O, P, Q, R, S, T, U, V, W, X, Y, Z, , , , , , , , , , , , , , , , , , , , , , , , , , , , , , , , , , , , , , , , , , , , , , , , , , , , , , , , , , , , , , , , , , , , , , , , , , , , , , , , , , , , , , , , , , , , , , , , , , , , , , , , , , , , , , , , , , , , , , , , , , , , , , , , , , , , , , , , , , , , , , , , , , , , , , , , , , , , , , , , , , , , , , , , , , , , , , , , , , , , , , , , , , , , , #, ]
03-19 20:45:20.829  3505  3505 I WearableService: Wearable Services not starting - Wear is not available on this device.
03-19 20:45:20.838  2649  2740 I ActivityManager: Force stopping io.appium.uiautomator2.server.test appid=10738 user=0: pkg removed
03-19 20:45:20.846 31453 31453 V ConnectivityManager: isActiveNetworkMetered() returns:false
03-19 20:45:20.848  3720  2146 I ContentMaintenance: Pruning caches...
03-19 20:45:20.849  3720  2146 I ContentMaintenance: Internal cache bytes used: 0; limit: 100000000; download size: 0
03-19 20:45:20.852 31453 31453 I Finsky  : [1] com.google.android.finsky.scheduler.JobSchedulerEngine.a(61): Scheduling job with id: 9000
03-19 20:45:20.854  3505  4577 W WearableService: onGetService - Wear is not available on this device.
03-19 20:45:20.859  3385  3385 D BluetoothMapAppObserver: onReceive
03-19 20:45:20.859  3385  3385 D BluetoothMapAppObserver: The removed package is: io.appium.uiautomator2.server.test
03-19 20:45:20.872  3562 22730 D QtiTetherService/IpaWrapper: getStats(false)
03-19 20:45:20.893  3720  2146 I ContentMaintenance: Cache pruning complete.
03-19 20:45:20.899  8938  8938 E CarrierServices: [1] bri.a: Invalid signature found for com.android.contacts: 9E0178744377D469264A2D8AC1E9EBA90E0FC9C4
03-19 20:45:20.902  2649  3595 W ActivityManager: Permission Denial: Accessing service ComponentInfo{com.google.android.music/com.google.android.music.dial.DialMediaRouteProviderService} from pid=3720, uid=10033 that is not exported from uid 10114
03-19 20:45:20.908  3505  3505 I GeofencerStateMachine: removeGeofences: removeRequest=RemoveGeofencingRequest[REMOVE_ALL packageName=io.appium.uiautomator2.server.test]
03-19 20:45:20.909  3720  3447 I LocationSettingsChecker: Removing dialog suppression flag for package io.appium.uiautomator2.server
03-19 20:45:20.910  3720  3446 I GrowthService: Package io.appium.uiautomator2.server uninstalled. Removing from storage.
03-19 20:45:20.912  3720  2146 I ContentMaintenance: Beginning garbage collection.
03-19 20:45:20.915  3720  4074 I Icing   : IndexChimeraService.getServiceInterface callingPackage=com.google.android.gms componentName=AppsCorpus serviceId=36
03-19 20:45:20.916  3720  4322 I Icing   : IndexChimeraService.getServiceInterface callingPackage=com.google.android.gms componentName=AppsCorpus serviceId=32
03-19 20:45:20.932  3720  3460 I Icing   : doRemovePackageData io.appium.uiautomator2.server
03-19 20:45:20.937  3006  3006 D CarrierSvcBindHelper: No carrier app for: 0
03-19 20:45:20.937  3720  2146 I RealtimeCacheCleanup: Beginning Realtime garbage collection.
03-19 20:45:20.940  3720  2146 I RealtimeCacheCleanup: Finished Realtime garbage collection.
03-19 20:45:20.940  3720  2146 I ContentMaintenance: Finished garbage collection.
03-19 20:45:20.941 31453 31453 E Finsky  : [1] com.google.android.finsky.wear.ar.a(3): onConnectionFailed: ConnectionResult{statusCode=API_UNAVAILABLE, resolution=null, message=null}
03-19 20:45:20.942 31453 31453 W Finsky  : [1] com.google.android.finsky.wear.ca.run(12): Dropping command=auto_uninstall due to Gms not connected
03-19 20:45:20.943 31453 31453 I Finsky  : [1] com.google.android.finsky.wear.WearSupportService.b(67): Stopping WearSupportService
03-19 20:45:20.946 31453 31453 W Finsky  : [1] com.google.android.finsky.wear.ca.run(12): Dropping command=send_installed_apps due to Gms not connected
03-19 20:45:20.948 31453 31453 I Finsky  : [1] com.google.android.finsky.wear.WearSupportService.b(67): Stopping WearSupportService
03-19 20:45:20.968  2649  4648 I ActivityManager: Killing 2290:com.motorola.invisiblenet/u0a41 (adj 904): empty #13
03-19 20:45:20.984  2649  3615 D ActivityManager: cleanUpApplicationRecord -- 2290
03-19 20:45:21.018  3505  4596 V ConnectivityManager: isActiveNetworkMetered() returns:false
03-19 20:45:21.023  3363  3363 W ContextImpl: Calling a method in the system process without a qualified user: android.app.ContextImpl.startService:1357 android.content.ContextWrapper.startService:613 android.content.ContextWrapper.startService:613 com.android.keychain.KeyChainBroadcastReceiver.onReceive:12 android.app.ActivityThread.handleReceiver:3032 
03-19 20:45:21.036  3389  3465 D VoicemailCleanupService: Cleaning up data for package: io.appium.uiautomator2.server.test
03-19 20:45:21.072 31453 31453 I Finsky  : [1] com.google.android.finsky.wear.WearSupportService.onStartCommand(21): Starting WearSupportService for auto_uninstall
03-19 20:45:21.075 31453 31453 I Finsky  : [1] com.google.android.finsky.wear.ao.a(80): Connecting to wearable; initiated by: com.google.android.finsky.wear.WearSupportService
03-19 20:45:21.079  3505   993 E NetworkScheduler: Unrecognised action provided: android.intent.action.PACKAGE_REMOVED
03-19 20:45:21.079 31453 31453 I Finsky  : [1] com.google.android.finsky.wear.WearSupportService.onStartCommand(21): Starting WearSupportService for send_installed_apps
03-19 20:45:21.084 31453 31551 I Finsky  : [3321] com.google.android.finsky.splitinstallservice.af.run(7): No active session in storage.
03-19 20:45:21.086  3505  4154 W WearableService: onGetService - Wear is not available on this device.
03-19 20:45:21.096 31453 31453 E Finsky  : [1] com.google.android.finsky.wear.ar.a(3): onConnectionFailed: ConnectionResult{statusCode=API_UNAVAILABLE, resolution=null, message=null}
03-19 20:45:21.096 31453 31453 W Finsky  : [1] com.google.android.finsky.wear.ca.run(12): Dropping command=auto_uninstall due to Gms not connected
03-19 20:45:21.098 31453 31453 I Finsky  : [1] com.google.android.finsky.wear.WearSupportService.b(67): Stopping WearSupportService
03-19 20:45:21.103  3720  3460 I Icing   : Usage reports ok 2, Failed Usage reports 0, indexed 0, rejected 0, imm upload false
03-19 20:45:21.119 31453 31453 W Finsky  : [1] com.google.android.finsky.wear.ca.run(12): Dropping command=send_installed_apps due to Gms not connected
03-19 20:45:21.121 31453 31453 I Finsky  : [1] com.google.android.finsky.wear.WearSupportService.b(67): Stopping WearSupportService
03-19 20:45:21.127  3720  3460 I Icing   : Usage reports ok 0, Failed Usage reports 0, indexed 0, rejected 0, imm upload false
03-19 20:45:21.130  3720  3448 I LocationSettingsChecker: Removing dialog suppression flag for package io.appium.uiautomator2.server.test
03-19 20:45:21.132  3720  3460 I Icing   : doRemovePackageData io.appium.uiautomator2.server.test
03-19 20:45:21.137  3720  4322 I Icing   : IndexChimeraService.getServiceInterface callingPackage=com.google.android.gms componentName=AppsCorpus serviceId=36
03-19 20:45:21.139  3720  4074 I Icing   : IndexChimeraService.getServiceInterface callingPackage=com.google.android.gms componentName=AppsCorpus serviceId=32
03-19 20:45:21.142  3720  3447 I GrowthService: Package io.appium.uiautomator2.server.test uninstalled. Removing from storage.
03-19 20:45:21.163  3720  2146 I Icing   : Usage reports ok 0, Failed Usage reports 0, indexed 0, rejected 0, imm upload false
03-19 20:45:21.171  3505  4596 V ConnectivityManager: isActiveNetworkMetered() returns:false
03-19 20:45:21.184  3720  2146 I Icing   : Usage reports ok 0, Failed Usage reports 0, indexed 0, rejected 0, imm upload false
03-19 20:45:22.134  3720  1138 I Icing   : Indexing 5BC26A023FAF1F43AEFAB66B338D37C6EF45681D from com.google.android.gms
03-19 20:45:22.142  3720  1138 I Icing   : Indexing done 5BC26A023FAF1F43AEFAB66B338D37C6EF45681D
03-19 20:45:22.192  3720  1138 I Icing   : Indexing 5BC26A023FAF1F43AEFAB66B338D37C6EF45681D from com.google.android.gms
03-19 20:45:22.193  3720  1138 I Icing   : Indexing done 5BC26A023FAF1F43AEFAB66B338D37C6EF45681D
03-19 20:45:22.640  3473  3473 I chatty  : uid=2000(shell) app_process expire 8 lines
03-19 20:45:22.854 12021  1047 I EventLogSendingHelper: Sending log events.
03-19 20:45:23.189  3720  1138 I DeviceScanner: [MDNS] Received response from "Bazoom  TV" (d06909be874a6070328167867a2d019a) with result "0 No change"
03-19 20:45:23.567  3487  3487 I chatty  : uid=2000(shell) app_process expire 8 lines
03-19 20:45:23.693  2649  3034 W ActivityManager: Invalid packageName: io.appium.uiautomator2.server
03-19 20:45:24.213  3720  1138 I DeviceScanner: [MDNS] Received response from "Bazoom  TV" (d06909be874a6070328167867a2d019a) with result "0 No change"
03-19 20:45:24.326  3506  3506 I chatty  : uid=2000(shell) app_process expire 9 lines
03-19 20:45:24.475  3506  3522 I chatty  : uid=2000(shell) app_process expire 1 line
03-19 20:45:25.088  3526  3526 I chatty  : uid=2000(shell) app_process expire 9 lines
03-19 20:45:25.194  2093  2093 I MSM-irqbalance: Decided to move IRQ18 from CPU1 [P:0] to CPU5 [P:1] (banned)
03-19 20:45:25.194  2093  2093 I MSM-irqbalance: Decided to move IRQ18 from CPU3 [P:0] to CPU7 [P:1] (banned)
03-19 20:45:25.194  2093  2093 I MSM-irqbalance: Decided to move IRQ18 from CPU0 [P:0] to CPU6 [P:1] (banned)
03-19 20:45:25.194  2093  2093 I MSM-irqbalance: Decided to move IRQ18 from CPU2 [P:0] to CPU4 [P:1] (banned)
03-19 20:45:25.241  3526  3534 I chatty  : uid=2000(shell) app_process expire 1 line
03-19 20:45:25.742  2649  3347 I ActivityManager: Killing 2540:io.appium.settings/u0a395 (adj 904): empty #13
03-19 20:45:25.753  2649  4624 I chatty  : uid=1000(system) Binder:2649_E expire 1 line
03-19 20:45:25.754  2649  3635 D ActivityManager: cleanUpApplicationRecord -- 2540
03-19 20:45:25.766  1958  1958 I         : free_cache(1423017) avail 18462089216
03-19 20:45:25.946  3505  3505 I WearableService: Wearable Services stopping
03-19 20:45:26.017 31453 31453 I Finsky  : [1] com.google.android.finsky.verifier.impl.PackageVerificationReceiver.onReceive(12): Verification requested, id = 132
03-19 20:45:26.034 31453  3548 W Settings: Setting install_non_market_apps has moved from android.provider.Settings.Global to android.provider.Settings.Secure, returning read-only value.
03-19 20:45:26.261  1966  1966 I cnss-daemon: RTM_NEWROUTE Indication
03-19 20:45:26.261  1966  1966 I cnss-daemon: ip type is ipv6
03-19 20:45:26.265 31453  3548 I Finsky  : [3345] com.google.android.finsky.foregroundcoordinator.a.a(14): Task 7 requested foreground
03-19 20:45:26.267 31453  3548 I Finsky  : [3345] com.google.android.finsky.foregroundcoordinator.a.a(42): Not entering foreground
03-19 20:45:26.275  1966  1966 I cnss-daemon: RTM_NEWROUTE Indication
03-19 20:45:26.275  1966  1966 I cnss-daemon: ip type is ipv6
03-19 20:45:26.472 31453  3552 I Finsky  : [3346] com.google.android.finsky.verifier.impl.da.b(6): Verification id=132 response=0
03-19 20:45:26.497 31453 31453 I Finsky  : [1] com.google.android.finsky.verifier.impl.dr.c(191): Verifying id=132, result=1
03-19 20:45:26.502 31453 31453 I Finsky  : [1] com.google.android.finsky.verifier.impl.dr.c(208): Verification complete: id=132, package_name=io.appium.uiautomator2.server
03-19 20:45:26.563  3553  3553 I dex2oat : Adjusted thread count (for runtime dex2oat): 4, 4
03-19 20:45:26.563  3553  3553 I dex2oat : /system/bin/dex2oat --compiler-filter=interpret-only --debuggable
03-19 20:45:27.545  3553  3553 I dex2oat : dex2oat took 982.504ms (threads: 4) arena alloc=5KB (5248B) java alloc=2MB (2435624B) native alloc=5MB (5424808B) free=2MB (2963800B)
03-19 20:45:27.802  2649  2740 V BackupManagerService: restoreAtInstall pkg=io.appium.uiautomator2.server token=85 restoreSet=0
03-19 20:45:27.802  2649  2740 V BackupManagerService: Finishing install immediately
03-19 20:45:27.954  1958  1958 E         : Couldn't opendir /data/app/vmdl1727794859.tmp: No such file or directory
03-19 20:45:27.958  3385  3385 D BluetoothMapAppObserver: onReceive
03-19 20:45:27.958  3385  3385 D BluetoothMapAppObserver: The installed package is: io.appium.uiautomator2.server
03-19 20:45:27.960  3385  3385 D BluetoothMapAppObserver: Found 0 application(s) with intent android.bluetooth.action.BLUETOOTH_MAP_PROVIDER
03-19 20:45:27.961  3385  3385 D BluetoothMapAppObserver: Found 0 application(s) with intent android.bluetooth.action.BLUETOOTH_MAP_IM_PROVIDER
03-19 20:45:27.966  2649  3593 W ActivityManager: Permission Denial: Accessing service ComponentInfo{com.google.android.music/com.google.android.music.dial.DialMediaRouteProviderService} from pid=3720, uid=10033 that is not exported from uid 10114
03-19 20:45:27.967  8938  8938 I CarrierServices: [1] RcsAutoStartReceiver.b: carrierServicesJibeServiceEnabled changed from true to true
03-19 20:45:27.968  8938  8938 I CarrierServices: [1] RcsAutoStartReceiver.b: enableRcs changed from true to true
03-19 20:45:27.969  8938  8938 I CarrierServices: [1] RcsAutoStartReceiver.b: RcsAutoStartReceiver triggered. Fetching RCS State. Action: android.intent.action.PACKAGE_ADDED
03-19 20:45:27.973  8938  8938 I CarrierServices: [1] aux.a: Migration binding to RcsMigrationService
03-19 20:45:27.981  8977  8988 I CarrierServices: [601] g.a: Sim state is not ready. Returning last known operation mode.
03-19 20:45:27.982  8938  3559 I CarrierServices: [775] auy.doInBackground: Saving RCS State
03-19 20:45:27.982  8938  3559 I CarrierServices: [775] auy.doInBackground: Old operation mode: 0
