02-28 18:02:44.299  2283  2283 I MSM-irqbalance: Decided to move IRQ18 from CPU3 [P:0] to CPU7 [P:1] (banned)
02-28 18:02:44.299  2283  2283 I MSM-irqbalance: Decided to move IRQ18 from CPU2 [P:0] to CPU6 [P:1] (banned)
02-28 18:02:49.298  2283  2283 I MSM-irqbalance: Decided to move IRQ18 from CPU1 [P:0] to CPU5 [P:1] (banned)
02-28 18:02:49.298  2283  2283 I MSM-irqbalance: Decided to move IRQ18 from CPU0 [P:0] to CPU4 [P:1] (banned)
02-28 18:02:49.299  2283  2283 I MSM-irqbalance: Decided to move IRQ18 from CPU3 [P:0] to CPU7 [P:1] (banned)
02-28 18:02:49.299  2283  2283 I MSM-irqbalance: Decided to move IRQ18 from CPU2 [P:0] to CPU6 [P:1] (banned)
02-28 18:02:50.365  3672  3795 I chatty  : uid=1000(system) MainEventThread expire 4 lines
02-28 18:02:50.485   582   582 I SFPerfTracer:      triggers: (rate: 727:65235) (compose: 0:49) (post: 5:1226) (render: 5:262) (0:442526 frames) (1:546773)
02-28 18:02:50.485   582   582 D SFPerfTracer:        layers: (2:9) (StatusBar (0xb3148400): 1:136235) (Sprite (0xb3145c00): 0:118)* (DimLayerController/Stack=0 (0xb3179400): 0:2534)* (animation background stackId=1 (0xb3147000): 0:352)* (com.android.systemui.ImageWallpaper (0xb317bc00): 0:31065)* (us.moviemates/us.moviemates.Activities.MainActivity (0xb314ac00): 0:118)- (com.google.android.packageinstaller/com.android.packageinstaller.permission.ui.GrantPermissionsActivity (0xb3149800): 0:25)- (Starting us.moviemates (0xb3149800): 0:3)- (us.moviemates/us.moviemates.Activities.MoviesActivity (0xb3178000): 0:32) 
02-28 18:02:51.402  2728  3124 D BatteryService: uevent={POWER_SUPPLY_TEMP=280, POWER_SUPPLY_PRESENT=1, POWER_SUPPLY_STATUS=Charging, POWER_SUPPLY_CAPACITY=73, ACTION=change, DEVPATH=/devices/soc/qpnp-smbcharger-17/power_supply/battery, SUBSYSTEM=power_supply, POWER_SUPPLY_VOLTAGE_NOW=4109320, SEQNUM=5071372, POWER_SUPPLY_NAME=battery, POWER_SUPPLY_CURRENT_NOW=-285795, POWER_SUPPLY_CHARGE_COUNTER=2319973, POWER_SUPPLY_CHARGE_RATE=Normal, POWER_SUPPLY_HEALTH=Good}
02-28 18:02:51.403  2728 29446 D BatteryService: mLastPlugType/mPlugType:2/2
02-28 18:02:51.403  2728 29446 D BatteryService: set mLastPlugType to 2
02-28 18:02:51.405  3226  3226 D KeyguardUpdateMonitor: received broadcast android.intent.action.BATTERY_CHANGED
02-28 18:02:51.406  3180  3180 D VideoCall_LowBattery: BatteryIntent received: android.intent.action.BATTERY_CHANGED
02-28 18:02:51.406 31898 31976 D HeadsetStateMachine: Disconnected process message: 10, size: 0
02-28 18:02:51.406 31898 31976 D HeadsetStateMachine: Enter processIntentBatteryChanged()
02-28 18:02:51.406 31898 31976 D HeadsetStateMachine: Exit processIntentBatteryChanged()
02-28 18:02:51.406 31898 31976 D HeadsetStateMachine: Exit Disconnected processMessage() 
02-28 18:02:51.407  3180  3180 E QtiImsExtUtils: getConfigForPhoneId subId is invalid
02-28 18:02:51.407  3180  3180 E QtiImsExtUtils: isCarrierConfigEnabled bundle is null
02-28 18:02:51.407  3180  3180 D VideoCall_LowBattery:  allowVideoCallsInLowBattery: false isCarrierOneSupported: false mIsLowbattery: false
02-28 18:02:51.408  3226  3226 D KeyguardUpdateMonitor: handleBatteryUpdate
02-28 18:02:52.119  2154  2154 I cnss-daemon: RTM_NEWNEIGH message received: 28
02-28 18:02:52.119  2154  2154 E cnss-daemon: Stale or unreachable neighbors, ndm state: 4
02-28 18:02:54.298  2283  2283 I MSM-irqbalance: Decided to move IRQ18 from CPU1 [P:0] to CPU5 [P:1] (banned)
02-28 18:02:54.298  2283  2283 I MSM-irqbalance: Decided to move IRQ18 from CPU0 [P:0] to CPU4 [P:1] (banned)
02-28 18:02:54.299  2283  2283 I MSM-irqbalance: Decided to move IRQ18 from CPU3 [P:0] to CPU7 [P:1] (banned)
02-28 18:02:54.299  2283  2283 I MSM-irqbalance: Decided to move IRQ18 from CPU2 [P:0] to CPU6 [P:1] (banned)
02-28 18:02:59.298  2283  2283 I MSM-irqbalance: Decided to move IRQ18 from CPU1 [P:0] to CPU5 [P:1] (banned)
02-28 18:02:59.298  2283  2283 I MSM-irqbalance: Decided to move IRQ18 from CPU0 [P:0] to CPU4 [P:1] (banned)
02-28 18:02:59.299  2283  2283 I MSM-irqbalance: Decided to move IRQ18 from CPU3 [P:0] to CPU7 [P:1] (banned)
02-28 18:02:59.299  2283  2283 I MSM-irqbalance: Decided to move IRQ18 from CPU2 [P:0] to CPU6 [P:1] (banned)
02-28 18:03:00.001  3226  3226 D KeyguardUpdateMonitor: received broadcast android.intent.action.TIME_TICK
02-28 18:03:00.002  3226  3226 D KeyguardUpdateMonitor: handleTimeUpdate
02-28 18:03:01.718  2154  2154 I cnss-daemon: RTM_NEWNEIGH message received: 28
02-28 18:03:01.719  2154  2154 E cnss-daemon: Stale or unreachable neighbors, ndm state: 4
02-28 18:03:04.298  2283  2283 I MSM-irqbalance: Decided to move IRQ18 from CPU1 [P:0] to CPU5 [P:1] (banned)
02-28 18:03:04.299  2283  2283 I MSM-irqbalance: Decided to move IRQ18 from CPU0 [P:0] to CPU7 [P:1] (banned)
02-28 18:03:04.299  2283  2283 I MSM-irqbalance: Decided to move IRQ18 from CPU3 [P:0] to CPU4 [P:1] (banned)
02-28 18:03:04.299  2283  2283 I MSM-irqbalance: Decided to move IRQ18 from CPU2 [P:0] to CPU6 [P:1] (banned)
02-28 18:03:08.035  2728  3179 D ActivityManager: mMemLeft = 506
02-28 18:03:09.298  2283  2283 I MSM-irqbalance: Decided to move IRQ18 from CPU1 [P:0] to CPU5 [P:1] (banned)
02-28 18:03:09.298  2283  2283 I MSM-irqbalance: Decided to move IRQ18 from CPU0 [P:0] to CPU7 [P:1] (banned)
02-28 18:03:09.299  2283  2283 I MSM-irqbalance: Decided to move IRQ18 from CPU3 [P:0] to CPU4 [P:1] (banned)
02-28 18:03:09.299  2283  2283 I MSM-irqbalance: Decided to move IRQ18 from CPU2 [P:0] to CPU6 [P:1] (banned)
02-28 18:03:14.298  2283  2283 I MSM-irqbalance: Decided to move IRQ18 from CPU2 [P:0] to CPU5 [P:1] (banned)
02-28 18:03:14.298  2283  2283 I MSM-irqbalance: Decided to move IRQ18 from CPU0 [P:0] to CPU7 [P:1] (banned)
02-28 18:03:14.299  2283  2283 I MSM-irqbalance: Decided to move IRQ18 from CPU3 [P:0] to CPU4 [P:1] (banned)
02-28 18:03:14.299  2283  2283 I MSM-irqbalance: Decided to move IRQ18 from CPU1 [P:0] to CPU6 [P:1] (banned)
02-28 18:03:14.523  2728  3124 D BatteryService: uevent={POWER_SUPPLY_TEMP=280, POWER_SUPPLY_PRESENT=1, POWER_SUPPLY_STATUS=Charging, POWER_SUPPLY_CAPACITY=73, ACTION=change, DEVPATH=/devices/soc/qpnp-smbcharger-17/power_supply/battery, SUBSYSTEM=power_supply, POWER_SUPPLY_VOLTAGE_NOW=4111151, SEQNUM=5071374, POWER_SUPPLY_NAME=battery, POWER_SUPPLY_CURRENT_NOW=-282285, POWER_SUPPLY_CHARGE_COUNTER=2323557, POWER_SUPPLY_CHARGE_RATE=Normal, POWER_SUPPLY_HEALTH=Good}
02-28 18:03:14.524  2728  3268 D BatteryService: mLastPlugType/mPlugType:2/2
02-28 18:03:14.524  2728  3268 D BatteryService: set mLastPlugType to 2
02-28 18:03:14.526  3672  3795 W QCNEJ   : |CORE| CNE received unexpected action: android.intent.action.BATTERY_CHANGED
02-28 18:03:14.526  3226  3226 D KeyguardUpdateMonitor: received broadcast android.intent.action.BATTERY_CHANGED
02-28 18:03:14.526  3180  3180 D VideoCall_LowBattery: BatteryIntent received: android.intent.action.BATTERY_CHANGED
02-28 18:03:14.527 31898 31976 D HeadsetStateMachine: Disconnected process message: 10, size: 0
02-28 18:03:14.527 31898 31976 D HeadsetStateMachine: Enter processIntentBatteryChanged()
02-28 18:03:14.527 31898 31976 D HeadsetStateMachine: Exit processIntentBatteryChanged()
02-28 18:03:14.527 31898 31976 D HeadsetStateMachine: Exit Disconnected processMessage() 
02-28 18:03:14.528  3180  3180 E QtiImsExtUtils: getConfigForPhoneId subId is invalid
02-28 18:03:14.528  3180  3180 E QtiImsExtUtils: isCarrierConfigEnabled bundle is null
02-28 18:03:14.528  3180  3180 D VideoCall_LowBattery:  allowVideoCallsInLowBattery: false isCarrierOneSupported: false mIsLowbattery: false
02-28 18:03:14.529  3226  3226 D KeyguardUpdateMonitor: handleBatteryUpdate
02-28 18:03:19.298  2283  2283 I MSM-irqbalance: Decided to move IRQ18 from CPU2 [P:0] to CPU5 [P:1] (banned)
02-28 18:03:19.298  2283  2283 I MSM-irqbalance: Decided to move IRQ18 from CPU0 [P:0] to CPU7 [P:1] (banned)
02-28 18:03:19.299  2283  2283 I MSM-irqbalance: Decided to move IRQ18 from CPU3 [P:0] to CPU4 [P:1] (banned)
02-28 18:03:19.299  2283  2283 I MSM-irqbalance: Decided to move IRQ18 from CPU1 [P:0] to CPU6 [P:1] (banned)
02-28 18:03:23.590  3672  3795 I QCNEJ   : |CORE| CNE received action RSSI/Link Changed events: android.net.wifi.RSSI_CHANGED
02-28 18:03:23.591  3672  3795 D QCNEJ   : |CORE| Updating RSSI: -66
02-28 18:03:23.591  3672  3795 I QCNEJ   : |PB_MSG| sendWifiStatus - subType: 101 networkState: 1 wifiState: 3 rssi=-66 freqBand = _5GHz ssid=GoogleGuest bssid=40:e3:d6:f6:0d:91 ipV4Addr=100.70.155.52 ifNameV4=wlan0 ipAddrV6=2620:15c:20:fd00:55a1:18cc:ec8a:f4e3 ifNameV6=wlan0 timeStamp:2018-02-28 18:03:23.591 net handle=657146432222 isAndroidValidated = true DNS addrs= 2001:4860:4860::8888, 2001:4860:4860::8844, 8.8.8.8, 8.8.4.4, 
02-28 18:03:24.298  2283  2283 I MSM-irqbalance: Decided to move IRQ18 from CPU2 [P:0] to CPU5 [P:1] (banned)
02-28 18:03:24.299  2283  2283 I MSM-irqbalance: Decided to move IRQ18 from CPU0 [P:0] to CPU7 [P:1] (banned)
02-28 18:03:24.299  2283  2283 I MSM-irqbalance: Decided to move IRQ18 from CPU3 [P:0] to CPU4 [P:1] (banned)
02-28 18:03:24.299  2283  2283 I MSM-irqbalance: Decided to move IRQ18 from CPU1 [P:0] to CPU6 [P:1] (banned)
02-28 18:03:29.298  2283  2283 I MSM-irqbalance: Decided to move IRQ18 from CPU2 [P:0] to CPU5 [P:1] (banned)
02-28 18:03:29.299  2283  2283 I MSM-irqbalance: Decided to move IRQ18 from CPU0 [P:0] to CPU7 [P:1] (banned)
02-28 18:03:29.299  2283  2283 I MSM-irqbalance: Decided to move IRQ18 from CPU3 [P:0] to CPU4 [P:1] (banned)
02-28 18:03:29.299  2283  2283 I MSM-irqbalance: Decided to move IRQ18 from CPU1 [P:0] to CPU6 [P:1] (banned)
02-28 18:03:34.298  2283  2283 I MSM-irqbalance: Decided to move IRQ18 from CPU2 [P:0] to CPU5 [P:1] (banned)
02-28 18:03:34.298  2283  2283 I MSM-irqbalance: Decided to move IRQ18 from CPU0 [P:0] to CPU7 [P:1] (banned)
02-28 18:03:34.299  2283  2283 I MSM-irqbalance: Decided to move IRQ18 from CPU3 [P:0] to CPU4 [P:1] (banned)
02-28 18:03:34.299  2283  2283 I MSM-irqbalance: Decided to move IRQ18 from CPU1 [P:0] to CPU6 [P:1] (banned)
02-28 18:03:35.235  2728  3145 I chatty  : uid=1000(system) WifiScanningSer expire 12 lines
02-28 18:03:35.249  3643  4977 V ConnectivityManager: isActiveNetworkMetered() returns:false
02-28 18:03:35.306  3643  4977 V ConnectivityManager: isActiveNetworkMetered() returns:false
02-28 18:03:35.356  3643  4977 V ConnectivityManager: isActiveNetworkMetered() returns:false
02-28 18:03:38.579  2154  2154 I cnss-daemon: RTM_NEWROUTE Indication
02-28 18:03:38.579  2154  2154 I cnss-daemon: ip type is ipv6
02-28 18:03:38.581  2154  2154 E cnss-daemon: gateway ipv6 address: fe80::200:5eff:fe00:265
02-28 18:03:38.581  2154  2154 E cnss-daemon: gateway mac address: %02x:%02x:%02x:%02x:%02x:%02x
02-28 18:03:38.581  2154  2154 E cnss-daemon: : 00:00:5e:00:02:65
02-28 18:03:38.581  2154  2154 E cnss-daemon: gw update message successfully sent
02-28 18:03:38.581  2154  2154 I cnss-daemon: RTM_NEWROUTE Indication
02-28 18:03:38.581  2154  2154 I cnss-daemon: ip type is ipv6
02-28 18:03:39.298  2283  2283 I MSM-irqbalance: Decided to move IRQ18 from CPU2 [P:0] to CPU5 [P:1] (banned)
02-28 18:03:39.299  2283  2283 I MSM-irqbalance: Decided to move IRQ18 from CPU0 [P:0] to CPU7 [P:1] (banned)
02-28 18:03:39.299  2283  2283 I MSM-irqbalance: Decided to move IRQ18 from CPU3 [P:0] to CPU4 [P:1] (banned)
02-28 18:03:39.299  2283  2283 I MSM-irqbalance: Decided to move IRQ18 from CPU1 [P:0] to CPU6 [P:1] (banned)
02-28 18:03:41.599  2154  2154 I cnss-daemon: RTM_NEWNEIGH message received: 28
02-28 18:03:41.599  2154  2154 I cnss-daemon: NDA_DST received: 100.70.159.254 ul: 4271851108
02-28 18:03:41.599  2154  2154 I cnss-daemon: NDA_LLADDR received
02-28 18:03:41.600  2154  2154 E cnss-daemon: gateway ipv6 address: fe80::200:5eff:fe00:265
02-28 18:03:41.600  2154  2154 E cnss-daemon: gateway mac address: %02x:%02x:%02x:%02x:%02x:%02x
02-28 18:03:41.600  2154  2154 E cnss-daemon: : 00:00:00:00:00:00
02-28 18:03:41.600  2154  2154 E cnss-daemon: Invalid mac address: 0x7f55ee6cM
02-28 18:03:41.685  3672  3795 I QCNEJ   : |CORE| CNE received action RSSI/Link Changed events: android.net.wifi.RSSI_CHANGED
02-28 18:03:41.686  3672  3795 D QCNEJ   : |CORE| Updating RSSI: -67
02-28 18:03:41.686  3672  3795 I QCNEJ   : |PB_MSG| sendWifiStatus - subType: 101 networkState: 1 wifiState: 3 rssi=-67 freqBand = _5GHz ssid=GoogleGuest bssid=40:e3:d6:f6:0d:91 ipV4Addr=100.70.155.52 ifNameV4=wlan0 ipAddrV6=2620:15c:20:fd00:55a1:18cc:ec8a:f4e3 ifNameV6=wlan0 timeStamp:2018-02-28 18:03:41.686 net handle=657146432222 isAndroidValidated = true DNS addrs= 2001:4860:4860::8888, 2001:4860:4860::8844, 8.8.8.8, 8.8.4.4, 
02-28 18:03:43.585  2154  2154 I cnss-daemon: RTM_NEWNEIGH message received: 28
02-28 18:03:43.585  2154  2154 E cnss-daemon: Stale or unreachable neighbors, ndm state: 16
02-28 18:03:43.600  2154  2154 I cnss-daemon: RTM_NEWNEIGH message received: 28
02-28 18:03:43.600  2154  2154 I cnss-daemon: NDA_DST received: fe80::200:5eff:fe00:265 ul: 33022
02-28 18:03:43.600  2154  2154 I cnss-daemon: NDA_LLADDR received
02-28 18:03:44.298  2283  2283 I MSM-irqbalance: Decided to move IRQ18 from CPU2 [P:0] to CPU5 [P:1] (banned)
02-28 18:03:44.298  2283  2283 I MSM-irqbalance: Decided to move IRQ18 from CPU0 [P:0] to CPU7 [P:1] (banned)
02-28 18:03:44.299  2283  2283 I MSM-irqbalance: Decided to move IRQ18 from CPU3 [P:0] to CPU4 [P:1] (banned)
02-28 18:03:44.299  2283  2283 I MSM-irqbalance: Decided to move IRQ18 from CPU1 [P:0] to CPU6 [P:1] (banned)
02-28 18:03:46.946  2154  2154 I cnss-daemon: RTM_NEWROUTE Indication
02-28 18:03:46.946  2154  2154 I cnss-daemon: ip type is ipv6
02-28 18:03:46.947  2154  2154 E cnss-daemon: gateway ipv6 address: fe80::200:5eff:fe00:265
02-28 18:03:46.947  2154  2154 E cnss-daemon: gateway mac address: %02x:%02x:%02x:%02x:%02x:%02x
02-28 18:03:46.947  2154  2154 E cnss-daemon: : 00:00:5e:00:02:65
02-28 18:03:46.948  2154  2154 E cnss-daemon: gw update message successfully sent
02-28 18:03:47.239  2154  2154 I cnss-daemon: RTM_NEWNEIGH message received: 28
02-28 18:03:47.239  2154  2154 E cnss-daemon: Stale or unreachable neighbors, ndm state: 4
02-28 18:03:49.298  2283  2283 I MSM-irqbalance: Decided to move IRQ18 from CPU2 [P:0] to CPU5 [P:1] (banned)
02-28 18:03:49.298  2283  2283 I MSM-irqbalance: Decided to move IRQ18 from CPU0 [P:0] to CPU7 [P:1] (banned)
02-28 18:03:49.299  2283  2283 I MSM-irqbalance: Decided to move IRQ18 from CPU3 [P:0] to CPU4 [P:1] (banned)
02-28 18:03:49.299  2283  2283 I MSM-irqbalance: Decided to move IRQ18 from CPU1 [P:0] to CPU6 [P:1] (banned)
02-28 18:03:54.298  2283  2283 I MSM-irqbalance: Decided to move IRQ18 from CPU2 [P:0] to CPU5 [P:1] (banned)
02-28 18:03:54.299  2283  2283 I MSM-irqbalance: Decided to move IRQ18 from CPU0 [P:0] to CPU7 [P:1] (banned)
02-28 18:03:54.299  2283  2283 I MSM-irqbalance: Decided to move IRQ18 from CPU3 [P:0] to CPU4 [P:1] (banned)
02-28 18:03:54.299  2283  2283 I MSM-irqbalance: Decided to move IRQ18 from CPU1 [P:0] to CPU6 [P:1] (banned)
02-28 18:03:55.425  2154  2154 I cnss-daemon: RTM_NEWNEIGH message received: 28
02-28 18:03:55.426  2154  2154 E cnss-daemon: Stale or unreachable neighbors, ndm state: 16
02-28 18:03:55.439  2154  2154 I cnss-daemon: RTM_NEWNEIGH message received: 28
02-28 18:03:55.440  2154  2154 I cnss-daemon: NDA_DST received: 100.70.159.254 ul: 4271851108
02-28 18:03:55.440  2154  2154 I cnss-daemon: NDA_LLADDR received
02-28 18:03:59.298  2283  2283 I MSM-irqbalance: Decided to move IRQ18 from CPU2 [P:0] to CPU7 [P:1] (banned)
02-28 18:03:59.299  2283  2283 I MSM-irqbalance: Decided to move IRQ18 from CPU3 [P:0] to CPU5 [P:1] (banned)
02-28 18:03:59.299  2283  2283 I MSM-irqbalance: Decided to move IRQ18 from CPU0 [P:0] to CPU4 [P:1] (banned)
02-28 18:03:59.299  2283  2283 I MSM-irqbalance: Decided to move IRQ18 from CPU1 [P:0] to CPU6 [P:1] (banned)
02-28 18:04:00.000  3226  3226 D KeyguardUpdateMonitor: received broadcast android.intent.action.TIME_TICK
02-28 18:04:00.001  3226  3226 D KeyguardUpdateMonitor: handleTimeUpdate
02-28 18:04:01.000  3226  3226 D KeyguardUpdateMonitor: received broadcast android.intent.action.TIME_TICK
02-28 18:04:01.001  3226  3226 D KeyguardUpdateMonitor: handleTimeUpdate
02-28 18:04:02.732  2154  2154 I cnss-daemon: RTM_NEWNEIGH message received: 28
02-28 18:04:02.732  2154  2154 E cnss-daemon: Stale or unreachable neighbors, ndm state: 4
02-28 18:04:03.745  2154  2154 I cnss-daemon: RTM_NEWNEIGH message received: 28
02-28 18:04:03.745  2154  2154 E cnss-daemon: Stale or unreachable neighbors, ndm state: 4
02-28 18:04:04.298  2283  2283 I MSM-irqbalance: Decided to move IRQ18 from CPU2 [P:0] to CPU7 [P:1] (banned)
02-28 18:04:04.298  2283  2283 I MSM-irqbalance: Decided to move IRQ18 from CPU3 [P:0] to CPU5 [P:1] (banned)
02-28 18:04:04.299  2283  2283 I MSM-irqbalance: Decided to move IRQ18 from CPU0 [P:0] to CPU4 [P:1] (banned)
02-28 18:04:04.299  2283  2283 I MSM-irqbalance: Decided to move IRQ18 from CPU1 [P:0] to CPU6 [P:1] (banned)
02-28 18:04:08.092  2728  3179 D ActivityManager: mMemLeft = 515
02-28 18:04:09.298  2283  2283 I MSM-irqbalance: Decided to move IRQ18 from CPU2 [P:0] to CPU7 [P:1] (banned)
02-28 18:04:09.299  2283  2283 I MSM-irqbalance: Decided to move IRQ18 from CPU3 [P:0] to CPU5 [P:1] (banned)
02-28 18:04:09.299  2283  2283 I MSM-irqbalance: Decided to move IRQ18 from CPU0 [P:0] to CPU4 [P:1] (banned)
02-28 18:04:09.299  2283  2283 I MSM-irqbalance: Decided to move IRQ18 from CPU1 [P:0] to CPU6 [P:1] (banned)
02-28 18:04:14.298  2283  2283 I MSM-irqbalance: Decided to move IRQ18 from CPU2 [P:0] to CPU7 [P:1] (banned)
02-28 18:04:14.298  2283  2283 I MSM-irqbalance: Decided to move IRQ18 from CPU3 [P:0] to CPU5 [P:1] (banned)
02-28 18:04:14.299  2283  2283 I MSM-irqbalance: Decided to move IRQ18 from CPU0 [P:0] to CPU4 [P:1] (banned)
02-28 18:04:14.299  2283  2283 I MSM-irqbalance: Decided to move IRQ18 from CPU1 [P:0] to CPU6 [P:1] (banned)
02-28 18:04:14.683  2728  3124 D BatteryService: uevent={POWER_SUPPLY_TEMP=280, POWER_SUPPLY_PRESENT=1, POWER_SUPPLY_STATUS=Charging, POWER_SUPPLY_CAPACITY=73, ACTION=change, DEVPATH=/devices/soc/qpnp-smbcharger-17/power_supply/battery, SUBSYSTEM=power_supply, POWER_SUPPLY_VOLTAGE_NOW=4113592, SEQNUM=5071377, POWER_SUPPLY_NAME=battery, POWER_SUPPLY_CURRENT_NOW=-286558, POWER_SUPPLY_CHARGE_COUNTER=2328579, POWER_SUPPLY_CHARGE_RATE=Normal, POWER_SUPPLY_HEALTH=Good}
02-28 18:04:14.684  2728  3702 D BatteryService: mLastPlugType/mPlugType:2/2
02-28 18:04:14.684  2728  3702 D BatteryService: set mLastPlugType to 2
02-28 18:04:14.686  3672  3795 W QCNEJ   : |CORE| CNE received unexpected action: android.intent.action.BATTERY_CHANGED
02-28 18:04:14.686  3180  3180 D VideoCall_LowBattery: BatteryIntent received: android.intent.action.BATTERY_CHANGED
02-28 18:04:14.687  3226  3226 D KeyguardUpdateMonitor: received broadcast android.intent.action.BATTERY_CHANGED
02-28 18:04:14.687 31898 31976 D HeadsetStateMachine: Disconnected process message: 10, size: 0
02-28 18:04:14.687 31898 31976 D HeadsetStateMachine: Enter processIntentBatteryChanged()
02-28 18:04:14.687 31898 31976 D HeadsetStateMachine: Exit processIntentBatteryChanged()
02-28 18:04:14.687 31898 31976 D HeadsetStateMachine: Exit Disconnected processMessage() 
02-28 18:04:14.689  3180  3180 E QtiImsExtUtils: getConfigForPhoneId subId is invalid
02-28 18:04:14.689  3180  3180 E QtiImsExtUtils: isCarrierConfigEnabled bundle is null
02-28 18:04:14.689  3180  3180 D VideoCall_LowBattery:  allowVideoCallsInLowBattery: false isCarrierOneSupported: false mIsLowbattery: false
02-28 18:04:14.690  3226  3226 D KeyguardUpdateMonitor: handleBatteryUpdate
02-28 18:04:19.298  2283  2283 I MSM-irqbalance: Decided to move IRQ18 from CPU2 [P:0] to CPU7 [P:1] (banned)
02-28 18:04:19.298  2283  2283 I MSM-irqbalance: Decided to move IRQ18 from CPU3 [P:0] to CPU5 [P:1] (banned)
02-28 18:04:19.299  2283  2283 I MSM-irqbalance: Decided to move IRQ18 from CPU0 [P:0] to CPU4 [P:1] (banned)
02-28 18:04:19.299  2283  2283 I MSM-irqbalance: Decided to move IRQ18 from CPU1 [P:0] to CPU6 [P:1] (banned)
02-28 18:04:24.298  2283  2283 I MSM-irqbalance: Decided to move IRQ18 from CPU3 [P:0] to CPU7 [P:1] (banned)
02-28 18:04:24.298  2283  2283 I MSM-irqbalance: Decided to move IRQ18 from CPU2 [P:0] to CPU4 [P:1] (banned)
02-28 18:04:24.299  2283  2283 I MSM-irqbalance: Decided to move IRQ18 from CPU0 [P:0] to CPU5 [P:1] (banned)
02-28 18:04:24.299  2283  2283 I MSM-irqbalance: Decided to move IRQ18 from CPU1 [P:0] to CPU6 [P:1] (banned)
02-28 18:04:29.298  2283  2283 I MSM-irqbalance: Decided to move IRQ18 from CPU3 [P:0] to CPU7 [P:1] (banned)
02-28 18:04:29.298  2283  2283 I MSM-irqbalance: Decided to move IRQ18 from CPU2 [P:0] to CPU4 [P:1] (banned)
02-28 18:04:29.299  2283  2283 I MSM-irqbalance: Decided to move IRQ18 from CPU0 [P:0] to CPU5 [P:1] (banned)
02-28 18:04:29.299  2283  2283 I MSM-irqbalance: Decided to move IRQ18 from CPU1 [P:0] to CPU6 [P:1] (banned)
02-28 18:04:29.995  3672  3795 I QCNEJ   : |CORE| CNE received action RSSI/Link Changed events: android.net.wifi.RSSI_CHANGED
02-28 18:04:29.995  3672  3795 D QCNEJ   : |CORE| Updating RSSI: -66
02-28 18:04:29.995  3672  3795 I QCNEJ   : |PB_MSG| sendWifiStatus - subType: 101 networkState: 1 wifiState: 3 rssi=-66 freqBand = _5GHz ssid=GoogleGuest bssid=40:e3:d6:f6:0d:91 ipV4Addr=100.70.155.52 ifNameV4=wlan0 ipAddrV6=2620:15c:20:fd00:55a1:18cc:ec8a:f4e3 ifNameV6=wlan0 timeStamp:2018-02-28 18:04:29.995 net handle=657146432222 isAndroidValidated = true DNS addrs= 2001:4860:4860::8888, 2001:4860:4860::8844, 8.8.8.8, 8.8.4.4, 
02-28 18:04:34.298  2283  2283 I MSM-irqbalance: Decided to move IRQ18 from CPU3 [P:0] to CPU7 [P:1] (banned)
02-28 18:04:34.299  2283  2283 I MSM-irqbalance: Decided to move IRQ18 from CPU2 [P:0] to CPU4 [P:1] (banned)
02-28 18:04:34.299  2283  2283 I MSM-irqbalance: Decided to move IRQ18 from CPU0 [P:0] to CPU5 [P:1] (banned)
02-28 18:04:34.299  2283  2283 I MSM-irqbalance: Decided to move IRQ18 from CPU1 [P:0] to CPU6 [P:1] (banned)
02-28 18:04:39.298  2283  2283 I MSM-irqbalance: Decided to move IRQ18 from CPU3 [P:0] to CPU7 [P:1] (banned)
02-28 18:04:39.299  2283  2283 I MSM-irqbalance: Decided to move IRQ18 from CPU2 [P:0] to CPU4 [P:1] (banned)
02-28 18:04:39.299  2283  2283 I MSM-irqbalance: Decided to move IRQ18 from CPU0 [P:0] to CPU5 [P:1] (banned)
02-28 18:04:39.299  2283  2283 I MSM-irqbalance: Decided to move IRQ18 from CPU1 [P:0] to CPU6 [P:1] (banned)
02-28 18:04:41.598  2154  2154 I cnss-daemon: RTM_NEWNEIGH message received: 28
02-28 18:04:41.599  2154  2154 E cnss-daemon: Stale or unreachable neighbors, ndm state: 16
02-28 18:04:41.610  2154  2154 I cnss-daemon: RTM_NEWNEIGH message received: 28
02-28 18:04:41.610  2154  2154 I cnss-daemon: NDA_DST received: fe80::200:5eff:fe00:265 ul: 33022
02-28 18:04:41.610  2154  2154 I cnss-daemon: NDA_LLADDR received
02-28 18:04:44.225  2154  2154 I cnss-daemon: RTM_NEWNEIGH message received: 28
02-28 18:04:44.225  2154  2154 E cnss-daemon: Stale or unreachable neighbors, ndm state: 16
02-28 18:04:44.232  2154  2154 I cnss-daemon: RTM_NEWNEIGH message received: 28
02-28 18:04:44.232  2154  2154 I cnss-daemon: NDA_DST received: 100.70.159.254 ul: 4271851108
02-28 18:04:44.232  2154  2154 I cnss-daemon: NDA_LLADDR received
02-28 18:04:44.298  2283  2283 I MSM-irqbalance: Decided to move IRQ18 from CPU3 [P:0] to CPU7 [P:1] (banned)
02-28 18:04:44.299  2283  2283 I MSM-irqbalance: Decided to move IRQ18 from CPU2 [P:0] to CPU4 [P:1] (banned)
02-28 18:04:44.299  2283  2283 I MSM-irqbalance: Decided to move IRQ18 from CPU0 [P:0] to CPU5 [P:1] (banned)
02-28 18:04:44.299  2283  2283 I MSM-irqbalance: Decided to move IRQ18 from CPU1 [P:0] to CPU6 [P:1] (banned)
02-28 18:04:45.098  3672  3795 I QCNEJ   : |CORE| CNE received action RSSI/Link Changed events: android.net.wifi.RSSI_CHANGED
02-28 18:04:45.098  3672  3795 D QCNEJ   : |CORE| Updating RSSI: -67
02-28 18:04:45.099  3672  3795 I QCNEJ   : |PB_MSG| sendWifiStatus - subType: 101 networkState: 1 wifiState: 3 rssi=-67 freqBand = _5GHz ssid=GoogleGuest bssid=40:e3:d6:f6:0d:91 ipV4Addr=100.70.155.52 ifNameV4=wlan0 ipAddrV6=2620:15c:20:fd00:55a1:18cc:ec8a:f4e3 ifNameV6=wlan0 timeStamp:2018-02-28 18:04:45.098 net handle=657146432222 isAndroidValidated = true DNS addrs= 2001:4860:4860::8888, 2001:4860:4860::8844, 8.8.8.8, 8.8.4.4, 
02-28 18:04:48.120  3672  3795 I QCNEJ   : |CORE| CNE received action RSSI/Link Changed events: android.net.wifi.RSSI_CHANGED
02-28 18:04:48.120  3672  3795 D QCNEJ   : |CORE| Updating RSSI: -66
02-28 18:04:48.120  3672  3795 I QCNEJ   : |PB_MSG| sendWifiStatus - subType: 101 networkState: 1 wifiState: 3 rssi=-66 freqBand = _5GHz ssid=GoogleGuest bssid=40:e3:d6:f6:0d:91 ipV4Addr=100.70.155.52 ifNameV4=wlan0 ipAddrV6=2620:15c:20:fd00:55a1:18cc:ec8a:f4e3 ifNameV6=wlan0 timeStamp:2018-02-28 18:04:48.12 net handle=657146432222 isAndroidValidated = true DNS addrs= 2001:4860:4860::8888, 2001:4860:4860::8844, 8.8.8.8, 8.8.4.4, 
02-28 18:04:49.298  2283  2283 I MSM-irqbalance: Decided to move IRQ18 from CPU3 [P:0] to CPU7 [P:1] (banned)
02-28 18:04:49.298  2283  2283 I MSM-irqbalance: Decided to move IRQ18 from CPU2 [P:0] to CPU4 [P:1] (banned)
02-28 18:04:49.299  2283  2283 I MSM-irqbalance: Decided to move IRQ18 from CPU0 [P:0] to CPU5 [P:1] (banned)
02-28 18:04:49.299  2283  2283 I MSM-irqbalance: Decided to move IRQ18 from CPU1 [P:0] to CPU6 [P:1] (banned)
02-28 18:04:52.518  2154  2154 I cnss-daemon: RTM_NEWNEIGH message received: 28
02-28 18:04:52.518  2154  2154 E cnss-daemon: Stale or unreachable neighbors, ndm state: 4
02-28 18:04:54.163  3672  3795 I QCNEJ   : |CORE| CNE received action RSSI/Link Changed events: android.net.wifi.RSSI_CHANGED
02-28 18:04:54.163  3672  3795 D QCNEJ   : |CORE| Updating RSSI: -67
02-28 18:04:54.163  3672  3795 I QCNEJ   : |PB_MSG| sendWifiStatus - subType: 101 networkState: 1 wifiState: 3 rssi=-67 freqBand = _5GHz ssid=GoogleGuest bssid=40:e3:d6:f6:0d:91 ipV4Addr=100.70.155.52 ifNameV4=wlan0 ipAddrV6=2620:15c:20:fd00:55a1:18cc:ec8a:f4e3 ifNameV6=wlan0 timeStamp:2018-02-28 18:04:54.163 net handle=657146432222 isAndroidValidated = true DNS addrs= 2001:4860:4860::8888, 2001:4860:4860::8844, 8.8.8.8, 8.8.4.4, 
02-28 18:04:54.298  2283  2283 I MSM-irqbalance: Decided to move IRQ18 from CPU3 [P:0] to CPU7 [P:1] (banned)
02-28 18:04:54.298  2283  2283 I MSM-irqbalance: Decided to move IRQ18 from CPU2 [P:0] to CPU4 [P:1] (banned)
02-28 18:04:54.299  2283  2283 I MSM-irqbalance: Decided to move IRQ18 from CPU0 [P:0] to CPU5 [P:1] (banned)
02-28 18:04:54.299  2283  2283 I MSM-irqbalance: Decided to move IRQ18 from CPU1 [P:0] to CPU6 [P:1] (banned)
02-28 18:04:59.298  2283  2283 I MSM-irqbalance: Decided to move IRQ18 from CPU3 [P:0] to CPU7 [P:1] (banned)
02-28 18:04:59.299  2283  2283 I MSM-irqbalance: Decided to move IRQ18 from CPU2 [P:0] to CPU4 [P:1] (banned)
02-28 18:04:59.299  2283  2283 I MSM-irqbalance: Decided to move IRQ18 from CPU0 [P:0] to CPU5 [P:1] (banned)
02-28 18:04:59.299  2283  2283 I MSM-irqbalance: Decided to move IRQ18 from CPU1 [P:0] to CPU6 [P:1] (banned)
02-28 18:05:00.001  3226  3226 D KeyguardUpdateMonitor: received broadcast android.intent.action.TIME_TICK
02-28 18:05:00.002  3226  3226 D KeyguardUpdateMonitor: handleTimeUpdate
02-28 18:05:00.204  3672  3795 I QCNEJ   : |CORE| CNE received action RSSI/Link Changed events: android.net.wifi.RSSI_CHANGED
02-28 18:05:00.205  3672  3795 D QCNEJ   : |CORE| Updating RSSI: -66
02-28 18:05:00.205  3672  3795 I QCNEJ   : |PB_MSG| sendWifiStatus - subType: 101 networkState: 1 wifiState: 3 rssi=-66 freqBand = _5GHz ssid=GoogleGuest bssid=40:e3:d6:f6:0d:91 ipV4Addr=100.70.155.52 ifNameV4=wlan0 ipAddrV6=2620:15c:20:fd00:55a1:18cc:ec8a:f4e3 ifNameV6=wlan0 timeStamp:2018-02-28 18:05:00.205 net handle=657146432222 isAndroidValidated = true DNS addrs= 2001:4860:4860::8888, 2001:4860:4860::8844, 8.8.8.8, 8.8.4.4, 
02-28 18:05:00.758  2154  2154 I cnss-daemon: RTM_NEWNEIGH message received: 28
02-28 18:05:00.759  2154  2154 E cnss-daemon: Stale or unreachable neighbors, ndm state: 4
02-28 18:05:04.298  2283  2283 I MSM-irqbalance: Decided to move IRQ18 from CPU3 [P:0] to CPU7 [P:1] (banned)
02-28 18:05:04.299  2283  2283 I MSM-irqbalance: Decided to move IRQ18 from CPU2 [P:0] to CPU4 [P:1] (banned)
02-28 18:05:04.299  2283  2283 I MSM-irqbalance: Decided to move IRQ18 from CPU0 [P:0] to CPU5 [P:1] (banned)
02-28 18:05:04.299  2283  2283 I MSM-irqbalance: Decided to move IRQ18 from CPU1 [P:0] to CPU6 [P:1] (banned)
02-28 18:05:08.167  2728  3179 D ActivityManager: mMemLeft = 507
02-28 18:05:09.298  2283  2283 I MSM-irqbalance: Decided to move IRQ18 from CPU3 [P:0] to CPU7 [P:1] (banned)
02-28 18:05:09.299  2283  2283 I MSM-irqbalance: Decided to move IRQ18 from CPU2 [P:0] to CPU4 [P:1] (banned)
02-28 18:05:09.299  2283  2283 I MSM-irqbalance: Decided to move IRQ18 from CPU0 [P:0] to CPU5 [P:1] (banned)
02-28 18:05:09.299  2283  2283 I MSM-irqbalance: Decided to move IRQ18 from CPU1 [P:0] to CPU6 [P:1] (banned)
02-28 18:05:14.298  2283  2283 I MSM-irqbalance: Decided to move IRQ18 from CPU3 [P:0] to CPU7 [P:1] (banned)
02-28 18:05:14.298  2283  2283 I MSM-irqbalance: Decided to move IRQ18 from CPU2 [P:0] to CPU4 [P:1] (banned)
02-28 18:05:14.298  2283  2283 I MSM-irqbalance: Decided to move IRQ18 from CPU0 [P:0] to CPU5 [P:1] (banned)
02-28 18:05:14.299  2283  2283 I MSM-irqbalance: Decided to move IRQ18 from CPU1 [P:0] to CPU6 [P:1] (banned)
02-28 18:05:14.843  2728  3124 D BatteryService: uevent={POWER_SUPPLY_TEMP=277, POWER_SUPPLY_PRESENT=1, POWER_SUPPLY_STATUS=Charging, POWER_SUPPLY_CAPACITY=73, ACTION=change, DEVPATH=/devices/soc/qpnp-smbcharger-17/power_supply/battery, SUBSYSTEM=power_supply, POWER_SUPPLY_VOLTAGE_NOW=4115423, SEQNUM=5071381, POWER_SUPPLY_NAME=battery, POWER_SUPPLY_CURRENT_NOW=-290830, POWER_SUPPLY_CHARGE_COUNTER=2333472, POWER_SUPPLY_CHARGE_RATE=Normal, POWER_SUPPLY_HEALTH=Good}
02-28 18:05:14.844  2728 32296 D BatteryService: mLastPlugType/mPlugType:2/2
02-28 18:05:14.844  2728 32296 D BatteryService: set mLastPlugType to 2
02-28 18:05:14.845  3226  3226 D KeyguardUpdateMonitor: received broadcast android.intent.action.BATTERY_CHANGED
02-28 18:05:14.846  3180  3180 D VideoCall_LowBattery: BatteryIntent received: android.intent.action.BATTERY_CHANGED
02-28 18:05:14.846 31898 31976 D HeadsetStateMachine: Disconnected process message: 10, size: 0
02-28 18:05:14.846 31898 31976 D HeadsetStateMachine: Enter processIntentBatteryChanged()
02-28 18:05:14.846 31898 31976 D HeadsetStateMachine: Exit processIntentBatteryChanged()
02-28 18:05:14.846 31898 31976 D HeadsetStateMachine: Exit Disconnected processMessage() 
02-28 18:05:14.846  3672  3795 W QCNEJ   : |CORE| CNE received unexpected action: android.intent.action.BATTERY_CHANGED
02-28 18:05:14.847  3180  3180 E QtiImsExtUtils: getConfigForPhoneId subId is invalid
02-28 18:05:14.847  3180  3180 E QtiImsExtUtils: isCarrierConfigEnabled bundle is null
02-28 18:05:14.848  3180  3180 D VideoCall_LowBattery:  allowVideoCallsInLowBattery: false isCarrierOneSupported: false mIsLowbattery: false
02-28 18:05:14.848  3226  3226 D KeyguardUpdateMonitor: handleBatteryUpdate
02-28 18:05:15.534  2102  2115 I art     : Background partial concurrent mark sweep GC freed 72146(3MB) AllocSpace objects, 336(13MB) LOS objects, 27% free, 41MB/57MB, paused 1.044ms total 102.281ms
02-28 18:05:17.292  2154  2154 I cnss-daemon: RTM_NEWNEIGH message received: 28
02-28 18:05:17.292  2154  2154 E cnss-daemon: Stale or unreachable neighbors, ndm state: 16
02-28 18:05:17.308  2154  2154 I cnss-daemon: RTM_NEWNEIGH message received: 28
02-28 18:05:17.308  2154  2154 I cnss-daemon: NDA_DST received: fe80::3e61:402:9ac0:57c1 ul: 33022
02-28 18:05:17.308  2154  2154 I cnss-daemon: NDA_LLADDR received
02-28 18:05:19.298  2283  2283 I MSM-irqbalance: Decided to move IRQ18 from CPU3 [P:0] to CPU7 [P:1] (banned)
02-28 18:05:19.299  2283  2283 I MSM-irqbalance: Decided to move IRQ18 from CPU2 [P:0] to CPU5 [P:1] (banned)
02-28 18:05:19.299  2283  2283 I MSM-irqbalance: Decided to move IRQ18 from CPU0 [P:0] to CPU4 [P:1] (banned)
02-28 18:05:19.299  2283  2283 I MSM-irqbalance: Decided to move IRQ18 from CPU1 [P:0] to CPU6 [P:1] (banned)
02-28 18:05:24.298  2283  2283 I MSM-irqbalance: Decided to move IRQ18 from CPU3 [P:0] to CPU7 [P:1] (banned)
02-28 18:05:24.299  2283  2283 I MSM-irqbalance: Decided to move IRQ18 from CPU2 [P:0] to CPU5 [P:1] (banned)
02-28 18:05:24.299  2283  2283 I MSM-irqbalance: Decided to move IRQ18 from CPU0 [P:0] to CPU4 [P:1] (banned)
02-28 18:05:24.299  2283  2283 I MSM-irqbalance: Decided to move IRQ18 from CPU1 [P:0] to CPU6 [P:1] (banned)
02-28 18:05:25.501  2728 23568 D BatteryService: mLastPlugType/mPlugType:2/2
02-28 18:05:25.501  2728 23568 D BatteryService: set mLastPlugType to 2
02-28 18:05:25.501  2728  2803 I chatty  : uid=1000(system) batterystats-sy expire 2 lines
02-28 18:05:25.508  2728  2803 E BatteryStatsService: no controller energy info supplied
02-28 18:05:25.534  3226  3226 D KeyguardUpdateMonitor: received broadcast android.intent.action.BATTERY_CHANGED
02-28 18:05:25.534  3672  3795 W QCNEJ   : |CORE| CNE received unexpected action: android.intent.action.BATTERY_CHANGED
02-28 18:05:25.534  3180  3180 D VideoCall_LowBattery: BatteryIntent received: android.intent.action.BATTERY_CHANGED
02-28 18:05:25.537  3180  3180 E QtiImsExtUtils: getConfigForPhoneId subId is invalid
02-28 18:05:25.537  3180  3180 E QtiImsExtUtils: isCarrierConfigEnabled bundle is null
02-28 18:05:25.537  3180  3180 D VideoCall_LowBattery:  allowVideoCallsInLowBattery: false isCarrierOneSupported: false mIsLowbattery: false
02-28 18:05:25.538  3226  3226 D KeyguardUpdateMonitor: handleBatteryUpdate
02-28 18:05:25.542 31898 31976 D HeadsetStateMachine: Disconnected process message: 10, size: 0
02-28 18:05:25.542 31898 31976 D HeadsetStateMachine: Enter processIntentBatteryChanged()
02-28 18:05:25.542 31898 31976 D HeadsetStateMachine: Exit processIntentBatteryChanged()
02-28 18:05:25.542 31898 31976 D HeadsetStateMachine: Exit Disconnected processMessage() 
02-28 18:05:25.672   582   637 I SFPerfTracer:      triggers: (rate: 1:65) (0 sw vsyncs) (0 skipped) (2:434255 vsyncs) (4:650217)
02-28 18:05:29.298  2283  2283 I MSM-irqbalance: Decided to move IRQ18 from CPU3 [P:0] to CPU5 [P:1] (banned)
02-28 18:05:29.298  2283  2283 I MSM-irqbalance: Decided to move IRQ18 from CPU2 [P:0] to CPU7 [P:1] (banned)
02-28 18:05:29.299  2283  2283 I MSM-irqbalance: Decided to move IRQ18 from CPU0 [P:0] to CPU4 [P:1] (banned)
02-28 18:05:29.299  2283  2283 I MSM-irqbalance: Decided to move IRQ18 from CPU1 [P:0] to CPU6 [P:1] (banned)
02-28 18:05:34.298  2283  2283 I MSM-irqbalance: Decided to move IRQ18 from CPU3 [P:0] to CPU5 [P:1] (banned)
02-28 18:05:34.299  2283  2283 I MSM-irqbalance: Decided to move IRQ18 from CPU2 [P:0] to CPU7 [P:1] (banned)
02-28 18:05:34.299  2283  2283 I MSM-irqbalance: Decided to move IRQ18 from CPU0 [P:0] to CPU4 [P:1] (banned)
02-28 18:05:34.299  2283  2283 I MSM-irqbalance: Decided to move IRQ18 from CPU1 [P:0] to CPU6 [P:1] (banned)
02-28 18:05:36.492  2154  2154 I cnss-daemon: RTM_NEWNEIGH message received: 28
02-28 18:05:36.492  2154  2154 E cnss-daemon: Stale or unreachable neighbors, ndm state: 4
02-28 18:05:39.197  2154  2154 I cnss-daemon: RTM_NEWROUTE Indication
02-28 18:05:39.197  2154  2154 I cnss-daemon: ip type is ipv6
02-28 18:05:39.198  2154  2154 E cnss-daemon: gateway ipv6 address: fe80::200:5eff:fe00:265
02-28 18:05:39.198  2154  2154 E cnss-daemon: gateway mac address: %02x:%02x:%02x:%02x:%02x:%02x
02-28 18:05:39.198  2154  2154 E cnss-daemon: : 00:00:00:00:00:00
02-28 18:05:39.198  2154  2154 E cnss-daemon: Invalid mac address: 0x7f55ee6cM
02-28 18:05:39.198  2154  2154 I cnss-daemon: RTM_NEWROUTE Indication
02-28 18:05:39.198  2154  2154 I cnss-daemon: ip type is ipv6
02-28 18:05:39.246  2154  2154 I cnss-daemon: RTM_NEWROUTE Indication
02-28 18:05:39.246  2154  2154 I cnss-daemon: ip type is ipv6
02-28 18:05:39.298  2283  2283 I MSM-irqbalance: Decided to move IRQ18 from CPU3 [P:0] to CPU5 [P:1] (banned)
02-28 18:05:39.298  2283  2283 I MSM-irqbalance: Decided to move IRQ18 from CPU2 [P:0] to CPU7 [P:1] (banned)
02-28 18:05:39.299  2283  2283 I MSM-irqbalance: Decided to move IRQ18 from CPU0 [P:0] to CPU4 [P:1] (banned)
02-28 18:05:39.299  2283  2283 I MSM-irqbalance: Decided to move IRQ18 from CPU1 [P:0] to CPU6 [P:1] (banned)
02-28 18:05:40.006  2154  2154 I cnss-daemon: RTM_NEWROUTE Indication
02-28 18:05:40.006  2154  2154 I cnss-daemon: ip type is ipv6
02-28 18:05:41.439  2154  2154 I cnss-daemon: RTM_NEWNEIGH message received: 28
02-28 18:05:41.439  2154  2154 E cnss-daemon: Stale or unreachable neighbors, ndm state: 16
02-28 18:05:41.453  2154  2154 I cnss-daemon: RTM_NEWNEIGH message received: 28
02-28 18:05:41.453  2154  2154 I cnss-daemon: NDA_DST received: fe80::200:5eff:fe00:265 ul: 33022
02-28 18:05:41.453  2154  2154 I cnss-daemon: NDA_LLADDR received
02-28 18:05:41.454  2154  2154 E cnss-daemon: gateway ipv6 address: fe80::200:5eff:fe00:265
02-28 18:05:41.454  2154  2154 E cnss-daemon: gateway mac address: %02x:%02x:%02x:%02x:%02x:%02x
02-28 18:05:41.454  2154  2154 E cnss-daemon: : 00:00:5e:00:02:65
02-28 18:05:41.455  2154  2154 E cnss-daemon: gw update message successfully sent
02-28 18:05:44.298  2283  2283 I MSM-irqbalance: Decided to move IRQ18 from CPU3 [P:0] to CPU5 [P:1] (banned)
02-28 18:05:44.298  2283  2283 I MSM-irqbalance: Decided to move IRQ18 from CPU2 [P:0] to CPU7 [P:1] (banned)
02-28 18:05:44.299  2283  2283 I MSM-irqbalance: Decided to move IRQ18 from CPU0 [P:0] to CPU4 [P:1] (banned)
02-28 18:05:44.299  2283  2283 I MSM-irqbalance: Decided to move IRQ18 from CPU1 [P:0] to CPU6 [P:1] (banned)
02-28 18:05:46.572  2154  2154 I cnss-daemon: RTM_NEWNEIGH message received: 28
02-28 18:05:46.572  2154  2154 E cnss-daemon: Stale or unreachable neighbors, ndm state: 16
02-28 18:05:46.587  2154  2154 I cnss-daemon: RTM_NEWNEIGH message received: 28
02-28 18:05:46.587  2154  2154 I cnss-daemon: NDA_DST received: 100.70.159.254 ul: 4271851108
02-28 18:05:46.587  2154  2154 I cnss-daemon: NDA_LLADDR received
02-28 18:05:49.298  2283  2283 I MSM-irqbalance: Decided to move IRQ18 from CPU3 [P:0] to CPU5 [P:1] (banned)
02-28 18:05:49.298  2283  2283 I MSM-irqbalance: Decided to move IRQ18 from CPU2 [P:0] to CPU7 [P:1] (banned)
02-28 18:05:49.299  2283  2283 I MSM-irqbalance: Decided to move IRQ18 from CPU0 [P:0] to CPU4 [P:1] (banned)
02-28 18:05:49.299  2283  2283 I MSM-irqbalance: Decided to move IRQ18 from CPU1 [P:0] to CPU6 [P:1] (banned)
02-28 18:05:49.312  2306  2651 W chromium: [WARNING:syncer_proto_util.cc(338)] Error posting from syncer: Response Code (bogus on error): -1 Content-Length (bogus on error): -1 Server Status: CONNECTION_UNAVAILABLE
02-28 18:05:49.312  2306  2651 E chromium: [ERROR:get_updates_processor.cc(244)] PostClientToServerMessage() failed during GetUpdates
02-28 18:05:49.561  2306  2651 W chromium: [WARNING:syncer_proto_util.cc(338)] Error posting from syncer: Response Code (bogus on error): -1 Content-Length (bogus on error): -1 Server Status: CONNECTION_UNAVAILABLE
02-28 18:05:49.561  2306  2651 E chromium: [ERROR:get_updates_processor.cc(244)] PostClientToServerMessage() failed during GetUpdates
02-28 18:05:54.298  2283  2283 I MSM-irqbalance: Decided to move IRQ18 from CPU3 [P:0] to CPU5 [P:1] (banned)
02-28 18:05:54.299  2283  2283 I MSM-irqbalance: Decided to move IRQ18 from CPU2 [P:0] to CPU7 [P:1] (banned)
02-28 18:05:54.299  2283  2283 I MSM-irqbalance: Decided to move IRQ18 from CPU0 [P:0] to CPU4 [P:1] (banned)
02-28 18:05:54.299  2283  2283 I MSM-irqbalance: Decided to move IRQ18 from CPU1 [P:0] to CPU6 [P:1] (banned)
02-28 18:05:54.892  2154  2154 I cnss-daemon: RTM_NEWNEIGH message received: 28
02-28 18:05:54.892  2154  2154 E cnss-daemon: Stale or unreachable neighbors, ndm state: 4
02-28 18:05:59.298  2283  2283 I MSM-irqbalance: Decided to move IRQ18 from CPU3 [P:0] to CPU5 [P:1] (banned)
02-28 18:05:59.299  2283  2283 I MSM-irqbalance: Decided to move IRQ18 from CPU2 [P:0] to CPU7 [P:1] (banned)
02-28 18:05:59.299  2283  2283 I MSM-irqbalance: Decided to move IRQ18 from CPU0 [P:0] to CPU4 [P:1] (banned)
02-28 18:05:59.299  2283  2283 I MSM-irqbalance: Decided to move IRQ18 from CPU1 [P:0] to CPU6 [P:1] (banned)
02-28 18:06:00.001  3226  3226 D KeyguardUpdateMonitor: received broadcast android.intent.action.TIME_TICK
02-28 18:06:00.001  3226  3226 D KeyguardUpdateMonitor: handleTimeUpdate
02-28 18:06:00.599  2154  2154 I cnss-daemon: RTM_NEWNEIGH message received: 28
02-28 18:06:00.599  2154  2154 E cnss-daemon: Stale or unreachable neighbors, ndm state: 4
02-28 18:06:04.298  2283  2283 I MSM-irqbalance: Decided to move IRQ18 from CPU2 [P:0] to CPU7 [P:1] (banned)
02-28 18:06:04.298  2283  2283 I MSM-irqbalance: Decided to move IRQ18 from CPU3 [P:0] to CPU5 [P:1] (banned)
02-28 18:06:04.299  2283  2283 I MSM-irqbalance: Decided to move IRQ18 from CPU0 [P:0] to CPU4 [P:1] (banned)
02-28 18:06:04.299  2283  2283 I MSM-irqbalance: Decided to move IRQ18 from CPU1 [P:0] to CPU6 [P:1] (banned)
02-28 18:06:08.242  2728  3179 D ActivityManager: mMemLeft = 509
02-28 18:06:09.298  2283  2283 I MSM-irqbalance: Decided to move IRQ18 from CPU2 [P:0] to CPU7 [P:1] (banned)
02-28 18:06:09.298  2283  2283 I MSM-irqbalance: Decided to move IRQ18 from CPU3 [P:0] to CPU5 [P:1] (banned)
02-28 18:06:09.299  2283  2283 I MSM-irqbalance: Decided to move IRQ18 from CPU0 [P:0] to CPU4 [P:1] (banned)
02-28 18:06:09.299  2283  2283 I MSM-irqbalance: Decided to move IRQ18 from CPU1 [P:0] to CPU6 [P:1] (banned)
02-28 18:06:14.298  2283  2283 I MSM-irqbalance: Decided to move IRQ18 from CPU2 [P:0] to CPU7 [P:1] (banned)
02-28 18:06:14.298  2283  2283 I MSM-irqbalance: Decided to move IRQ18 from CPU3 [P:0] to CPU5 [P:1] (banned)
02-28 18:06:14.299  2283  2283 I MSM-irqbalance: Decided to move IRQ18 from CPU0 [P:0] to CPU4 [P:1] (banned)
02-28 18:06:14.299  2283  2283 I MSM-irqbalance: Decided to move IRQ18 from CPU1 [P:0] to CPU6 [P:1] (banned)
02-28 18:06:15.003  2728  3124 D BatteryService: uevent={POWER_SUPPLY_TEMP=280, POWER_SUPPLY_PRESENT=1, POWER_SUPPLY_STATUS=Charging, POWER_SUPPLY_CAPACITY=74, ACTION=change, DEVPATH=/devices/soc/qpnp-smbcharger-17/power_supply/battery, SUBSYSTEM=power_supply, POWER_SUPPLY_VOLTAGE_NOW=4117255, SEQNUM=5071385, POWER_SUPPLY_NAME=battery, POWER_SUPPLY_CURRENT_NOW=-286710, POWER_SUPPLY_CHARGE_COUNTER=2338452, POWER_SUPPLY_CHARGE_RATE=Normal, POWER_SUPPLY_HEALTH=Good}
02-28 18:06:15.004  2728  3267 D BatteryService: mLastPlugType/mPlugType:2/2
02-28 18:06:15.004  2728  3267 D BatteryService: set mLastPlugType to 2
02-28 18:06:15.006  3226  3226 D KeyguardUpdateMonitor: received broadcast android.intent.action.BATTERY_CHANGED
02-28 18:06:15.007 31898 31976 D HeadsetStateMachine: Disconnected process message: 10, size: 0
02-28 18:06:15.007 31898 31976 D HeadsetStateMachine: Enter processIntentBatteryChanged()
02-28 18:06:15.007 31898 31976 D HeadsetStateMachine: Exit processIntentBatteryChanged()
02-28 18:06:15.007 31898 31976 D HeadsetStateMachine: Exit Disconnected processMessage() 
02-28 18:06:15.007  3672  3795 W QCNEJ   : |CORE| CNE received unexpected action: android.intent.action.BATTERY_CHANGED
02-28 18:06:15.008  3180  3180 D VideoCall_LowBattery: BatteryIntent received: android.intent.action.BATTERY_CHANGED
02-28 18:06:15.009  3180  3180 E QtiImsExtUtils: getConfigForPhoneId subId is invalid
02-28 18:06:15.009  3180  3180 E QtiImsExtUtils: isCarrierConfigEnabled bundle is null
02-28 18:06:15.009  3180  3180 D VideoCall_LowBattery:  allowVideoCallsInLowBattery: false isCarrierOneSupported: false mIsLowbattery: false
02-28 18:06:15.010  3226  3226 D KeyguardUpdateMonitor: handleBatteryUpdate
02-28 18:06:15.241  3643  4977 V ConnectivityManager: isActiveNetworkMetered() returns:false
02-28 18:06:15.268  2728 14300 D WifiService: acquireWifiLockLocked: WifiLock{NlpWifiLock type=2 uid=10033}
02-28 18:06:15.272  2728  3699 D WifiService: acquireWifiLockLocked: WifiLock{NlpWifiLock type=2 uid=10033}
02-28 18:06:15.316  3643  4977 V ConnectivityManager: isActiveNetworkMetered() returns:false
02-28 18:06:15.365  3643  4977 V ConnectivityManager: isActiveNetworkMetered() returns:false
02-28 18:06:15.782  2728  3730 I chatty  : uid=1000(system) Binder:2728_9 expire 1 line
02-28 18:06:18.100  2728  3730 D WifiService: releaseWifiLockLocked: WifiLock{NlpWifiLock type=2 uid=10033}
02-28 18:06:18.101  2728  3749 D WifiService: releaseWifiLockLocked: WifiLock{NlpWifiLock type=2 uid=10033}
02-28 18:06:19.298  2283  2283 I MSM-irqbalance: Decided to move IRQ18 from CPU2 [P:0] to CPU7 [P:1] (banned)
02-28 18:06:19.298  2283  2283 I MSM-irqbalance: Decided to move IRQ18 from CPU0 [P:0] to CPU5 [P:1] (banned)
02-28 18:06:19.299  2283  2283 I MSM-irqbalance: Decided to move IRQ18 from CPU3 [P:0] to CPU4 [P:1] (banned)
02-28 18:06:19.299  2283  2283 I MSM-irqbalance: Decided to move IRQ18 from CPU1 [P:0] to CPU6 [P:1] (banned)
02-28 18:06:20.345  2154  2154 I cnss-daemon: RTM_NEWNEIGH message received: 28
02-28 18:06:20.345  2154  2154 I cnss-daemon: NDA_DST received: fe80::200:5eff:fe00:265 ul: 33022
02-28 18:06:20.345  2154  2154 I cnss-daemon: NDA_LLADDR received
02-28 18:06:24.298  2283  2283 I MSM-irqbalance: Decided to move IRQ18 from CPU0 [P:0] to CPU7 [P:1] (banned)
02-28 18:06:24.298  2283  2283 I MSM-irqbalance: Decided to move IRQ18 from CPU2 [P:0] to CPU5 [P:1] (banned)
02-28 18:06:24.299  2283  2283 I MSM-irqbalance: Decided to move IRQ18 from CPU3 [P:0] to CPU4 [P:1] (banned)
02-28 18:06:24.299  2283  2283 I MSM-irqbalance: Decided to move IRQ18 from CPU1 [P:0] to CPU6 [P:1] (banned)
02-28 18:06:29.298  2283  2283 I MSM-irqbalance: Decided to move IRQ18 from CPU0 [P:0] to CPU7 [P:1] (banned)
02-28 18:06:29.298  2283  2283 I MSM-irqbalance: Decided to move IRQ18 from CPU2 [P:0] to CPU5 [P:1] (banned)
02-28 18:06:29.299  2283  2283 I MSM-irqbalance: Decided to move IRQ18 from CPU3 [P:0] to CPU4 [P:1] (banned)
02-28 18:06:29.299  2283  2283 I MSM-irqbalance: Decided to move IRQ18 from CPU1 [P:0] to CPU6 [P:1] (banned)
02-28 18:06:33.719  2154  2154 I cnss-daemon: RTM_NEWNEIGH message received: 28
02-28 18:06:33.719  2154  2154 E cnss-daemon: Stale or unreachable neighbors, ndm state: 4
02-28 18:06:33.796  3672  3795 I QCNEJ   : |CORE| CNE received action RSSI/Link Changed events: android.net.wifi.RSSI_CHANGED
02-28 18:06:33.796  3672  3795 D QCNEJ   : |CORE| Updating RSSI: -68
02-28 18:06:33.796  3672  3795 I QCNEJ   : |PB_MSG| sendWifiStatus - subType: 101 networkState: 1 wifiState: 3 rssi=-68 freqBand = _5GHz ssid=GoogleGuest bssid=40:e3:d6:f6:0d:91 ipV4Addr=100.70.155.52 ifNameV4=wlan0 ipAddrV6=2620:15c:20:fd00:55a1:18cc:ec8a:f4e3 ifNameV6=wlan0 timeStamp:2018-02-28 18:06:33.796 net handle=657146432222 isAndroidValidated = true DNS addrs= 2001:4860:4860::8888, 2001:4860:4860::8844, 8.8.8.8, 8.8.4.4, 
02-28 18:06:34.298  2283  2283 I MSM-irqbalance: Decided to move IRQ18 from CPU2 [P:0] to CPU7 [P:1] (banned)
02-28 18:06:34.299  2283  2283 I MSM-irqbalance: Decided to move IRQ18 from CPU0 [P:0] to CPU5 [P:1] (banned)
02-28 18:06:34.299  2283  2283 I MSM-irqbalance: Decided to move IRQ18 from CPU3 [P:0] to CPU4 [P:1] (banned)
02-28 18:06:34.299  2283  2283 I MSM-irqbalance: Decided to move IRQ18 from CPU1 [P:0] to CPU6 [P:1] (banned)
02-28 18:06:39.298  2283  2283 I MSM-irqbalance: Decided to move IRQ18 from CPU2 [P:0] to CPU7 [P:1] (banned)
02-28 18:06:39.298  2283  2283 I MSM-irqbalance: Decided to move IRQ18 from CPU0 [P:0] to CPU5 [P:1] (banned)
02-28 18:06:39.299  2283  2283 I MSM-irqbalance: Decided to move IRQ18 from CPU3 [P:0] to CPU4 [P:1] (banned)
02-28 18:06:39.299  2283  2283 I MSM-irqbalance: Decided to move IRQ18 from CPU1 [P:0] to CPU6 [P:1] (banned)
02-28 18:06:44.298  2283  2283 I MSM-irqbalance: Decided to move IRQ18 from CPU2 [P:0] to CPU7 [P:1] (banned)
02-28 18:06:44.298  2283  2283 I MSM-irqbalance: Decided to move IRQ18 from CPU0 [P:0] to CPU4 [P:1] (banned)
02-28 18:06:44.299  2283  2283 I MSM-irqbalance: Decided to move IRQ18 from CPU3 [P:0] to CPU5 [P:1] (banned)
02-28 18:06:44.299  2283  2283 I MSM-irqbalance: Decided to move IRQ18 from CPU1 [P:0] to CPU6 [P:1] (banned)
02-28 18:06:46.519  2154  2154 I cnss-daemon: RTM_NEWNEIGH message received: 28
02-28 18:06:46.519  2154  2154 E cnss-daemon: Stale or unreachable neighbors, ndm state: 16
02-28 18:06:46.535  2154  2154 I cnss-daemon: RTM_NEWNEIGH message received: 28
02-28 18:06:46.536  2154  2154 I cnss-daemon: NDA_DST received: 100.70.159.254 ul: 4271851108
02-28 18:06:46.536  2154  2154 I cnss-daemon: NDA_LLADDR received
02-28 18:06:49.298  2283  2283 I MSM-irqbalance: Decided to move IRQ18 from CPU2 [P:0] to CPU7 [P:1] (banned)
02-28 18:06:49.298  2283  2283 I MSM-irqbalance: Decided to move IRQ18 from CPU0 [P:0] to CPU4 [P:1] (banned)
02-28 18:06:49.299  2283  2283 I MSM-irqbalance: Decided to move IRQ18 from CPU3 [P:0] to CPU5 [P:1] (banned)
02-28 18:06:49.299  2283  2283 I MSM-irqbalance: Decided to move IRQ18 from CPU1 [P:0] to CPU6 [P:1] (banned)
02-28 18:06:51.910  3672  3795 I QCNEJ   : |CORE| CNE received action RSSI/Link Changed events: android.net.wifi.RSSI_CHANGED
02-28 18:06:51.910  3672  3795 D QCNEJ   : |CORE| Updating RSSI: -66
02-28 18:06:51.910  3672  3795 I QCNEJ   : |PB_MSG| sendWifiStatus - subType: 101 networkState: 1 wifiState: 3 rssi=-66 freqBand = _5GHz ssid=GoogleGuest bssid=40:e3:d6:f6:0d:91 ipV4Addr=100.70.155.52 ifNameV4=wlan0 ipAddrV6=2620:15c:20:fd00:55a1:18cc:ec8a:f4e3 ifNameV6=wlan0 timeStamp:2018-02-28 18:06:51.91 net handle=657146432222 isAndroidValidated = true DNS addrs= 2001:4860:4860::8888, 2001:4860:4860::8844, 8.8.8.8, 8.8.4.4, 
02-28 18:06:54.145  2154  2154 I cnss-daemon: RTM_NEWNEIGH message received: 28
