02-19 11:39:15.380 13953 17389 I DeviceScanner: [MDNS] Received response from "Bazoom  TV" (d06909be874a6070328167867a2d019a) with result "0 No change"
02-19 11:39:15.381  7038  7046 E ReloadingLock: Finalizing LOCKED Token[shortcuts 2018-02-19 11:38:59.480]
02-19 11:39:15.394  3643  4977 V ConnectivityManager: isActiveNetworkMetered() returns:false
02-19 11:39:15.410  3643  4977 V ConnectivityManager: isActiveNetworkMetered() returns:false
02-19 11:39:15.425  3643  4977 V ConnectivityManager: isActiveNetworkMetered() returns:false
02-19 11:39:15.435  3643  4977 V ConnectivityManager: isActiveNetworkMetered() returns:false
02-19 11:39:15.667  3643  4977 V ConnectivityManager: isActiveNetworkMetered() returns:false
02-19 11:39:16.195 13953 17389 I DeviceScanner: [MDNS] Received response from "Bazoom  TV" (d06909be874a6070328167867a2d019a) with result "0 No change"
02-19 11:39:16.198 13953 17389 I DeviceScanner: [MDNS] Received response from "Bazoom  TV" (d06909be874a6070328167867a2d019a) with result "0 No change"
02-19 11:39:16.834  2136  2245 I ThermalEngine: Thermal-Server: Thermal received msg from  override
02-19 11:39:16.834  2127 21964 I Thermal-Lib: Thermal-Lib-Client: Client request sent
02-19 11:39:17.174   582   582 I DisplayDevice: Built-in Screen: layer: Single
02-19 11:39:17.175   582   582 D DisplayPanel: iPanelNotifySfSingleLayer: state=1
02-19 11:39:17.220 13953 14369 I DeviceScanner: [MDNS] Received response from "Bazoom  TV" (d06909be874a6070328167867a2d019a) with result "0 No change"
02-19 11:39:17.229 13953 14369 I DeviceScanner: [MDNS] Received response from "Bazoom  TV" (d06909be874a6070328167867a2d019a) with result "0 No change"
02-19 11:39:17.393   582   582 I SFPerfTracer:      triggers: (rate: 629:50465) (compose: 0:40) (post: 0:1011) (render: 0:86) (13:252537 frames) (14:314322)
02-19 11:39:17.393   582   582 D SFPerfTracer:        layers: (1:13) (StatusBar (0xb3148400): 0:77782)* (Sprite (0xb3145c00): 0:81)* (DimLayerController/Stack=0 (0xb3179400): 0:2055)* (animation background stackId=1 (0xb3147000): 0:184)* (com.android.systemui.ImageWallpaper (0xb317bc00): 0:15856)* (com.android.launcher3/com.android.launcher3.GoogleNowPanel (0xb314ac00): 0:16)- (com.android.launcher3/com.android.launcher3.GoogleNowPanel (0xb3178000): 0:25)- (Starting io.appium.settings (0xb3149800): 0:12)- (io.appium.settings/io.appium.settings.Settings (0xb3178000): 0:14)- (com.android.launcher3/com.android.launcher3.GoogleNowPanel (0xb3149800): 0:42)- (com.android.launcher3/com.android.launcher3.GoogleNowPanel (0xb3178000): 0:32)- (Starting us.moviemates (0xb314ac00): 0:22)- (us.moviemates/us.moviemates.Activities.MainActivity (0xb317a800): 14:24) 
02-19 11:39:18.933 21684 21966 I appium  : channel read invoked!
02-19 11:39:18.933 21684 21966 I appium  : channel read: DELETE /wd/hub/session/7d308721-0b35-4fbb-af95-ad63e094fb3b
02-19 11:39:18.935 21684 21966 I appium  : Delete session command
02-19 11:39:18.938  2728  3730 W AppOps  : Bad call: specified package io.appium.uiautomator2.server.test under uid 10627 but it is really 10628
02-19 11:39:18.938  2728  3730 W AppOps  : java.lang.RuntimeException: here
02-19 11:39:18.938  2728  3730 W AppOps  : 	at com.android.server.AppOpsService.getOpsRawLocked(AppOpsService.java:1257)
02-19 11:39:18.938  2728  3730 W AppOps  : 	at com.android.server.AppOpsService.getOpLocked(AppOpsService.java:1289)
02-19 11:39:18.938  2728  3730 W AppOps  : 	at com.android.server.AppOpsService.finishOperation(AppOpsService.java:1136)
02-19 11:39:18.938  2728  3730 W AppOps  : 	at com.android.server.power.Notifier.onWakeLockReleased(Notifier.java:291)
02-19 11:39:18.938  2728  3730 W AppOps  : 	at com.android.server.power.PowerManagerService.notifyWakeLockReleasedLocked(PowerManagerService.java:1114)
02-19 11:39:18.938  2728  3730 W AppOps  : 	at com.android.server.power.PowerManagerService.removeWakeLockLocked(PowerManagerService.java:1026)
02-19 11:39:18.938  2728  3730 W AppOps  : 	at com.android.server.power.PowerManagerService.releaseWakeLockInternal(PowerManagerService.java:1003)
02-19 11:39:18.938  2728  3730 W AppOps  : 	at com.android.server.power.PowerManagerService.-wrap22(PowerManagerService.java)
02-19 11:39:18.938  2728  3730 W AppOps  : 	at com.android.server.power.PowerManagerService$BinderService.releaseWakeLock(PowerManagerService.java:3485)
02-19 11:39:18.938  2728  3730 W AppOps  : 	at android.os.IPowerManager$Stub.onTransact(IPowerManager.java:94)
02-19 11:39:18.938  2728  3730 W AppOps  : 	at android.os.Binder.execTransact(Binder.java:565)
02-19 11:39:18.940 21684 21966 I appium  : Stopping uiautomator2 io.appium.uiautomator2.http io.appium.uiautomator2.server
02-19 11:39:18.941 21684 21966 I appium  : AppiumResponse: {"sessionId":"7d308721-0b35-4fbb-af95-ad63e094fb3b","status":0,"value":"Session deleted"}
02-19 11:39:19.155 21684 21699 I TestRunner: finished: startServer(io.appium.uiautomator2.server.test.AppiumUiAutomator2Server)
02-19 11:39:19.156 21684 21684 I MonitoringInstrumentation: Activities that are still in CREATED to STOPPED: 0
02-19 11:39:19.157 21684 21699 I TestRunner: run finished: 1 tests, 0 failed, 0 ignored
02-19 11:39:19.161 21684 21699 D NetworkSecurityConfig: No Network Security Config specified, using platform default
02-19 11:39:19.204  2154  2154 I cnss-daemon: RTM_NEWROUTE Indication
02-19 11:39:19.204  2154  2154 I cnss-daemon: ip type is ipv6
02-19 11:39:19.264 21684 21699 I MonitoringInstrumentation: waitForActivitiesToComplete() took: 0ms
02-19 11:39:19.264 21684 21684 I MonitoringInstrumentation: Activities that are still in CREATED to STOPPED: 0
02-19 11:39:19.266  2728  9525 W WindowManager: Attempted to remove non-existing token: android.os.Binder@8ed9a3d
02-19 11:39:19.277  2728  4924 I ActivityManager: Force stopping io.appium.uiautomator2.server appid=10627 user=0: finished inst
02-19 11:39:19.278  2728  4924 I ActivityManager: Killing 21684:io.appium.uiautomator2.server/u0a627 (adj 0): stop io.appium.uiautomator2.server
02-19 11:39:19.280  2728  4924 D ActivityManager: cleanUpApplicationRecord -- 21684
02-19 11:39:19.282 21674 21674 D AndroidRuntime: Shutting down VM
02-19 11:39:19.338  5464  5740 D Checkin : publish the event [tag = MOT_DEVICE_STATS_L1 event name = SettingLogs]
02-19 11:39:19.603 21981 21981 D AndroidRuntime: >>>>>> START com.android.internal.os.RuntimeInit uid 2000 <<<<<<
02-19 11:39:19.607 21981 21981 D AndroidRuntime: CheckJNI is OFF
02-19 11:39:19.679  2154  2154 I cnss-daemon: RTM_NEWROUTE Indication
02-19 11:39:19.679  2154  2154 I cnss-daemon: ip type is ipv6
02-19 11:39:19.684 21981 21981 W main    : type=1400 audit(0.0:866): avc: denied { read } for uid=2000 name="name" dev="sysfs" ino=22225 scontext=u:r:shell:s0 tcontext=u:object_r:sysfs:s0 tclass=file permissive=0
02-19 11:39:19.686 21981 21981 E libmdmdetect: Failed to open /sys/bus/msm_subsys/devices/subsys0/name: Permission denied
02-19 11:39:19.707 21981 21981 D ICU     : No timezone override file found: /data/misc/zoneinfo/current/icu/icu_tzdata.dat
02-19 11:39:19.735 21981 21981 I Radio-JNI: register_android_hardware_Radio DONE
02-19 11:39:19.749 21981 21981 D AndroidRuntime: Calling main entry com.android.commands.am.Am
02-19 11:39:19.752  2728  3268 I ActivityManager: Force stopping us.moviemates appid=10622 user=0: from pid 21981
02-19 11:39:19.752  2728  3268 I ActivityManager: Killing 21718:us.moviemates/u0a622 (adj 0): stop us.moviemates
02-19 11:39:19.753  2728  3268 D ActivityManager: cleanUpApplicationRecord -- 21718
02-19 11:39:19.755  2728  3268 W ActivityManager: Scheduling restart of crashed service us.moviemates/.Services.MessageServiceListener in 1000ms
02-19 11:39:19.755  2728  3268 W ActivityManager: Force removing ActivityRecord{e4fff60 u0 us.moviemates/.Activities.MainActivity t723}: app died, no saved state
02-19 11:39:19.758  2728  3268 I WindowManager: Destroying surface Surface(name=us.moviemates/us.moviemates.Activities.MainActivity) called by com.android.server.wm.WindowStateAnimator.destroySurface:2067 com.android.server.wm.WindowStateAnimator.destroySurfaceLocked:896 com.android.server.wm.WindowState.removeLocked:1457 com.android.server.wm.WindowManagerService.removeWindowInnerLocked:2546 com.android.server.wm.WindowManagerService.removeWindowLocked:2504 com.android.server.wm.WindowManagerService.removeWindowLocked:2373 com.android.server.wm.AppWindowToken.removeAllWindows:535 com.android.server.wm.AppWindowToken.removeAppFromTaskLocked:331 
02-19 11:39:19.767   582   635 I SFPerfTracer:      triggers: (rate: 0:15) (179528 sw vsyncs) (0 skipped) (12:426131 vsyncs) (14:724803)
02-19 11:39:19.768   582   582 I DisplayDevice: Built-in Screen: layer: Multi
02-19 11:39:19.768   582   582 D DisplayPanel: iPanelNotifySfSingleLayer: state=0
02-19 11:39:19.768  2728  3268 I ActivityManager: moveHomeStack, setupComplete:true
02-19 11:39:19.771  2728  3268 I ActivityManager:   Force stopping service ServiceRecord{6fea624 u0 us.moviemates/.Services.MessageServiceListener}
02-19 11:39:19.772 21981 21981 D AndroidRuntime: Shutting down VM
02-19 11:39:19.780  3180  3180 D CarrierSvcBindHelper: No carrier app for: 0
02-19 11:39:19.781  2728 29450 W ActivityManager: Permission Denial: Accessing service ComponentInfo{com.google.android.music/com.google.android.music.dial.DialMediaRouteProviderService} from pid=13953, uid=10033 that is not exported from uid 10114
02-19 11:39:19.784  2728  3268 D GraphicsStats: Buffer count: 6
02-19 11:39:19.784  2728  5078 D ConnectivityService: ConnectivityService NetworkRequestInfo binderDied(NetworkRequest [ id=375, legacyType=-1, [ Capabilities: INTERNET&NOT_RESTRICTED&TRUSTED] ], android.os.BinderProxy@83c4740)
02-19 11:39:19.785  2728  3147 E ConnectivityService: RemoteException caught trying to send a callback msg for NetworkRequest [ id=375, legacyType=-1, [ Capabilities: INTERNET&NOT_RESTRICTED&TRUSTED] ]
02-19 11:39:19.813  8620  8620 I GoogleInputMethod: onFinishInput() : Dummy InputConnection bound
02-19 11:39:19.814  8620  8620 I GoogleInputMethod: onStartInput() : Dummy InputConnection bound
02-19 11:39:19.856  2728  2728 E NotificationService: Suppressing notification from package by user request.
02-19 11:39:19.872  7038  7038 W SessionLifecycleManager: Handover failed. Creating new session controller.
02-19 11:39:19.897  7038  7038 I OptInState: There is a new client and it does not support opt-in. Dropping request.
02-19 11:39:19.909  7038 19364 V ConnectivityManager: isActiveNetworkMetered() returns:false
02-19 11:39:19.914  7038 19364 V ConnectivityManager: isActiveNetworkMetered() returns:false
02-19 11:39:19.917  7038 20521 W LocationOracle: No location history returned by ContextManager
02-19 11:39:19.944  7038  7038 I MicroDetectionWorker: #startMicroDetector [speakerMode: 0]
02-19 11:39:19.945  7038  7038 I AudioController: Created new AudioSource
02-19 11:39:19.948  3643 21005 W ctxmgr  : [AclManager]No 3 for (accnt=account#-517948760#, com.google.android.gms(10033):UserVelocityProducer, vrsn=11975438, 0, 3pPkg = null ,  3pMdlId = null ,  pid = 3643). Was: 3 for 1, account#-517948760#
02-19 11:39:19.952  2728  4924 D WifiService: acquireWifiLockLocked: WifiLock{NlpWifiLock type=2 uid=10033}
02-19 11:39:19.954  2728  3145 E WifiHAL : fetchLowiCbTableAndCapabilities: NULL lowi_handle, err: dlopen failed: library "/vendor/lib/liblowi_wifihal.so" not found
02-19 11:39:19.954  2728  3145 E WifiHAL : getLowiCallbackTable: LOWI is not supported.
02-19 11:39:19.960  2728  3145 E WifiHAL : fetchLowiCbTableAndCapabilities: NULL lowi_handle, err: dlopen failed: library "/vendor/lib/liblowi_wifihal.so" not found
02-19 11:39:19.960  2728  3145 E WifiHAL : getLowiCallbackTable: LOWI is not supported.
02-19 11:39:19.961  7038  7038 I BgTaskExecutorImpl: Starting EXCLUSIVE background task update_searchnow_bootstrap_data.
02-19 11:39:19.961  2728  3145 E WifiHAL : fetchLowiCbTableAndCapabilities: NULL lowi_handle, err: dlopen failed: library "/vendor/lib/liblowi_wifihal.so" not found
02-19 11:39:19.961  2728  3145 E WifiHAL : getLowiCallbackTable: LOWI is not supported.
02-19 11:39:19.964  7038  7038 I MicroDetectionWorker: onReady
02-19 11:39:19.968  7038  7038 W NowEndstateTracker: Trying to delete an endstate 1504374128180686868 that does not exist
02-19 11:39:19.978  7038 16574 I MicroRecognitionRunner: Starting detection.
02-19 11:39:19.979  7038 20395 I MicrophoneInputStream: mic_starting  SR : 16000 CC : 16 SO : 1999
02-19 11:39:19.980  2143 21997 I AudioFlinger: AudioFlinger's thread 0xaf683a80 ready to run
02-19 11:39:19.986  2143 21997 D audio_hw_primary: in_set_parameters: enter: kvpairs=input_source=6;routing=-2147483644
02-19 11:39:19.987  2143  2504 D APM_AudioPolicyManager: AudioPolicyManager::startInput() input source = 1999
02-19 11:39:19.987  7038 20395 I MicrophoneInputStream: mic_started  SR : 16000 CC : 16 SO : 1999
02-19 11:39:19.989  7038 21026 I UpdateSNBDTask: Updating bootstrap data
02-19 11:39:19.997  2143 21997 V msm8974_platform: platform_update_usecase_from_source: input source :6
02-19 11:39:19.997  2143 21997 V msm8974_platform: platform_get_input_snd_device: enter: out_device(0) in_device(0x4) channel_count (1) channel_mask (0x10)
02-19 11:39:19.997  2143 21997 V msm8974_platform: platform_get_input_snd_device: exit: in_snd_device(voice-rec-mic)
02-19 11:39:19.997  2143 21997 E audio_route: unable to find path 'set-capture-format-default'
02-19 11:39:19.997  2143 21997 V msm8974_platform: platform_send_audio_calibration: sending audio calibration for snd_device(107) acdb_id(62)
02-19 11:39:19.997  2143 21997 D ACDB-LOADER: ACDB -> send_audio_cal, acdb_id = 62, path = 1, app id = 0x11130, sample rate = 48000
02-19 11:39:19.997  2143 21997 D ACDB-LOADER: ACDB -> send_asm_topology
02-19 11:39:19.997  2143 21997 D ACDB-LOADER: ACDB -> ACDB_CMD_GET_AUDPROC_STREAM_TOPOLOGY_ID
02-19 11:39:19.997  2143 21997 D ACDB-LOADER: ACDB -> send_adm_topology
02-19 11:39:19.997  2143 21997 D ACDB-LOADER: ACDB -> ACDB_CMD_GET_AUDPROC_COMMON_TOPOLOGY_ID
02-19 11:39:19.998  2143 21997 D ACDB-LOADER: ACDB -> send_audtable
02-19 11:39:19.998  2143 21997 D ACDB-LOADER: ACDB -> ACDB_CMD_GET_AUDPROC_COMMON_TABLE_SIZE
02-19 11:39:19.998  2143 21997 D         : ACDBFILE_MGR:Read the devices count as zero, please check the acdb file
02-19 11:39:19.998  2143 21997 D         : Failed to fetch the lookup information of the device 0000003E 
02-19 11:39:19.998  2143 21997 E ACDB-LOADER: Error: ACDB_CMD_GET_AUDPROC_COMMON_TABLE_SIZE Returned = -19
02-19 11:39:19.998  2143 21997 D ACDB-LOADER: ACDB -> ACDB_CMD_GET_AUDPROC_COMMON_TABLE
02-19 11:39:19.998  2143 21997 D         : ACDBFILE_MGR:Read the devices count as zero, please check the acdb file
02-19 11:39:19.998  2143 21997 D         : Failed to fetch the lookup information of the device 0000003E 
02-19 11:39:19.998  2143 21997 D ACDB-LOADER: ACDB -> AUDIO_SET_AUDPROC_CAL
02-19 11:39:19.998  2143 21997 D ACDB-LOADER: ACDB -> send_audvoltable
02-19 11:39:19.998  2143 21997 D ACDB-LOADER: ACDB -> ACDB_CMD_GET_AUDPROC_GAIN_DEP_STEP_TABLE, vol index 0
02-19 11:39:19.998  2143 21997 D         : ACDBFILE_MGR:Read the devices count as zero, please check the acdb file
02-19 11:39:19.998  2143 21997 D         : Failed to fetch the lookup information of the device 0000003E 
02-19 11:39:19.998  2143 21997 D ACDB-LOADER: ACDB -> AUDIO_SET_VOL_CAL cal type = 12
02-19 11:39:19.998  2143 21997 D ACDB-LOADER: ACDB -> send_audstrmtable
02-19 11:39:19.998  2143 21997 D ACDB-LOADER: ACDB -> ACDB_CMD_GET_AUDPROC_STREAM_TABLE_V2
02-19 11:39:19.998  2143 21997 D ACDB-LOADER: ACDB -> audstrm_cal->cal_type.cal_data.cal_size = 456
02-19 11:39:19.998  2143 21997 D ACDB-LOADER: ACDB -> send_afe_topology
02-19 11:39:19.998  2143 21997 D ACDB-LOADER: ACDB -> ACDB_CMD_GET_AFE_TOPOLOGY_ID
02-19 11:39:19.998  2143 21997 D ACDB-LOADER: ACDB -> GET_AFE_TOPOLOGY_ID for adcd_id 62, Topology Id 112fb
02-19 11:39:19.998  2143 21997 D ACDB-LOADER: ACDB -> send_afe_cal
02-19 11:39:19.998  2143 21997 D ACDB-LOADER: ACDB -> ACDB_CMD_GET_AFE_COMMON_TABLE
02-19 11:39:19.998  2143 21997 D         : ACDBFILE_MGR:Read the devices count as zero, please check the acdb file
02-19 11:39:19.998  2143 21997 D         : Failed to fetch the lookup information of the device 0000003E 
02-19 11:39:19.998  2143 21997 D ACDB-LOADER: ACDB -> AUDIO_SET_AFE_CAL
02-19 11:39:19.998  2143 21997 D ACDB-LOADER: ACDB -> send_hw_delay : acdb_id = 62 path = 1
02-19 11:39:19.998  2143 21997 D ACDB-LOADER: ACDB -> ACDB_AVSYNC_INFO: ACDB_CMD_GET_DEVICE_PROPERTY
02-19 11:39:19.998  2143 21997 D audio_hw_primary: enable_snd_device: snd_device(107: voice-rec-mic)
02-19 11:39:20.001  2143 21997 D audio_hw_primary: enable_audio_route: apply and update mixer path: audio-record
02-19 11:39:20.002  2143 21997 I audio_hw_utils: audio_extn_utils_send_app_type_cfg PLAYBACK app_type 69936, acdb_dev_id 62, sample_rate 48000
02-19 11:39:20.034  7038 19409 W TabTreeCopier: Card found with UNKNOWN_TAB, Entry Type 155
02-19 11:39:20.034  7038 19409 W TabTreeCopier: Card found with UNKNOWN_TAB, Entry Type 143
02-19 11:39:20.037  2728  3730 I MotoSensors: Sensorhub hal setDelay: 1 - 20
02-19 11:39:20.037  2728  3730 I MotoSensors: Sensorhub hal setdelay: 1 - 20
02-19 11:39:20.037  2728  3730 I MotoSensors: HubSensors::updateAccelRate 200
02-19 11:39:20.037  2728  3730 I MotoSensors: Sensorhub hal enable: 1 - 1
02-19 11:39:20.037  2728  3730 I MotoSensors: HubSensors::updateAccelRate 20
02-19 11:39:20.042  3643 30904 I PlaceInferenceEngine: [anon] Changed inference mode: 105
02-19 11:39:20.084  7038  7038 I MicroDetectionWorker: onReady
02-19 11:39:20.099  3643  3930 E ctxmgr  : [WorkInfo]Attribution was already enqueued pkg=com.google.android.gms, lbl=PlacesProducer_receive, start=unspec, stop=unspec.
02-19 11:39:20.106  3643 21005 E ctxmgr  : [WorkManager]Ongoing task not found: PlacesProducer_receive
02-19 11:39:20.117  3643 30904 I Places  : ?: PlacesBleScanner start() with priority 2
02-19 11:39:20.118  3643 30904 I PlaceInferenceEngine: [anon] Changed inference mode: 102
02-19 11:39:20.130  3643  3643 I BeaconBle: Client requested scan, settings=BleSettings [scanMode=ZERO_POWER, callbackType=ALL_MATCHES, reportDelayMillis=0, 1 filters, 0 clients, callingClientName=Places]
02-19 11:39:20.136  3643  3643 I BeaconBle: ZERO_POWER is disabled.
02-19 11:39:20.137  3643  3643 I BeaconBle: 'L' hardware scan: scan stopped, no powered clients
02-19 11:39:20.330  3776  3870 W OpenGLRenderer: Incorrectly called buildLayer on View: ShortcutAndWidgetContainer, destroying layer...
02-19 11:39:20.330  3776  3870 W OpenGLRenderer: Incorrectly called buildLayer on View: ShortcutAndWidgetContainer, destroying layer...
02-19 11:39:20.570  2728 29449 I MotoSensors: Sensorhub hal enable: 1 - 0
02-19 11:39:21.523  2283  2283 I chatty  : uid=9999(nobody) /system/bin/msm_irqbalance expire 16 lines
02-19 11:39:21.878  2728  3145 E WifiHAL : fetchLowiCbTableAndCapabilities: NULL lowi_handle, err: dlopen failed: library "/vendor/lib/liblowi_wifihal.so" not found
02-19 11:39:21.878  2728  3145 E WifiHAL : getLowiCallbackTable: LOWI is not supported.
02-19 11:39:21.879  2728  3145 E WifiHAL : fetchLowiCbTableAndCapabilities: NULL lowi_handle, err: dlopen failed: library "/vendor/lib/liblowi_wifihal.so" not found
02-19 11:39:21.879  2728  3145 E WifiHAL : getLowiCallbackTable: LOWI is not supported.
02-19 11:39:21.880  2728  3145 E WifiHAL : fetchLowiCbTableAndCapabilities: NULL lowi_handle, err: dlopen failed: library "/vendor/lib/liblowi_wifihal.so" not found
02-19 11:39:21.880  2728  3145 E WifiHAL : getLowiCallbackTable: LOWI is not supported.
02-19 11:39:21.892  2728  3835 V OSNPGlue_jni: Entering  : void onJavaLocationChanged(JNIEnv *, jobject, jboolean, jlong, jboolean, jlong, jboolean, jdouble, jboolean, jdouble, jboolean, jfloat, jboolean, jdouble, jboolean, jfloat, jboolean, jfloat, jboolean, jint)
02-19 11:39:21.892  2728  3839 E LocSvc_libulp: E/int ulp_brain_transition_all_providers(), no QUIPC/GNSS transition logic run due to both engines are OFF 
02-19 11:39:21.895  2728  3430 E QMI_FW  : QCCI qmi_cci_xport_recv: txn not found. svc_id: 16
02-19 11:39:21.895  2728  3414 E LocSvc_LBSApiV02: E/virtual int lbs_core::LBSApiV02::injectCoarsePosition(const CoarsePositionInfo &):352]: Error : st = 3, ind.status = 0
02-19 11:39:21.903  2728  5078 D WifiService: releaseWifiLockLocked: WifiLock{NlpWifiLock type=2 uid=10033}
02-19 11:39:21.908  3643 30904 I Places  : Converted 14 out of 14 WiFi scans
02-19 11:39:21.918  3643 21999 W ctxmgr  : [AclManager]No 2 for (accnt=account#665195901#, com.google.android.gms(10033):UserLocationProducer, vrsn=11975000, 0, 3pPkg = null ,  3pMdlId = null ,  pid = 3643). Was: 2 for 1, account#665195901#
02-19 11:39:21.923  3643 18391 I PlaceInferenceEngine: No beacon scan available - ignoring candidates.
02-19 11:39:21.923  3643 21999 W ctxmgr  : [AclManager]No 2 for (accnt=account#1612353702#, com.google.android.gms(10033):UserLocationProducer, vrsn=11975000, 0, 3pPkg = null ,  3pMdlId = null ,  pid = 3643). Was: 2 for 1, account#1612353702#
02-19 11:39:21.925  3643 21999 W ctxmgr  : [AclManager]No 2 for (accnt=account#-517948760#, com.google.android.gms(10033):UserLocationProducer, vrsn=11975000, 0, 3pPkg = null ,  3pMdlId = null ,  pid = 3643). Was: 3 for 1, account#-517948760#
02-19 11:39:22.042  3643  3643 E ctxmgr  : [PlaceFenceHelper]NearbyBuffer is null!
02-19 11:39:22.050  3643 19495 W ctxmgr  : [AclManager]No 2 for (accnt=account#-517948760#, com.google.android.gms(10033):PlacesProducer, vrsn=11975000, 0, 3pPkg = null ,  3pMdlId = null ,  pid = 3643). Was: 3 for 18, account#-517948760#
02-19 11:39:22.368  7038  7046 E ReloadingLock: Finalizing LOCKED Token[shortcuts 2018-02-19 11:39:19.966]
02-19 11:39:24.683 13953 14369 W Herrevad: [11188] uiy.b: Invalid mccmnc 
02-19 11:39:24.687 13953 14369 W Herrevad: [11188] uiy.b: Invalid mccmnc 
02-19 11:39:24.695  2728  3134 W NetworkIdentity: Active mobile network without subscriber!
02-19 11:39:24.707 13953 14369 V ConnectivityManager: isActiveNetworkMetered() returns:false
02-19 11:39:24.950  7038 20519 I EventLogSendingHelper: Sending log events.
02-19 11:39:29.954  7038 21024 I EventLogSendingHelper: Sending log events.
02-19 11:39:36.733  2154  2154 I cnss-daemon: RTM_NEWNEIGH message received: 28
02-19 11:39:36.733  2154  2154 E cnss-daemon: Stale or unreachable neighbors, ndm state: 4
02-19 11:39:37.140  2154  2154 I cnss-daemon: RTM_NEWNEIGH message received: 28
02-19 11:39:37.140  2154  2154 E cnss-daemon: Stale or unreachable neighbors, ndm state: 4
02-19 11:39:37.293 13953 14369 I DeviceScanner: [MDNS] Received response from "Bazoom  TV" (d06909be874a6070328167867a2d019a) with result "0 No change"
02-19 11:39:37.299 13953 14369 I DeviceScanner: [MDNS] Received response from "Bazoom  TV" (d06909be874a6070328167867a2d019a) with result "0 No change"
02-19 11:39:38.321 13953 17389 I DeviceScanner: [MDNS] Received response from "Bazoom  TV" (d06909be874a6070328167867a2d019a) with result "0 No change"
02-19 11:39:38.327 13953 17389 I DeviceScanner: [MDNS] Received response from "Bazoom  TV" (d06909be874a6070328167867a2d019a) with result "0 No change"
02-19 11:39:39.345 13953 17389 I DeviceScanner: [MDNS] Received response from "Bazoom  TV" (d06909be874a6070328167867a2d019a) with result "0 No change"
02-19 11:39:39.350 13953 17389 I DeviceScanner: [MDNS] Received response from "Bazoom  TV" (d06909be874a6070328167867a2d019a) with result "0 No change"
02-19 11:39:41.523  2283  2283 I chatty  : uid=9999(nobody) /system/bin/msm_irqbalance expire 2 lines
02-19 11:39:41.524  2283  2283 I MSM-irqbalance: Decided to move IRQ18 from CPU2 [P:0] to CPU4 [P:1] (banned)
02-19 11:39:41.525  2283  2283 I MSM-irqbalance: Decided to move IRQ317 from CPU2 [P:0] to CPU7 [P:1] (banned)
02-19 11:39:41.525  2283  2283 I MSM-irqbalance: Decided to move IRQ37 from CPU2 [P:0] to CPU6 [P:1] (banned)
02-19 11:39:41.526  2283  2283 I MSM-irqbalance: Decided to move IRQ317 from CPU3 [P:0] to CPU5 [P:1] (banned)
02-19 11:39:41.526  2283  2283 I MSM-irqbalance: Decided to move IRQ18 from CPU3 [P:0] to CPU4 [P:1] (banned)
02-19 11:39:41.527  2283  2283 I MSM-irqbalance: Decided to move IRQ18 from CPU1 [P:0] to CPU7 [P:1] (banned)
02-19 11:39:41.527  2283  2283 I MSM-irqbalance: Decided to move IRQ37 from CPU1 [P:0] to CPU6 [P:1] (banned)
02-19 11:39:41.527  2283  2283 I MSM-irqbalance: Decided to move IRQ317 from CPU1 [P:0] to CPU5 [P:1] (banned)
02-19 11:39:45.074  2154  2154 I cnss-daemon: RTM_NEWNEIGH message received: 28
02-19 11:39:45.074  2154  2154 E cnss-daemon: Stale or unreachable neighbors, ndm state: 16
02-19 11:39:45.090  2154  2154 I cnss-daemon: RTM_NEWNEIGH message received: 28
02-19 11:39:45.090  2154  2154 I cnss-daemon: NDA_DST received: fe80::9e3d:cfff:feac:7d62 ul: 33022
02-19 11:39:45.090  2154  2154 I cnss-daemon: NDA_LLADDR received
02-19 11:39:45.094  2154  2154 E cnss-daemon: gateway ipv6 address: fe80::9e3d:cfff:feac:7d62
02-19 11:39:45.095  2154  2154 E cnss-daemon: gateway mac address: %02x:%02x:%02x:%02x:%02x:%02x
02-19 11:39:45.095  2154  2154 E cnss-daemon: : 9c:3d:cf:ac:7d:62
02-19 11:39:45.096  2154  2154 E cnss-daemon: gw update message successfully sent
02-19 11:39:46.523  2283  2283 I MSM-irqbalance: Decided to move IRQ18 from CPU0 [P:0] to CPU6 [P:1] (banned)
02-19 11:39:46.524  2283  2283 I MSM-irqbalance: Decided to move IRQ317 from CPU0 [P:0] to CPU5 [P:1] (banned)
02-19 11:39:46.524  2283  2283 I MSM-irqbalance: Decided to move IRQ37 from CPU0 [P:0] to CPU4 [P:1] (banned)
02-19 11:39:46.525  2283  2283 I MSM-irqbalance: Decided to move IRQ18 from CPU2 [P:0] to CPU7 [P:1] (banned)
02-19 11:39:46.525  2283  2283 I MSM-irqbalance: Decided to move IRQ317 from CPU2 [P:0] to CPU6 [P:1] (banned)
02-19 11:39:46.526  2283  2283 I MSM-irqbalance: Decided to move IRQ18 from CPU3 [P:0] to CPU5 [P:1] (banned)
02-19 11:39:46.526  2283  2283 I MSM-irqbalance: Decided to move IRQ317 from CPU3 [P:0] to CPU4 [P:1] (banned)
02-19 11:39:46.527  2283  2283 I MSM-irqbalance: Decided to move IRQ37 from CPU3 [P:0] to CPU7 [P:1] (banned)
02-19 11:39:46.527  2283  2283 I MSM-irqbalance: Decided to move IRQ18 from CPU1 [P:0] to CPU6 [P:1] (banned)
02-19 11:39:46.527  2283  2283 I MSM-irqbalance: Decided to move IRQ317 from CPU1 [P:0] to CPU5 [P:1] (banned)
02-19 11:39:46.528  2283  2283 I MSM-irqbalance: Decided to move IRQ37 from CPU1 [P:0] to CPU4 [P:1] (banned)
02-19 11:39:46.591  2728  3267 D BatteryService: mLastPlugType/mPlugType:2/2
02-19 11:39:46.591  2728  3267 D BatteryService: set mLastPlugType to 2
02-19 11:39:46.595  3226  3226 D KeyguardUpdateMonitor: received broadcast android.intent.action.BATTERY_CHANGED
02-19 11:39:46.596  3180  3180 D VideoCall_LowBattery: BatteryIntent received: android.intent.action.BATTERY_CHANGED
02-19 11:39:46.598 31431 31480 D HeadsetStateMachine: Disconnected process message: 10, size: 0
02-19 11:39:46.598  3672  3795 W QCNEJ   : |CORE| CNE received unexpected action: android.intent.action.BATTERY_CHANGED
02-19 11:39:46.598 31431 31480 D HeadsetStateMachine: Enter processIntentBatteryChanged()
02-19 11:39:46.598 31431 31480 D HeadsetStateMachine: Exit processIntentBatteryChanged()
02-19 11:39:46.598 31431 31480 D HeadsetStateMachine: Exit Disconnected processMessage() 
02-19 11:39:46.603  3180  3180 E QtiImsExtUtils: getConfigForPhoneId subId is invalid
02-19 11:39:46.603  3180  3180 E QtiImsExtUtils: isCarrierConfigEnabled bundle is null
02-19 11:39:46.603  3180  3180 D VideoCall_LowBattery:  allowVideoCallsInLowBattery: false isCarrierOneSupported: false mIsLowbattery: false
02-19 11:39:46.607  3226  3226 D KeyguardUpdateMonitor: handleBatteryUpdate
02-19 11:39:49.922  7038 21027 W GmsLocationProvider: Error removing location updates: 16
02-19 11:39:51.523  2283  2283 I MSM-irqbalance: Decided to move IRQ18 from CPU0 [P:0] to CPU6 [P:1] (banned)
02-19 11:39:51.524  2283  2283 I MSM-irqbalance: Decided to move IRQ317 from CPU0 [P:0] to CPU5 [P:1] (banned)
02-19 11:39:51.525  2283  2283 I MSM-irqbalance: Decided to move IRQ18 from CPU2 [P:0] to CPU4 [P:1] (banned)
02-19 11:39:51.525  2283  2283 I MSM-irqbalance: Decided to move IRQ317 from CPU2 [P:0] to CPU7 [P:1] (banned)
02-19 11:39:51.525  2283  2283 I MSM-irqbalance: Decided to move IRQ37 from CPU2 [P:0] to CPU6 [P:1] (banned)
02-19 11:39:51.526  2283  2283 I MSM-irqbalance: Decided to move IRQ317 from CPU3 [P:0] to CPU5 [P:1] (banned)
02-19 11:39:51.526  2283  2283 I MSM-irqbalance: Decided to move IRQ18 from CPU3 [P:0] to CPU4 [P:1] (banned)
02-19 11:39:51.527  2283  2283 I MSM-irqbalance: Decided to move IRQ37 from CPU3 [P:0] to CPU7 [P:1] (banned)
02-19 11:39:51.527  2283  2283 I MSM-irqbalance: Decided to move IRQ317 from CPU1 [P:0] to CPU6 [P:1] (banned)
02-19 11:39:51.528  2283  2283 I MSM-irqbalance: Decided to move IRQ18 from CPU1 [P:0] to CPU5 [P:1] (banned)
02-19 11:39:56.523  2283  2283 I MSM-irqbalance: Decided to move IRQ18 from CPU0 [P:0] to CPU6 [P:1] (banned)
02-19 11:39:56.524  2283  2283 I MSM-irqbalance: Decided to move IRQ18 from CPU2 [P:0] to CPU5 [P:1] (banned)
02-19 11:39:56.524  2283  2283 I MSM-irqbalance: Decided to move IRQ317 from CPU2 [P:0] to CPU4 [P:1] (banned)
02-19 11:39:56.524  2283  2283 I MSM-irqbalance: Decided to move IRQ18 from CPU3 [P:0] to CPU7 [P:1] (banned)
02-19 11:39:56.525  2283  2283 I MSM-irqbalance: Decided to move IRQ317 from CPU3 [P:0] to CPU6 [P:1] (banned)
02-19 11:39:56.525  2283  2283 I MSM-irqbalance: Decided to move IRQ18 from CPU1 [P:0] to CPU5 [P:1] (banned)
02-19 11:39:58.487  2154  2154 I cnss-daemon: RTM_NEWNEIGH message received: 28
02-19 11:39:58.487  2154  2154 E cnss-daemon: Stale or unreachable neighbors, ndm state: 16
02-19 11:39:58.495  2154  2154 I cnss-daemon: RTM_NEWNEIGH message received: 28
02-19 11:39:58.496  2154  2154 E cnss-daemon: Stale or unreachable neighbors, ndm state: 4
02-19 11:39:58.496  2154  2154 I cnss-daemon: RTM_NEWNEIGH message received: 28
02-19 11:39:58.496  2154  2154 I cnss-daemon: NDA_DST received: 192.168.0.16 ul: 268478656
02-19 11:39:58.496  2154  2154 I cnss-daemon: NDA_LLADDR received
02-19 11:40:00.005  3226  3226 D KeyguardUpdateMonitor: received broadcast android.intent.action.TIME_TICK
02-19 11:40:00.005  3226  3226 D KeyguardUpdateMonitor: handleTimeUpdate
02-19 11:40:00.343  2728  3124 D BatteryService: uevent={POWER_SUPPLY_TEMP=267, POWER_SUPPLY_PRESENT=1, POWER_SUPPLY_STATUS=Charging, POWER_SUPPLY_CAPACITY=91, ACTION=change, DEVPATH=/devices/soc/qpnp-smbcharger-17/power_supply/battery, SUBSYSTEM=power_supply, POWER_SUPPLY_VOLTAGE_NOW=4316991, SEQNUM=3757183, POWER_SUPPLY_NAME=battery, POWER_SUPPLY_CURRENT_NOW=-223845, POWER_SUPPLY_CHARGE_COUNTER=2836701, POWER_SUPPLY_CHARGE_RATE=Normal, POWER_SUPPLY_HEALTH=Good}
02-19 11:40:00.345  2728  2743 D BatteryService: mLastPlugType/mPlugType:2/2
02-19 11:40:00.345  2728  2743 D BatteryService: set mLastPlugType to 2
02-19 11:40:00.346  3226  3226 D KeyguardUpdateMonitor: received broadcast android.intent.action.BATTERY_CHANGED
02-19 11:40:00.346  3180  3180 D VideoCall_LowBattery: BatteryIntent received: android.intent.action.BATTERY_CHANGED
02-19 11:40:00.347 31431 31480 D HeadsetStateMachine: Disconnected process message: 10, size: 0
02-19 11:40:00.347 31431 31480 D HeadsetStateMachine: Enter processIntentBatteryChanged()
02-19 11:40:00.347 31431 31480 D HeadsetStateMachine: Exit processIntentBatteryChanged()
02-19 11:40:00.347 31431 31480 D HeadsetStateMachine: Exit Disconnected processMessage() 
02-19 11:40:00.348  3672  3795 W QCNEJ   : |CORE| CNE received unexpected action: android.intent.action.BATTERY_CHANGED
02-19 11:40:00.349  3180  3180 E QtiImsExtUtils: getConfigForPhoneId subId is invalid
02-19 11:40:00.349  3180  3180 E QtiImsExtUtils: isCarrierConfigEnabled bundle is null
02-19 11:40:00.349  3180  3180 D VideoCall_LowBattery:  allowVideoCallsInLowBattery: false isCarrierOneSupported: false mIsLowbattery: false
02-19 11:40:00.350  3226  3226 D KeyguardUpdateMonitor: handleBatteryUpdate
02-19 11:40:01.513  2154  2154 I cnss-daemon: RTM_NEWNEIGH message received: 28
02-19 11:40:01.513  2154  2154 E cnss-daemon: Stale or unreachable neighbors, ndm state: 4
02-19 11:40:01.523  2283  2283 I MSM-irqbalance: Decided to move IRQ18 from CPU0 [P:0] to CPU6 [P:1] (banned)
02-19 11:40:01.524  2283  2283 I MSM-irqbalance: Decided to move IRQ317 from CPU0 [P:0] to CPU5 [P:1] (banned)
02-19 11:40:01.525  2283  2283 I MSM-irqbalance: Decided to move IRQ18 from CPU2 [P:0] to CPU4 [P:1] (banned)
02-19 11:40:01.525  2283  2283 I MSM-irqbalance: Decided to move IRQ317 from CPU2 [P:0] to CPU7 [P:1] (banned)
02-19 11:40:01.526  2283  2283 I MSM-irqbalance: Decided to move IRQ18 from CPU3 [P:0] to CPU6 [P:1] (banned)
02-19 11:40:01.526  2283  2283 I MSM-irqbalance: Decided to move IRQ317 from CPU3 [P:0] to CPU5 [P:1] (banned)
02-19 11:40:01.527  2283  2283 I MSM-irqbalance: Decided to move IRQ37 from CPU3 [P:0] to CPU4 [P:1] (banned)
02-19 11:40:01.527  2283  2283 I MSM-irqbalance: Decided to move IRQ18 from CPU1 [P:0] to CPU7 [P:1] (banned)
02-19 11:40:01.913  2154  2154 I cnss-daemon: RTM_NEWNEIGH message received: 28
02-19 11:40:01.914  2154  2154 E cnss-daemon: Stale or unreachable neighbors, ndm state: 16
02-19 11:40:01.930  2154  2154 I cnss-daemon: RTM_NEWNEIGH message received: 28
02-19 11:40:01.930  2154  2154 I cnss-daemon: NDA_DST received: 192.168.0.1 ul: 16820416
02-19 11:40:01.930  2154  2154 I cnss-daemon: NDA_LLADDR received
02-19 11:40:06.522  2283  2283 I MSM-irqbalance: Decided to move IRQ18 from CPU0 [P:0] to CPU6 [P:1] (banned)
02-19 11:40:06.524  2283  2283 I MSM-irqbalance: Decided to move IRQ317 from CPU0 [P:0] to CPU5 [P:1] (banned)
02-19 11:40:06.524  2283  2283 I MSM-irqbalance: Decided to move IRQ37 from CPU0 [P:0] to CPU4 [P:1] (banned)
02-19 11:40:06.524  2283  2283 I MSM-irqbalance: Decided to move IRQ18 from CPU2 [P:0] to CPU7 [P:1] (banned)
02-19 11:40:06.525  2283  2283 I MSM-irqbalance: Decided to move IRQ317 from CPU2 [P:0] to CPU6 [P:1] (banned)
02-19 11:40:06.525  2283  2283 I MSM-irqbalance: Decided to move IRQ18 from CPU3 [P:0] to CPU5 [P:1] (banned)
02-19 11:40:06.526  2283  2283 I MSM-irqbalance: Decided to move IRQ317 from CPU3 [P:0] to CPU4 [P:1] (banned)
02-19 11:40:06.526  2283  2283 I MSM-irqbalance: Decided to move IRQ18 from CPU1 [P:0] to CPU7 [P:1] (banned)
02-19 11:40:11.523  2283  2283 I MSM-irqbalance: Decided to move IRQ18 from CPU0 [P:0] to CPU6 [P:1] (banned)
02-19 11:40:11.524  2283  2283 I MSM-irqbalance: Decided to move IRQ18 from CPU2 [P:0] to CPU5 [P:1] (banned)
02-19 11:40:11.524  2283  2283 I MSM-irqbalance: Decided to move IRQ317 from CPU2 [P:0] to CPU4 [P:1] (banned)
02-19 11:40:11.525  2283  2283 I MSM-irqbalance: Decided to move IRQ317 from CPU3 [P:0] to CPU7 [P:1] (banned)
02-19 11:40:11.525  2283  2283 I MSM-irqbalance: Decided to move IRQ18 from CPU3 [P:0] to CPU6 [P:1] (banned)
02-19 11:40:11.526  2283  2283 I MSM-irqbalance: Decided to move IRQ37 from CPU3 [P:0] to CPU5 [P:1] (banned)
02-19 11:40:11.526  2283  2283 I MSM-irqbalance: Decided to move IRQ18 from CPU1 [P:0] to CPU4 [P:1] (banned)
02-19 11:40:11.527  2283  2283 I MSM-irqbalance: Decided to move IRQ317 from CPU1 [P:0] to CPU7 [P:1] (banned)
02-19 11:40:11.527  2283  2283 I MSM-irqbalance: Decided to move IRQ37 from CPU1 [P:0] to CPU6 [P:1] (banned)
02-19 11:40:15.807  2154  2154 I cnss-daemon: RTM_NEWNEIGH message received: 28
02-19 11:40:15.808  2154  2154 E cnss-daemon: Stale or unreachable neighbors, ndm state: 4
02-19 11:40:16.523  2283  2283 I MSM-irqbalance: Decided to move IRQ18 from CPU0 [P:0] to CPU6 [P:1] (banned)
02-19 11:40:16.524  2283  2283 I MSM-irqbalance: Decided to move IRQ317 from CPU0 [P:0] to CPU5 [P:1] (banned)
02-19 11:40:16.524  2283  2283 I MSM-irqbalance: Decided to move IRQ18 from CPU2 [P:0] to CPU4 [P:1] (banned)
02-19 11:40:16.525  2283  2283 I MSM-irqbalance: Decided to move IRQ317 from CPU2 [P:0] to CPU7 [P:1] (banned)
02-19 11:40:16.525  2283  2283 I MSM-irqbalance: Decided to move IRQ37 from CPU2 [P:0] to CPU6 [P:1] (banned)
02-19 11:40:16.526  2283  2283 I MSM-irqbalance: Decided to move IRQ18 from CPU3 [P:0] to CPU5 [P:1] (banned)
02-19 11:40:16.526  2283  2283 I MSM-irqbalance: Decided to move IRQ317 from CPU1 [P:0] to CPU4 [P:1] (banned)
02-19 11:40:16.527  2283  2283 I MSM-irqbalance: Decided to move IRQ18 from CPU1 [P:0] to CPU7 [P:1] (banned)
02-19 11:40:19.273  2154  2154 I cnss-daemon: RTM_NEWNEIGH message received: 28
02-19 11:40:19.273  2154  2154 E cnss-daemon: Stale or unreachable neighbors, ndm state: 4
02-19 11:40:21.206  3643  4977 V ConnectivityManager: isActiveNetworkMetered() returns:false
02-19 11:40:21.260  3643  4977 V ConnectivityManager: isActiveNetworkMetered() returns:false
02-19 11:40:21.308  3643  4977 V ConnectivityManager: isActiveNetworkMetered() returns:false
02-19 11:40:21.322 13953 17389 I DeviceScanner: [MDNS] Received response from "Bazoom  TV" (d06909be874a6070328167867a2d019a) with result "0 No change"
02-19 11:40:21.327 13953 17389 I DeviceScanner: [MDNS] Received response from "Bazoom  TV" (d06909be874a6070328167867a2d019a) with result "0 No change"
02-19 11:40:21.522  2283  2283 I MSM-irqbalance: Decided to move IRQ18 from CPU0 [P:0] to CPU6 [P:1] (banned)
02-19 11:40:21.522  2283  2283 I MSM-irqbalance: Decided to move IRQ317 from CPU0 [P:0] to CPU5 [P:1] (banned)
02-19 11:40:21.523  2283  2283 I MSM-irqbalance: Decided to move IRQ18 from CPU2 [P:0] to CPU4 [P:1] (banned)
02-19 11:40:21.523  2283  2283 I MSM-irqbalance: Decided to move IRQ317 from CPU2 [P:0] to CPU7 [P:1] (banned)
02-19 11:40:21.524  2283  2283 I MSM-irqbalance: Decided to move IRQ18 from CPU3 [P:0] to CPU6 [P:1] (banned)
02-19 11:40:21.524  2283  2283 I MSM-irqbalance: Decided to move IRQ317 from CPU3 [P:0] to CPU5 [P:1] (banned)
02-19 11:40:21.524  2283  2283 I MSM-irqbalance: Decided to move IRQ37 from CPU3 [P:0] to CPU4 [P:1] (banned)
02-19 11:40:21.525  2283  2283 I MSM-irqbalance: Decided to move IRQ18 from CPU1 [P:0] to CPU7 [P:1] (banned)
02-19 11:40:21.525  2283  2283 I MSM-irqbalance: Decided to move IRQ317 from CPU1 [P:0] to CPU6 [P:1] (banned)
02-19 11:40:21.526  2283  2283 I MSM-irqbalance: Decided to move IRQ37 from CPU1 [P:0] to CPU5 [P:1] (banned)
02-19 11:40:22.352 13953 17389 I DeviceScanner: [MDNS] Received response from "Bazoom  TV" (d06909be874a6070328167867a2d019a) with result "0 No change"
02-19 11:40:22.357 13953 17389 I DeviceScanner: [MDNS] Received response from "Bazoom  TV" (d06909be874a6070328167867a2d019a) with result "0 No change"
02-19 11:40:23.372 13953 14369 I DeviceScanner: [MDNS] Received response from "Bazoom  TV" (d06909be874a6070328167867a2d019a) with result "0 No change"
02-19 11:40:23.377 13953 14369 I DeviceScanner: [MDNS] Received response from "Bazoom  TV" (d06909be874a6070328167867a2d019a) with result "0 No change"
02-19 11:40:26.523  2283  2283 I MSM-irqbalance: Decided to move IRQ18 from CPU0 [P:0] to CPU6 [P:1] (banned)
02-19 11:40:26.524  2283  2283 I MSM-irqbalance: Decided to move IRQ317 from CPU0 [P:0] to CPU5 [P:1] (banned)
02-19 11:40:26.524  2283  2283 I MSM-irqbalance: Decided to move IRQ37 from CPU0 [P:0] to CPU4 [P:1] (banned)
02-19 11:40:26.525  2283  2283 I MSM-irqbalance: Decided to move IRQ18 from CPU2 [P:0] to CPU7 [P:1] (banned)
02-19 11:40:26.525  2283  2283 I MSM-irqbalance: Decided to move IRQ317 from CPU2 [P:0] to CPU6 [P:1] (banned)
02-19 11:40:26.526  2283  2283 I MSM-irqbalance: Decided to move IRQ18 from CPU3 [P:0] to CPU5 [P:1] (banned)
02-19 11:40:26.526  2283  2283 I MSM-irqbalance: Decided to move IRQ317 from CPU3 [P:0] to CPU4 [P:1] (banned)
02-19 11:40:26.527  2283  2283 I MSM-irqbalance: Decided to move IRQ317 from CPU1 [P:0] to CPU7 [P:1] (banned)
02-19 11:40:26.527  2283  2283 I MSM-irqbalance: Decided to move IRQ18 from CPU1 [P:0] to CPU6 [P:1] (banned)
02-19 11:40:26.528  2283  2283 I MSM-irqbalance: Decided to move IRQ37 from CPU1 [P:0] to CPU5 [P:1] (banned)
02-19 11:40:31.523  2283  2283 I MSM-irqbalance: Decided to move IRQ18 from CPU0 [P:0] to CPU6 [P:1] (banned)
02-19 11:40:31.524  2283  2283 I MSM-irqbalance: Decided to move IRQ18 from CPU2 [P:0] to CPU5 [P:1] (banned)
02-19 11:40:31.524  2283  2283 I MSM-irqbalance: Decided to move IRQ317 from CPU2 [P:0] to CPU4 [P:1] (banned)
02-19 11:40:31.525  2283  2283 I MSM-irqbalance: Decided to move IRQ317 from CPU3 [P:0] to CPU7 [P:1] (banned)
02-19 11:40:31.525  2283  2283 I MSM-irqbalance: Decided to move IRQ18 from CPU3 [P:0] to CPU6 [P:1] (banned)
02-19 11:40:31.526  2283  2283 I MSM-irqbalance: Decided to move IRQ317 from CPU1 [P:0] to CPU5 [P:1] (banned)
02-19 11:40:31.526  2283  2283 I MSM-irqbalance: Decided to move IRQ18 from CPU1 [P:0] to CPU4 [P:1] (banned)
02-19 11:40:36.523  2283  2283 I MSM-irqbalance: Decided to move IRQ18 from CPU0 [P:0] to CPU6 [P:1] (banned)
02-19 11:40:36.524  2283  2283 I MSM-irqbalance: Decided to move IRQ18 from CPU2 [P:0] to CPU5 [P:1] (banned)
02-19 11:40:36.524  2283  2283 I MSM-irqbalance: Decided to move IRQ37 from CPU2 [P:0] to CPU4 [P:1] (banned)
02-19 11:40:36.525  2283  2283 I MSM-irqbalance: Decided to move IRQ317 from CPU3 [P:0] to CPU7 [P:1] (banned)
02-19 11:40:36.525  2283  2283 I MSM-irqbalance: Decided to move IRQ18 from CPU3 [P:0] to CPU6 [P:1] (banned)
02-19 11:40:36.526  2283  2283 I MSM-irqbalance: Decided to move IRQ18 from CPU1 [P:0] to CPU5 [P:1] (banned)
02-19 11:40:39.370 20426 20444 I PlayCommon: [11515] com.google.android.play.b.h.e(262): Preparing logs for uploading
02-19 11:40:39.456 20426 20444 I PlayCommon: [11515] com.google.android.play.b.h.a(519): Connecting to server: https://play.googleapis.com/play/log?format=raw&proto_v2=true
02-19 11:40:39.460  2154  2154 I cnss-daemon: RTM_NEWROUTE Indication
02-19 11:40:39.460  2154  2154 I cnss-daemon: ip type is ipv6
02-19 11:40:39.462  2154  2154 E cnss-daemon: gateway ipv6 address: fe80::9e3d:cfff:feac:7d62
02-19 11:40:39.462  2154  2154 E cnss-daemon: gateway mac address: %02x:%02x:%02x:%02x:%02x:%02x
02-19 11:40:39.462  2154  2154 E cnss-daemon: : 00:00:00:00:00:00
02-19 11:40:39.462  2154  2154 E cnss-daemon: Invalid mac address: 0x7f55ee6cM
02-19 11:40:39.462  2154  2154 I cnss-daemon: RTM_NEWROUTE Indication
02-19 11:40:39.462  2154  2154 I cnss-daemon: ip type is ipv6
02-19 11:40:39.475 20426 20485 I PlayCommon: [11547] com.google.android.play.b.h.e(262): Preparing logs for uploading
02-19 11:40:39.476 20426 20485 I PlayCommon: [11547] com.google.android.play.b.h.e(266): No file ready to send
02-19 11:40:39.535  2154  2154 I cnss-daemon: RTM_NEWROUTE Indication
02-19 11:40:39.535  2154  2154 I cnss-daemon: ip type is ipv6
02-19 11:40:39.563  2728  2737 I art     : Background partial concurrent mark sweep GC freed 185186(11MB) AllocSpace objects, 11(300KB) LOS objects, 30% free, 37MB/53MB, paused 1.669ms total 180.820ms
02-19 11:40:39.783 20426 20444 I PlayCommon: [11515] com.google.android.play.b.h.a(576): Successfully uploaded logs.
02-19 11:40:41.025  2728  3124 D BatteryService: uevent={POWER_SUPPLY_TEMP=265, POWER_SUPPLY_PRESENT=1, POWER_SUPPLY_STATUS=Charging, POWER_SUPPLY_CAPACITY=91, ACTION=change, DEVPATH=/devices/soc/qpnp-smbcharger-17/power_supply/battery, SUBSYSTEM=power_supply, POWER_SUPPLY_VOLTAGE_NOW=4327519, SEQNUM=3757185, POWER_SUPPLY_NAME=battery, POWER_SUPPLY_CURRENT_NOW=-329282, POWER_SUPPLY_CHARGE_COUNTER=2839206, POWER_SUPPLY_CHARGE_RATE=Normal, POWER_SUPPLY_HEALTH=Good}
02-19 11:40:41.027  2728  2745 D BatteryService: mLastPlugType/mPlugType:2/2
02-19 11:40:41.027  2728  2745 D BatteryService: set mLastPlugType to 2
02-19 11:40:41.030  3226  3226 D KeyguardUpdateMonitor: received broadcast android.intent.action.BATTERY_CHANGED
02-19 11:40:41.032  3180  3180 D VideoCall_LowBattery: BatteryIntent received: android.intent.action.BATTERY_CHANGED
02-19 11:40:41.033 31431 31480 D HeadsetStateMachine: Disconnected process message: 10, size: 0
02-19 11:40:41.034 31431 31480 D HeadsetStateMachine: Enter processIntentBatteryChanged()
02-19 11:40:41.034 31431 31480 D HeadsetStateMachine: Exit processIntentBatteryChanged()
02-19 11:40:41.034 31431 31480 D HeadsetStateMachine: Exit Disconnected processMessage() 
02-19 11:40:41.034  3672  3795 W QCNEJ   : |CORE| CNE received unexpected action: android.intent.action.BATTERY_CHANGED
02-19 11:40:41.035  3226  3226 D KeyguardUpdateMonitor: handleBatteryUpdate
02-19 11:40:41.038  3180  3180 E QtiImsExtUtils: getConfigForPhoneId subId is invalid
02-19 11:40:41.038  3180  3180 E QtiImsExtUtils: isCarrierConfigEnabled bundle is null
02-19 11:40:41.038  3180  3180 D VideoCall_LowBattery:  allowVideoCallsInLowBattery: false isCarrierOneSupported: false mIsLowbattery: false
02-19 11:40:41.523  2283  2283 I MSM-irqbalance: Decided to move IRQ18 from CPU0 [P:0] to CPU6 [P:1] (banned)
02-19 11:40:41.524  2283  2283 I MSM-irqbalance: Decided to move IRQ317 from CPU0 [P:0] to CPU5 [P:1] (banned)
02-19 11:40:41.524  2283  2283 I MSM-irqbalance: Decided to move IRQ18 from CPU2 [P:0] to CPU4 [P:1] (banned)
02-19 11:40:41.525  2283  2283 I MSM-irqbalance: Decided to move IRQ317 from CPU2 [P:0] to CPU7 [P:1] (banned)
02-19 11:40:41.526  2283  2283 I MSM-irqbalance: Decided to move IRQ37 from CPU2 [P:0] to CPU6 [P:1] (banned)
02-19 11:40:41.526  2283  2283 I MSM-irqbalance: Decided to move IRQ18 from CPU3 [P:0] to CPU5 [P:1] (banned)
02-19 11:40:41.527  2283  2283 I MSM-irqbalance: Decided to move IRQ317 from CPU3 [P:0] to CPU4 [P:1] (banned)
02-19 11:40:41.527  2283  2283 I MSM-irqbalance: Decided to move IRQ18 from CPU1 [P:0] to CPU7 [P:1] (banned)
02-19 11:40:41.527  2283  2283 I MSM-irqbalance: Decided to move IRQ317 from CPU1 [P:0] to CPU6 [P:1] (banned)
02-19 11:40:41.528  2283  2283 I MSM-irqbalance: Decided to move IRQ37 from CPU1 [P:0] to CPU5 [P:1] (banned)
02-19 11:40:43.243 13953 17389 I DeviceScanner: [MDNS] Received response from "Bazoom  TV" (d06909be874a6070328167867a2d019a) with result "0 No change"
02-19 11:40:43.248 13953 17389 I DeviceScanner: [MDNS] Received response from "Bazoom  TV" (d06909be874a6070328167867a2d019a) with result "0 No change"
02-19 11:40:43.647  2154  2154 I cnss-daemon: RTM_NEWNEIGH message received: 28
02-19 11:40:43.647  2154  2154 E cnss-daemon: Stale or unreachable neighbors, ndm state: 16
02-19 11:40:43.655  2154  2154 I cnss-daemon: RTM_NEWNEIGH message received: 28
02-19 11:40:43.655  2154  2154 E cnss-daemon: Stale or unreachable neighbors, ndm state: 4
02-19 11:40:43.655  2154  2154 I cnss-daemon: RTM_NEWNEIGH message received: 28
02-19 11:40:43.655  2154  2154 I cnss-daemon: NDA_DST received: 192.168.0.16 ul: 268478656
02-19 11:40:43.655  2154  2154 I cnss-daemon: NDA_LLADDR received
02-19 11:40:43.660  2154  2154 E cnss-daemon: gateway ipv6 address: fe80::9e3d:cfff:feac:7d62
02-19 11:40:43.660  2154  2154 E cnss-daemon: gateway mac address: %02x:%02x:%02x:%02x:%02x:%02x
02-19 11:40:43.660  2154  2154 E cnss-daemon: : 00:00:00:00:00:00
02-19 11:40:43.660  2154  2154 E cnss-daemon: Invalid mac address: 0x7f55ee6cM
02-19 11:40:44.272 13953 14369 I DeviceScanner: [MDNS] Received response from "Bazoom  TV" (d06909be874a6070328167867a2d019a) with result "0 No change"
02-19 11:40:44.473  2154  2154 I cnss-daemon: RTM_NEWNEIGH message received: 28
02-19 11:40:44.473  2154  2154 I cnss-daemon: NDA_DST received: fe80::9e3d:cfff:feac:7d62 ul: 33022
02-19 11:40:44.473  2154  2154 I cnss-daemon: NDA_LLADDR received
02-19 11:40:45.293 13953 17389 I DeviceScanner: [MDNS] Received response from "Bazoom  TV" (d06909be874a6070328167867a2d019a) with result "0 No change"
02-19 11:40:45.298 13953 17389 I DeviceScanner: [MDNS] Received response from "Bazoom  TV" (d06909be874a6070328167867a2d019a) with result "0 No change"
02-19 11:40:46.522  2283  2283 I MSM-irqbalance: Decided to move IRQ18 from CPU0 [P:0] to CPU6 [P:1] (banned)
02-19 11:40:46.523  2283  2283 I MSM-irqbalance: Decided to move IRQ317 from CPU0 [P:0] to CPU5 [P:1] (banned)
02-19 11:40:46.524  2283  2283 I MSM-irqbalance: Decided to move IRQ37 from CPU0 [P:0] to CPU4 [P:1] (banned)
02-19 11:40:46.524  2283  2283 I MSM-irqbalance: Decided to move IRQ317 from CPU2 [P:0] to CPU7 [P:1] (banned)
02-19 11:40:46.525  2283  2283 I MSM-irqbalance: Decided to move IRQ18 from CPU2 [P:0] to CPU6 [P:1] (banned)
02-19 11:40:46.525  2283  2283 I MSM-irqbalance: Decided to move IRQ317 from CPU3 [P:0] to CPU5 [P:1] (banned)
02-19 11:40:46.525  2283  2283 I MSM-irqbalance: Decided to move IRQ18 from CPU3 [P:0] to CPU4 [P:1] (banned)
02-19 11:40:46.526  2283  2283 I MSM-irqbalance: Decided to move IRQ18 from CPU1 [P:0] to CPU7 [P:1] (banned)
02-19 11:40:46.526  2283  2283 I MSM-irqbalance: Decided to move IRQ317 from CPU1 [P:0] to CPU6 [P:1] (banned)
02-19 11:40:51.522  2283  2283 I MSM-irqbalance: Decided to move IRQ317 from CPU0 [P:0] to CPU6 [P:1] (banned)
02-19 11:40:51.523  2283  2283 I MSM-irqbalance: Decided to move IRQ18 from CPU0 [P:0] to CPU5 [P:1] (banned)
02-19 11:40:51.524  2283  2283 I MSM-irqbalance: Decided to move IRQ18 from CPU2 [P:0] to CPU4 [P:1] (banned)
02-19 11:40:51.524  2283  2283 I MSM-irqbalance: Decided to move IRQ317 from CPU2 [P:0] to CPU7 [P:1] (banned)
02-19 11:40:51.525  2283  2283 I MSM-irqbalance: Decided to move IRQ18 from CPU3 [P:0] to CPU6 [P:1] (banned)
02-19 11:40:51.525  2283  2283 I MSM-irqbalance: Decided to move IRQ18 from CPU1 [P:0] to CPU5 [P:1] (banned)
02-19 11:40:56.181  2154  2154 I cnss-daemon: RTM_NEWNEIGH message received: 28
02-19 11:40:56.181  2154  2154 E cnss-daemon: Stale or unreachable neighbors, ndm state: 4
02-19 11:40:56.523  2283  2283 I MSM-irqbalance: Decided to move IRQ18 from CPU0 [P:0] to CPU6 [P:1] (banned)
02-19 11:40:56.524  2283  2283 I MSM-irqbalance: Decided to move IRQ18 from CPU2 [P:0] to CPU5 [P:1] (banned)
02-19 11:40:56.525  2283  2283 I MSM-irqbalance: Decided to move IRQ37 from CPU2 [P:0] to CPU4 [P:1] (banned)
