03-19 13:13:10.313 23298 23298 W ViewRootImpl[ChatActivity]: Cancelling event due to no window focus: KeyEvent { action=ACTION_UP, keyCode=292, scanCode=621, metaState=0, flags=0x28, repeatCount=0, eventTime=52990117, downTime=52990111, deviceId=0, source=0x101 }
03-19 13:13:10.313 23298 23298 W ViewRootImpl[ChatActivity]: Cancelling event due to no window focus: KeyEvent { action=ACTION_UP, keyCode=292, scanCode=621, metaState=0, flags=0x28, repeatCount=0, eventTime=52990117, downTime=52990111, deviceId=0, source=0x101 }
03-19 13:13:10.313 23298 23298 W ViewRootImpl[ChatActivity]: Cancelling event due to no window focus: KeyEvent { action=ACTION_UP, keyCode=292, scanCode=621, metaState=0, flags=0x28, repeatCount=0, eventTime=52990117, downTime=52990111, deviceId=0, source=0x101 }
03-19 13:13:15.939  2649  3092 I chatty  : uid=1000(system) Binder:2649_4 expire 12 lines
03-19 13:13:15.969 23298 23298 W ViewRootImpl[ChatActivity]: Cancelling event due to no window focus: KeyEvent { action=ACTION_UP, keyCode=292, scanCode=621, metaState=0, flags=0x28, repeatCount=0, eventTime=52995779, downTime=52995645, deviceId=0, source=0x101 }
03-19 13:13:15.969 23298 23298 W ViewRootImpl[ChatActivity]: Cancelling event due to no window focus: KeyEvent { action=ACTION_UP, keyCode=292, scanCode=621, metaState=0, flags=0x28, repeatCount=0, eventTime=52995779, downTime=52995645, deviceId=0, source=0x101 }
03-19 13:13:15.969 23298 23298 W ViewRootImpl[ChatActivity]: Cancelling event due to no window focus: KeyEvent { action=ACTION_UP, keyCode=292, scanCode=621, metaState=0, flags=0x28, repeatCount=0, eventTime=52995779, downTime=52995645, deviceId=0, source=0x101 }
03-19 13:13:15.969 23298 23298 W ViewRootImpl[ChatActivity]: Cancelling event due to no window focus: KeyEvent { action=ACTION_UP, keyCode=292, scanCode=621, metaState=0, flags=0x28, repeatCount=0, eventTime=52995779, downTime=52995645, deviceId=0, source=0x101 }
03-19 13:13:15.969 23298 23298 W ViewRootImpl[ChatActivity]: Cancelling event due to no window focus: KeyEvent { action=ACTION_UP, keyCode=292, scanCode=621, metaState=0, flags=0x28, repeatCount=0, eventTime=52995779, downTime=52995645, deviceId=0, source=0x101 }
03-19 13:13:15.969 23298 23298 W ViewRootImpl[ChatActivity]: Cancelling event due to no window focus: KeyEvent { action=ACTION_UP, keyCode=292, scanCode=621, metaState=0, flags=0x28, repeatCount=0, eventTime=52995779, downTime=52995645, deviceId=0, source=0x101 }
03-19 13:13:16.426   587   587 I chatty  : uid=1000(system) /system/bin/surfaceflinger expire 82 lines
03-19 13:13:25.468   587   643 I chatty  : uid=1000(system) EventThread expire 46 lines
03-19 13:15:14.244  2649  4629 I chatty  : uid=1000(system) Binder:2649_10 expire 12 lines
03-19 13:15:15.711  2649  5517 I chatty  : uid=1000(system) Binder:2649_14 expire 10 lines
03-19 13:15:58.061  2649  2662 I chatty  : uid=1000(system) Binder:2649_2 expire 10 lines
03-19 13:15:58.409  2649  2714 I chatty  : uid=1000(system) android.display expire 23 lines
03-19 13:17:27.705  2649  4630 I chatty  : uid=1000(system) Binder:2649_11 expire 10 lines
03-19 13:17:29.702  2649  3593 I chatty  : uid=1000(system) Binder:2649_7 expire 10 lines
03-19 13:17:33.213  2649  2676 I chatty  : uid=1000(system) android.bg expire 134 lines
03-19 13:17:33.716  2649  3615 I chatty  : uid=1000(system) Binder:2649_9 expire 15 lines
03-19 13:17:33.721  2649  2649 I chatty  : uid=1000 system_server expire 11 lines
03-19 13:17:33.775  3048  3048 V KeyguardStatusView: refresh statusview showing:true
03-19 13:17:33.781  3048  3048 V KeyguardDisplayManager: show
03-19 13:22:21.793 24295 24295 D ActivityThread: Loading provider com.google.android.gm.sapi: com.google.android.gm.sapi.SapiUiProvider
03-19 13:22:21.944  2649  3347 I chatty  : uid=1000(system) Binder:2649_6 expire 11 lines
03-19 13:22:22.789  2649  4610 I chatty  : uid=1000(system) Binder:2649_D expire 13 lines
03-19 13:22:22.793  2649  2681 I chatty  : uid=1000(system) batterystats-sy expire 26 lines
03-19 13:22:32.672  1965  2380 E NetlinkListener: recvmsg failed (No such file or directory)
03-19 13:23:31.574  2649  2676 I chatty  : uid=1000(system) android.bg expire 10 lines
03-19 13:23:31.715  3243  3243 W ContextImpl: Calling a method in the system process without a qualified user: android.app.ContextImpl.sendBroadcast:892 android.content.ContextWrapper.sendBroadcast:426 com.motorola.blur.service.blur.BSUtils.sendBroadcast:158 com.motorola.blur.service.blur.BSUtils.sendBroadcast:154 com.motorola.ccc.plm.pollingmanager.PollingManagerService$MyConnectivityReceiver.sendConnectivityIntent:599 
03-19 13:23:32.292  2649  4631 I chatty  : uid=1000(system) Binder:2649_12 expire 15 lines
03-19 13:30:11.525  3243  3243 W ContextImpl: Calling a method in the system process without a qualified user: android.app.ContextImpl.sendBroadcast:892 android.content.ContextWrapper.sendBroadcast:426 com.motorola.blur.service.blur.BSUtils.sendBroadcast:158 com.motorola.blur.service.blur.BSUtils.sendBroadcast:154 com.motorola.ccc.plm.pollingmanager.PollingManagerService$MyConnectivityReceiver.sendConnectivityIntent:599 
03-19 13:30:11.712  2649  2681 I chatty  : uid=1000(system) batterystats-sy expire 32 lines
03-19 13:30:55.287  3243  3243 W ContextImpl: Calling a method in the system process without a qualified user: android.app.ContextImpl.sendBroadcast:892 android.content.ContextWrapper.sendBroadcast:426 com.motorola.blur.service.blur.BSUtils.sendBroadcast:158 com.motorola.blur.service.blur.BSUtils.sendBroadcast:154 com.motorola.ccc.plm.pollingmanager.PollingManagerService$MyConnectivityReceiver.sendConnectivityIntent:599 
03-19 13:33:20.396  2649  3034 I chatty  : uid=1000(system) Binder:2649_3 expire 19 lines
03-19 13:38:08.439  2649  3635 I chatty  : uid=1000(system) Binder:2649_A expire 12 lines
03-19 13:40:17.031  3243  3243 W ContextImpl: Calling a method in the system process without a qualified user: android.app.ContextImpl.sendBroadcast:892 android.content.ContextWrapper.sendBroadcast:426 com.motorola.blur.service.blur.BSUtils.sendBroadcast:158 com.motorola.blur.service.blur.BSUtils.sendBroadcast:154 com.motorola.ccc.plm.pollingmanager.PollingManagerService$MyConnectivityReceiver.sendConnectivityIntent:599 
03-19 13:40:17.155  2649  2681 I chatty  : uid=1000(system) batterystats-sy expire 52 lines
03-19 13:40:41.513  3243  3243 W ContextImpl: Calling a method in the system process without a qualified user: android.app.ContextImpl.sendBroadcast:892 android.content.ContextWrapper.sendBroadcast:426 com.motorola.blur.service.blur.BSUtils.sendBroadcast:158 com.motorola.blur.service.blur.BSUtils.sendBroadcast:154 com.motorola.ccc.plm.pollingmanager.PollingManagerService$MyConnectivityReceiver.sendConnectivityIntent:599 
03-19 13:43:19.756  2649  3640 I chatty  : uid=1000(system) Binder:2649_B expire 12 lines
03-19 13:55:45.791  3243  3243 W ContextImpl: Calling a method in the system process without a qualified user: android.app.ContextImpl.sendBroadcast:892 android.content.ContextWrapper.sendBroadcast:426 com.motorola.blur.service.blur.BSUtils.sendBroadcast:158 com.motorola.blur.service.blur.BSUtils.sendBroadcast:154 com.motorola.ccc.plm.pollingmanager.PollingManagerService$MyConnectivityReceiver.sendConnectivityIntent:599 
03-19 13:55:45.799  2649  2681 I chatty  : uid=1000(system) batterystats-sy expire 61 lines
03-19 13:55:51.050  3243  3243 W ContextImpl: Calling a method in the system process without a qualified user: android.app.ContextImpl.sendBroadcast:892 android.content.ContextWrapper.sendBroadcast:426 com.motorola.blur.service.blur.BSUtils.sendBroadcast:158 com.motorola.blur.service.blur.BSUtils.sendBroadcast:154 com.motorola.ccc.plm.pollingmanager.PollingManagerService$MyConnectivityReceiver.sendConnectivityIntent:599 
03-19 14:03:48.387  2649  2649 I chatty  : uid=1000 system_server expire 10 lines
03-19 14:10:51.405  2649  2676 I chatty  : uid=1000(system) android.bg expire 53 lines
03-19 14:10:51.451  3243  3243 W ContextImpl: Calling a method in the system process without a qualified user: android.app.ContextImpl.sendBroadcast:892 android.content.ContextWrapper.sendBroadcast:426 com.motorola.blur.service.blur.BSUtils.sendBroadcast:158 com.motorola.blur.service.blur.BSUtils.sendBroadcast:154 com.motorola.ccc.plm.pollingmanager.PollingManagerService$MyConnectivityReceiver.sendConnectivityIntent:599 
03-19 14:10:52.248  2649  3595 I chatty  : uid=1000(system) Binder:2649_8 expire 11 lines
03-19 14:11:23.158  2649  2681 I chatty  : uid=1000(system) batterystats-sy expire 10 lines
03-19 14:11:23.275  3243  3243 W ContextImpl: Calling a method in the system process without a qualified user: android.app.ContextImpl.sendBroadcast:892 android.content.ContextWrapper.sendBroadcast:426 com.motorola.blur.service.blur.BSUtils.sendBroadcast:158 com.motorola.blur.service.blur.BSUtils.sendBroadcast:154 com.motorola.ccc.plm.pollingmanager.PollingManagerService$MyConnectivityReceiver.sendConnectivityIntent:599 
03-19 14:12:10.272  3243  3243 W ContextImpl: Calling a method in the system process without a qualified user: android.app.ContextImpl.sendBroadcast:892 android.content.ContextWrapper.sendBroadcast:426 com.motorola.blur.service.blur.BSUtils.sendBroadcast:158 com.motorola.blur.service.blur.BSUtils.sendBroadcast:154 com.motorola.ccc.plm.pollingmanager.PollingManagerService$MyConnectivityReceiver.sendConnectivityIntent:599 
03-19 14:12:10.885  2649  3095 I chatty  : uid=1000(system) Binder:2649_5 expire 14 lines
03-19 14:12:11.135  2649  3645 I chatty  : uid=1000(system) Binder:2649_C expire 10 lines
03-19 14:12:11.308  3505  4312 E ActivityThread: Failed to find provider info for com.google.android.gms.common.phenotype
03-19 14:12:11.341   587   587 I chatty  : uid=1000(system) /system/bin/surfaceflinger expire 13 lines
03-19 14:12:11.740   587   643 I chatty  : uid=1000(system) EventThread expire 26 lines
03-19 14:12:13.865  1965  2380 E NetlinkListener: recvmsg failed (No buffer space available)
03-19 14:12:14.382  2649  4624 I chatty  : uid=1000(system) Binder:2649_E expire 14 lines
03-19 14:12:14.748  3048  3048 V KeyguardDisplayManager: hide
03-19 14:12:15.521  2649  4648 I chatty  : uid=1000(system) Binder:2649_13 expire 14 lines
03-19 14:12:15.876  2649  2956 I chatty  : uid=1000(system) UEventObserver expire 20 lines
03-19 14:12:15.878  2649  4629 I chatty  : uid=1000(system) Binder:2649_10 expire 10 lines
03-19 14:12:15.937  2649  2676 I chatty  : uid=1000(system) android.bg expire 85 lines
03-19 14:12:20.933 25201 25201 W ContextImpl: Calling a method in the system process without a qualified user: android.app.ContextImpl.startService:1357 android.content.ContextWrapper.startService:613 android.content.ContextWrapper.startService:613 com.android.keychain.KeyChainBroadcastReceiver.onReceive:12 android.app.ActivityThread.handleReceiver:3032 
03-19 14:12:26.473  2649  3092 I chatty  : uid=1000(system) Binder:2649_4 expire 14 lines
03-19 14:12:28.766  2649  2678 I chatty  : uid=1000(system) ActivityManager expire 10 lines
03-19 14:12:48.476 25201 25201 W ContextImpl: Calling a method in the system process without a qualified user: android.app.ContextImpl.startService:1357 android.content.ContextWrapper.startService:613 android.content.ContextWrapper.startService:613 com.android.keychain.KeyChainBroadcastReceiver.onReceive:12 android.app.ActivityThread.handleReceiver:3032 
03-19 14:12:48.478  2649  4628 I chatty  : uid=1000(system) Binder:2649_F expire 14 lines
03-19 14:13:05.793  2649  2714 I chatty  : uid=1000(system) android.display expire 10 lines
03-19 14:13:06.272  2649  4610 I chatty  : uid=1000(system) Binder:2649_D expire 19 lines
03-19 14:13:11.814  2649  3593 I chatty  : uid=1000(system) Binder:2649_7 expire 13 lines
03-19 14:13:11.839   468   483 E vold    : Failed to readlink for /proc/25283/ns/mnt
03-19 14:13:12.535  2649  4648 I chatty  : uid=1000(system) Binder:2649_13 expire 10 lines
03-19 14:13:14.112   468   483 D vold    : Remounting 10668 as mode read
03-19 14:13:14.791   468   483 D vold    : Remounting 10668 as mode write
03-19 14:13:15.985  2649  2661 I chatty  : uid=1000(system) Binder:2649_1 expire 10 lines
03-19 14:13:16.878  2649  2662 I chatty  : uid=1000(system) Binder:2649_2 expire 14 lines
03-19 14:13:21.195  2649  5517 I chatty  : uid=1000(system) Binder:2649_14 expire 13 lines
03-19 14:13:27.190  2649  2649 I chatty  : uid=1000 system_server expire 16 lines
03-19 14:13:30.427   468   483 D vold    : Remounting 10668 as mode read
03-19 14:13:31.098   468   483 D vold    : Remounting 10668 as mode write
03-19 14:13:34.367  2649  3640 I chatty  : uid=1000(system) Binder:2649_B expire 14 lines
03-19 14:14:36.204  2649  3347 I chatty  : uid=1000(system) Binder:2649_6 expire 11 lines
03-19 14:14:45.517  2649  2676 I chatty  : uid=1000(system) android.bg expire 11 lines
03-19 14:14:45.652 26554 26554 D ActivityThread: Loading provider com.google.android.gm.sapi: com.google.android.gm.sapi.SapiUiProvider
03-19 14:15:13.371  2649  3635 I chatty  : uid=1000(system) Binder:2649_A expire 11 lines
03-19 14:17:34.025  2649  3615 I chatty  : uid=1000(system) Binder:2649_9 expire 28 lines
03-19 14:17:36.684  2649  3645 I chatty  : uid=1000(system) Binder:2649_C expire 14 lines
03-19 14:17:40.475  2649  3034 I chatty  : uid=1000(system) Binder:2649_3 expire 22 lines
03-19 14:17:44.452  2649  2712 I chatty  : uid=1000(system) android.io expire 8 lines
03-19 14:17:44.798  2649  2662 I chatty  : uid=1000(system) Binder:2649_2 expire 16 lines
03-19 14:17:48.133   587   587 I chatty  : uid=1000(system) /system/bin/surfaceflinger expire 28 lines
03-19 14:18:06.147  2649  4629 I chatty  : uid=1000(system) Binder:2649_10 expire 10 lines
03-19 14:18:06.235  2649  2714 I chatty  : uid=1000(system) android.display expire 25 lines
03-19 14:18:06.288  2649  4648 I chatty  : uid=1000(system) Binder:2649_13 expire 10 lines
03-19 14:18:13.367  2649  2661 I chatty  : uid=1000(system) Binder:2649_1 expire 16 lines
03-19 14:18:21.919  2649  4630 I chatty  : uid=1000(system) Binder:2649_11 expire 11 lines
03-19 14:18:51.051  2649  3595 I chatty  : uid=1000(system) Binder:2649_8 expire 13 lines
03-19 14:28:00.031  2649  2678 I chatty  : uid=1000(system) ActivityManager expire 11 lines
03-19 14:28:38.441  2649  2956 I chatty  : uid=1000(system) UEventObserver expire 20 lines
03-19 14:36:11.263  2649  4610 I chatty  : uid=1000(system) Binder:2649_D expire 10 lines
03-19 14:36:59.779  2649  3640 I chatty  : uid=1000(system) Binder:2649_B expire 12 lines
03-19 14:37:13.371  2649  4628 I chatty  : uid=1000(system) Binder:2649_F expire 12 lines
03-19 14:37:21.965 27795 27795 D ActivityThread: Loading provider com.google.android.gm.sapi: com.google.android.gm.sapi.SapiUiProvider
03-19 14:37:22.236  2649  3593 I chatty  : uid=1000(system) Binder:2649_7 expire 11 lines
03-19 14:37:43.574  2649  2678 I chatty  : uid=1000(system) ActivityManager expire 11 lines
03-19 14:37:43.914  2649  2740 I chatty  : uid=1000(system) PackageManager expire 10 lines
03-19 14:37:43.998  2649  3095 I chatty  : uid=1000(system) Binder:2649_5 expire 10 lines
03-19 14:37:44.142 27911 27911 W ContextImpl: Calling a method in the system process without a qualified user: android.app.ContextImpl.startService:1357 android.content.ContextWrapper.startService:613 android.content.ContextWrapper.startService:613 com.android.keychain.KeyChainBroadcastReceiver.onReceive:12 android.app.ActivityThread.handleReceiver:3032 
03-19 14:37:45.238 27911 27911 W ContextImpl: Calling a method in the system process without a qualified user: android.app.ContextImpl.startService:1357 android.content.ContextWrapper.startService:613 android.content.ContextWrapper.startService:613 com.android.keychain.KeyChainBroadcastReceiver.onReceive:12 android.app.ActivityThread.handleReceiver:3032 
03-19 14:37:59.932  2649  4631 I chatty  : uid=1000(system) Binder:2649_12 expire 19 lines
03-19 14:38:00.035   587   587 I chatty  : uid=1000(system) /system/bin/surfaceflinger expire 10 lines
03-19 14:38:02.904  2649  2988 I chatty  : uid=1000(system) ConnectivitySer expire 10 lines
03-19 14:38:04.714   587   643 I chatty  : uid=1000(system) EventThread expire 14 lines
03-19 14:38:10.772   468   483 D vold    : Remounting 10668 as mode read
03-19 14:38:11.442  2649  3593 I chatty  : uid=1000(system) Binder:2649_7 expire 11 lines
03-19 14:38:11.443   468   483 D vold    : Remounting 10668 as mode write
03-19 14:38:11.723  2649  4624 I chatty  : uid=1000(system) Binder:2649_E expire 10 lines
03-19 14:38:18.731  2649  3615 I chatty  : uid=1000(system) Binder:2649_9 expire 13 lines
03-19 14:38:19.401  2649  4628 I chatty  : uid=1000(system) Binder:2649_F expire 10 lines
03-19 14:38:23.793  2649  4630 I chatty  : uid=1000(system) Binder:2649_11 expire 12 lines
03-19 14:40:16.600  2649  3347 I chatty  : uid=1000(system) Binder:2649_6 expire 11 lines
03-19 14:40:36.638  2649  3092 I chatty  : uid=1000(system) Binder:2649_4 expire 12 lines
03-19 14:40:36.681 29029 29029 W ContextImpl: Calling a method in the system process without a qualified user: android.app.ContextImpl.startService:1357 android.content.ContextWrapper.startService:613 android.content.ContextWrapper.startService:613 com.android.keychain.KeyChainBroadcastReceiver.onReceive:12 android.app.ActivityThread.handleReceiver:3032 
03-19 14:40:36.681  2649  2678 I chatty  : uid=1000(system) ActivityManager expire 11 lines
03-19 14:40:37.059  2649  2740 I chatty  : uid=1000(system) PackageManager expire 16 lines
03-19 14:40:37.222 29029 29029 W ContextImpl: Calling a method in the system process without a qualified user: android.app.ContextImpl.startService:1357 android.content.ContextWrapper.startService:613 android.content.ContextWrapper.startService:613 com.android.keychain.KeyChainBroadcastReceiver.onReceive:12 android.app.ActivityThread.handleReceiver:3032 
03-19 14:40:42.005  2649  3034 I chatty  : uid=1000(system) Binder:2649_3 expire 13 lines
03-19 14:40:44.608 29247 29247 D ActivityThread: Loading provider com.google.android.gm.sapi: com.google.android.gm.sapi.SapiUiProvider
03-19 14:40:53.462  2649  2714 I chatty  : uid=1000(system) android.display expire 10 lines
03-19 14:40:53.476  2649  3640 I chatty  : uid=1000(system) Binder:2649_B expire 10 lines
03-19 14:40:53.920  2649  4648 I chatty  : uid=1000(system) Binder:2649_13 expire 11 lines
03-19 14:40:54.481  2649  3635 I chatty  : uid=1000(system) Binder:2649_A expire 20 lines
03-19 14:41:00.411  2649  3595 I chatty  : uid=1000(system) Binder:2649_8 expire 11 lines
03-19 14:41:02.089   468   483 D vold    : Remounting 10668 as mode read
03-19 14:41:02.099  2649  2966 I chatty  : uid=1000(system) VoldConnector expire 10 lines
03-19 14:41:02.761   468   483 D vold    : Remounting 10668 as mode write
03-19 14:41:08.797  2649  4630 I chatty  : uid=1000(system) Binder:2649_11 expire 10 lines
03-19 14:41:09.881  2649  2662 I chatty  : uid=1000(system) Binder:2649_2 expire 11 lines
03-19 14:41:09.967  2649  3095 I chatty  : uid=1000(system) Binder:2649_5 expire 10 lines
03-19 14:41:14.775  2649  3645 I chatty  : uid=1000(system) Binder:2649_C expire 10 lines
03-19 14:41:15.842   587   587 I chatty  : uid=1000(system) /system/bin/surfaceflinger expire 62 lines
03-19 14:41:19.000  2649  5517 I chatty  : uid=1000(system) Binder:2649_14 expire 12 lines
03-19 14:43:00.737  2649  4629 I chatty  : uid=1000(system) Binder:2649_10 expire 11 lines
03-19 14:45:01.053  2649  2956 I chatty  : uid=1000(system) UEventObserver expire 22 lines
03-19 14:49:13.369  2649  4610 I chatty  : uid=1000(system) Binder:2649_D expire 14 lines
03-19 14:50:13.370  2649  2661 I chatty  : uid=1000(system) Binder:2649_1 expire 10 lines
03-19 15:04:56.342 30681 30681 D ActivityThread: Loading provider com.google.android.gm.sapi: com.google.android.gm.sapi.SapiUiProvider
03-19 15:07:04.573  2649  2956 I chatty  : uid=1000(system) UEventObserver expire 262 lines
03-19 15:20:59.361   587   643 I chatty  : uid=1000(system) EventThread expire 39 lines
03-19 15:32:00.009  2649  2649 I chatty  : uid=1000 system_server expire 20 lines
03-19 15:32:00.027  2649  4624 I chatty  : uid=1000(system) Binder:2649_E expire 10 lines
03-19 15:32:00.039  2649  4629 I chatty  : uid=1000(system) Binder:2649_10 expire 18 lines
03-19 15:32:00.047  2649  3092 I chatty  : uid=1000(system) Binder:2649_4 expire 23 lines
03-19 15:32:04.670  2649  4628 I chatty  : uid=1000(system) Binder:2649_F expire 27 lines
03-19 15:32:05.665  2649  3593 I chatty  : uid=1000(system) Binder:2649_7 expire 20 lines
03-19 15:37:09.377  2649  4631 I chatty  : uid=1000(system) Binder:2649_12 expire 25 lines
03-19 15:41:10.017  2649  4630 I chatty  : uid=1000(system) Binder:2649_11 expire 20 lines
03-19 15:44:25.850  2649  3615 I chatty  : uid=1000(system) Binder:2649_9 expire 10 lines
03-19 15:47:10.976  2649  4648 I chatty  : uid=1000(system) Binder:2649_13 expire 21 lines
03-19 15:50:51.685  2649  2681 I chatty  : uid=1000(system) batterystats-sy expire 10 lines
03-19 15:52:58.292  2649  2676 I chatty  : uid=1000(system) android.bg expire 10 lines
03-19 16:01:13.217  2649  5517 I chatty  : uid=1000(system) Binder:2649_14 expire 10 lines
03-19 16:03:44.596  2649  2661 I chatty  : uid=1000(system) Binder:2649_1 expire 10 lines
03-19 16:20:13.369  2649  3640 I chatty  : uid=1000(system) Binder:2649_B expire 12 lines
03-19 16:28:17.536  2649  3095 I chatty  : uid=1000(system) Binder:2649_5 expire 10 lines
03-19 16:35:10.329  2649  2678 I chatty  : uid=1000(system) ActivityManager expire 10 lines
03-19 16:35:18.657  2649  3347 I chatty  : uid=1000(system) Binder:2649_6 expire 21 lines
03-19 16:36:18.816  2649  3034 I chatty  : uid=1000(system) Binder:2649_3 expire 12 lines
03-19 16:46:20.416  2649  4610 I chatty  : uid=1000(system) Binder:2649_D expire 13 lines
03-19 16:48:07.040  2649  3645 I chatty  : uid=1000(system) Binder:2649_C expire 10 lines
03-19 16:53:13.369  2649  3595 I chatty  : uid=1000(system) Binder:2649_8 expire 10 lines
03-19 19:04:18.219  2649  3635 I chatty  : uid=1000(system) Binder:2649_A expire 10 lines
03-19 19:05:21.086   761   761 W ViewRootImpl[DeskClock]: Cancelling event due to no window focus: KeyEvent { action=ACTION_UP, keyCode=292, scanCode=621, metaState=0, flags=0x28, repeatCount=0, eventTime=71069895, downTime=71069891, deviceId=0, source=0x101 }
03-19 19:05:21.086   761   761 W ViewRootImpl[DeskClock]: Cancelling event due to no window focus: KeyEvent { action=ACTION_UP, keyCode=292, scanCode=621, metaState=0, flags=0x28, repeatCount=0, eventTime=71069895, downTime=71069891, deviceId=0, source=0x101 }
03-19 19:05:21.086   761   761 W ViewRootImpl[DeskClock]: Cancelling event due to no window focus: KeyEvent { action=ACTION_UP, keyCode=292, scanCode=621, metaState=0, flags=0x28, repeatCount=0, eventTime=71069895, downTime=71069891, deviceId=0, source=0x101 }
03-19 19:05:21.117   761   761 W ViewRootImpl[DeskClock]: Cancelling event due to no window focus: KeyEvent { action=ACTION_UP, keyCode=292, scanCode=621, metaState=0, flags=0x28, repeatCount=0, eventTime=71069895, downTime=71069891, deviceId=0, source=0x101 }
03-19 19:05:21.117   761   761 W ViewRootImpl[DeskClock]: Cancelling event due to no window focus: KeyEvent { action=ACTION_UP, keyCode=292, scanCode=621, metaState=0, flags=0x28, repeatCount=0, eventTime=71069895, downTime=71069891, deviceId=0, source=0x101 }
03-19 19:05:21.117   761   761 W ViewRootImpl[DeskClock]: Cancelling event due to no window focus: KeyEvent { action=ACTION_UP, keyCode=292, scanCode=621, metaState=0, flags=0x28, repeatCount=0, eventTime=71069895, downTime=71069891, deviceId=0, source=0x101 }
03-19 19:05:21.117   761   761 W ViewRootImpl[DeskClock]: Cancelling event due to no window focus: KeyEvent { action=ACTION_UP, keyCode=292, scanCode=621, metaState=0, flags=0x28, repeatCount=0, eventTime=71069895, downTime=71069891, deviceId=0, source=0x101 }
03-19 19:05:21.117   761   761 W ViewRootImpl[DeskClock]: Cancelling event due to no window focus: KeyEvent { action=ACTION_UP, keyCode=292, scanCode=621, metaState=0, flags=0x28, repeatCount=0, eventTime=71069895, downTime=71069891, deviceId=0, source=0x101 }
03-19 19:05:21.117   761   761 W ViewRootImpl[DeskClock]: Cancelling event due to no window focus: KeyEvent { action=ACTION_UP, keyCode=292, scanCode=621, metaState=0, flags=0x28, repeatCount=0, eventTime=71069895, downTime=71069891, deviceId=0, source=0x101 }
03-19 19:05:21.172  2649  4624 I chatty  : uid=1000(system) Binder:2649_E expire 11 lines
03-19 19:05:21.301   587   643 I chatty  : uid=1000(system) EventThread expire 17 lines
03-19 19:05:24.708  2649  3640 I chatty  : uid=1000(system) Binder:2649_B expire 10 lines
03-19 19:05:26.701   587   587 I chatty  : uid=1000(system) /system/bin/surfaceflinger expire 24 lines
03-19 19:05:28.638  2649  2714 I chatty  : uid=1000(system) android.display expire 10 lines
03-19 19:05:28.639  2649  3645 I chatty  : uid=1000(system) Binder:2649_C expire 10 lines
03-19 19:05:29.492  2649  2678 I chatty  : uid=1000(system) ActivityManager expire 10 lines
03-19 19:05:39.659  2649  3095 I chatty  : uid=1000(system) Binder:2649_5 expire 10 lines
03-19 19:05:41.582  2649  2662 I chatty  : uid=1000(system) Binder:2649_2 expire 10 lines
03-19 19:05:52.804  2649  3615 I chatty  : uid=1000(system) Binder:2649_9 expire 15 lines
03-19 19:06:05.138  2649  2963 I chatty  : uid=1000(system) InputDispatcher expire 10 lines
03-19 19:09:43.291  2649  2956 I chatty  : uid=1000(system) UEventObserver expire 21 lines
03-19 19:12:17.928  2649  5517 I chatty  : uid=1000(system) Binder:2649_14 expire 10 lines
03-19 19:14:57.946  2649  2661 I chatty  : uid=1000(system) Binder:2649_1 expire 15 lines
03-19 19:25:33.124  1610  1610 W ContextImpl: Calling a method in the system process without a qualified user: android.app.ContextImpl.startService:1357 android.content.ContextWrapper.startService:613 android.content.ContextWrapper.startService:613 com.android.keychain.KeyChainBroadcastReceiver.onReceive:12 android.app.ActivityThread.handleReceiver:3032 
03-19 19:25:33.167  2649  2988 I chatty  : uid=1000(system) ConnectivitySer expire 10 lines
03-19 19:25:34.138  1610  1610 W ContextImpl: Calling a method in the system process without a qualified user: android.app.ContextImpl.startService:1357 android.content.ContextWrapper.startService:613 android.content.ContextWrapper.startService:613 com.android.keychain.KeyChainBroadcastReceiver.onReceive:12 android.app.ActivityThread.handleReceiver:3032 
03-19 19:25:56.409   587   587 I chatty  : uid=1000(system) /system/bin/surfaceflinger expire 26 lines
03-19 19:26:00.200   587   643 I chatty  : uid=1000(system) EventThread expire 14 lines
03-19 19:26:03.636   468   483 D vold    : Remounting 10668 as mode read
03-19 19:26:04.305   468   483 D vold    : Remounting 10668 as mode write
03-19 19:26:09.233  2649  4628 I chatty  : uid=1000(system) Binder:2649_F expire 10 lines
03-19 19:26:11.409  2649  4629 I chatty  : uid=1000(system) Binder:2649_10 expire 11 lines
03-19 19:26:11.471  2649  3640 I chatty  : uid=1000(system) Binder:2649_B expire 11 lines
03-19 19:26:11.495  2649  2714 I chatty  : uid=1000(system) android.display expire 13 lines
03-19 19:26:11.550  2649  4630 I chatty  : uid=1000(system) Binder:2649_11 expire 10 lines
03-19 19:26:13.366  2649  3347 I chatty  : uid=1000(system) Binder:2649_6 expire 11 lines
03-19 19:26:45.490  2649  2678 I chatty  : uid=1000(system) ActivityManager expire 10 lines
03-19 19:28:38.761  2649  3595 I chatty  : uid=1000(system) Binder:2649_8 expire 10 lines
03-19 19:28:39.236  2649  3593 I chatty  : uid=1000(system) Binder:2649_7 expire 21 lines
03-19 19:28:39.422  2649  3635 I chatty  : uid=1000(system) Binder:2649_A expire 11 lines
03-19 19:28:39.436  2649  4648 I chatty  : uid=1000(system) Binder:2649_13 expire 20 lines
03-19 19:28:40.740  2649  4624 I chatty  : uid=1000(system) Binder:2649_E expire 10 lines
03-19 19:28:46.330  2649  3092 I chatty  : uid=1000(system) Binder:2649_4 expire 10 lines
03-19 19:28:48.054  2649  3209 I chatty  : uid=1000 system_server expire 1 line
03-19 19:28:48.292  2649  2740 I chatty  : uid=1000(system) PackageManager expire 16 lines
03-19 19:28:48.384  3211  3211 W ContextImpl: Calling a method in the system process without a qualified user: android.app.ContextImpl.startService:1357 android.content.ContextWrapper.startService:613 android.content.ContextWrapper.startService:613 com.android.keychain.KeyChainBroadcastReceiver.onReceive:12 android.app.ActivityThread.handleReceiver:3032 
03-19 19:28:48.414  2649  2676 I chatty  : uid=1000(system) android.bg expire 10 lines
03-19 19:28:48.804  3211  3211 W ContextImpl: Calling a method in the system process without a qualified user: android.app.ContextImpl.startService:1357 android.content.ContextWrapper.startService:613 android.content.ContextWrapper.startService:613 com.android.keychain.KeyChainBroadcastReceiver.onReceive:12 android.app.ActivityThread.handleReceiver:3032 
03-19 19:28:54.661   587   643 I chatty  : uid=1000(system) EventThread expire 10 lines
03-19 19:28:55.679  2649  5517 I chatty  : uid=1000(system) Binder:2649_14 expire 13 lines
03-19 19:29:00.022  2649  2678 I chatty  : uid=1000(system) ActivityManager expire 17 lines
03-19 19:29:04.752  2649  4631 I chatty  : uid=1000(system) Binder:2649_12 expire 13 lines
03-19 19:29:06.713   587   587 I chatty  : uid=1000(system) /system/bin/surfaceflinger expire 12 lines
03-19 19:29:13.038   468   483 D vold    : Remounting 10668 as mode read
03-19 19:29:13.730   468   483 D vold    : Remounting 10668 as mode write
03-19 19:29:15.801  2649  2661 I chatty  : uid=1000(system) Binder:2649_1 expire 17 lines
03-19 19:29:19.718  2649  3034 I chatty  : uid=1000(system) Binder:2649_3 expire 12 lines
03-19 19:29:20.907  2649  2714 I chatty  : uid=1000(system) android.display expire 10 lines
03-19 19:29:43.434  2649  3095 I chatty  : uid=1000(system) Binder:2649_5 expire 10 lines
03-19 19:29:46.490  2649  4630 I chatty  : uid=1000(system) Binder:2649_11 expire 12 lines
03-19 19:29:59.886  2649  4450 I chatty  : uid=1000 system_server expire 1 line
03-19 19:30:00.308  4452  4452 W ContextImpl: Calling a method in the system process without a qualified user: android.app.ContextImpl.startService:1357 android.content.ContextWrapper.startService:613 android.content.ContextWrapper.startService:613 com.android.keychain.KeyChainBroadcastReceiver.onReceive:12 android.app.ActivityThread.handleReceiver:3032 
03-19 19:30:00.322  2649  4610 I chatty  : uid=1000(system) Binder:2649_D expire 15 lines
03-19 19:30:00.649  2649  4629 I chatty  : uid=1000(system) Binder:2649_10 expire 13 lines
03-19 19:30:00.683  4452  4452 W ContextImpl: Calling a method in the system process without a qualified user: android.app.ContextImpl.startService:1357 android.content.ContextWrapper.startService:613 android.content.ContextWrapper.startService:613 com.android.keychain.KeyChainBroadcastReceiver.onReceive:12 android.app.ActivityThread.handleReceiver:3032 
03-19 19:30:07.026  2649  3615 I chatty  : uid=1000(system) Binder:2649_9 expire 10 lines
03-19 19:30:07.450  2649  2662 I chatty  : uid=1000(system) Binder:2649_2 expire 10 lines
03-19 19:30:18.234  2649  2649 I chatty  : uid=1000 system_server expire 12 lines
03-19 19:30:22.265  2649  2678 I chatty  : uid=1000(system) ActivityManager expire 17 lines
03-19 19:30:24.748   468   483 D vold    : Remounting 10668 as mode read
03-19 19:30:25.426   468   483 D vold    : Remounting 10668 as mode write
03-19 19:30:31.413  2649  4648 I chatty  : uid=1000(system) Binder:2649_13 expire 13 lines
03-19 19:30:46.650  2649  2956 I chatty  : uid=1000(system) UEventObserver expire 10 lines
03-19 19:30:46.653  2649  3595 I chatty  : uid=1000(system) Binder:2649_8 expire 11 lines
03-19 19:30:55.172  2649  3635 I chatty  : uid=1000(system) Binder:2649_A expire 11 lines
03-19 19:30:58.460   468   483 D vold    : Remounting 10668 as mode read
03-19 19:30:59.146   468   483 D vold    : Remounting 10668 as mode write
03-19 19:31:01.236  2649  3640 I chatty  : uid=1000(system) Binder:2649_B expire 13 lines
03-19 19:31:01.519  2649  4628 I chatty  : uid=1000(system) Binder:2649_F expire 11 lines
03-19 19:31:02.431  2649  4629 I chatty  : uid=1000(system) Binder:2649_10 expire 11 lines
03-19 19:31:20.227   587   587 I chatty  : uid=1000(system) /system/bin/surfaceflinger expire 14 lines
03-19 19:31:25.398  2649  4631 I chatty  : uid=1000(system) Binder:2649_12 expire 10 lines
03-19 19:31:25.399   468   483 D vold    : Remounting 10668 as mode read
03-19 19:31:25.409  2649  2966 I chatty  : uid=1000(system) VoldConnector expire 10 lines
03-19 19:31:26.085   468   483 D vold    : Remounting 10668 as mode write
03-19 19:31:28.181  2649  4624 I chatty  : uid=1000(system) Binder:2649_E expire 14 lines
03-19 19:31:28.763  2649  3645 I chatty  : uid=1000(system) Binder:2649_C expire 14 lines
03-19 19:31:29.368  2649  4610 I chatty  : uid=1000(system) Binder:2649_D expire 10 lines
03-19 19:31:29.467  2649  4630 I chatty  : uid=1000(system) Binder:2649_11 expire 15 lines
03-19 19:31:45.478   587   643 I chatty  : uid=1000(system) EventThread expire 10 lines
03-19 19:31:49.770  2649  3615 I chatty  : uid=1000(system) Binder:2649_9 expire 13 lines
03-19 19:31:52.241   468   483 D vold    : Remounting 10668 as mode read
03-19 19:31:52.919  2649  4629 I chatty  : uid=1000(system) Binder:2649_10 expire 11 lines
03-19 19:31:52.919   468   483 D vold    : Remounting 10668 as mode write
03-19 19:31:56.169  2649  2714 I chatty  : uid=1000(system) android.display expire 12 lines
03-19 19:32:15.799  2649  2988 I chatty  : uid=1000(system) ConnectivitySer expire 12 lines
03-19 19:32:19.153   468   483 D vold    : Remounting 10668 as mode read
03-19 19:32:19.839   468   483 D vold    : Remounting 10668 as mode write
03-19 19:32:22.191  2649  4648 I chatty  : uid=1000(system) Binder:2649_13 expire 16 lines
03-19 19:32:46.291   468   483 D vold    : Remounting 10668 as mode read
03-19 19:32:46.976   468   483 D vold    : Remounting 10668 as mode write
03-19 19:32:49.056  2649  5517 I chatty  : uid=1000(system) Binder:2649_14 expire 17 lines
03-19 19:32:49.650  2649  2662 I chatty  : uid=1000(system) Binder:2649_2 expire 17 lines
03-19 19:33:04.345   587   587 I chatty  : uid=1000(system) /system/bin/surfaceflinger expire 36 lines
03-19 19:33:10.031  2649  4628 I chatty  : uid=1000(system) Binder:2649_F expire 10 lines
03-19 19:33:13.287   468   483 D vold    : Remounting 10668 as mode read
03-19 19:33:13.977  2649  3095 I chatty  : uid=1000(system) Binder:2649_5 expire 11 lines
03-19 19:33:13.978   468   483 D vold    : Remounting 10668 as mode write
03-19 19:33:16.075  2649  3092 I chatty  : uid=1000(system) Binder:2649_4 expire 21 lines
03-19 19:33:16.664  2649  4631 I chatty  : uid=1000(system) Binder:2649_12 expire 14 lines
03-19 19:33:17.266  2649  4648 I chatty  : uid=1000(system) Binder:2649_13 expire 10 lines
03-19 19:33:36.890  2649  2661 I chatty  : uid=1000(system) Binder:2649_1 expire 12 lines
03-19 19:33:38.574  2649  3593 I chatty  : uid=1000(system) Binder:2649_7 expire 11 lines
03-19 19:33:40.191   468   483 D vold    : Remounting 10668 as mode read
03-19 19:33:40.202  2649  2966 I chatty  : uid=1000(system) VoldConnector expire 10 lines
03-19 19:33:40.874   468   483 D vold    : Remounting 10668 as mode write
03-19 19:33:53.394   587   643 I chatty  : uid=1000(system) EventThread expire 17 lines
03-19 19:34:05.759  2649  3640 I chatty  : uid=1000(system) Binder:2649_B expire 11 lines
03-19 19:34:07.193   468   483 D vold    : Remounting 10668 as mode read
03-19 19:34:07.869   468   483 D vold    : Remounting 10668 as mode write
03-19 19:34:47.290  2649  3034 I chatty  : uid=1000(system) Binder:2649_3 expire 13 lines
03-19 19:36:13.366  2649  3595 I chatty  : uid=1000(system) Binder:2649_8 expire 12 lines
03-19 19:37:14.760  2649  7437 I chatty  : uid=1000 system_server expire 1 line
03-19 19:37:15.013  2649  2740 I chatty  : uid=1000(system) PackageManager expire 10 lines
03-19 19:37:15.038  2649  3635 I chatty  : uid=1000(system) Binder:2649_A expire 11 lines
03-19 19:37:15.192  7439  7439 W ContextImpl: Calling a method in the system process without a qualified user: android.app.ContextImpl.startService:1357 android.content.ContextWrapper.startService:613 android.content.ContextWrapper.startService:613 com.android.keychain.KeyChainBroadcastReceiver.onReceive:12 android.app.ActivityThread.handleReceiver:3032 
03-19 19:37:15.520  7439  7439 W ContextImpl: Calling a method in the system process without a qualified user: android.app.ContextImpl.startService:1357 android.content.ContextWrapper.startService:613 android.content.ContextWrapper.startService:613 com.android.keychain.KeyChainBroadcastReceiver.onReceive:12 android.app.ActivityThread.handleReceiver:3032 
03-19 19:37:18.770   587   643 I chatty  : uid=1000(system) EventThread expire 10 lines
03-19 19:37:20.978   587   587 I chatty  : uid=1000(system) /system/bin/surfaceflinger expire 10 lines
03-19 19:37:32.228  2649  2714 I chatty  : uid=1000(system) android.display expire 14 lines
03-19 19:37:32.798  2649  2678 I chatty  : uid=1000(system) ActivityManager expire 10 lines
03-19 19:37:33.378  2649  4610 I chatty  : uid=1000(system) Binder:2649_D expire 25 lines
03-19 19:37:37.676  2649  3347 I chatty  : uid=1000(system) Binder:2649_6 expire 12 lines
03-19 19:37:38.680  2649  3095 I chatty  : uid=1000(system) Binder:2649_5 expire 11 lines
03-19 19:37:41.003  2649  5517 I chatty  : uid=1000(system) Binder:2649_14 expire 13 lines
03-19 19:37:41.004   468   483 D vold    : Remounting 10668 as mode read
03-19 19:37:41.608  2649  4624 I chatty  : uid=1000(system) Binder:2649_E expire 11 lines
03-19 19:37:41.698   468   483 D vold    : Remounting 10668 as mode write
03-19 19:38:12.329  2649  3593 I chatty  : uid=1000(system) Binder:2649_7 expire 11 lines
03-19 19:38:14.859   468   483 D vold    : Remounting 10668 as mode read
03-19 19:38:15.554   468   483 D vold    : Remounting 10668 as mode write
03-19 19:38:38.572   587   587 I chatty  : uid=1000(system) /system/bin/surfaceflinger expire 10 lines
03-19 19:38:41.856   468   483 D vold    : Remounting 10668 as mode read
03-19 19:38:42.539   468   483 D vold    : Remounting 10668 as mode write
03-19 19:38:46.585  2649  3095 I chatty  : uid=1000(system) Binder:2649_5 expire 11 lines
03-19 19:38:46.696  2649  3645 I chatty  : uid=1000(system) Binder:2649_C expire 10 lines
03-19 19:38:46.778  8060  8075 E AndroidRuntime: FATAL EXCEPTION: Instr: android.support.test.runner.AndroidJUnitRunner
03-19 19:38:46.778  8060  8075 E AndroidRuntime: Process: io.appium.uiautomator2.server, PID: 8060
03-19 19:38:46.778  8060  8075 E AndroidRuntime: java.lang.IllegalStateException: UiAutomation not connected!
03-19 19:38:46.778  8060  8075 E AndroidRuntime: 	at android.app.UiAutomation.throwIfNotConnectedLocked(UiAutomation.java:1034)
03-19 19:38:46.778  8060  8075 E AndroidRuntime: 	at android.app.UiAutomation.disconnect(UiAutomation.java:275)
03-19 19:38:46.778  8060  8075 E AndroidRuntime: 	at android.app.Instrumentation.finish(Instrumentation.java:232)
03-19 19:38:46.778  8060  8075 E AndroidRuntime: 	at android.support.test.runner.MonitoringInstrumentation.finish(MonitoringInstrumentation.java:277)
03-19 19:38:46.778  8060  8075 E AndroidRuntime: 	at android.support.test.runner.AndroidJUnitRunner.finish(AndroidJUnitRunner.java:282)
03-19 19:38:46.778  8060  8075 E AndroidRuntime: 	at android.support.test.runner.AndroidJUnitRunner.onStart(AndroidJUnitRunner.java:271)
03-19 19:38:46.778  8060  8075 E AndroidRuntime: 	at android.app.Instrumentation$InstrumentationThread.run(Instrumentation.java:2022)
03-19 19:38:46.791  2649  3615 I chatty  : uid=1000(system) Binder:2649_9 expire 20 lines
03-19 19:38:46.793  2649  8771 I chatty  : uid=1000 system_server expire 1 line
03-19 19:38:47.929  2649  2956 I chatty  : uid=1000(system) UEventObserver expire 11 lines
03-19 19:38:47.931  2649  4631 I chatty  : uid=1000(system) Binder:2649_12 expire 14 lines
03-19 19:39:13.368  2649  3635 I chatty  : uid=1000(system) Binder:2649_A expire 17 lines
03-19 19:39:35.156  8784  8784 W ContextImpl: Calling a method in the system process without a qualified user: android.app.ContextImpl.startService:1357 android.content.ContextWrapper.startService:613 android.content.ContextWrapper.startService:613 com.android.keychain.KeyChainBroadcastReceiver.onReceive:12 android.app.ActivityThread.handleReceiver:3032 
03-19 19:39:35.543  2649  3347 I chatty  : uid=1000(system) Binder:2649_6 expire 11 lines
03-19 19:39:35.565  2649  3095 I chatty  : uid=1000(system) Binder:2649_5 expire 10 lines
03-19 19:39:35.593  8784  8784 W ContextImpl: Calling a method in the system process without a qualified user: android.app.ContextImpl.startService:1357 android.content.ContextWrapper.startService:613 android.content.ContextWrapper.startService:613 com.android.keychain.KeyChainBroadcastReceiver.onReceive:12 android.app.ActivityThread.handleReceiver:3032 
03-19 19:39:40.363  2649  4648 I chatty  : uid=1000(system) Binder:2649_13 expire 11 lines
03-19 19:39:42.228  2649  2740 I chatty  : uid=1000(system) PackageManager expire 14 lines
03-19 19:39:47.739  2649  2662 I chatty  : uid=1000(system) Binder:2649_2 expire 23 lines
03-19 19:39:51.508  2649  4630 I chatty  : uid=1000(system) Binder:2649_11 expire 16 lines
03-19 19:39:52.186  2649  2678 I chatty  : uid=1000(system) ActivityManager expire 11 lines
03-19 19:39:53.270  2649  2649 I chatty  : uid=1000 system_server expire 10 lines
03-19 19:40:00.296   468   483 D vold    : Remounting 10668 as mode read
03-19 19:40:00.306  2649  2966 I chatty  : uid=1000(system) VoldConnector expire 12 lines
03-19 19:40:00.968   468   483 D vold    : Remounting 10668 as mode write
03-19 19:40:26.433   587   643 I chatty  : uid=1000(system) EventThread expire 14 lines
03-19 19:40:33.911   468   483 D vold    : Remounting 10668 as mode read
03-19 19:40:36.171   468   483 D vold    : Remounting 10668 as mode write
03-19 19:41:13.366  2649  5517 I chatty  : uid=1000(system) Binder:2649_14 expire 20 lines
03-19 19:41:40.063  2649  3092 I chatty  : uid=1000(system) Binder:2649_4 expire 12 lines
03-19 19:41:48.157   587   587 I chatty  : uid=1000(system) /system/bin/surfaceflinger expire 24 lines
03-19 19:44:05.588  2649 10077 I chatty  : uid=1000 system_server expire 1 line
03-19 19:44:05.897  2649  2678 I chatty  : uid=1000(system) ActivityManager expire 10 lines
03-19 19:44:06.054 10079 10079 W ContextImpl: Calling a method in the system process without a qualified user: android.app.ContextImpl.startService:1357 android.content.ContextWrapper.startService:613 android.content.ContextWrapper.startService:613 com.android.keychain.KeyChainBroadcastReceiver.onReceive:12 android.app.ActivityThread.handleReceiver:3032 
03-19 19:44:06.222  2649  2661 I chatty  : uid=1000(system) Binder:2649_1 expire 10 lines
03-19 19:44:06.261  2649  3645 I chatty  : uid=1000(system) Binder:2649_C expire 10 lines
03-19 19:44:06.313  2649  3034 I chatty  : uid=1000(system) Binder:2649_3 expire 12 lines
03-19 19:44:06.391 10079 10079 W ContextImpl: Calling a method in the system process without a qualified user: android.app.ContextImpl.startService:1357 android.content.ContextWrapper.startService:613 android.content.ContextWrapper.startService:613 com.android.keychain.KeyChainBroadcastReceiver.onReceive:12 android.app.ActivityThread.handleReceiver:3032 
03-19 19:44:08.372   587   643 I chatty  : uid=1000(system) EventThread expire 11 lines
03-19 19:44:13.517  2649  3615 I chatty  : uid=1000(system) Binder:2649_9 expire 10 lines
03-19 19:44:17.626  2649  4629 I chatty  : uid=1000(system) Binder:2649_10 expire 20 lines
03-19 19:44:22.882  2649  2714 I chatty  : uid=1000(system) android.display expire 12 lines
03-19 19:44:26.103  2649  3640 I chatty  : uid=1000(system) Binder:2649_B expire 17 lines
03-19 19:44:28.014  2649  3095 I chatty  : uid=1000(system) Binder:2649_5 expire 10 lines
03-19 19:44:28.021  2649  2988 I chatty  : uid=1000(system) ConnectivitySer expire 11 lines
03-19 19:44:28.817  2649  4610 I chatty  : uid=1000(system) Binder:2649_D expire 10 lines
03-19 19:44:31.337   468   483 D vold    : Remounting 10668 as mode read
03-19 19:44:31.991  2649  3034 I chatty  : uid=1000(system) Binder:2649_3 expire 20 lines
03-19 19:44:32.008  2649  4628 I chatty  : uid=1000(system) Binder:2649_F expire 14 lines
03-19 19:44:32.018   468   483 D vold    : Remounting 10668 as mode write
03-19 19:44:38.388   587   587 I chatty  : uid=1000(system) /system/bin/surfaceflinger expire 12 lines
03-19 19:44:39.056  2649  3615 I chatty  : uid=1000(system) Binder:2649_9 expire 13 lines
03-19 19:45:02.753  2649  3635 I chatty  : uid=1000(system) Binder:2649_A expire 12 lines
03-19 19:45:04.198   468   483 D vold    : Remounting 10668 as mode read
03-19 19:45:04.870   468   483 D vold    : Remounting 10668 as mode write
03-19 19:45:07.253  2649  4630 I chatty  : uid=1000(system) Binder:2649_11 expire 19 lines
03-19 19:45:09.084 10709 10724 E AndroidRuntime: FATAL EXCEPTION: Instr: android.support.test.runner.AndroidJUnitRunner
03-19 19:45:09.084 10709 10724 E AndroidRuntime: Process: io.appium.uiautomator2.server, PID: 10709
03-19 19:45:09.084 10709 10724 E AndroidRuntime: java.lang.IllegalStateException: UiAutomation not connected!
03-19 19:45:09.084 10709 10724 E AndroidRuntime: 	at android.app.UiAutomation.throwIfNotConnectedLocked(UiAutomation.java:1034)
03-19 19:45:09.084 10709 10724 E AndroidRuntime: 	at android.app.UiAutomation.disconnect(UiAutomation.java:275)
03-19 19:45:09.084 10709 10724 E AndroidRuntime: 	at android.app.Instrumentation.finish(Instrumentation.java:232)
03-19 19:45:09.084 10709 10724 E AndroidRuntime: 	at android.support.test.runner.MonitoringInstrumentation.finish(MonitoringInstrumentation.java:277)
03-19 19:45:09.084 10709 10724 E AndroidRuntime: 	at android.support.test.runner.AndroidJUnitRunner.finish(AndroidJUnitRunner.java:282)
03-19 19:45:09.084 10709 10724 E AndroidRuntime: 	at android.support.test.runner.AndroidJUnitRunner.onStart(AndroidJUnitRunner.java:271)
03-19 19:45:09.084 10709 10724 E AndroidRuntime: 	at android.app.Instrumentation$InstrumentationThread.run(Instrumentation.java:2022)
03-19 19:45:09.099  2649 11200 I chatty  : uid=1000 system_server expire 1 line
03-19 19:46:09.108  2649  2662 I chatty  : uid=1000(system) Binder:2649_2 expire 17 lines
03-19 19:46:22.978  2649  2740 I chatty  : uid=1000(system) PackageManager expire 17 lines
03-19 19:46:23.050 11215 11215 W ContextImpl: Calling a method in the system process without a qualified user: android.app.ContextImpl.startService:1357 android.content.ContextWrapper.startService:613 android.content.ContextWrapper.startService:613 com.android.keychain.KeyChainBroadcastReceiver.onReceive:12 android.app.ActivityThread.handleReceiver:3032 
03-19 19:46:23.064  2649  3595 I chatty  : uid=1000(system) Binder:2649_8 expire 12 lines
03-19 19:46:23.066  2649  2678 I chatty  : uid=1000(system) ActivityManager expire 14 lines
03-19 19:46:23.628 11215 11215 W ContextImpl: Calling a method in the system process without a qualified user: android.app.ContextImpl.startService:1357 android.content.ContextWrapper.startService:613 android.content.ContextWrapper.startService:613 com.android.keychain.KeyChainBroadcastReceiver.onReceive:12 android.app.ActivityThread.handleReceiver:3032 
03-19 19:46:24.221  2649  4631 I chatty  : uid=1000(system) Binder:2649_12 expire 11 lines
03-19 19:46:28.330  2649  3593 I chatty  : uid=1000(system) Binder:2649_7 expire 11 lines
03-19 19:46:47.966   468   483 D vold    : Remounting 10668 as mode read
03-19 19:46:48.631   468   483 D vold    : Remounting 10668 as mode write
03-19 19:46:50.686  2649  2662 I chatty  : uid=1000(system) Binder:2649_2 expire 14 lines
03-19 19:46:53.521  2649  4648 I chatty  : uid=1000(system) Binder:2649_13 expire 10 lines
03-19 19:47:09.264  2649  2956 I chatty  : uid=1000(system) UEventObserver expire 10 lines
03-19 19:47:18.193  2649  4631 I chatty  : uid=1000(system) Binder:2649_12 expire 18 lines
03-19 19:47:19.852  2649  3095 I chatty  : uid=1000(system) Binder:2649_5 expire 13 lines
03-19 19:47:21.512   468   483 D vold    : Remounting 10668 as mode read
03-19 19:47:22.198   468   483 D vold    : Remounting 10668 as mode write
03-19 19:47:24.712  2649  4630 I chatty  : uid=1000(system) Binder:2649_11 expire 10 lines
03-19 19:47:26.252  2649  4610 I chatty  : uid=1000(system) Binder:2649_D expire 10 lines
03-19 19:47:36.059  2649  4624 I chatty  : uid=1000(system) Binder:2649_E expire 17 lines
03-19 19:48:06.212  2649  3347 I chatty  : uid=1000(system) Binder:2649_6 expire 10 lines
03-19 19:48:06.940  2649  2714 I chatty  : uid=1000(system) android.display expire 11 lines
03-19 19:48:07.882  2649  2661 I chatty  : uid=1000(system) Binder:2649_1 expire 10 lines
03-19 19:48:08.362   587   587 I chatty  : uid=1000(system) /system/bin/surfaceflinger expire 12 lines
03-19 19:48:40.691 12619 12619 W ContextImpl: Calling a method in the system process without a qualified user: android.app.ContextImpl.startService:1357 android.content.ContextWrapper.startService:613 android.content.ContextWrapper.startService:613 com.android.keychain.KeyChainBroadcastReceiver.onReceive:12 android.app.ActivityThread.handleReceiver:3032 
03-19 19:48:41.072 12619 12619 W ContextImpl: Calling a method in the system process without a qualified user: android.app.ContextImpl.startService:1357 android.content.ContextWrapper.startService:613 android.content.ContextWrapper.startService:613 com.android.keychain.KeyChainBroadcastReceiver.onReceive:12 android.app.ActivityThread.handleReceiver:3032 
03-19 19:48:52.971  2649  3645 I chatty  : uid=1000(system) Binder:2649_C expire 14 lines
