--------- beginning of system
02-19 10:38:03.156  2728  2728 V FingerprintService: onAuthenticated(owner=com.android.systemui, id=-78120539, gp=0)
02-19 10:38:03.158  2728  2728 V FingerprintService: Done with client: com.android.systemui
02-19 10:38:03.160  2728  2728 D StatusBarManagerService: hiding navigation bar...
02-19 10:38:03.161  2728  2728 V FingerprintService: setNavigationState: true
02-19 10:38:03.163  2728  4924 I PowerManagerService: Waking up from dozing (uid 10069)...
02-19 10:38:03.166  2728  2852 I DisplayManagerService: Display device changed state: "Built-in Screen", ON
02-19 10:38:03.192  2728  2852 E WindowManager: Timeout waiting for animation to startup
02-19 10:38:03.227  3226  3226 V KeyguardDisplayManager: hide
02-19 10:38:03.245  2728  2728 V FingerprintService: startAuthentication(com.android.systemui)
02-19 10:38:03.245  2728  2728 V FingerprintService: starting client AuthenticationClient(com.android.systemui), initiatedByClient = true)
02-19 10:38:03.263  2728  2728 W FingerprintService: client com.android.systemui is authenticating...
02-19 10:38:03.264  2728  2728 D StatusBarManagerService: showing navigation bar...
02-19 10:38:03.297  2728 23569 W ActivityManager: Permission Denial: Accessing service ComponentInfo{com.google.android.music/com.google.android.music.dial.DialMediaRouteProviderService} from pid=13953, uid=10033 that is not exported from uid 10114
02-19 10:38:03.354  2728 20347 W InputMethodManagerService: Window already focused, ignoring focus gain of: com.android.internal.view.IInputMethodClient$Stub$Proxy@949b461 attribute=android.view.inputmethod.EditorInfo@d5d8b86, token = android.os.BinderProxy@5ee5889
02-19 10:38:03.355   582   635 I SFPerfTracer:      triggers: (rate: 0:15) (179528 sw vsyncs) (0 skipped) (0:425629 vsyncs) (40:723860)
02-19 10:38:03.358  2728  2796 I MotorolaSettingsState: [PERSIST START]
02-19 10:38:03.359  2728  2796 I MotorolaSettingsState: [PERSISTED]mobile_sync_wifi_url=
02-19 10:38:03.359  2728  2796 I MotorolaSettingsState: [PERSISTED]hiddenmenu_ddtm_default_preference_settings=2
02-19 10:38:03.359  2728  2796 I MotorolaSettingsState: [PERSISTED]ref_country_area_code=000
02-19 10:38:03.359  2728  2796 I MotorolaSettingsState: [PERSISTED]show_fps_lock_notification=1
02-19 10:38:03.359  2728  2796 I MotorolaSettingsState: [PERSISTED]multiple_pdp_isenabled=1
02-19 10:38:03.359  2728  2796 I MotorolaSettingsState: [PERSISTED]tts_caller_id_readout=0
02-19 10:38:03.359  2728  2796 I MotorolaSettingsState: [PERSISTED]dun_nat_enabled=1
02-19 10:38:03.360  2728  2796 I MotorolaSettingsState: [PERSISTED]software_update_alert=0
02-19 10:38:03.360  2728  2796 I MotorolaSettingsState: [PERSISTED]vibrate_patterns=0
02-19 10:38:03.360  2728  2796 I MotorolaSettingsState: [PERSISTED]supl_pref_apn=
02-19 10:38:03.360  2728  2796 I MotorolaSettingsState: [PERSISTED]north_american_dialing_enabled=0
02-19 10:38:03.360  2728  2796 I MotorolaSettingsState: [PERSISTED]service_reset=0
02-19 10:38:03.360  2728  2796 I MotorolaSettingsState: [PERSISTED]tether_reverse_nat_enabled=0
02-19 10:38:03.360  2728  2796 I MotorolaSettingsState: [PERSISTED]sprint_offload_flex=0
02-19 10:38:03.360  2728  2796 I MotorolaSettingsState: [PERSISTED]cur_country_updated_by_user=0
02-19 10:38:03.360  2728  2796 I MotorolaSettingsState: [PERSISTED]supl_carrier_settings_enabled=0
02-19 10:38:03.360  2728  2796 I MotorolaSettingsState: [PERSISTED]hdmi_overscan=95
02-19 10:38:03.360  2728  2796 I MotorolaSettingsState: [PERSISTED]sim_33859_isenabled=0
02-19 10:38:03.360  2728  2796 I MotorolaSettingsState: [PERSISTED]emergency_sms_active=0
02-19 10:38:03.360  2728  2796 I MotorolaSettingsState: [PERSISTED]nfc_auth_enabled=1
02-19 10:38:03.360  2728  2796 I MotorolaSettingsState: [PERSISTED]ref_country_idd=011
02-19 10:38:03.360  2728  2796 I MotorolaSettingsState: [PERSISTED]ref_country_mcc=310
02-19 10:38:03.360  2728  2796 I MotorolaSettingsState: [PERSISTED]ref_country_ndd=1
02-19 10:38:03.360  2728  2796 I MotorolaSettingsState: [PERSISTED]allow_editing_class3_apn=0
02-19 10:38:03.360  2728  2796 I MotorolaSettingsState: [PERSISTED]vm_number_cdma=*86
02-19 10:38:03.360  2728  2796 I MotorolaSettingsState: [PERSISTED]supl_dm_addr_type=
02-19 10:38:03.360  2728  2796 I MotorolaSettingsState: [PERSISTED]cur_country_idd=011
02-19 10:38:03.360  2728  2796 I MotorolaSettingsState: [PERSISTED]cur_country_mcc=310
02-19 10:38:03.360  2728  2796 I MotorolaSettingsState: [PERSISTED]cur_country_ndd=1
02-19 10:38:03.360  2728  2796 I MotorolaSettingsState: [PERSISTED]enable_mms_when_data_disabled=0
02-19 10:38:03.360  2728  2796 I MotorolaSettingsState: [PERSISTED]privacy_droid_blast=0
02-19 10:38:03.360  2728  2796 I MotorolaSettingsState: [PERSISTED]agps_feature_enabled=0
02-19 10:38:03.360  2728  2796 I MotorolaSettingsState: [PERSISTED]cur_country_code=1
02-19 10:38:03.360  2728  2796 I MotorolaSettingsState: [PERSISTED]cur_country_name=United States of America
02-19 10:38:03.360  2728  2796 I MotorolaSettingsState: [PERSISTED]user_need_accept_moto_agreement=1
02-19 10:38:03.360  2728  2796 I MotorolaSettingsState: [PERSISTED]dun_apn_changable=1
02-19 10:38:03.360  2728  2796 I MotorolaSettingsState: [PERSISTED]plus_code_dialing_idd_prefix=
02-19 10:38:03.360  2728  2796 I MotorolaSettingsState: [PERSISTED]ref_country_code=1
02-19 10:38:03.360  2728  2796 I MotorolaSettingsState: [PERSISTED]ref_country_name=United States of America
02-19 10:38:03.360  2728  2796 I MotorolaSettingsState: [PERSISTED]supl_dm_app_id=ap0004
02-19 10:38:03.360  2728  2796 I MotorolaSettingsState: [PERSISTED]emergency_call_shortcut_enable=0
02-19 10:38:03.360  2728  2796 I MotorolaSettingsState: [PERSISTED]roaming_plmn_table=
02-19 10:38:03.360  2728  2796 I MotorolaSettingsState: [PERSISTED]display_off_by_fps=1
02-19 10:38:03.360  2728  2796 I MotorolaSettingsState: [PERSISTED]privacy_always_on_voice=0
02-19 10:38:03.360  2728  2796 I MotorolaSettingsState: [PERSISTED]anc_mode=0
02-19 10:38:03.360  2728  2796 I MotorolaSettingsState: [PERSISTED]qsms_enable_text_message_reply=1
02-19 10:38:03.360  2728  2796 I MotorolaSettingsState: [PERSISTED]lock_type=0
02-19 10:38:03.360  2728  2796 I MotorolaSettingsState: [PERSISTED]black_list_roaming_plmn_table=
02-19 10:38:03.360  2728  2796 I MotorolaSettingsState: [PERSISTED]eri_alert_sounds=0
02-19 10:38:03.360  2728  2796 I MotorolaSettingsState: [PERSISTED]privacy_smart_actions=0
02-19 10:38:03.360  2728  2796 I MotorolaSettingsState: [PERSISTED]sn_aon=1
02-19 10:38:03.360  2728  2796 I MotorolaSettingsState: [PERSISTED]def_plus_code_dialing_idd_prefix=
02-19 10:38:03.360  2728  2796 I MotorolaSettingsState: [PERSISTED]fps_onenav_enabled=1
02-19 10:38:03.360  2728  2796 I MotorolaSettingsState: [PERSISTED]power_saver_enabled=0
02-19 10:38:03.360  2728  2796 I MotorolaSettingsState: [PERSISTED]back_ground_data_backup_by_datamanager=0
02-19 10:38:03.360  2728  2796 I MotorolaSettingsState: [PERSISTED]call_connect_tone=0
02-19 10:38:03.360  2728  2796 I MotorolaSettingsState: [PERSISTED]disable_data_ecn0=-15
02-19 10:38:03.360  2728  2796 I MotorolaSettingsState: [PERSISTED]disable_data_rscp=-105
02-19 10:38:03.360  2728  2796 I MotorolaSettingsState: [PERSISTED]disable_data_rssi=-96
02-19 10:38:03.360  2728  2796 I MotorolaSettingsState: [PERSISTED]show_fps_enroll_dialog=0
02-19 10:38:03.360  2728  2796 I MotorolaSettingsState: [PERSISTED]calling_gsm_ad_enabled=0
02-19 10:38:03.360  2728  2796 I MotorolaSettingsState: [PERSISTED]enable_mo_sms_over_ims=0
02-19 10:38:03.360  2728  2796 I MotorolaSettingsState: [PERSISTED]roaming_plmn_between_carriers_enabled=0
02-19 10:38:03.360  2728  2796 I MotorolaSettingsState: [PERSISTED]supl_dm_name=
02-19 10:38:03.360  2728  2796 I MotorolaSettingsState: [PERSISTED]cur_country_area_code=000
02-19 10:38:03.361  2728  2796 I MotorolaSettingsState: [PERSISTED]fps_onenav_show_navigation_bar=1
02-19 10:38:03.361  2728  2796 I MotorolaSettingsState: [PERSISTED]eable_data_ecn0=-10
02-19 10:38:03.361  2728  2796 I MotorolaSettingsState: [PERSISTED]fps_onenav_swipe_direction=0
02-19 10:38:03.361  2728  2796 I MotorolaSettingsState: [PERSISTED]kbd_backlight_control_mode=1
02-19 10:38:03.361  2728  2796 I MotorolaSettingsState: [PERSISTED]hfa_running=0
02-19 10:38:03.361  2728  2796 I MotorolaSettingsState: [PERSISTED]mobile_data_disable=0
02-19 10:38:03.361  2728  2796 I MotorolaSettingsState: [PERSISTED]kbd_backlight_brightness=255
02-19 10:38:03.361  2728  2796 I MotorolaSettingsState: [PERSISTED]privacy_moto_marketing=0
02-19 10:38:03.361  2728  2796 I MotorolaSettingsState: [PERSISTED]tsb_disable_flags=0
02-19 10:38:03.361  2728  2796 I MotorolaSettingsState: [PERSISTED]att_voice_priority=0
02-19 10:38:03.361  2728  2796 I MotorolaSettingsState: [PERSISTED]bluetooth_mfb_enabled_when_locked=0
02-19 10:38:03.361  2728  2796 I MotorolaSettingsState: [PERSISTED]screen_lock=1
02-19 10:38:03.361  2728  2796 I MotorolaSettingsState: [PERSISTED]vm_vvm_roaming_selection=2
02-19 10:38:03.361  2728  2796 I MotorolaSettingsState: [PERSISTED]assisted_dialing_state=0
02-19 10:38:03.361  2728  2796 I MotorolaSettingsState: [PERSISTED]dataswitch_sync_connect_value=255
02-19 10:38:03.361  2728  2796 I MotorolaSettingsState: [PERSISTED]user_setup_complete_timestamp=1506542241852
02-19 10:38:03.361  2728  2796 I MotorolaSettingsState: [PERSISTED]enable_data_rscp=-100
02-19 10:38:03.361  2728  2796 I MotorolaSettingsState: [PERSISTED]enable_data_rssi=-91
02-19 10:38:03.361  2728  2796 I MotorolaSettingsState: [PERSISTED]roaming_mcc_table=
02-19 10:38:03.361  2728  2796 I MotorolaSettingsState: [PERSISTED]enable_download_wallpaper=false
02-19 10:38:03.361  2728  2796 I MotorolaSettingsState: [PERSISTED]ref_country_mdn_len=10
02-19 10:38:03.361  2728  2796 I MotorolaSettingsState: [PERSISTED]kbd_backlight_timeout=-1
02-19 10:38:03.361  2728  2796 I MotorolaSettingsState: [PERSISTED]cur_country_mdn_len=10
02-19 10:38:03.361  2728  2796 I MotorolaSettingsState: [PERSISTED]fps_onenav_tutorial_mode=0
02-19 10:38:03.361  2728  2796 I MotorolaSettingsState: [PERSISTED]full_charge_notification_enable=0
02-19 10:38:03.361  2728  2796 I MotorolaSettingsState: [PERSISTED]fid_33463_enabled=0
02-19 10:38:03.361  2728  2796 I MotorolaSettingsState: [PERSISTED]fid_34387_multimode=0
02-19 10:38:03.361  2728  2796 I MotorolaSettingsState: [PERSISTED]demo_video_download_uri=www.mobile-5.com/motorola/videos/video01_en.3gp
02-19 10:38:03.361  2728  2796 I MotorolaSettingsState: [PERSISTED]lock_pin_current_failed_attempts=0
02-19 10:38:03.361  2728  2796 I MotorolaSettingsState: [PERSISTED]demo_mode_enabled=0
02-19 10:38:03.361  2728  2796 I MotorolaSettingsState: [PERSISTED]supl_dm_provider_id=
02-19 10:38:03.361  2728  2796 I MotorolaSettingsState: [PERSISTED]data_roaming_access_feature_enabled=0
02-19 10:38:03.361  2728  2796 I MotorolaSettingsState: [PERSISTED]supl_dm_enabled=0
02-19 10:38:03.361  2728  2796 I MotorolaSettingsState: [PERSISTED]double_tap=none
02-19 10:38:03.361  2728  2796 I MotorolaSettingsState: [PERSISTED]vm_vvm_selection=2
02-19 10:38:03.361  2728  2796 I MotorolaSettingsState: [PERSISTED]ftr_ringer_switch_enable=0
02-19 10:38:03.361  2728  2796 I MotorolaSettingsState: [PERSISTED]viewserver_in_securebuild_enabled=0
02-19 10:38:03.361  2728  2796 I MotorolaSettingsState: [PERSISTED]hslp_address=
02-19 10:38:03.361  2728  2796 I MotorolaSettingsState: [PERSISTED]privacy_support_device=1
02-19 10:38:03.361  2728  2796 I MotorolaSettingsState: [PERSISTED]demo_video_path_in_sdcard=/MotoDemo/Moto_Demo.3gp
02-19 10:38:03.361  2728  2796 I MotorolaSettingsState: [PERSISTED]wifi_networks_secure_available_notification_on=1
02-19 10:38:03.361  2728  2796 I MotorolaSettingsState: [PERSISTED]demo_video_path_in_system=/system/etc/motorola/MotoDemo/Moto_Demo.3gp
02-19 10:38:03.361  2728  2796 I MotorolaSettingsState: [PERSISTED]network_lost_tone=0
02-19 10:38:03.361  2728  2796 I MotorolaSettingsState: [PERSISTED]voicemail_hide_mwi_enabled=0
02-19 10:38:03.362  2728  2796 I MotorolaSettingsState: [PERSISTED]wifi_offload_flag=0
02-19 10:38:03.362  2728  2796 I MotorolaSettingsState: [PERSISTED]lock_timer=1200000
02-19 10:38:03.362  2728  2796 I MotorolaSettingsState: [PERSISTED]flag_allow_access_only_for_this_trip=0
02-19 10:38:03.362  2728  2796 I MotorolaSettingsState: [PERSISTED]dun_apn_hide=0
02-19 10:38:03.362  2728  2796 I MotorolaSettingsState: [PERSISTED]ice_isenabled=0
02-19 10:38:03.362  2728  2796 I MotorolaSettingsState: [PERSISTED]check_cfu_poweron=0
02-19 10:38:03.362  2728  2796 I MotorolaSettingsState: [PERSISTED]task_button_press_behavior=0
02-19 10:38:03.362  2728  2796 I MotorolaSettingsState: [PERSISTED]ftr_cell_broadcast_enabled=0
02-19 10:38:03.362  2728  2796 I MotorolaSettingsState: [PERSISTED]privacy_help_improve_products=1
02-19 10:38:03.362  2728  2796 I MotorolaSettingsState: [PERSISTED]privacy_smart_notifications_chrome=0
02-19 10:38:03.362  2728  2796 I MotorolaSettingsState: [PERSISTED]supl_alt_apns=
02-19 10:38:03.362  2728  2796 I MotorolaSettingsState: [PERSISTED]dataswitch_feature_enabled=0
02-19 10:38:03.362  2728  2796 I MotorolaSettingsState: [PERSISTED]privacy_motorola_terms_of_service=1
02-19 10:38:03.362  2728  2796 I MotorolaSettingsState: [PERSISTED]hyphenation_feature_enabled=0
02-19 10:38:03.362  2728  2796 I MotorolaSettingsState: [PERSISTED]calling_33860_enabled=0
02-19 10:38:03.362  2728  2796 I MotorolaSettingsState: [PERSISTED]network_setting_on_boot=0
02-19 10:38:03.362  2728  2796 I MotorolaSettingsState: [PERSISTED]eri_text_banner=1
02-19 10:38:03.362  2728  2796 I MotorolaSettingsState: [PERSISTED]privacy_ota_update=1
02-19 10:38:03.362  2728  2796 I MotorolaSettingsState: [PERSISTED]smartdialer_language_code=1
02-19 10:38:03.362  2728  2796 I MotorolaSettingsState: [PERSISTED]ftr_fdn_notify_enabled=0
02-19 10:38:03.362  2728  2796 I MotorolaSettingsState: [PERSISTED]pointer_acceleration=2
02-19 10:38:03.362  2728  2796 I MotorolaSettingsState: [PERSISTED]sprint_N11_feature_enabled=0
02-19 10:38:03.370  2728  2796 I MotorolaSettingsState: [PERSIST END]
02-19 10:38:03.406  2728  2728 D FingerprintService: Receive intent : android.intent.action.SCREEN_ON
02-19 10:38:03.431  2728  2856 I DreamManagerService: Gently waking up from dream.
02-19 10:38:03.431  2728 29454 I DreamManagerService: Leaving dreamland.
02-19 10:38:03.432  2728  2850 I DreamController: Stopping dream: name=ComponentInfo{com.motorola.motodisplay/com.motorola.motodisplay.DozeService}, isTest=false, canDoze=true, userId=0
02-19 10:38:03.436  2728  3134 W ActivityManager: Unbind failed: could not find connection for android.os.BinderProxy@af6da12
02-19 10:38:03.445  2728  2728 V FingerprintService: stop client com.android.systemui
02-19 10:38:03.448  2728 29454 I WindowManager: Destroying surface Surface(name=AOD) called by com.android.server.wm.WindowStateAnimator.destroySurface:2067 com.android.server.wm.WindowStateAnimator.destroySurfaceLocked:896 com.android.server.wm.WindowState.removeLocked:1457 com.android.server.wm.WindowManagerService.removeWindowInnerLocked:2546 com.android.server.wm.WindowManagerService.removeWindowLocked:2504 com.android.server.wm.WindowManagerService.removeWindowLocked:2373 com.android.server.wm.WindowManagerService.removeWindow:2364 com.android.server.wm.Session.remove:193 
02-19 10:38:03.452  2728  2728 W FingerprintService: client com.android.systemui is no longer authenticating
02-19 10:38:03.452  2728  2728 V FingerprintService: Done with client: com.android.systemui
02-19 10:38:03.475  2728  2728 D StatusBarManagerService: hiding navigation bar...
02-19 10:38:03.476  2728  2728 V FingerprintService: setNavigationState: true
02-19 10:38:03.536  2728  2728 V FingerprintService: handleError(client=com.android.systemui, error = 5)
02-19 10:38:03.538  2728  2728 E NotificationService: Suppressing notification from package by user request.
02-19 10:38:03.538  2728  2728 V NotificationListeners: disabling notification listener for user 0: ComponentInfo{com.motorola.motodisplay/com.motorola.motodisplay.notification.DisplayNotifListenerService}
02-19 10:38:03.555  2728 23568 I WindowManager: Destroying surface Surface(name=NavigationBar) called by com.android.server.wm.WindowStateAnimator.destroySurface:2067 com.android.server.wm.WindowStateAnimator.destroySurfaceLocked:896 com.android.server.wm.WindowState.removeLocked:1457 com.android.server.wm.WindowManagerService.removeWindowInnerLocked:2546 com.android.server.wm.WindowManagerService.removeWindowLocked:2504 com.android.server.wm.WindowManagerService.removeWindowLocked:2373 com.android.server.wm.WindowManagerService.removeWindow:2364 com.android.server.wm.Session.remove:193 
02-19 10:38:03.652  2728  2796 I MotorolaSettingsState: [PERSIST START]
02-19 10:38:03.653  2728  2796 I MotorolaSettingsState: [PERSISTED]mobile_sync_wifi_url=
02-19 10:38:03.653  2728  2796 I MotorolaSettingsState: [PERSISTED]hiddenmenu_ddtm_default_preference_settings=2
02-19 10:38:03.653  2728  2796 I MotorolaSettingsState: [PERSISTED]ref_country_area_code=000
02-19 10:38:03.653  2728  2796 I MotorolaSettingsState: [PERSISTED]show_fps_lock_notification=1
02-19 10:38:03.653  2728  2796 I MotorolaSettingsState: [PERSISTED]multiple_pdp_isenabled=1
02-19 10:38:03.653  2728  2796 I MotorolaSettingsState: [PERSISTED]tts_caller_id_readout=0
02-19 10:38:03.653  2728  2796 I MotorolaSettingsState: [PERSISTED]dun_nat_enabled=1
02-19 10:38:03.653  2728  2796 I MotorolaSettingsState: [PERSISTED]software_update_alert=0
02-19 10:38:03.653  2728  2796 I MotorolaSettingsState: [PERSISTED]vibrate_patterns=0
02-19 10:38:03.653  2728  2796 I MotorolaSettingsState: [PERSISTED]supl_pref_apn=
02-19 10:38:03.653  2728  2796 I MotorolaSettingsState: [PERSISTED]north_american_dialing_enabled=0
02-19 10:38:03.653  2728  2796 I MotorolaSettingsState: [PERSISTED]service_reset=0
02-19 10:38:03.653  2728  2796 I MotorolaSettingsState: [PERSISTED]tether_reverse_nat_enabled=0
02-19 10:38:03.653  2728  2796 I MotorolaSettingsState: [PERSISTED]sprint_offload_flex=0
02-19 10:38:03.653  2728  2796 I MotorolaSettingsState: [PERSISTED]cur_country_updated_by_user=0
02-19 10:38:03.653  2728  2796 I MotorolaSettingsState: [PERSISTED]supl_carrier_settings_enabled=0
02-19 10:38:03.653  2728  2796 I MotorolaSettingsState: [PERSISTED]hdmi_overscan=95
02-19 10:38:03.653  2728  2796 I MotorolaSettingsState: [PERSISTED]sim_33859_isenabled=0
02-19 10:38:03.653  2728  2796 I MotorolaSettingsState: [PERSISTED]emergency_sms_active=0
02-19 10:38:03.653  2728  2796 I MotorolaSettingsState: [PERSISTED]nfc_auth_enabled=1
02-19 10:38:03.653  2728  2796 I MotorolaSettingsState: [PERSISTED]ref_country_idd=011
02-19 10:38:03.653  2728  2796 I MotorolaSettingsState: [PERSISTED]ref_country_mcc=310
02-19 10:38:03.653  2728  2796 I MotorolaSettingsState: [PERSISTED]ref_country_ndd=1
02-19 10:38:03.653  2728  2796 I MotorolaSettingsState: [PERSISTED]allow_editing_class3_apn=0
02-19 10:38:03.653  2728  2796 I MotorolaSettingsState: [PERSISTED]vm_number_cdma=*86
02-19 10:38:03.653  2728  2796 I MotorolaSettingsState: [PERSISTED]supl_dm_addr_type=
02-19 10:38:03.653  2728  2796 I MotorolaSettingsState: [PERSISTED]cur_country_idd=011
02-19 10:38:03.653  2728  2796 I MotorolaSettingsState: [PERSISTED]cur_country_mcc=310
02-19 10:38:03.653  2728  2796 I MotorolaSettingsState: [PERSISTED]cur_country_ndd=1
02-19 10:38:03.653  2728  2796 I MotorolaSettingsState: [PERSISTED]enable_mms_when_data_disabled=0
02-19 10:38:03.653  2728  2796 I MotorolaSettingsState: [PERSISTED]privacy_droid_blast=0
02-19 10:38:03.653  2728  2796 I MotorolaSettingsState: [PERSISTED]agps_feature_enabled=0
02-19 10:38:03.653  2728  2796 I MotorolaSettingsState: [PERSISTED]cur_country_code=1
02-19 10:38:03.653  2728  2796 I MotorolaSettingsState: [PERSISTED]cur_country_name=United States of America
02-19 10:38:03.653  2728  2796 I MotorolaSettingsState: [PERSISTED]user_need_accept_moto_agreement=1
02-19 10:38:03.653  2728  2796 I MotorolaSettingsState: [PERSISTED]dun_apn_changable=1
02-19 10:38:03.653  2728  2796 I MotorolaSettingsState: [PERSISTED]plus_code_dialing_idd_prefix=
02-19 10:38:03.653  2728  2796 I MotorolaSettingsState: [PERSISTED]ref_country_code=1
02-19 10:38:03.653  2728  2796 I MotorolaSettingsState: [PERSISTED]ref_country_name=United States of America
02-19 10:38:03.654  2728  2796 I MotorolaSettingsState: [PERSISTED]supl_dm_app_id=ap0004
02-19 10:38:03.654  2728  2796 I MotorolaSettingsState: [PERSISTED]emergency_call_shortcut_enable=0
02-19 10:38:03.654  2728  2796 I MotorolaSettingsState: [PERSISTED]roaming_plmn_table=
02-19 10:38:03.654  2728  2796 I MotorolaSettingsState: [PERSISTED]display_off_by_fps=1
02-19 10:38:03.654  2728  2796 I MotorolaSettingsState: [PERSISTED]privacy_always_on_voice=0
02-19 10:38:03.654  2728  2796 I MotorolaSettingsState: [PERSISTED]anc_mode=0
02-19 10:38:03.654  2728  2796 I MotorolaSettingsState: [PERSISTED]qsms_enable_text_message_reply=1
02-19 10:38:03.654  2728  2796 I MotorolaSettingsState: [PERSISTED]lock_type=0
02-19 10:38:03.654  2728  2796 I MotorolaSettingsState: [PERSISTED]black_list_roaming_plmn_table=
02-19 10:38:03.654  2728  2796 I MotorolaSettingsState: [PERSISTED]eri_alert_sounds=0
02-19 10:38:03.654  2728  2796 I MotorolaSettingsState: [PERSISTED]privacy_smart_actions=0
02-19 10:38:03.654  2728  2796 I MotorolaSettingsState: [PERSISTED]sn_aon=1
02-19 10:38:03.654  2728  2796 I MotorolaSettingsState: [PERSISTED]def_plus_code_dialing_idd_prefix=
02-19 10:38:03.654  2728  2796 I MotorolaSettingsState: [PERSISTED]fps_onenav_enabled=1
02-19 10:38:03.654  2728  2796 I MotorolaSettingsState: [PERSISTED]power_saver_enabled=0
02-19 10:38:03.654  2728  2796 I MotorolaSettingsState: [PERSISTED]back_ground_data_backup_by_datamanager=0
02-19 10:38:03.654  2728  2796 I MotorolaSettingsState: [PERSISTED]call_connect_tone=0
02-19 10:38:03.654  2728  2796 I MotorolaSettingsState: [PERSISTED]disable_data_ecn0=-15
02-19 10:38:03.654  2728  2796 I MotorolaSettingsState: [PERSISTED]disable_data_rscp=-105
02-19 10:38:03.654  2728  2796 I MotorolaSettingsState: [PERSISTED]disable_data_rssi=-96
02-19 10:38:03.654  2728  2796 I MotorolaSettingsState: [PERSISTED]show_fps_enroll_dialog=0
02-19 10:38:03.654  2728  2796 I MotorolaSettingsState: [PERSISTED]calling_gsm_ad_enabled=0
02-19 10:38:03.654  2728  2796 I MotorolaSettingsState: [PERSISTED]enable_mo_sms_over_ims=0
02-19 10:38:03.654  2728  2796 I MotorolaSettingsState: [PERSISTED]roaming_plmn_between_carriers_enabled=0
02-19 10:38:03.654  2728  2796 I MotorolaSettingsState: [PERSISTED]supl_dm_name=
02-19 10:38:03.654  2728  2796 I MotorolaSettingsState: [PERSISTED]cur_country_area_code=000
02-19 10:38:03.654  2728  2796 I MotorolaSettingsState: [PERSISTED]fps_onenav_show_navigation_bar=0
02-19 10:38:03.654  2728  2796 I MotorolaSettingsState: [PERSISTED]eable_data_ecn0=-10
02-19 10:38:03.654  2728  2796 I MotorolaSettingsState: [PERSISTED]fps_onenav_swipe_direction=0
02-19 10:38:03.654  2728  2796 I MotorolaSettingsState: [PERSISTED]kbd_backlight_control_mode=1
02-19 10:38:03.654  2728  2796 I MotorolaSettingsState: [PERSISTED]hfa_running=0
02-19 10:38:03.654  2728  2796 I MotorolaSettingsState: [PERSISTED]mobile_data_disable=0
02-19 10:38:03.654  2728  2796 I MotorolaSettingsState: [PERSISTED]kbd_backlight_brightness=255
02-19 10:38:03.654  2728  2796 I MotorolaSettingsState: [PERSISTED]privacy_moto_marketing=0
02-19 10:38:03.654  2728  2796 I MotorolaSettingsState: [PERSISTED]tsb_disable_flags=0
02-19 10:38:03.654  2728  2796 I MotorolaSettingsState: [PERSISTED]att_voice_priority=0
02-19 10:38:03.654  2728  2796 I MotorolaSettingsState: [PERSISTED]bluetooth_mfb_enabled_when_locked=0
02-19 10:38:03.654  2728  2796 I MotorolaSettingsState: [PERSISTED]screen_lock=1
02-19 10:38:03.654  2728  2796 I MotorolaSettingsState: [PERSISTED]vm_vvm_roaming_selection=2
02-19 10:38:03.654  2728  2796 I MotorolaSettingsState: [PERSISTED]assisted_dialing_state=0
02-19 10:38:03.654  2728  2796 I MotorolaSettingsState: [PERSISTED]dataswitch_sync_connect_value=255
02-19 10:38:03.654  2728  2796 I MotorolaSettingsState: [PERSISTED]user_setup_complete_timestamp=1506542241852
02-19 10:38:03.654  2728  2796 I MotorolaSettingsState: [PERSISTED]enable_data_rscp=-100
02-19 10:38:03.654  2728  2796 I MotorolaSettingsState: [PERSISTED]enable_data_rssi=-91
02-19 10:38:03.654  2728  2796 I MotorolaSettingsState: [PERSISTED]roaming_mcc_table=
02-19 10:38:03.654  2728  2796 I MotorolaSettingsState: [PERSISTED]enable_download_wallpaper=false
02-19 10:38:03.654  2728  2796 I MotorolaSettingsState: [PERSISTED]ref_country_mdn_len=10
02-19 10:38:03.654  2728  2796 I MotorolaSettingsState: [PERSISTED]kbd_backlight_timeout=-1
02-19 10:38:03.654  2728  2796 I MotorolaSettingsState: [PERSISTED]cur_country_mdn_len=10
02-19 10:38:03.654  2728  2796 I MotorolaSettingsState: [PERSISTED]fps_onenav_tutorial_mode=0
02-19 10:38:03.654  2728  2796 I MotorolaSettingsState: [PERSISTED]full_charge_notification_enable=0
02-19 10:38:03.654  2728  2796 I MotorolaSettingsState: [PERSISTED]fid_33463_enabled=0
02-19 10:38:03.654  2728  2796 I MotorolaSettingsState: [PERSISTED]fid_34387_multimode=0
02-19 10:38:03.654  2728  2796 I MotorolaSettingsState: [PERSISTED]demo_video_download_uri=www.mobile-5.com/motorola/videos/video01_en.3gp
02-19 10:38:03.654  2728  2796 I MotorolaSettingsState: [PERSISTED]lock_pin_current_failed_attempts=0
02-19 10:38:03.654  2728  2796 I MotorolaSettingsState: [PERSISTED]demo_mode_enabled=0
02-19 10:38:03.654  2728  2796 I MotorolaSettingsState: [PERSISTED]supl_dm_provider_id=
02-19 10:38:03.654  2728  2796 I MotorolaSettingsState: [PERSISTED]data_roaming_access_feature_enabled=0
02-19 10:38:03.654  2728  2796 I MotorolaSettingsState: [PERSISTED]supl_dm_enabled=0
02-19 10:38:03.655  2728  2796 I MotorolaSettingsState: [PERSISTED]double_tap=none
02-19 10:38:03.655  2728  2796 I MotorolaSettingsState: [PERSISTED]vm_vvm_selection=2
02-19 10:38:03.655  2728  2796 I MotorolaSettingsState: [PERSISTED]ftr_ringer_switch_enable=0
02-19 10:38:03.655  2728  2796 I MotorolaSettingsState: [PERSISTED]viewserver_in_securebuild_enabled=0
02-19 10:38:03.655  2728  2796 I MotorolaSettingsState: [PERSISTED]hslp_address=
02-19 10:38:03.655  2728  2796 I MotorolaSettingsState: [PERSISTED]privacy_support_device=1
02-19 10:38:03.655  2728  2796 I MotorolaSettingsState: [PERSISTED]demo_video_path_in_sdcard=/MotoDemo/Moto_Demo.3gp
02-19 10:38:03.655  2728  2796 I MotorolaSettingsState: [PERSISTED]wifi_networks_secure_available_notification_on=1
02-19 10:38:03.655  2728  2796 I MotorolaSettingsState: [PERSISTED]demo_video_path_in_system=/system/etc/motorola/MotoDemo/Moto_Demo.3gp
02-19 10:38:03.655  2728  2796 I MotorolaSettingsState: [PERSISTED]network_lost_tone=0
02-19 10:38:03.655  2728  2796 I MotorolaSettingsState: [PERSISTED]voicemail_hide_mwi_enabled=0
02-19 10:38:03.655  2728  2796 I MotorolaSettingsState: [PERSISTED]wifi_offload_flag=0
02-19 10:38:03.655  2728  2796 I MotorolaSettingsState: [PERSISTED]lock_timer=1200000
02-19 10:38:03.655  2728  2796 I MotorolaSettingsState: [PERSISTED]flag_allow_access_only_for_this_trip=0
02-19 10:38:03.655  2728  2796 I MotorolaSettingsState: [PERSISTED]dun_apn_hide=0
02-19 10:38:03.655  2728  2796 I MotorolaSettingsState: [PERSISTED]ice_isenabled=0
02-19 10:38:03.655  2728  2796 I MotorolaSettingsState: [PERSISTED]check_cfu_poweron=0
02-19 10:38:03.655  2728  2796 I MotorolaSettingsState: [PERSISTED]task_button_press_behavior=0
02-19 10:38:03.655  2728  2796 I MotorolaSettingsState: [PERSISTED]ftr_cell_broadcast_enabled=0
02-19 10:38:03.655  2728  2796 I MotorolaSettingsState: [PERSISTED]privacy_help_improve_products=1
02-19 10:38:03.655  2728  2796 I MotorolaSettingsState: [PERSISTED]privacy_smart_notifications_chrome=0
02-19 10:38:03.655  2728  2796 I MotorolaSettingsState: [PERSISTED]supl_alt_apns=
02-19 10:38:03.655  2728  2796 I MotorolaSettingsState: [PERSISTED]dataswitch_feature_enabled=0
02-19 10:38:03.655  2728  2796 I MotorolaSettingsState: [PERSISTED]privacy_motorola_terms_of_service=1
02-19 10:38:03.655  2728  2796 I MotorolaSettingsState: [PERSISTED]hyphenation_feature_enabled=0
02-19 10:38:03.655  2728  2796 I MotorolaSettingsState: [PERSISTED]calling_33860_enabled=0
02-19 10:38:03.655  2728  2796 I MotorolaSettingsState: [PERSISTED]network_setting_on_boot=0
02-19 10:38:03.655  2728  2796 I MotorolaSettingsState: [PERSISTED]eri_text_banner=1
02-19 10:38:03.655  2728  2796 I MotorolaSettingsState: [PERSISTED]privacy_ota_update=1
02-19 10:38:03.655  2728  2796 I MotorolaSettingsState: [PERSISTED]smartdialer_language_code=1
02-19 10:38:03.655  2728  2796 I MotorolaSettingsState: [PERSISTED]ftr_fdn_notify_enabled=0
02-19 10:38:03.655  2728  2796 I MotorolaSettingsState: [PERSISTED]pointer_acceleration=2
02-19 10:38:03.655  2728  2796 I MotorolaSettingsState: [PERSISTED]sprint_N11_feature_enabled=0
02-19 10:38:03.656  2728  2796 I MotorolaSettingsState: [PERSIST END]
02-19 10:38:03.691  2728 27102 D WifiService: acquireWifiLockLocked: WifiLock{NlpWifiLock type=2 uid=10033}
02-19 10:38:05.677  2728  9525 E BatteryStatsService: no controller energy info supplied
02-19 10:38:06.019  2728 14300 D WifiService: releaseWifiLockLocked: WifiLock{NlpWifiLock type=2 uid=10033}
02-19 10:38:06.879  2728  3702 I ActivityManager: START u0 {act=android.intent.action.MAIN cat=[android.intent.category.LAUNCHER] flg=0x10200000 cmp=us.moviemates/.Activities.SplashActivity bnds=[27,279][283,574] (has extras)} from uid 10043 on display 0
02-19 10:38:07.061  2728  3747 I ActivityManager: START u0 {flg=0x10000000 cmp=us.moviemates/.Activities.MainActivity} from uid 10622 on display 0
02-19 10:38:07.450  2728 23569 I WindowManager: Destroying surface Surface(name=com.android.launcher3/com.android.launcher3.GoogleNowPanel) called by com.android.server.wm.WindowStateAnimator.destroySurface:2067 com.android.server.wm.WindowStateAnimator.destroySurfaceLocked:896 com.android.server.wm.WindowState.destroyOrSaveSurface:2094 com.android.server.wm.WindowManagerService.tryStartExitingAnimation:3093 com.android.server.wm.WindowManagerService.relayoutWindow:2973 com.android.server.wm.Session.relayout:215 android.view.IWindowSession$Stub.onTransact:286 com.android.server.wm.Session.onTransact:136 
02-19 10:38:07.649  2728  2852 I LaunchCheckinHandler: Displayed us.moviemates/.Activities.MainActivity,wp,ca,568
02-19 10:38:07.654  2728 29449 I WindowManager: Destroying surface Surface(name=com.android.launcher3/com.android.launcher3.GoogleNowPanel) called by com.android.server.wm.WindowStateAnimator.destroySurface:2067 com.android.server.wm.WindowStateAnimator.destroySurfaceLocked:896 com.android.server.wm.WindowState.destroyOrSaveSurface:2094 com.android.server.wm.AppWindowToken.destroySurfaces:368 com.android.server.wm.AppWindowToken.notifyAppStopped:394 com.android.server.wm.WindowManagerService.notifyAppStopped:4532 com.android.server.am.ActivityStack.activityStoppedLocked:1267 com.android.server.am.ActivityManagerService.activityStopped:7177 
02-19 10:38:07.670  2728  2852 I WindowManager: Destroying surface Surface(name=Starting us.moviemates) called by com.android.server.wm.WindowStateAnimator.destroySurface:2067 com.android.server.wm.WindowStateAnimator.destroySurfaceLocked:896 com.android.server.wm.WindowState.destroyOrSaveSurface:2094 com.android.server.wm.AppWindowToken.destroySurfaces:368 com.android.server.wm.WindowStateAnimator.finishExit:575 com.android.server.wm.WindowStateAnimator.stepAnimationLocked:501 com.android.server.wm.WindowAnimator.updateWindowsLocked:303 com.android.server.wm.WindowAnimator.animateLocked:704 
02-19 10:38:08.816  2728 27102 I ActivityManager: START u0 {act=com.google.android.gms.common.account.CHOOSE_ACCOUNT pkg=com.google.android.gms cmp=com.google.android.gms/.common.account.SimpleAccountPickerActivity (has extras)} from uid 10622 on display 0
02-19 10:38:08.841  2728  3267 I ActivityManager: Start proc 18458:com.google.android.gms.ui/u0a33 for activity com.google.android.gms/.common.account.SimpleAccountPickerActivity
02-19 10:38:09.401  2728  2852 I LaunchCheckinHandler: Displayed com.google.android.gms/.common.account.SimpleAccountPickerActivity,wp,ca,571
02-19 10:38:09.426   582   582 I SFPerfTracer:      triggers: (rate: 629:50449) (compose: 0:40) (post: 0:1011) (render: 0:86) (6:252052 frames) (7:313305)
02-19 10:38:09.426   582   582 D SFPerfTracer:        layers: (2:15) (StatusBar (0xb3148400): 7:77208) (Sprite (0xb3145c00): 0:81)* (DimLayerController/Stack=0 (0xb3179400): 0:2030)* (animation background stackId=1 (0xb3147000): 0:174)* (com.android.systemui.ImageWallpaper (0xb317bc00): 7:15668)* (com.google.android.deskclock/com.android.deskclock.DeskClock (0xb317a800): 0:53)- (com.android.launcher3/com.android.launcher3.GoogleNowPanel (0xb314ac00): 0:56)- (com.android.launcher3/com.android.launcher3.GoogleNowPanel (0xb3178000): 0:68)- (ColorFade (0xb317a800): 0:7)- (NavigationBar (0xb3149800): 0:8)- (AOD (0xb315f000): 0:15)- (NavigationBar (0xb3149800): 0:6)- (Starting us.moviemates (0xb3149800): 0:20)- (us.moviemates/us.moviemates.Activities.MainActivity (0xb314ac00): 7:23) (com.google.android.gms/com.google.android.gms.common.account.SimpleAccountPickerActivity (0xb3149800): 3:5)* 
02-19 10:38:11.196   582   635 I SFPerfTracer:      triggers: (rate: 0:15) (179528 sw vsyncs) (0 skipped) (15:425696 vsyncs) (17:723970)
02-19 10:38:11.364  2728  2852 I WindowManager: Destroying surface Surface(name=com.google.android.gms/com.google.android.gms.common.account.SimpleAccountPickerActivity) called by com.android.server.wm.WindowStateAnimator.destroySurface:2067 com.android.server.wm.WindowStateAnimator.destroySurfaceLocked:896 com.android.server.wm.WindowState.destroyOrSaveSurface:2094 com.android.server.wm.AppWindowToken.destroySurfaces:368 com.android.server.wm.WindowStateAnimator.finishExit:575 com.android.server.wm.WindowStateAnimator.stepAnimationLocked:501 com.android.server.wm.WindowAnimator.updateWindowsLocked:303 com.android.server.wm.WindowAnimator.animateLocked:704 
02-19 10:38:11.648  2728  3749 I ActivityManager: Start proc 18484:com.google.android.calendar/u0a80 for service com.google.android.calendar/com.firebase.jobdispatcher.GooglePlayReceiver
02-19 10:38:11.845  2728  9525 I ActivityManager: Start proc 18509:com.android.providers.calendar/u0a13 for content provider com.android.providers.calendar/.CalendarProvider2
02-19 10:38:13.050  2728  3267 I ActivityManager: START u0 {flg=0x20008000 cmp=us.moviemates/.Activities.MoviesActivity} from uid 10622 on display 0
02-19 10:38:13.057  2728 29453 W ActivityManager: Duplicate finish request for ActivityRecord{98e2a82 u0 us.moviemates/.Activities.MainActivity t719 f}
02-19 10:38:13.165  2728 29453 I WindowManager: Destroying surface Surface(name=us.moviemates/us.moviemates.Activities.MainActivity) called by com.android.server.wm.WindowStateAnimator.destroySurface:2067 com.android.server.wm.WindowStateAnimator.destroySurfaceLocked:896 com.android.server.wm.WindowState.destroyOrSaveSurface:2094 com.android.server.wm.WindowManagerService.tryStartExitingAnimation:3093 com.android.server.wm.WindowManagerService.relayoutWindow:2973 com.android.server.wm.Session.relayout:215 android.view.IWindowSession$Stub.onTransact:286 com.android.server.wm.Session.onTransact:136 
02-19 10:38:13.820  2728  2852 I LaunchCheckinHandler: Displayed us.moviemates/.Activities.MoviesActivity,wp,ca,758
02-19 10:38:13.837  2728  2852 I WindowManager: Destroying surface Surface(name=Starting us.moviemates) called by com.android.server.wm.WindowStateAnimator.destroySurface:2067 com.android.server.wm.WindowStateAnimator.destroySurfaceLocked:896 com.android.server.wm.WindowState.destroyOrSaveSurface:2094 com.android.server.wm.AppWindowToken.destroySurfaces:368 com.android.server.wm.WindowStateAnimator.finishExit:575 com.android.server.wm.WindowStateAnimator.stepAnimationLocked:501 com.android.server.wm.WindowAnimator.updateWindowsLocked:303 com.android.server.wm.WindowAnimator.animateLocked:704 
02-19 10:38:18.501   582   582 I SFPerfTracer:      triggers: (rate: 629:50453) (compose: 0:40) (post: 0:1011) (render: 0:86) (0:252108 frames) (1:313405)
02-19 10:38:18.501   582   582 D SFPerfTracer:        layers: (2:9) (StatusBar (0xb3148400): 0:77259) (Sprite (0xb3145c00): 0:81)* (DimLayerController/Stack=0 (0xb3179400): 0:2055)* (animation background stackId=1 (0xb3147000): 0:176)* (com.android.systemui.ImageWallpaper (0xb317bc00): 0:15719)* (us.moviemates/us.moviemates.Activities.MainActivity (0xb314ac00): 0:66)- (com.google.android.gms/com.google.android.gms.common.account.SimpleAccountPickerActivity (0xb3149800): 0:48)- (Starting us.moviemates (0xb3149800): 0:11)- (us.moviemates/us.moviemates.Activities.MoviesActivity (0xb3178000): 1:24) 
02-19 10:38:36.975  2728 29453 D WifiService: acquireWifiLockLocked: WifiLock{NlpWifiLock type=2 uid=10033}
02-19 10:38:36.984  2728  2797 I ProcessStatsService: Prepared write state in 4ms
02-19 10:38:36.990  2728  2797 I ProcessStatsService: Prepared write state in 3ms
02-19 10:38:37.963  2728  3268 D WifiService: releaseWifiLockLocked: WifiLock{NlpWifiLock type=2 uid=10033}
02-19 10:38:38.771  2728  3179 D ActivityManager: mMemLeft = 625
02-19 10:38:46.587  2728  3730 D BatteryService: mLastPlugType/mPlugType:2/2
02-19 10:38:46.587  2728  3730 D BatteryService: set mLastPlugType to 2
02-19 10:38:50.584  2728  3124 D BatteryService: uevent={POWER_SUPPLY_TEMP=222, POWER_SUPPLY_PRESENT=1, POWER_SUPPLY_STATUS=Charging, POWER_SUPPLY_CAPACITY=82, ACTION=change, DEVPATH=/devices/soc/qpnp-smbcharger-17/power_supply/battery, SUBSYSTEM=power_supply, POWER_SUPPLY_VOLTAGE_NOW=4215673, SEQNUM=3757082, POWER_SUPPLY_NAME=battery, POWER_SUPPLY_CURRENT_NOW=-279234, POWER_SUPPLY_CHARGE_COUNTER=2544528, POWER_SUPPLY_CHARGE_RATE=Normal, POWER_SUPPLY_HEALTH=Good}
02-19 10:38:50.585  2728  3749 D BatteryService: mLastPlugType/mPlugType:2/2
02-19 10:38:50.585  2728  3749 D BatteryService: set mLastPlugType to 2
02-19 10:39:00.002  2728  2728 I ActivityManager: Killing 15980:com.google.process.gapps/u0a33 (adj 904): empty #5
02-19 10:39:00.003  2728  2728 I ActivityManager: Killing 18458:com.google.android.gms.ui/u0a33 (adj 906): empty #6
02-19 10:39:00.003  2728  2728 I ActivityManager: Killing 18318:com.motorola.motodisplay/u0a52 (adj 906): empty #7
02-19 10:39:00.013  2728  5078 D ActivityManager: cleanUpApplicationRecord -- 15980
02-19 10:39:00.054  2728 29446 D ActivityManager: cleanUpApplicationRecord -- 18318
02-19 10:39:00.060  2728  2745 D ActivityManager: cleanUpApplicationRecord -- 18458
02-19 10:39:38.846  2728  3179 D ActivityManager: mMemLeft = 658
02-19 10:39:46.587  2728 23568 D BatteryService: mLastPlugType/mPlugType:2/2
02-19 10:39:46.587  2728 23568 D BatteryService: set mLastPlugType to 2
02-19 10:39:50.744  2728  3124 D BatteryService: uevent={POWER_SUPPLY_TEMP=230, POWER_SUPPLY_PRESENT=1, POWER_SUPPLY_STATUS=Charging, POWER_SUPPLY_CAPACITY=82, ACTION=change, DEVPATH=/devices/soc/qpnp-smbcharger-17/power_supply/battery, SUBSYSTEM=power_supply, POWER_SUPPLY_VOLTAGE_NOW=4213995, SEQNUM=3757083, POWER_SUPPLY_NAME=battery, POWER_SUPPLY_CURRENT_NOW=-252836, POWER_SUPPLY_CHARGE_COUNTER=2549379, POWER_SUPPLY_CHARGE_RATE=Normal, POWER_SUPPLY_HEALTH=Good}
02-19 10:39:50.745  2728 29449 D BatteryService: mLastPlugType/mPlugType:2/2
02-19 10:39:50.745  2728 29449 D BatteryService: set mLastPlugType to 2
02-19 10:39:52.253  2728  2728 E NotificationService: Suppressing notification from package by user request.
02-19 10:39:52.411  2728  2728 E NotificationService: Suppressing notification from package by user request.
02-19 10:40:38.921  2728  3179 D ActivityManager: mMemLeft = 672
02-19 10:40:46.587  2728 29454 D BatteryService: mLastPlugType/mPlugType:2/2
02-19 10:40:46.587  2728 29454 D BatteryService: set mLastPlugType to 2
02-19 10:40:50.904  2728  3124 D BatteryService: uevent={POWER_SUPPLY_TEMP=227, POWER_SUPPLY_PRESENT=1, POWER_SUPPLY_STATUS=Charging, POWER_SUPPLY_CAPACITY=82, ACTION=change, DEVPATH=/devices/soc/qpnp-smbcharger-17/power_supply/battery, SUBSYSTEM=power_supply, POWER_SUPPLY_VOLTAGE_NOW=4218572, SEQNUM=3757084, POWER_SUPPLY_NAME=battery, POWER_SUPPLY_CURRENT_NOW=-276945, POWER_SUPPLY_CHARGE_COUNTER=2554330, POWER_SUPPLY_CHARGE_RATE=Normal, POWER_SUPPLY_HEALTH=Good}
02-19 10:40:50.905  2728  2743 D BatteryService: mLastPlugType/mPlugType:2/2
02-19 10:40:50.905  2728  2743 D BatteryService: set mLastPlugType to 2
02-19 10:41:08.296  2728  3129 I ActivityManager: START u0 {act=android.intent.action.MAIN cat=[android.intent.category.HOME] flg=0x10200000 cmp=com.android.launcher3/.GoogleNowPanel (has extras)} from uid 1000 on display 0
02-19 10:41:08.325  2728  3129 I ActivityManager: moveHomeStack, setupComplete:true
02-19 10:41:08.391  2728  2852 I LaunchCheckinHandler: Displayed com.android.launcher3/.GoogleNowPanel,wp,wa,95
02-19 10:41:08.414  2728  2852 I WindowManager: Destroying surface Surface(name=us.moviemates/us.moviemates.Activities.MoviesActivity) called by com.android.server.wm.WindowStateAnimator.destroySurface:2067 com.android.server.wm.WindowStateAnimator.destroySurfaceLocked:896 com.android.server.wm.WindowState.destroyOrSaveSurface:2094 com.android.server.wm.AppWindowToken.destroySurfaces:368 com.android.server.wm.WindowStateAnimator.finishExit:575 com.android.server.wm.WindowStateAnimator.stepAnimationLocked:501 com.android.server.wm.WindowAnimator.updateWindowsLocked:303 com.android.server.wm.WindowAnimator.animateLocked:704 
02-19 10:41:08.475  2728  3702 D WifiService: acquireWifiLockLocked: WifiLock{NlpWifiLock type=2 uid=10033}
02-19 10:41:08.513   582   635 I SFPerfTracer:      triggers: (rate: 0:15) (179528 sw vsyncs) (0 skipped) (10:425733 vsyncs) (12:724074)
02-19 10:41:09.210  2728 23568 D WifiService: releaseWifiLockLocked: WifiLock{NlpWifiLock type=2 uid=10033}
02-19 10:41:38.995  2728  3179 D ActivityManager: mMemLeft = 674
02-19 10:41:46.587  2728 27102 D BatteryService: mLastPlugType/mPlugType:2/2
02-19 10:41:46.587  2728 27102 D BatteryService: set mLastPlugType to 2
02-19 10:41:46.594  2728  2803 E BatteryStatsService: no controller energy info supplied
02-19 10:41:51.064  2728  3124 D BatteryService: uevent={POWER_SUPPLY_TEMP=230, POWER_SUPPLY_PRESENT=1, POWER_SUPPLY_STATUS=Charging, POWER_SUPPLY_CAPACITY=83, ACTION=change, DEVPATH=/devices/soc/qpnp-smbcharger-17/power_supply/battery, SUBSYSTEM=power_supply, POWER_SUPPLY_VOLTAGE_NOW=4220098, SEQNUM=3757085, POWER_SUPPLY_NAME=battery, POWER_SUPPLY_CURRENT_NOW=-289457, POWER_SUPPLY_CHARGE_COUNTER=2558655, POWER_SUPPLY_CHARGE_RATE=Normal, POWER_SUPPLY_HEALTH=Good}
02-19 10:41:51.065  2728  3267 D BatteryService: mLastPlugType/mPlugType:2/2
02-19 10:41:51.065  2728  3267 D BatteryService: set mLastPlugType to 2
02-19 10:42:35.270  2728  2796 I UsageStatsService: User[0] Flushing usage stats to disk
02-19 10:42:39.070  2728  3179 D ActivityManager: mMemLeft = 676
02-19 10:42:46.587  2728  3749 D BatteryService: mLastPlugType/mPlugType:2/2
02-19 10:42:46.587  2728  3749 D BatteryService: set mLastPlugType to 2
02-19 10:42:51.224  2728  3124 D BatteryService: uevent={POWER_SUPPLY_TEMP=232, POWER_SUPPLY_PRESENT=1, POWER_SUPPLY_STATUS=Charging, POWER_SUPPLY_CAPACITY=83, ACTION=change, DEVPATH=/devices/soc/qpnp-smbcharger-17/power_supply/battery, SUBSYSTEM=power_supply, POWER_SUPPLY_VOLTAGE_NOW=4220709, SEQNUM=3757086, POWER_SUPPLY_NAME=battery, POWER_SUPPLY_CURRENT_NOW=-276029, POWER_SUPPLY_CHARGE_COUNTER=2563414, POWER_SUPPLY_CHARGE_RATE=Normal, POWER_SUPPLY_HEALTH=Good}
02-19 10:42:51.225  2728  3727 D BatteryService: mLastPlugType/mPlugType:2/2
02-19 10:42:51.225  2728  3727 D BatteryService: set mLastPlugType to 2
02-19 10:43:39.145  2728  3179 D ActivityManager: mMemLeft = 675
02-19 10:43:46.587  2728  3730 D BatteryService: mLastPlugType/mPlugType:2/2
02-19 10:43:46.587  2728  3730 D BatteryService: set mLastPlugType to 2
02-19 10:43:51.383  2728  3124 D BatteryService: uevent={POWER_SUPPLY_TEMP=237, POWER_SUPPLY_PRESENT=1, POWER_SUPPLY_STATUS=Charging, POWER_SUPPLY_CAPACITY=83, ACTION=change, DEVPATH=/devices/soc/qpnp-smbcharger-17/power_supply/battery, SUBSYSTEM=power_supply, POWER_SUPPLY_VOLTAGE_NOW=4222082, SEQNUM=3757087, POWER_SUPPLY_NAME=battery, POWER_SUPPLY_CURRENT_NOW=-276335, POWER_SUPPLY_CHARGE_COUNTER=2568025, POWER_SUPPLY_CHARGE_RATE=Normal, POWER_SUPPLY_HEALTH=Good}
02-19 10:43:51.385  2728 12011 D BatteryService: mLastPlugType/mPlugType:2/2
02-19 10:43:51.385  2728 12011 D BatteryService: set mLastPlugType to 2
02-19 10:44:07.093  2728  3124 D BatteryService: uevent={POWER_SUPPLY_TEMP=237, POWER_SUPPLY_PRESENT=1, POWER_SUPPLY_STATUS=Charging, POWER_SUPPLY_CAPACITY=83, ACTION=change, DEVPATH=/devices/soc/qpnp-smbcharger-17/power_supply/battery, SUBSYSTEM=power_supply, POWER_SUPPLY_VOLTAGE_NOW=4222082, SEQNUM=3757089, POWER_SUPPLY_NAME=battery, POWER_SUPPLY_CURRENT_NOW=-276335, POWER_SUPPLY_CHARGE_COUNTER=2568025, POWER_SUPPLY_CHARGE_RATE=Normal, POWER_SUPPLY_HEALTH=Good}
02-19 10:44:25.722  2728  2797 I ActivityManager: Start proc 18626:com.google.process.gapps/u0a33 for broadcast com.google.android.gsf/.subscribedfeeds.SubscribedFeedsGCMBroadcastReceiver
02-19 10:44:25.931  2728  5071 I ActivityManager: Killing 18484:com.google.android.calendar/u0a80 (adj 906): empty #5
02-19 10:44:25.942  2728  2743 D ActivityManager: cleanUpApplicationRecord -- 18484
02-19 10:44:26.119  2728  2796 I ActivityManager: Start proc 18643:com.google.android.gm/u0a94 for service com.google.android.gm/.provider.MailSyncAdapterService
02-19 10:44:26.471  2728  4924 W ActivityManager: Unable to start service Intent { cmp=com.google.android.gm.exchange/com.android.exchange.service.EasService } U=0: not found
02-19 10:44:26.532  2728 29449 W ActivityManager: Unable to start service Intent { cmp=com.google.android.gm/com.android.email.service.AttachmentService } U=0: not found
02-19 10:44:26.542  2728 29454 W ActivityManager: Unable to start service Intent { cmp=com.google.android.gm.exchange/com.android.exchange.service.EasService } U=0: not found
02-19 10:44:39.184  2728  3179 D ActivityManager: mMemLeft = 661
02-19 10:44:46.587  2728  3699 D BatteryService: mLastPlugType/mPlugType:2/2
02-19 10:44:46.587  2728  3699 D BatteryService: set mLastPlugType to 2
02-19 10:44:51.544  2728  3124 D BatteryService: uevent={POWER_SUPPLY_TEMP=237, POWER_SUPPLY_PRESENT=1, POWER_SUPPLY_STATUS=Charging, POWER_SUPPLY_CAPACITY=83, ACTION=change, DEVPATH=/devices/soc/qpnp-smbcharger-17/power_supply/battery, SUBSYSTEM=power_supply, POWER_SUPPLY_VOLTAGE_NOW=4221014, SEQNUM=3757090, POWER_SUPPLY_NAME=battery, POWER_SUPPLY_CURRENT_NOW=-254515, POWER_SUPPLY_CHARGE_COUNTER=2572594, POWER_SUPPLY_CHARGE_RATE=Normal, POWER_SUPPLY_HEALTH=Good}
02-19 10:44:51.545  2728  3267 D BatteryService: mLastPlugType/mPlugType:2/2
02-19 10:44:51.545  2728  3267 D BatteryService: set mLastPlugType to 2
02-19 10:45:00.003  2728  2728 I ActivityManager: Killing 18509:com.android.providers.calendar/u0a13 (adj 906): empty #5
02-19 10:45:00.013  2728  5078 D ActivityManager: cleanUpApplicationRecord -- 18509
02-19 10:45:39.259  2728  3179 D ActivityManager: mMemLeft = 663
02-19 10:45:46.587  2728  5071 D BatteryService: mLastPlugType/mPlugType:2/2
02-19 10:45:46.587  2728  5071 D BatteryService: set mLastPlugType to 2
02-19 10:45:51.703  2728  3124 D BatteryService: uevent={POWER_SUPPLY_TEMP=237, POWER_SUPPLY_PRESENT=1, POWER_SUPPLY_STATUS=Charging, POWER_SUPPLY_CAPACITY=83, ACTION=change, DEVPATH=/devices/soc/qpnp-smbcharger-17/power_supply/battery, SUBSYSTEM=power_supply, POWER_SUPPLY_VOLTAGE_NOW=4226507, SEQNUM=3757093, POWER_SUPPLY_NAME=battery, POWER_SUPPLY_CURRENT_NOW=-288847, POWER_SUPPLY_CHARGE_COUNTER=2577359, POWER_SUPPLY_CHARGE_RATE=Normal, POWER_SUPPLY_HEALTH=Good}
02-19 10:45:51.705  2728  3268 D BatteryService: mLastPlugType/mPlugType:2/2
02-19 10:45:51.705  2728  3268 D BatteryService: set mLastPlugType to 2
02-19 10:46:00.213   582   582 I SFPerfTracer:      triggers: (rate: 629:50453) (compose: 0:40) (post: 0:1011) (render: 0:86) (5:252150 frames) (6:313507)
02-19 10:46:00.213   582   582 D SFPerfTracer:        layers: (3:8) (StatusBar (0xb3148400): 4:77320) (Sprite (0xb3145c00): 0:81)* (DimLayerController/Stack=0 (0xb3179400): 0:2055)* (animation background stackId=1 (0xb3147000): 0:176)* (com.android.systemui.ImageWallpaper (0xb317bc00): 0:15730) (us.moviemates/us.moviemates.Activities.MoviesActivity (0xb3178000): 0:32)- (com.android.launcher3/com.android.launcher3.GoogleNowPanel (0xb3149800): 0:11)* (com.android.launcher3/com.android.launcher3.GoogleNowPanel (0xb314ac00): 2:22) 
02-19 10:46:10.558  2728 29449 D WifiService: acquireWifiLockLocked: WifiLock{NlpWifiLock type=2 uid=10033}
02-19 10:46:11.429  2728  3747 D WifiService: releaseWifiLockLocked: WifiLock{NlpWifiLock type=2 uid=10033}
02-19 10:46:39.334  2728  3179 D ActivityManager: mMemLeft = 662
02-19 10:46:46.587  2728 29454 D BatteryService: mLastPlugType/mPlugType:2/2
02-19 10:46:46.587  2728 29454 D BatteryService: set mLastPlugType to 2
02-19 10:46:51.864  2728  3124 D BatteryService: uevent={POWER_SUPPLY_TEMP=240, POWER_SUPPLY_PRESENT=1, POWER_SUPPLY_STATUS=Charging, POWER_SUPPLY_CAPACITY=84, ACTION=change, DEVPATH=/devices/soc/qpnp-smbcharger-17/power_supply/battery, SUBSYSTEM=power_supply, POWER_SUPPLY_VOLTAGE_NOW=4225591, SEQNUM=3757094, POWER_SUPPLY_NAME=battery, POWER_SUPPLY_CURRENT_NOW=-268705, POWER_SUPPLY_CHARGE_COUNTER=2582247, POWER_SUPPLY_CHARGE_RATE=Normal, POWER_SUPPLY_HEALTH=Good}
02-19 10:46:51.865  2728  9525 D BatteryService: mLastPlugType/mPlugType:2/2
02-19 10:46:51.865  2728  9525 D BatteryService: set mLastPlugType to 2
02-19 10:46:51.869  2728  2803 E BatteryStatsService: no controller energy info supplied
