03-19 14:37:55.197  2093  2093 I MSM-irqbalance: Decided to move IRQ18 from CPU3 [P:0] to CPU6 [P:1] (banned)
03-19 14:37:55.197  2093  2093 I MSM-irqbalance: Decided to move IRQ18 from CPU2 [P:0] to CPU7 [P:1] (banned)
03-19 14:37:55.343 28222 28222 I chatty  : uid=2000(shell) app_process expire 9 lines
03-19 14:37:55.406  1966  1966 I cnss-daemon: RTM_NEWNEIGH message received: 28
03-19 14:37:55.406  1966  1966 I cnss-daemon: NDA_DST received: fe80::9e3d:cfff:feac:7d62 ul: 33022
03-19 14:37:55.406  1966  1966 I cnss-daemon: NDA_LLADDR received
03-19 14:37:55.408  1966  1966 E cnss-daemon: gateway ipv6 address: fe80::9e3d:cfff:feac:7d62
03-19 14:37:55.408  1966  1966 E cnss-daemon: gateway mac address: %02x:%02x:%02x:%02x:%02x:%02x
03-19 14:37:55.408  1966  1966 E cnss-daemon: : 9c:3d:cf:ac:7d:62
03-19 14:37:55.408  1966  1966 E cnss-daemon: gw update message successfully sent
03-19 14:37:55.484 28222 28238 I chatty  : uid=2000(shell) app_process expire 1 line
03-19 14:37:55.872  3720 12583 I Icing   : Indexing 5BC26A023FAF1F43AEFAB66B338D37C6EF45681D from com.google.android.gms
03-19 14:37:55.873  3720 12583 I Icing   : Indexing done 5BC26A023FAF1F43AEFAB66B338D37C6EF45681D
03-19 14:37:56.262 28247 28247 I chatty  : uid=2000(shell) app_process expire 7 lines
03-19 14:37:56.404 28247 28247 I art     : System.exit called, status: 0
03-19 14:37:56.404 28247 28247 I AndroidRuntime: VM exiting with result code 0.
03-19 14:37:56.406 28247 28255 W MessageQueue: Handler (android.os.Handler) {775d506} sending message to a Handler on a dead thread
03-19 14:37:56.406 28247 28255 W MessageQueue: java.lang.IllegalStateException: Handler (android.os.Handler) {775d506} sending message to a Handler on a dead thread
03-19 14:37:56.406 28247 28255 W MessageQueue: 	at android.os.MessageQueue.enqueueMessage(MessageQueue.java:543)
03-19 14:37:56.406 28247 28255 W MessageQueue: 	at android.os.Handler.enqueueMessage(Handler.java:643)
03-19 14:37:56.406 28247 28255 W MessageQueue: 	at android.os.Handler.sendMessageAtTime(Handler.java:612)
03-19 14:37:56.406 28247 28255 W MessageQueue: 	at android.os.Handler.sendMessageDelayed(Handler.java:582)
03-19 14:37:56.406 28247 28255 W MessageQueue: 	at android.os.Handler.post(Handler.java:338)
03-19 14:37:56.406 28247 28255 W MessageQueue: 	at android.os.ResultReceiver$MyResultReceiver.send(ResultReceiver.java:57)
03-19 14:37:56.406 28247 28255 W MessageQueue: 	at com.android.internal.os.IResultReceiver$Stub.onTransact(IResultReceiver.java:58)
03-19 14:37:56.406 28247 28255 W MessageQueue: 	at android.os.Binder.execTransact(Binder.java:565)
03-19 14:37:57.153  3505  3505 I WearableService: Wearable Services stopping
03-19 14:37:57.349 28267 28267 D AndroidRuntime: >>>>>> START com.android.internal.os.RuntimeInit uid 2000 <<<<<<
03-19 14:37:57.353 28267 28267 D AndroidRuntime: CheckJNI is OFF
03-19 14:37:57.413 28267 28267 E libmdmdetect: Failed to open /sys/bus/msm_subsys/devices/subsys0/name: Permission denied
03-19 14:37:57.407 28267 28267 W main    : type=1400 audit(0.0:247): avc: denied { read } for uid=2000 name="name" dev="sysfs" ino=22225 scontext=u:r:shell:s0 tcontext=u:object_r:sysfs:s0 tclass=file permissive=0
03-19 14:37:57.429 28267 28267 D ICU     : No timezone override file found: /data/misc/zoneinfo/current/icu/icu_tzdata.dat
03-19 14:37:57.455 28267 28267 I Radio-JNI: register_android_hardware_Radio DONE
03-19 14:37:57.469 28267 28267 D AndroidRuntime: Calling main entry com.android.commands.pm.Pm
03-19 14:37:57.603  2649  3593 I ProcessStatsService: Added stats: 2018-03-19-10-37-00, over +3h50m59s995ms
03-19 14:37:57.615  2649  3593 I ProcessStatsService: Added stats: 2018-03-19-07-35-44, over +3h1m15s725ms
03-19 14:37:57.627  2649  3593 I ProcessStatsService: Added stats: 2018-03-19-04-33-55, over +3h1m49s57ms
03-19 14:37:57.639  2649  3593 I ProcessStatsService: Added stats: 2018-03-19-01-32-33, over +3h1m21s287ms
03-19 14:37:57.661  2649  3593 I ProcessStatsService: Added stats: 2018-03-18-22-31-49, over +3h0m39s561ms
03-19 14:37:57.671  2649  3593 I ProcessStatsService: Added stats: 2018-03-16-21-43-52, over +2h1m55s607ms
03-19 14:37:57.682  2649  3593 I ProcessStatsService: Added stats: 2018-03-16-17-28-25, over +4h15m27s78ms
03-19 14:37:57.694  2649  3593 I ProcessStatsService: Added stats: 2018-03-16-08-34-20, over +8h54m4s517ms
03-19 14:37:57.741  2649  3593 I ProcessStatsService: Added stats: 2018-03-19-10-37-00, over +3h50m59s995ms
03-19 14:37:57.804  2649  3034 E BatteryStatsService: no controller energy info supplied
03-19 14:37:57.849 28267 28267 I art     : System.exit called, status: 0
03-19 14:37:57.849 28267 28267 I AndroidRuntime: VM exiting with result code 0.
03-19 14:37:58.466 28288 28288 D AndroidRuntime: >>>>>> START com.android.internal.os.RuntimeInit uid 2000 <<<<<<
03-19 14:37:58.470 28288 28288 D AndroidRuntime: CheckJNI is OFF
03-19 14:37:58.530 28288 28288 E libmdmdetect: Failed to open /sys/bus/msm_subsys/devices/subsys0/name: Permission denied
03-19 14:37:58.527 28288 28288 W main    : type=1400 audit(0.0:248): avc: denied { read } for uid=2000 name="name" dev="sysfs" ino=22225 scontext=u:r:shell:s0 tcontext=u:object_r:sysfs:s0 tclass=file permissive=0
03-19 14:37:58.546 28288 28288 D ICU     : No timezone override file found: /data/misc/zoneinfo/current/icu/icu_tzdata.dat
03-19 14:37:58.571 28288 28288 I Radio-JNI: register_android_hardware_Radio DONE
03-19 14:37:58.585 28288 28288 D AndroidRuntime: Calling main entry com.android.commands.pm.Pm
03-19 14:37:58.600 28288 28288 I art     : System.exit called, status: 1
03-19 14:37:58.601 28288 28288 I AndroidRuntime: VM exiting with result code 1.
03-19 14:37:59.134 28298 28298 D AndroidRuntime: >>>>>> START com.android.internal.os.RuntimeInit uid 2000 <<<<<<
03-19 14:37:59.138 28298 28298 D AndroidRuntime: CheckJNI is OFF
03-19 14:37:59.198 28298 28298 E libmdmdetect: Failed to open /sys/bus/msm_subsys/devices/subsys0/name: Permission denied
03-19 14:37:59.193 28298 28298 W main    : type=1400 audit(0.0:249): avc: denied { read } for uid=2000 name="name" dev="sysfs" ino=22225 scontext=u:r:shell:s0 tcontext=u:object_r:sysfs:s0 tclass=file permissive=0
03-19 14:37:59.214 28298 28298 D ICU     : No timezone override file found: /data/misc/zoneinfo/current/icu/icu_tzdata.dat
03-19 14:37:59.240 28298 28298 I Radio-JNI: register_android_hardware_Radio DONE
03-19 14:37:59.254 28298 28298 D AndroidRuntime: Calling main entry com.android.commands.pm.Pm
03-19 14:37:59.259 28298 28298 I art     : System.exit called, status: 1
03-19 14:37:59.259 28298 28298 I AndroidRuntime: VM exiting with result code 1.
03-19 14:37:59.844 28310 28310 D AndroidRuntime: >>>>>> START com.android.internal.os.RuntimeInit uid 2000 <<<<<<
03-19 14:37:59.848 28310 28310 D AndroidRuntime: CheckJNI is OFF
03-19 14:37:59.908 28310 28310 E libmdmdetect: Failed to open /sys/bus/msm_subsys/devices/subsys0/name: Permission denied
03-19 14:37:59.903 28310 28310 W main    : type=1400 audit(0.0:250): avc: denied { read } for uid=2000 name="name" dev="sysfs" ino=22225 scontext=u:r:shell:s0 tcontext=u:object_r:sysfs:s0 tclass=file permissive=0
03-19 14:37:59.924 28310 28310 D ICU     : No timezone override file found: /data/misc/zoneinfo/current/icu/icu_tzdata.dat
03-19 14:37:59.930  2649  2956 D BatteryService: uevent={POWER_SUPPLY_TEMP=247, POWER_SUPPLY_PRESENT=1, POWER_SUPPLY_STATUS=Full, POWER_SUPPLY_CAPACITY=100, ACTION=change, DEVPATH=/devices/soc/qpnp-smbcharger-17/power_supply/battery, SUBSYSTEM=power_supply, POWER_SUPPLY_VOLTAGE_NOW=4375432, SEQNUM=9352, POWER_SUPPLY_NAME=battery, POWER_SUPPLY_CURRENT_NOW=152, POWER_SUPPLY_CHARGE_COUNTER=3030085, POWER_SUPPLY_CHARGE_RATE=Normal, POWER_SUPPLY_HEALTH=Good}
03-19 14:37:59.932  2649  4631 D BatteryService: mLastPlugType/mPlugType:2/2
03-19 14:37:59.932  2649  4631 D BatteryService: set mLastPlugType to 2
03-19 14:37:59.933  3048  3048 D KeyguardUpdateMonitor: received broadcast android.intent.action.BATTERY_CHANGED
03-19 14:37:59.934  3562  3662 I chatty  : uid=1000(system) MainEventThread expire 11 lines
03-19 14:37:59.935  3006  3006 D VideoCall_LowBattery: BatteryIntent received: android.intent.action.BATTERY_CHANGED
03-19 14:37:59.936  3385  4063 D HeadsetStateMachine: Disconnected process message: 10, size: 0
03-19 14:37:59.936  3385  4063 D HeadsetStateMachine: Enter processIntentBatteryChanged()
03-19 14:37:59.936  3385  4063 D HeadsetStateMachine: Exit processIntentBatteryChanged()
03-19 14:37:59.936  3385  4063 D HeadsetStateMachine: Exit Disconnected processMessage() 
03-19 14:37:59.937  3006  3006 E QtiImsExtUtils: getConfigForPhoneId subId is invalid
03-19 14:37:59.937  3006  3006 E QtiImsExtUtils: isCarrierConfigEnabled bundle is null
03-19 14:37:59.937  3006  3006 D VideoCall_LowBattery:  allowVideoCallsInLowBattery: false isCarrierOneSupported: false mIsLowbattery: false
03-19 14:37:59.938  3048  3048 D KeyguardUpdateMonitor: handleBatteryUpdate
03-19 14:37:59.951 28310 28310 I Radio-JNI: register_android_hardware_Radio DONE
03-19 14:37:59.965 28310 28310 D AndroidRuntime: Calling main entry com.android.commands.pm.Pm
03-19 14:37:59.970 28310 28310 I art     : System.exit called, status: 1
03-19 14:37:59.970 28310 28310 I AndroidRuntime: VM exiting with result code 1.
03-19 14:38:00.002  3048  3048 D KeyguardUpdateMonitor: received broadcast android.intent.action.TIME_TICK
03-19 14:38:00.002  3048  3048 D KeyguardUpdateMonitor: handleTimeUpdate
03-19 14:38:00.025 27931 27931 I Finsky  : [1] com.google.android.finsky.scheduler.JobSchedulerEngine$PhoneskyJobSchedulerJobService.onStartJob(9): onJobSchedulerWakeup
03-19 14:38:00.028 27931 27931 I Finsky  : [1] com.google.android.finsky.scheduler.p.a(22): Scheduling fallback in 43199998 (absolute: 101279870)
03-19 14:38:00.031 27931 27931 I Finsky  : [1] com.google.android.finsky.scheduler.p.a(22): Scheduling fallback in 64799998 (absolute: 122879873)
03-19 14:38:00.035 27931 27931 V ConnectivityManager: isActiveNetworkMetered() returns:false
03-19 14:38:00.035   587   587 I SFPerfTracer:      triggers: (rate: 21:1490) (compose: 0:3) (post: 0:4) (render: 0:6) (0:11614 frames) (1:14836)
03-19 14:38:00.035   587   587 D SFPerfTracer:        layers: (2:9) (DimLayerController/Stack=0 (0xb0891000): 0:88)* (StatusBar (0xb0894c00): 1:4127) (com.android.systemui.ImageWallpaper (0xb06f8400): 0:2206)* (Sprite (0xb06f9800): 0:3)* (animation background stackId=1 (0xb06f7000): 0:10)* (us.moviemates/us.moviemates.Activities.MainActivity (0xb06fac00): 0:80)- (com.google.android.gms/com.google.android.gms.common.account.SimpleAccountPickerActivity (0xb06c5c00): 0:47)- (Starting us.moviemates (0xb06c5c00): 0:12)- (us.moviemates/us.moviemates.Activities.MoviesActivity (0xb0892400): 0:22) 
03-19 14:38:00.038 27931 27931 I Finsky  : [1] com.google.android.finsky.scheduler.w.handleMessage(32): DeviceState: DeviceState{currentTime=1521495480032, isCharging=true, isIdle=false, netAny=true, netNotRoaming=true, netUnmetered=true}
03-19 14:38:00.045 27931 27931 I Finsky  : [1] com.google.android.finsky.scheduler.r.a(88): Running job: 1 (12)
03-19 14:38:00.045 27931 27931 I Finsky  : [1] com.google.android.finsky.ah.c.a(41): ContentSyncJob started
03-19 14:38:00.047 27931 27931 I Finsky  : [1] com.google.android.finsky.scheduler.r.a(160): RunningQueue size: 1
03-19 14:38:00.048 27931 27931 I Finsky  : [1] com.google.android.finsky.scheduler.r.a(161): PendingQueue size: 0
03-19 14:38:00.196  2093  2093 I MSM-irqbalance: Decided to move IRQ18 from CPU0 [P:0] to CPU5 [P:1] (banned)
03-19 14:38:00.196  2093  2093 I MSM-irqbalance: Decided to move IRQ18 from CPU1 [P:0] to CPU4 [P:1] (banned)
03-19 14:38:00.196  2093  2093 I MSM-irqbalance: Decided to move IRQ18 from CPU3 [P:0] to CPU6 [P:1] (banned)
03-19 14:38:00.196  2093  2093 I MSM-irqbalance: Decided to move IRQ18 from CPU2 [P:0] to CPU7 [P:1] (banned)
03-19 14:38:00.271 27931 27968 I Finsky  : [1484] com.google.android.finsky.n.c.a(25): Completed 0 account content syncs with 0 successful.
03-19 14:38:00.272 27931 27931 I Finsky  : [1] com.google.android.finsky.ah.c.a(5): Installation state replication succeeded.
03-19 14:38:00.275 27931 27931 I Finsky  : [1] com.google.android.finsky.scheduler.aq.b(12): jobFinished: 1 12
03-19 14:38:00.276 27931 27931 I Finsky  : [1] com.google.android.finsky.scheduler.r.a(185): Job 1 (12) finished
03-19 14:38:00.277 27931 27931 I Finsky  : [1] com.google.android.finsky.scheduler.r.a(160): RunningQueue size: 0
03-19 14:38:00.277 27931 27931 I Finsky  : [1] com.google.android.finsky.scheduler.r.a(161): PendingQueue size: 0
03-19 14:38:00.278 27931 27931 I Finsky  : [1] com.google.android.finsky.scheduler.w.handleMessage(216): Executor finished
03-19 14:38:00.513 28320 28320 D AndroidRuntime: >>>>>> START com.android.internal.os.RuntimeInit uid 2000 <<<<<<
03-19 14:38:00.517 28320 28320 D AndroidRuntime: CheckJNI is OFF
03-19 14:38:00.577 28320 28320 E libmdmdetect: Failed to open /sys/bus/msm_subsys/devices/subsys0/name: Permission denied
03-19 14:38:00.573 28320 28320 W main    : type=1400 audit(0.0:251): avc: denied { read } for uid=2000 name="name" dev="sysfs" ino=22225 scontext=u:r:shell:s0 tcontext=u:object_r:sysfs:s0 tclass=file permissive=0
03-19 14:38:00.593 28320 28320 D ICU     : No timezone override file found: /data/misc/zoneinfo/current/icu/icu_tzdata.dat
03-19 14:38:00.620 28320 28320 I Radio-JNI: register_android_hardware_Radio DONE
03-19 14:38:00.634 28320 28320 D AndroidRuntime: Calling main entry com.android.commands.pm.Pm
03-19 14:38:00.638 28320 28320 I art     : System.exit called, status: 1
03-19 14:38:00.638 28320 28320 I AndroidRuntime: VM exiting with result code 1.
03-19 14:38:01.061  1939  1940 E ANDR-PERF-MPCTL: Invalid profile no. 0, total profiles 0 only
03-19 14:38:01.197  2649  2963 I ActivityManager: START u0 {act=android.intent.action.MAIN cat=[android.intent.category.HOME] flg=0x10200000 cmp=com.android.launcher3/.GoogleNowPanel (has extras)} from uid 1000 on display 0
03-19 14:38:01.197  1939 28337 I Thermal-Lib: Thermal-Lib-Client: Client request sent
03-19 14:38:01.198  1948  2033 I ThermalEngine: Thermal-Server: Thermal received msg from  override
03-19 14:38:01.215 27595 27595 D MovieMates_LOG: ContentMates.class -> onPause()
03-19 14:38:01.259  2649  2963 I ActivityManager: moveHomeStack, setupComplete:true
03-19 14:38:01.326 22817 22817 I GoogleInputMethod: onFinishInput() : Dummy InputConnection bound
03-19 14:38:01.326 22817 22817 I GoogleInputMethod: onStartInput() : Dummy InputConnection bound
03-19 14:38:01.327  2649  2714 I LaunchCheckinHandler: Displayed com.android.launcher3/.GoogleNowPanel,wp,wa,130
03-19 14:38:01.419 28333 28333 D AndroidRuntime: >>>>>> START com.android.internal.os.RuntimeInit uid 2000 <<<<<<
03-19 14:38:01.423 28333 28333 D AndroidRuntime: CheckJNI is OFF
03-19 14:38:01.471  3505  4596 V ConnectivityManager: isActiveNetworkMetered() returns:false
03-19 14:38:01.478  2649  2649 E NotificationService: Suppressing notification from package by user request.
03-19 14:38:01.491 12021 12021 W SessionLifecycleManager: Handover failed. Creating new session controller.
03-19 14:38:01.490 28333 28333 W main    : type=1400 audit(0.0:252): avc: denied { read } for uid=2000 name="name" dev="sysfs" ino=22225 scontext=u:r:shell:s0 tcontext=u:object_r:sysfs:s0 tclass=file permissive=0
03-19 14:38:01.494 28333 28333 E libmdmdetect: Failed to open /sys/bus/msm_subsys/devices/subsys0/name: Permission denied
03-19 14:38:01.520 28333 28333 D ICU     : No timezone override file found: /data/misc/zoneinfo/current/icu/icu_tzdata.dat
03-19 14:38:01.522 12021 12021 I OptInState: There is a new client and it does not support opt-in. Dropping request.
03-19 14:38:01.540 12021 22645 V ConnectivityManager: isActiveNetworkMetered() returns:false
03-19 14:38:01.545 12021 22645 V ConnectivityManager: isActiveNetworkMetered() returns:false
03-19 14:38:01.546 12021 27430 W LocationOracle: No location history returned by ContextManager
03-19 14:38:01.550 28333 28333 I Radio-JNI: register_android_hardware_Radio DONE
03-19 14:38:01.554  2649  2662 I WindowManager: Destroying surface Surface(name=us.moviemates/us.moviemates.Activities.MoviesActivity) called by com.android.server.wm.WindowStateAnimator.destroySurface:2067 com.android.server.wm.WindowStateAnimator.destroySurfaceLocked:896 com.android.server.wm.WindowState.destroyOrSaveSurface:2094 com.android.server.wm.WindowManagerService.tryStartExitingAnimation:3093 com.android.server.wm.WindowManagerService.relayoutWindow:2973 com.android.server.wm.Session.relayout:215 android.view.IWindowSession$Stub.onTransact:286 com.android.server.wm.Session.onTransact:136 
03-19 14:38:01.570 28333 28333 D AndroidRuntime: Calling main entry com.android.commands.am.Am
03-19 14:38:01.577  2649  3034 I ActivityManager: START u0 {act=android.intent.action.MAIN cat=[android.intent.category.LAUNCHER] flg=0x10200000 cmp=io.appium.settings/.Settings} from uid 2000 on display 0
03-19 14:38:01.579 12021 12021 I MicroDetectionWorker: #startMicroDetector [speakerMode: 0]
03-19 14:38:01.581 12021 12021 I AudioController: Created new AudioSource
03-19 14:38:01.604 12021 12021 I BgTaskExecutorImpl: Starting EXCLUSIVE background task update_searchnow_bootstrap_data.
03-19 14:38:01.609 12021 12021 I MicroDetectionWorker: onReady
03-19 14:38:01.618  2649  3593 I ActivityManager: Start proc 28356:io.appium.settings/u0a395 for activity io.appium.settings/.Settings
03-19 14:38:01.619  3505 27361 W ctxmgr  : [AclManager]No 3 for (accnt=account#-517948760#, com.google.android.gms(10033):UserVelocityProducer, vrsn=12221438, 0, 3pPkg = null ,  3pMdlId = null ,  pid = 3505). Was: 3 for 1, account#-517948760#
03-19 14:38:01.621 28356 28356 I art     : Late-enabling -Xcheck:jni
03-19 14:38:01.624 12021 12021 W NowEndstateTracker: Trying to delete an endstate 4314475479774863516 that does not exist
03-19 14:38:01.632 12021 26754 I MicroRecognitionRunner: Starting detection.
03-19 14:38:01.632 12021 27684 I MicrophoneInputStream: mic_starting  SR : 16000 CC : 16 SO : 1999
03-19 14:38:01.634  1955 28371 I AudioFlinger: AudioFlinger's thread 0xaab83540 ready to run
03-19 14:38:01.638  1955 28371 D audio_hw_primary: in_set_parameters: enter: kvpairs=input_source=6;routing=-2147483644
03-19 14:38:01.639  1955  2399 D APM_AudioPolicyManager: AudioPolicyManager::startInput() input source = 1999
03-19 14:38:01.640 12021 27684 I MicrophoneInputStream: mic_started  SR : 16000 CC : 16 SO : 1999
03-19 14:38:01.649  1955 28371 V msm8974_platform: platform_update_usecase_from_source: input source :6
03-19 14:38:01.649  1955 28371 V msm8974_platform: platform_get_input_snd_device: enter: out_device(0) in_device(0x4) channel_count (1) channel_mask (0x10)
03-19 14:38:01.649  1955 28371 V msm8974_platform: platform_get_input_snd_device: exit: in_snd_device(voice-rec-mic)
03-19 14:38:01.649  1955 28371 E audio_route: unable to find path 'set-capture-format-default'
03-19 14:38:01.649  1955 28371 V msm8974_platform: platform_send_audio_calibration: sending audio calibration for snd_device(107) acdb_id(62)
03-19 14:38:01.649  1955 28371 D ACDB-LOADER: ACDB -> send_audio_cal, acdb_id = 62, path = 1, app id = 0x11130, sample rate = 48000
03-19 14:38:01.649  1955 28371 D ACDB-LOADER: ACDB -> send_asm_topology
03-19 14:38:01.649  1955 28371 D ACDB-LOADER: ACDB -> ACDB_CMD_GET_AUDPROC_STREAM_TOPOLOGY_ID
03-19 14:38:01.649  1955 28371 D ACDB-LOADER: ACDB -> send_adm_topology
03-19 14:38:01.649  1955 28371 D ACDB-LOADER: ACDB -> ACDB_CMD_GET_AUDPROC_COMMON_TOPOLOGY_ID
03-19 14:38:01.649  1955 28371 D ACDB-LOADER: ACDB -> send_audtable
03-19 14:38:01.649  1955 28371 D ACDB-LOADER: ACDB -> ACDB_CMD_GET_AUDPROC_COMMON_TABLE_SIZE
03-19 14:38:01.649  1955 28371 D         : ACDBFILE_MGR:Read the devices count as zero, please check the acdb file
03-19 14:38:01.649  1955 28371 D         : Failed to fetch the lookup information of the device 0000003E 
03-19 14:38:01.649  1955 28371 E ACDB-LOADER: Error: ACDB_CMD_GET_AUDPROC_COMMON_TABLE_SIZE Returned = -19
03-19 14:38:01.649  1955 28371 D ACDB-LOADER: ACDB -> ACDB_CMD_GET_AUDPROC_COMMON_TABLE
03-19 14:38:01.649  1955 28371 D         : ACDBFILE_MGR:Read the devices count as zero, please check the acdb file
03-19 14:38:01.649  1955 28371 D         : Failed to fetch the lookup information of the device 0000003E 
03-19 14:38:01.649  1955 28371 D ACDB-LOADER: ACDB -> AUDIO_SET_AUDPROC_CAL
03-19 14:38:01.649  1955 28371 D ACDB-LOADER: ACDB -> send_audvoltable
03-19 14:38:01.649  1955 28371 D ACDB-LOADER: ACDB -> ACDB_CMD_GET_AUDPROC_GAIN_DEP_STEP_TABLE, vol index 0
03-19 14:38:01.649  1955 28371 D         : ACDBFILE_MGR:Read the devices count as zero, please check the acdb file
03-19 14:38:01.650  1955 28371 D         : Failed to fetch the lookup information of the device 0000003E 
03-19 14:38:01.650  1955 28371 D ACDB-LOADER: ACDB -> AUDIO_SET_VOL_CAL cal type = 12
03-19 14:38:01.650  1955 28371 D ACDB-LOADER: ACDB -> send_audstrmtable
03-19 14:38:01.650  1955 28371 D ACDB-LOADER: ACDB -> ACDB_CMD_GET_AUDPROC_STREAM_TABLE_V2
03-19 14:38:01.650  1955 28371 D ACDB-LOADER: ACDB -> audstrm_cal->cal_type.cal_data.cal_size = 456
03-19 14:38:01.650  1955 28371 D ACDB-LOADER: ACDB -> send_afe_topology
03-19 14:38:01.650  1955 28371 D ACDB-LOADER: ACDB -> ACDB_CMD_GET_AFE_TOPOLOGY_ID
03-19 14:38:01.650  1955 28371 D ACDB-LOADER: ACDB -> GET_AFE_TOPOLOGY_ID for adcd_id 62, Topology Id 112fb
03-19 14:38:01.650  1955 28371 D ACDB-LOADER: ACDB -> send_afe_cal
03-19 14:38:01.650  1955 28371 D ACDB-LOADER: ACDB -> ACDB_CMD_GET_AFE_COMMON_TABLE
03-19 14:38:01.650  1955 28371 D         : ACDBFILE_MGR:Read the devices count as zero, please check the acdb file
03-19 14:38:01.650  1955 28371 D         : Failed to fetch the lookup information of the device 0000003E 
03-19 14:38:01.650  1955 28371 D ACDB-LOADER: ACDB -> AUDIO_SET_AFE_CAL
03-19 14:38:01.650  1955 28371 D ACDB-LOADER: ACDB -> send_hw_delay : acdb_id = 62 path = 1
03-19 14:38:01.650  1955 28371 D ACDB-LOADER: ACDB -> ACDB_AVSYNC_INFO: ACDB_CMD_GET_DEVICE_PROPERTY
03-19 14:38:01.650  1955 28371 D audio_hw_primary: enable_snd_device: snd_device(107: voice-rec-mic)
03-19 14:38:01.652  1955 28371 D audio_hw_primary: enable_audio_route: apply and update mixer path: audio-record
03-19 14:38:01.653  1955 28371 I audio_hw_utils: audio_extn_utils_send_app_type_cfg PLAYBACK app_type 69936, acdb_dev_id 62, sample_rate 48000
03-19 14:38:01.663 12021 12021 I SNBWorker: Updating bootstrap data
03-19 14:38:01.690 28356 28356 I art     : Starting a blocking GC AddRemoveAppImageSpace
03-19 14:38:01.691 12021 28354 W TabTreeCopier: Card found with UNKNOWN_TAB, Entry Type 155
03-19 14:38:01.692 28356 28356 W System  : ClassLoader referenced unknown path: /data/app/io.appium.settings-1/lib/arm
03-19 14:38:01.693 12021 28354 W TabTreeCopier: Card found with UNKNOWN_TAB, Entry Type 143
03-19 14:38:01.717  2649  4648 I WindowManager: Destroying surface Surface(name=com.android.launcher3/com.android.launcher3.GoogleNowPanel) called by com.android.server.wm.WindowStateAnimator.destroySurface:2067 com.android.server.wm.WindowStateAnimator.destroySurfaceLocked:896 com.android.server.wm.WindowState.destroyOrSaveSurface:2094 com.android.server.wm.WindowManagerService.tryStartExitingAnimation:3093 com.android.server.wm.WindowManagerService.relayoutWindow:2973 com.android.server.wm.Session.relayout:215 android.view.IWindowSession$Stub.onTransact:286 com.android.server.wm.Session.onTransact:136 
03-19 14:38:01.738  3505  3704 E ctxmgr  : [WorkInfo]Attribution was already enqueued pkg=com.google.android.gms, lbl=PlacesProducer_receive, start=unspec, stop=unspec.
03-19 14:38:01.747  3505 27361 E ctxmgr  : [WorkManager]Ongoing task not found: PlacesProducer_receive
03-19 14:38:01.749  3505  7425 I PlaceInferenceEngine: [anon] Changed inference mode: 0
03-19 14:38:01.758 28356 28356 D APPIUM SETTINGS: Entering Appium settings
03-19 14:38:01.758 28356 28356 D APPIUM SETTINGS: Closing settings app
03-19 14:38:01.776  3505  7425 I Places  : ?: PlacesBleScanner start() with priority 2
03-19 14:38:01.777  3505  7425 I PlaceInferenceEngine: [anon] Changed inference mode: 1
03-19 14:38:01.792  3505  3505 I BeaconBle: Client requested scan, settings=BleSettings [scanMode=ZERO_POWER, callbackType=ALL_MATCHES, reportDelayMillis=0, 1 filters, 0 clients, callingClientName=Places]
03-19 14:38:01.799  3505  7425 I Places  : Converted 0 out of 22 WiFi scans
03-19 14:38:01.802  3505  3505 I BeaconBle: ZERO_POWER is disabled.
03-19 14:38:01.802  3505  3505 I BeaconBle: 'L' hardware scan: scan stopped, no powered clients
03-19 14:38:01.810 28356 28377 I Adreno  : QUALCOMM build                   : 15c6858, Id9e7eae3da
03-19 14:38:01.810 28356 28377 I Adreno  : Build Date                       : 12/22/16
03-19 14:38:01.810 28356 28377 I Adreno  : OpenGL ES Shader Compiler Version: XE031.09.00.03
03-19 14:38:01.810 28356 28377 I Adreno  : Local Branch                     : 
03-19 14:38:01.810 28356 28377 I Adreno  : Remote Branch                    : refs/tags/AU_LINUX_ANDROID_LA.UM.5.5.R1.07.00.00.269.019
03-19 14:38:01.810 28356 28377 I Adreno  : Remote Branch                    : NONE
03-19 14:38:01.810 28356 28377 I Adreno  : Reconstruct Branch               : NOTHING
03-19 14:38:01.816 28356 28377 I OpenGLRenderer: Initialized EGL, version 1.4
03-19 14:38:01.816 28356 28377 D OpenGLRenderer: Swap behavior 1
03-19 14:38:01.818 22817 22817 I GoogleInputMethod: onFinishInput() : Dummy InputConnection bound
03-19 14:38:01.819 22817 22817 I GoogleInputMethod: onStartInput() : Dummy InputConnection bound
03-19 14:38:01.845  2649  2714 I LaunchCheckinHandler: Displayed io.appium.settings/.Settings,cp,ca,237
03-19 14:38:01.846 28333 28333 D AndroidRuntime: Shutting down VM
03-19 14:38:01.846  3653  3707 W OpenGLRenderer: Incorrectly called buildLayer on View: ShortcutAndWidgetContainer, destroying layer...
03-19 14:38:01.846  3653  3707 W OpenGLRenderer: Incorrectly called buildLayer on View: ShortcutAndWidgetContainer, destroying layer...
03-19 14:38:01.857  2649  4628 I WindowManager: Destroying surface Surface(name=com.android.launcher3/com.android.launcher3.GoogleNowPanel) called by com.android.server.wm.WindowStateAnimator.destroySurface:2067 com.android.server.wm.WindowStateAnimator.destroySurfaceLocked:896 com.android.server.wm.WindowState.destroyOrSaveSurface:2094 com.android.server.wm.AppWindowToken.destroySurfaces:368 com.android.server.wm.AppWindowToken.notifyAppStopped:394 com.android.server.wm.WindowManagerService.notifyAppStopped:4532 com.android.server.am.ActivityStack.activityStoppedLocked:1267 com.android.server.am.ActivityManagerService.activityStopped:7177 
03-19 14:38:01.863  3505 25543 I PlaceInferenceEngine: No beacon scan available - ignoring candidates.
03-19 14:38:01.873  2649  2714 I WindowManager: Destroying surface Surface(name=Starting io.appium.settings) called by com.android.server.wm.WindowStateAnimator.destroySurface:2067 com.android.server.wm.WindowStateAnimator.destroySurfaceLocked:896 com.android.server.wm.WindowState.destroyOrSaveSurface:2094 com.android.server.wm.AppWindowToken.destroySurfaces:368 com.android.server.wm.WindowStateAnimator.finishExit:575 com.android.server.wm.WindowStateAnimator.stepAnimationLocked:501 com.android.server.wm.WindowAnimator.updateWindowsLocked:303 com.android.server.wm.WindowAnimator.animateLocked:704 
03-19 14:38:01.986  3505 24147 W ctxmgr  : [AclManager]No 2 for (accnt=account#-517948760#, com.google.android.gms(10033):PlacesProducer, vrsn=12221000, 0, 3pPkg = null ,  3pMdlId = null ,  pid = 3505). Was: 3 for 18, account#-517948760#
03-19 14:38:02.027  1958  1958 I         : free_cache(38613) avail 18446409728
03-19 14:38:02.067 27931 27931 I Finsky  : [1] com.google.android.finsky.verifier.impl.PackageVerificationReceiver.onReceive(12): Verification requested, id = 22
03-19 14:38:02.078 27931 28005 W Settings: Setting install_non_market_apps has moved from android.provider.Settings.Global to android.provider.Settings.Secure, returning read-only value.
03-19 14:38:02.108 27931 28005 I Finsky  : [1512] com.google.android.finsky.foregroundcoordinator.a.a(14): Task 7 requested foreground
03-19 14:38:02.109 27931 28005 I Finsky  : [1512] com.google.android.finsky.foregroundcoordinator.a.a(42): Not entering foreground
03-19 14:38:02.174 27931 28004 I Finsky  : [1511] com.google.android.finsky.verifier.impl.da.b(6): Verification id=22 response=0
03-19 14:38:02.180 27931 27931 I Finsky  : [1] com.google.android.finsky.verifier.impl.dr.c(191): Verifying id=22, result=1
03-19 14:38:02.181 27931 27931 I Finsky  : [1] com.google.android.finsky.verifier.impl.dr.c(208): Verification complete: id=22, package_name=io.appium.unlock
03-19 14:38:02.192  2649  2740 I chatty  : uid=1000(system) PackageManager expire 2 lines
03-19 14:38:02.233 28392 28392 I dex2oat : Adjusted thread count (for runtime dex2oat): 4, 4
03-19 14:38:02.233 28392 28392 I dex2oat : /system/bin/dex2oat --compiler-filter=interpret-only --debuggable
03-19 14:38:02.247  2649  3347 I chatty  : uid=1000(system) Binder:2649_6 expire 1 line
03-19 14:38:02.279 28392 28392 I dex2oat : dex2oat took 46.651ms (threads: 4) arena alloc=2360B (2360B) java alloc=89KB (91768B) native alloc=922KB (944712B) free=1637KB (1676728B)
03-19 14:38:02.284  2649  2740 W PackageManager: Attempt to re-install io.appium.unlock without first uninstalling.
03-19 14:38:02.284  2649  2678 I ActivityManager: Force stopping io.appium.unlock appid=10136 user=-1: installPackageLI
03-19 14:38:02.286  1958  1958 E         : Couldn't opendir /data/app/vmdl1536393861.tmp: No such file or directory
03-19 14:38:02.287  2649  4610 D PackageInstaller: Ignoring abandon after commit relinquished control
03-19 14:38:02.327 12021 27683 I PBSessionCacheImpl: Deleted sessionId[5375334140223] from persistence.
03-19 14:38:02.337 12021 22645 V ConnectivityManager: isActiveNetworkMetered() returns:false
03-19 14:38:02.341 12021 12021 W SearchService: Abort, client detached.
03-19 14:38:02.343 12021 12021 I BgTaskExecutorImpl: Starting EXCLUSIVE background task update_launcher_shortcut.
03-19 14:38:02.347  1958  1958 I         : free_cache(38613) avail 18446221312
03-19 14:38:02.361 12021 12021 I MicroDetectionWorker: onReady
03-19 14:38:02.363 12021 12021 I MicroDetector: Keeping mic open: false
03-19 14:38:02.363 12021 27430 I DeviceStateChecker: DeviceStateChecker cancelled
03-19 14:38:02.364 12021 22645 I AudioController: internalShutdown
03-19 14:38:02.364 12021 26733 I MicroRecognitionRunner: Stopping hotword detection.
03-19 14:38:02.364 12021 26754 I MicroRecognitionRunner: Detection finished
03-19 14:38:02.370 12021 12021 W SearchService: Abort, client detached.
03-19 14:38:02.380 12021 27684 I MicrophoneInputStream: mic_close  SR : 16000 CC : 16 SO : 1999
03-19 14:38:02.396 27931 27931 I Finsky  : [1] com.google.android.finsky.verifier.impl.PackageVerificationReceiver.onReceive(12): Verification requested, id = 23
03-19 14:38:02.400  1955  2243 D APM_AudioPolicyManager: stopInput() input 70
03-19 14:38:02.405  1955 28371 D audio_hw_primary: in_set_parameters: enter: kvpairs=routing=0
03-19 14:38:02.407 27931 28002 W Settings: Setting install_non_market_apps has moved from android.provider.Settings.Global to android.provider.Settings.Secure, returning read-only value.
03-19 14:38:02.436 27931 28002 I Finsky  : [1509] com.google.android.finsky.foregroundcoordinator.a.a(14): Task 7 requested foreground
03-19 14:38:02.436 27931 28002 I Finsky  : [1509] com.google.android.finsky.foregroundcoordinator.a.a(42): Not entering foreground
03-19 14:38:02.453  1955 28371 D audio_hw_primary: disable_audio_route: reset and update mixer path: audio-record
03-19 14:38:02.454  1955 28371 D audio_hw_primary: disable_snd_device: snd_device(107: voice-rec-mic)
03-19 14:38:02.494 27931 28008 I Finsky  : [1515] com.google.android.finsky.verifier.impl.da.b(6): Verification id=23 response=0
03-19 14:38:02.520 27931 27931 I Finsky  : [1] com.google.android.finsky.verifier.impl.dr.c(191): Verifying id=23, result=1
03-19 14:38:02.522 27931 27931 I Finsky  : [1] com.google.android.finsky.verifier.impl.dr.c(208): Verification complete: id=23, package_name=io.appium.unlock
03-19 14:38:02.571 28406 28406 I dex2oat : Adjusted thread count (for runtime dex2oat): 4, 4
03-19 14:38:02.571 28406 28406 I dex2oat : /system/bin/dex2oat --compiler-filter=interpret-only --debuggable
03-19 14:38:02.615 28406 28406 I dex2oat : dex2oat took 44.089ms (threads: 4) arena alloc=2368B (2368B) java alloc=77KB (79768B) native alloc=942KB (965360B) free=1617KB (1656080B)
03-19 14:38:02.619  2649  2740 W PackageManager: Attempt to re-install io.appium.unlock without first uninstalling.
03-19 14:38:02.619  2649  2678 I ActivityManager: Force stopping io.appium.unlock appid=10136 user=-1: installPackageLI
03-19 14:38:02.621  1958  1958 E         : Couldn't opendir /data/app/vmdl1414581749.tmp: No such file or directory
03-19 14:38:02.621  2649  4628 D PackageInstaller: Ignoring abandon after commit relinquished control
03-19 14:38:02.807  2649  2662 I ActivityManager: moveHomeStack, setupComplete:true
03-19 14:38:02.826 12021 12021 W SessionLifecycleManager: Handover failed. Creating new session controller.
03-19 14:38:02.827 22817 22817 I GoogleInputMethod: onFinishInput() : Dummy InputConnection bound
03-19 14:38:02.828 22817 22817 I GoogleInputMethod: onStartInput() : Dummy InputConnection bound
03-19 14:38:02.835 12021 27684 V ConnectivityManager: isActiveNetworkMetered() returns:false
03-19 14:38:02.847 12021 27684 V ConnectivityManager: isActiveNetworkMetered() returns:false
03-19 14:38:02.883  2649  2678 I ActivityManager: Killing 26091:com.reddit.frontpage/u0a143 (adj 906): empty #13
03-19 14:38:02.891  2649  4629 I WindowManager: Destroying surface Surface(name=io.appium.settings/io.appium.settings.Settings) called by com.android.server.wm.WindowStateAnimator.destroySurface:2067 com.android.server.wm.WindowStateAnimator.destroySurfaceLocked:896 com.android.server.wm.WindowState.removeLocked:1457 com.android.server.wm.WindowManagerService.removeWindowInnerLocked:2546 com.android.server.wm.WindowManagerService.removeWindowLocked:2504 com.android.server.wm.WindowManagerService.removeWindowLocked:2373 com.android.server.wm.WindowManagerService.removeWindow:2364 com.android.server.wm.Session.remove:193 
03-19 14:38:02.903 12021 12021 I MicroDetectionWorker: #startMicroDetector [speakerMode: 0]
03-19 14:38:02.903  2649  4631 D ConnectivityService: ConnectivityService NetworkRequestInfo binderDied(NetworkRequest [ id=60, legacyType=-1, [ Capabilities: INTERNET&NOT_RESTRICTED&TRUSTED&NOT_VPN] ], android.os.BinderProxy@9886718)
03-19 14:38:02.904  2649  2988 E ConnectivityService: RemoteException caught trying to send a callback msg for NetworkRequest [ id=60, legacyType=-1, [ Capabilities: INTERNET&NOT_RESTRICTED&TRUSTED&NOT_VPN] ]
03-19 14:38:02.904  2649  3092 D ActivityManager: cleanUpApplicationRecord -- 26091
03-19 14:38:02.905 12021 12021 I AudioController: Created new AudioSource
03-19 14:38:02.912 12021 12021 I BgTaskExecutorImpl: Starting EXCLUSIVE background task update_searchnow_bootstrap_data.
03-19 14:38:02.914 12021 12021 I MicroDetectionWorker: onReady
03-19 14:38:02.921 12021 12021 W NowEndstateTracker: Trying to delete an endstate 313023564981272918 that does not exist
03-19 14:38:02.930 12021 28374 I MicroRecognitionRunner: Starting detection.
03-19 14:38:02.931 12021 27684 I MicrophoneInputStream: mic_starting  SR : 16000 CC : 16 SO : 1999
03-19 14:38:02.933  1955 28417 I AudioFlinger: AudioFlinger's thread 0xaab03100 ready to run
03-19 14:38:02.937 12021 12021 I SNBWorker: Updating bootstrap data
03-19 14:38:02.941  1955 28417 D audio_hw_primary: in_set_parameters: enter: kvpairs=input_source=6;routing=-2147483644
03-19 14:38:02.944  1955  1955 D APM_AudioPolicyManager: AudioPolicyManager::startInput() input source = 1999
03-19 14:38:02.945 12021 27684 I MicrophoneInputStream: mic_started  SR : 16000 CC : 16 SO : 1999
03-19 14:38:02.952  1955 28417 V msm8974_platform: platform_update_usecase_from_source: input source :6
03-19 14:38:02.952  1955 28417 V msm8974_platform: platform_get_input_snd_device: enter: out_device(0) in_device(0x4) channel_count (1) channel_mask (0x10)
03-19 14:38:02.952  1955 28417 V msm8974_platform: platform_get_input_snd_device: exit: in_snd_device(voice-rec-mic)
03-19 14:38:02.952  1955 28417 E audio_route: unable to find path 'set-capture-format-default'
03-19 14:38:02.952  1955 28417 V msm8974_platform: platform_send_audio_calibration: sending audio calibration for snd_device(107) acdb_id(62)
03-19 14:38:02.952  1955 28417 D ACDB-LOADER: ACDB -> send_audio_cal, acdb_id = 62, path = 1, app id = 0x11130, sample rate = 48000
03-19 14:38:02.952  1955 28417 D ACDB-LOADER: ACDB -> send_asm_topology
03-19 14:38:02.952  1955 28417 D ACDB-LOADER: ACDB -> ACDB_CMD_GET_AUDPROC_STREAM_TOPOLOGY_ID
03-19 14:38:02.952  1955 28417 D ACDB-LOADER: ACDB -> send_adm_topology
03-19 14:38:02.952  1955 28417 D ACDB-LOADER: ACDB -> ACDB_CMD_GET_AUDPROC_COMMON_TOPOLOGY_ID
03-19 14:38:02.952  1955 28417 D ACDB-LOADER: ACDB -> send_audtable
03-19 14:38:02.952  1955 28417 D ACDB-LOADER: ACDB -> ACDB_CMD_GET_AUDPROC_COMMON_TABLE_SIZE
03-19 14:38:02.952  1955 28417 D         : ACDBFILE_MGR:Read the devices count as zero, please check the acdb file
03-19 14:38:02.953  1955 28417 D         : Failed to fetch the lookup information of the device 0000003E 
03-19 14:38:02.953  1955 28417 E ACDB-LOADER: Error: ACDB_CMD_GET_AUDPROC_COMMON_TABLE_SIZE Returned = -19
03-19 14:38:02.953  1955 28417 D ACDB-LOADER: ACDB -> ACDB_CMD_GET_AUDPROC_COMMON_TABLE
03-19 14:38:02.953  1955 28417 D         : ACDBFILE_MGR:Read the devices count as zero, please check the acdb file
03-19 14:38:02.953  1955 28417 D         : Failed to fetch the lookup information of the device 0000003E 
03-19 14:38:02.953  1955 28417 D ACDB-LOADER: ACDB -> AUDIO_SET_AUDPROC_CAL
03-19 14:38:02.953  1955 28417 D ACDB-LOADER: ACDB -> send_audvoltable
03-19 14:38:02.953  1955 28417 D ACDB-LOADER: ACDB -> ACDB_CMD_GET_AUDPROC_GAIN_DEP_STEP_TABLE, vol index 0
03-19 14:38:02.953  1955 28417 D         : ACDBFILE_MGR:Read the devices count as zero, please check the acdb file
03-19 14:38:02.953  1955 28417 D         : Failed to fetch the lookup information of the device 0000003E 
03-19 14:38:02.953  1955 28417 D ACDB-LOADER: ACDB -> AUDIO_SET_VOL_CAL cal type = 12
03-19 14:38:02.953  1955 28417 D ACDB-LOADER: ACDB -> send_audstrmtable
03-19 14:38:02.953  1955 28417 D ACDB-LOADER: ACDB -> ACDB_CMD_GET_AUDPROC_STREAM_TABLE_V2
03-19 14:38:02.953  1955 28417 D ACDB-LOADER: ACDB -> audstrm_cal->cal_type.cal_data.cal_size = 456
03-19 14:38:02.953  1955 28417 D ACDB-LOADER: ACDB -> send_afe_topology
03-19 14:38:02.953  1955 28417 D ACDB-LOADER: ACDB -> ACDB_CMD_GET_AFE_TOPOLOGY_ID
03-19 14:38:02.953  1955 28417 D ACDB-LOADER: ACDB -> GET_AFE_TOPOLOGY_ID for adcd_id 62, Topology Id 112fb
03-19 14:38:02.953  1955 28417 D ACDB-LOADER: ACDB -> send_afe_cal
03-19 14:38:02.953  1955 28417 D ACDB-LOADER: ACDB -> ACDB_CMD_GET_AFE_COMMON_TABLE
03-19 14:38:02.953  1955 28417 D         : ACDBFILE_MGR:Read the devices count as zero, please check the acdb file
03-19 14:38:02.953  1955 28417 D         : Failed to fetch the lookup information of the device 0000003E 
03-19 14:38:02.953  1955 28417 D ACDB-LOADER: ACDB -> AUDIO_SET_AFE_CAL
03-19 14:38:02.953  1955 28417 D ACDB-LOADER: ACDB -> send_hw_delay : acdb_id = 62 path = 1
03-19 14:38:02.953  1955 28417 D ACDB-LOADER: ACDB -> ACDB_AVSYNC_INFO: ACDB_CMD_GET_DEVICE_PROPERTY
03-19 14:38:02.953  1955 28417 D audio_hw_primary: enable_snd_device: snd_device(107: voice-rec-mic)
03-19 14:38:02.956  1955 28417 D audio_hw_primary: enable_audio_route: apply and update mixer path: audio-record
03-19 14:38:02.956  1955 28417 I audio_hw_utils: audio_extn_utils_send_app_type_cfg PLAYBACK app_type 69936, acdb_dev_id 62, sample_rate 48000
03-19 14:38:02.975 12021 12021 I BgTaskExecutorImpl: Starting EXCLUSIVE background task update_launcher_shortcut.
03-19 14:38:02.978 12021 26754 W TabTreeCopier: Card found with UNKNOWN_TAB, Entry Type 155
03-19 14:38:02.979 12021 26754 W TabTreeCopier: Card found with UNKNOWN_TAB, Entry Type 143
03-19 14:38:03.038 12021 28374 W SpeechLevelGenerator: Really low audio levels detected. The audio input may have issues.
03-19 14:38:03.038 12021 12021 I MicroDetectionWorker: onReady
03-19 14:38:03.044 27931 27931 V ConnectivityManager: isActiveNetworkMetered() returns:false
03-19 14:38:03.345  3653  3707 W OpenGLRenderer: Incorrectly called buildLayer on View: ShortcutAndWidgetContainer, destroying layer...
03-19 14:38:03.345  3653  3707 W OpenGLRenderer: Incorrectly called buildLayer on View: ShortcutAndWidgetContainer, destroying layer...
03-19 14:38:04.578  1948  2033 I ThermalEngine: Thermal-Server: Thermal received msg from  override
03-19 14:38:04.578  1939 28419 I Thermal-Lib: Thermal-Lib-Client: Client request sent
03-19 14:38:04.714   587   643 I SFPerfTracer:      triggers: (rate: 0:0) (0 sw vsyncs) (0 skipped) (47:13443 vsyncs) (49:19338)
03-19 14:38:04.720   587   587 I SFPerfTracer:      triggers: (rate: 21:1490) (compose: 0:3) (post: 0:4) (render: 0:6) (47:11683 frames) (48:14936)
03-19 14:38:04.720   587   587 D SFPerfTracer:        layers: (3:12) (DimLayerController/Stack=0 (0xb0891000): 0:88)* (StatusBar (0xb0894c00): 0:4170) (com.android.systemui.ImageWallpaper (0xb06f8400): 0:2245) (Sprite (0xb06f9800): 0:3)* (animation background stackId=1 (0xb06f7000): 0:12)* (us.moviemates/us.moviemates.Activities.MoviesActivity (0xb0892400): 0:32)- (com.android.launcher3/com.android.launcher3.GoogleNowPanel (0xb06c5c00): 0:24)- (com.android.launcher3/com.android.launcher3.GoogleNowPanel (0xb06fac00): 0:19)- (Starting io.appium.settings (0xb0892400): 0:11)- (io.appium.settings/io.appium.settings.Settings (0xb06fac00): 0:14)- (com.android.launcher3/com.android.launcher3.GoogleNowPanel (0xb0892400): 0:9)* (com.android.launcher3/com.android.launcher3.GoogleNowPanel (0xb06c5c00): 48:57) 
03-19 14:38:04.753  1939  1940 E ANDR-PERF-MPCTL: Invalid profile no. 0, total profiles 0 only
03-19 14:38:04.885  1939 28422 I Thermal-Lib: Thermal-Lib-Client: Client request sent
03-19 14:38:04.885  1948  2033 I ThermalEngine: Thermal-Server: Thermal received msg from  override
03-19 14:38:04.885  2649  3615 I ActivityManager: START u0 {flg=0x10804000 cmp=com.android.systemui/.recents.RecentsActivity} from uid 10069 on display 0
03-19 14:38:04.950 22817 22817 I GoogleInputMethod: onFinishInput() : Dummy InputConnection bound
03-19 14:38:04.950 22817 22817 I GoogleInputMethod: onStartInput() : Dummy InputConnection bound
03-19 14:38:04.966  2649  2714 I LaunchCheckinHandler: Displayed com.android.systemui/.recents.RecentsActivity,wp,wa,80
03-19 14:38:04.982  2649  2714 I WindowManager: Destroying surface Surface(name=com.android.launcher3/com.android.launcher3.GoogleNowPanel) called by com.android.server.wm.WindowStateAnimator.destroySurface:2067 com.android.server.wm.WindowStateAnimator.destroySurfaceLocked:896 com.android.server.wm.WindowState.destroyOrSaveSurface:2094 com.android.server.wm.AppWindowToken.destroySurfaces:368 com.android.server.wm.WindowStateAnimator.finishExit:575 com.android.server.wm.AppWindowAnimator.stepAnimationLocked:438 com.android.server.wm.WindowAnimator.updateAppWindowsLocked:176 com.android.server.wm.WindowAnimator.animateLocked:678 
03-19 14:38:05.197  2093  2093 I MSM-irqbalance: Decided to move IRQ18 from CPU0 [P:0] to CPU5 [P:1] (banned)
03-19 14:38:05.198  2093  2093 I MSM-irqbalance: Decided to move IRQ18 from CPU1 [P:0] to CPU4 [P:1] (banned)
03-19 14:38:05.198  2093  2093 I MSM-irqbalance: Decided to move IRQ18 from CPU3 [P:0] to CPU6 [P:1] (banned)
03-19 14:38:05.198  2093  2093 I MSM-irqbalance: Decided to move IRQ18 from CPU2 [P:0] to CPU7 [P:1] (banned)
03-19 14:38:05.432 12021 22645 I PBSessionCacheImpl: Deleted sessionId[5375334140228] from persistence.
03-19 14:38:05.445 12021 27429 V ConnectivityManager: isActiveNetworkMetered() returns:false
03-19 14:38:05.448 12021 12021 W SearchService: Abort, client detached.
03-19 14:38:05.455  2649  3645 I WindowManager: Destroying surface Surface(name=com.android.launcher3/com.android.launcher3.GoogleNowPanel) called by com.android.server.wm.WindowStateAnimator.destroySurface:2067 com.android.server.wm.WindowStateAnimator.destroySurfaceLocked:896 com.android.server.wm.WindowState.destroyOrSaveSurface:2094 com.android.server.wm.WindowManagerService.tryStartExitingAnimation:3093 com.android.server.wm.WindowManagerService.relayoutWindow:2973 com.android.server.wm.Session.relayout:215 android.view.IWindowSession$Stub.onTransact:286 com.android.server.wm.Session.onTransact:136 
03-19 14:38:05.459 12021 12021 I MicroDetector: Keeping mic open: false
03-19 14:38:05.459 12021 27430 I DeviceStateChecker: DeviceStateChecker cancelled
03-19 14:38:05.459 12021 27683 I AudioController: internalShutdown
03-19 14:38:05.460 12021 26733 I MicroRecognitionRunner: Stopping hotword detection.
03-19 14:38:05.460 12021 28374 I MicroRecognitionRunner: Detection finished
03-19 14:38:05.468 12021 27684 I MicrophoneInputStream: mic_close  SR : 16000 CC : 16 SO : 1999
03-19 14:38:05.488  1955  2242 D APM_AudioPolicyManager: stopInput() input 78
03-19 14:38:05.493  1955 28417 D audio_hw_primary: in_set_parameters: enter: kvpairs=routing=0
03-19 14:38:05.544  1955 28417 D audio_hw_primary: disable_audio_route: reset and update mixer path: audio-record
03-19 14:38:05.544  1955 28417 D audio_hw_primary: disable_snd_device: snd_device(107: voice-rec-mic)
03-19 14:38:05.708 27595 27595 D MovieMates_LOG: ContentMates.class -> onDestroy()
03-19 14:38:05.714  2649  3645 I ActivityManager: Killing 27595:us.moviemates/u0a668 (adj 1001): remove task
03-19 14:38:05.744  2649  5517 I chatty  : uid=1000(system) Binder:2649_14 expire 1 line
03-19 14:38:05.744  2649  3095 D ConnectivityService: ConnectivityService NetworkRequestInfo binderDied(NetworkRequest [ id=63, legacyType=-1, [ Capabilities: INTERNET&NOT_RESTRICTED&TRUSTED] ], android.os.BinderProxy@fc55f65)
03-19 14:38:05.744  2649  3347 D ActivityManager: cleanUpApplicationRecord -- 27595
03-19 14:38:05.744  2649  2988 E ConnectivityService: RemoteException caught trying to send a callback msg for NetworkRequest [ id=63, legacyType=-1, [ Capabilities: INTERNET&NOT_RESTRICTED&TRUSTED] ]
03-19 14:38:05.745  2649  3347 W ActivityManager: Scheduling restart of crashed service us.moviemates/.Services.MessageServiceListener in 1000ms
03-19 14:38:05.745  2649  3347 W ActivityManager: Scheduling restart of crashed service us.moviemates/.Services.MoviesUpdateService in 11000ms
03-19 14:38:06.290  2649  3034 I ActivityManager: Killing 27795:com.google.android.gm/u0a94 (adj 906): empty #13
03-19 14:38:06.291  2649  3034 I ActivityManager: Killing 26764:com.android.settings/1000 (adj 900): remove task
03-19 14:38:06.296  2649  3645 I ActivityManager: START u0 {act=android.intent.action.MAIN cat=[android.intent.category.HOME] flg=0x10200000 cmp=com.android.launcher3/.GoogleNowPanel} from uid 10069 on display 0
03-19 14:38:06.299 28429 28429 D AndroidRuntime: >>>>>> START com.android.internal.os.RuntimeInit uid 2000 <<<<<<
03-19 14:38:06.299  1966  1966 I cnss-daemon: RTM_NEWNEIGH message received: 28
03-19 14:38:06.300  1966  1966 I cnss-daemon: NDA_DST received: 192.168.0.1 ul: 16820416
03-19 14:38:06.300  1966  1966 I cnss-daemon: NDA_LLADDR received
03-19 14:38:06.303 28429 28429 D AndroidRuntime: CheckJNI is OFF
03-19 14:38:06.316  2649  3645 I WindowManager: WIN DEATH: Window{f9ff38e u0 com.android.settings/com.android.settings.Settings$SoundSettingsActivity}
03-19 14:38:06.317  2649  3095 I chatty  : uid=1000(system) Binder:2649_5 expire 1 line
03-19 14:38:06.317  2649  4610 D ActivityManager: cleanUpApplicationRecord -- 26764
03-19 14:38:06.318  2649  2963 I chatty  : uid=1000(system) InputDispatcher expire 2 lines
03-19 14:38:06.318  2649  3595 I WindowManager: WIN DEATH: Window{4dcdfc3 u0 com.android.settings/com.android.settings.Settings}
03-19 14:38:06.318  2649  3595 I chatty  : uid=1000(system) Binder:2649_8 expire 1 line
03-19 14:38:06.331  2649  3615 D ActivityManager: cleanUpApplicationRecord -- 27795
03-19 14:38:06.360 22817 22817 I GoogleInputMethod: onFinishInput() : Dummy InputConnection bound
03-19 14:38:06.360 12021 12021 W SessionLifecycleManager: Handover failed. Creating new session controller.
03-19 14:38:06.360 22817 22817 I GoogleInputMethod: onStartInput() : Dummy InputConnection bound
03-19 14:38:06.368  2649  2714 I LaunchCheckinHandler: Displayed com.android.launcher3/.GoogleNowPanel,wp,wa,72
03-19 14:38:06.368 12021 27684 V ConnectivityManager: isActiveNetworkMetered() returns:false
03-19 14:38:06.378 12021 27684 V ConnectivityManager: isActiveNetworkMetered() returns:false
03-19 14:38:06.377 28429 28429 W main    : type=1400 audit(0.0:253): avc: denied { read } for uid=2000 name="name" dev="sysfs" ino=22225 scontext=u:r:shell:s0 tcontext=u:object_r:sysfs:s0 tclass=file permissive=0
03-19 14:38:06.382 28429 28429 E libmdmdetect: Failed to open /sys/bus/msm_subsys/devices/subsys0/name: Permission denied
