03-19 20:45:27.983  8938  3559 I CarrierServices: [775] auy.doInBackground: New operation mode: 0
03-19 20:45:27.992  3006  3006 D CarrierSvcBindHelper: No carrier app for: 0
03-19 20:45:27.993  3006  3006 D CarrierConfigLoader: mHandler: 9 phoneId: 0
03-19 20:45:28.029 31453 31453 I Finsky  : [1] com.google.android.finsky.wear.WearSupportService.onStartCommand(21): Starting WearSupportService for auto_install
03-19 20:45:28.030 31453 31453 I Finsky  : [1] com.google.android.finsky.wear.ao.a(80): Connecting to wearable; initiated by: com.google.android.finsky.wear.WearSupportService
03-19 20:45:28.031 31453 31453 I Finsky  : [1] com.google.android.finsky.wear.WearSupportService.onStartCommand(21): Starting WearSupportService for send_installed_apps
03-19 20:45:28.072  3505  3505 I WearableService: Wearable Services not starting - Wear is not available on this device.
03-19 20:45:28.078  3720  3447 I ChromeSync: [Sync,SyncIntentOperation] Handling the intent: Intent { act=android.intent.action.PACKAGE_ADDED dat=package:io.appium.uiautomator2.server flg=0x4000010 cmp=com.google.android.gms/.chimera.GmsIntentOperationService (has extras) }.
03-19 20:45:28.079  3720  3563 I FontsPackageChangeOp: Package io.appium.uiautomator2.server has no metadata
03-19 20:45:28.080  8938  8938 I CarrierServices: [1] RcsAutoStartReceiver.b: carrierServicesJibeServiceEnabled changed from true to true
03-19 20:45:28.081  8938  8938 I CarrierServices: [1] RcsAutoStartReceiver.b: enableRcs changed from true to true
03-19 20:45:28.082  8938  8938 I CarrierServices: [1] RcsAutoStartReceiver.b: RcsAutoStartReceiver triggered. Fetching RCS State. Action: android.intent.action.PACKAGE_ADDED
03-19 20:45:28.085  3505  3781 W WearableService: onGetService - Wear is not available on this device.
03-19 20:45:28.086  8938  8938 I CarrierServices: [1] aux.a: Migration binding to RcsMigrationService
03-19 20:45:28.090 31453 31453 E Finsky  : [1] com.google.android.finsky.wear.ar.a(3): onConnectionFailed: ConnectionResult{statusCode=API_UNAVAILABLE, resolution=null, message=null}
03-19 20:45:28.091 31453 31453 W Finsky  : [1] com.google.android.finsky.wear.ca.run(12): Dropping command=auto_install due to Gms not connected
03-19 20:45:28.092 31453 31453 I Finsky  : [1] com.google.android.finsky.wear.WearSupportService.b(67): Stopping WearSupportService
03-19 20:45:28.094  3720  4322 I Icing   : IndexChimeraService.getServiceInterface callingPackage=com.google.android.gms componentName=AppsCorpus serviceId=36
03-19 20:45:28.097  8977 16260 I CarrierServices: [624] g.a: Sim state is not ready. Returning last known operation mode.
03-19 20:45:28.099  3720  4074 I Icing   : IndexChimeraService.getServiceInterface callingPackage=com.google.android.gms componentName=AppsCorpus serviceId=32
03-19 20:45:28.101  8938  3572 I CarrierServices: [776] auy.doInBackground: Saving RCS State
03-19 20:45:28.101  8938  3572 I CarrierServices: [776] auy.doInBackground: Old operation mode: 0
03-19 20:45:28.102  8938  3572 I CarrierServices: [776] auy.doInBackground: New operation mode: 0
03-19 20:45:28.106  2649  3615 I ActivityManager: Start proc 3573:com.google.android.partnersetup/u0a38 for broadcast com.google.android.partnersetup/.RlzPingBroadcastReceiver
03-19 20:45:28.115 31453 31453 W Finsky  : [1] com.google.android.finsky.wear.ca.run(12): Dropping command=send_installed_apps due to Gms not connected
03-19 20:45:28.116 31453 31453 I Finsky  : [1] com.google.android.finsky.wear.WearSupportService.b(67): Stopping WearSupportService
03-19 20:45:28.135  3720  2148 I Icing   : Usage reports ok 0, Failed Usage reports 0, indexed 0, rejected 0, imm upload false
03-19 20:45:28.145  3573  3573 W System  : ClassLoader referenced unknown path: /system/priv-app/GooglePartnerSetup/lib/arm
03-19 20:45:28.148  3720  2148 I Icing   : Usage reports ok 0, Failed Usage reports 0, indexed 0, rejected 0, imm upload false
03-19 20:45:28.176  2649  3095 I ActivityManager: Start proc 3641:com.motorola.invisiblenet/u0a41 for broadcast com.motorola.invisiblenet/.PackageAddedReceiver
03-19 20:45:28.180  2649  3095 I ActivityManager: Killing 2818:com.google.android.apps.photos/u0a118 (adj 906): empty #13
03-19 20:45:28.191  2649  4628 D ActivityManager: cleanUpApplicationRecord -- 2818
03-19 20:45:28.208  3641  3641 W System  : ClassLoader referenced unknown path: /system/priv-app/InvisibleNet/lib/arm
03-19 20:45:28.236  2649  4648 I ActivityManager: Killing 2836:com.google.process.gapps/u0a33 (adj 906): empty #13
03-19 20:45:28.245  2649  4628 D ActivityManager: cleanUpApplicationRecord -- 2836
03-19 20:45:28.468  1958  1958 I         : free_cache(1621923) avail 18455633920
03-19 20:45:28.757 31453 31453 I Finsky  : [1] com.google.android.finsky.verifier.impl.PackageVerificationReceiver.onReceive(12): Verification requested, id = 133
03-19 20:45:28.772 31453  3689 W Settings: Setting install_non_market_apps has moved from android.provider.Settings.Global to android.provider.Settings.Secure, returning read-only value.
03-19 20:45:28.935 31453  3689 I Finsky  : [3347] com.google.android.finsky.foregroundcoordinator.a.a(14): Task 7 requested foreground
03-19 20:45:28.935 31453  3689 I Finsky  : [3347] com.google.android.finsky.foregroundcoordinator.a.a(42): Not entering foreground
03-19 20:45:29.043 31453  3691 I Finsky  : [3348] com.google.android.finsky.verifier.impl.da.b(6): Verification id=133 response=0
03-19 20:45:29.069 31453 31453 I Finsky  : [1] com.google.android.finsky.verifier.impl.dr.c(191): Verifying id=133, result=1
03-19 20:45:29.075 31453 31453 I Finsky  : [1] com.google.android.finsky.verifier.impl.dr.c(208): Verification complete: id=133, package_name=io.appium.uiautomator2.server.test
03-19 20:45:29.135  3693  3693 I dex2oat : Adjusted thread count (for runtime dex2oat): 4, 4
03-19 20:45:29.135  3693  3693 I dex2oat : /system/bin/dex2oat --compiler-filter=interpret-only --debuggable
03-19 20:45:29.155  3720  2146 I Icing   : Indexing 5BC26A023FAF1F43AEFAB66B338D37C6EF45681D from com.google.android.gms
03-19 20:45:29.156  3720  2146 I Icing   : Indexing done 5BC26A023FAF1F43AEFAB66B338D37C6EF45681D
03-19 20:45:30.122  3693  3693 I dex2oat : dex2oat took 988.354ms (threads: 4) arena alloc=6KB (6224B) java alloc=3MB (3736072B) native alloc=6MB (6450512B) free=2MB (2462384B)
03-19 20:45:30.195  2093  2093 I MSM-irqbalance: Decided to move IRQ18 from CPU2 [P:0] to CPU5 [P:1] (banned)
03-19 20:45:30.196  2093  2093 I MSM-irqbalance: Decided to move IRQ18 from CPU3 [P:0] to CPU7 [P:1] (banned)
03-19 20:45:30.196  2093  2093 I MSM-irqbalance: Decided to move IRQ18 from CPU0 [P:0] to CPU6 [P:1] (banned)
03-19 20:45:30.196  2093  2093 I MSM-irqbalance: Decided to move IRQ18 from CPU1 [P:0] to CPU4 [P:1] (banned)
03-19 20:45:30.423  2649  2740 V BackupManagerService: restoreAtInstall pkg=io.appium.uiautomator2.server.test token=86 restoreSet=0
03-19 20:45:30.423  2649  2740 V BackupManagerService: Finishing install immediately
03-19 20:45:30.569  1958  1958 E         : Couldn't opendir /data/app/vmdl959482753.tmp: No such file or directory
03-19 20:45:30.573  3385  3385 D BluetoothMapAppObserver: onReceive
03-19 20:45:30.574  3385  3385 D BluetoothMapAppObserver: The installed package is: io.appium.uiautomator2.server.test
03-19 20:45:30.574  3385  3385 D BluetoothMapAppObserver: Found 0 application(s) with intent android.bluetooth.action.BLUETOOTH_MAP_PROVIDER
03-19 20:45:30.578  3385  3385 D BluetoothMapAppObserver: Found 0 application(s) with intent android.bluetooth.action.BLUETOOTH_MAP_IM_PROVIDER
03-19 20:45:30.578  8938  8938 I CarrierServices: [1] RcsAutoStartReceiver.b: carrierServicesJibeServiceEnabled changed from true to true
03-19 20:45:30.579  8938  8938 I CarrierServices: [1] RcsAutoStartReceiver.b: enableRcs changed from true to true
03-19 20:45:30.580  8938  8938 I CarrierServices: [1] RcsAutoStartReceiver.b: RcsAutoStartReceiver triggered. Fetching RCS State. Action: android.intent.action.PACKAGE_ADDED
03-19 20:45:30.582  2649  4610 W ActivityManager: Permission Denial: Accessing service ComponentInfo{com.google.android.music/com.google.android.music.dial.DialMediaRouteProviderService} from pid=3720, uid=10033 that is not exported from uid 10114
03-19 20:45:30.585  8938  8938 I CarrierServices: [1] aux.a: Migration binding to RcsMigrationService
03-19 20:45:30.599  8977  8989 I CarrierServices: [602] g.a: Sim state is not ready. Returning last known operation mode.
03-19 20:45:30.601  8938  3701 I CarrierServices: [777] auy.doInBackground: Saving RCS State
03-19 20:45:30.601  8938  3701 I CarrierServices: [777] auy.doInBackground: Old operation mode: 0
03-19 20:45:30.603  8938  3701 I CarrierServices: [777] auy.doInBackground: New operation mode: 0
03-19 20:45:30.611  3006  3006 D CarrierSvcBindHelper: No carrier app for: 0
03-19 20:45:30.612  3006  3006 D CarrierConfigLoader: mHandler: 9 phoneId: 0
03-19 20:45:30.636 31453 31453 I Finsky  : [1] com.google.android.finsky.wear.WearSupportService.onStartCommand(21): Starting WearSupportService for auto_install
03-19 20:45:30.648 31453 31453 I Finsky  : [1] com.google.android.finsky.wear.ao.a(80): Connecting to wearable; initiated by: com.google.android.finsky.wear.WearSupportService
03-19 20:45:30.649 31453 31453 I Finsky  : [1] com.google.android.finsky.wear.WearSupportService.onStartCommand(21): Starting WearSupportService for send_installed_apps
03-19 20:45:30.658  3720  3564 I ChromeSync: [Sync,SyncIntentOperation] Handling the intent: Intent { act=android.intent.action.PACKAGE_ADDED dat=package:io.appium.uiautomator2.server.test flg=0x4000010 cmp=com.google.android.gms/.chimera.GmsIntentOperationService (has extras) }.
03-19 20:45:30.659  3720  3561 I FontsPackageChangeOp: Package io.appium.uiautomator2.server.test has no metadata
03-19 20:45:30.670  3505  4236 W WearableService: onGetService - Wear is not available on this device.
03-19 20:45:30.688 31453 31453 E Finsky  : [1] com.google.android.finsky.wear.ar.a(3): onConnectionFailed: ConnectionResult{statusCode=API_UNAVAILABLE, resolution=null, message=null}
03-19 20:45:30.689 31453 31453 W Finsky  : [1] com.google.android.finsky.wear.ca.run(12): Dropping command=auto_install due to Gms not connected
03-19 20:45:30.689 31453 31453 I Finsky  : [1] com.google.android.finsky.wear.WearSupportService.b(67): Stopping WearSupportService
03-19 20:45:30.698 31453 31453 W Finsky  : [1] com.google.android.finsky.wear.ca.run(12): Dropping command=send_installed_apps due to Gms not connected
03-19 20:45:30.699 31453 31453 I Finsky  : [1] com.google.android.finsky.wear.WearSupportService.b(67): Stopping WearSupportService
03-19 20:45:30.702  8938  8938 I CarrierServices: [1] RcsAutoStartReceiver.b: carrierServicesJibeServiceEnabled changed from true to true
03-19 20:45:30.703  8938  8938 I CarrierServices: [1] RcsAutoStartReceiver.b: enableRcs changed from true to true
03-19 20:45:30.703  8938  8938 I CarrierServices: [1] RcsAutoStartReceiver.b: RcsAutoStartReceiver triggered. Fetching RCS State. Action: android.intent.action.PACKAGE_ADDED
03-19 20:45:30.703  3720  4322 I Icing   : IndexChimeraService.getServiceInterface callingPackage=com.google.android.gms componentName=AppsCorpus serviceId=36
03-19 20:45:30.706  3720  4354 I Icing   : IndexChimeraService.getServiceInterface callingPackage=com.google.android.gms componentName=AppsCorpus serviceId=32
03-19 20:45:30.710  8938  8938 I CarrierServices: [1] aux.a: Migration binding to RcsMigrationService
03-19 20:45:30.720  8977  8988 I CarrierServices: [601] g.a: Sim state is not ready. Returning last known operation mode.
03-19 20:45:30.721  8938  3714 I CarrierServices: [778] auy.doInBackground: Saving RCS State
03-19 20:45:30.721  8938  3714 I CarrierServices: [778] auy.doInBackground: Old operation mode: 0
03-19 20:45:30.722  8938  3714 I CarrierServices: [778] auy.doInBackground: New operation mode: 0
03-19 20:45:30.724  3720  1138 I Icing   : Usage reports ok 0, Failed Usage reports 0, indexed 0, rejected 0, imm upload false
03-19 20:45:30.739  3720  1138 I Icing   : Usage reports ok 0, Failed Usage reports 0, indexed 0, rejected 0, imm upload false
03-19 20:45:31.188  3703  3703 I chatty  : uid=2000(shell) app_process expire 9 lines
03-19 20:45:31.318  3703  3743 I chatty  : uid=2000(shell) app_process expire 1 line
03-19 20:45:31.747  3720  2146 I Icing   : Indexing 5BC26A023FAF1F43AEFAB66B338D37C6EF45681D from com.google.android.gms
03-19 20:45:31.748  3720  2146 I Icing   : Indexing done 5BC26A023FAF1F43AEFAB66B338D37C6EF45681D
03-19 20:45:32.101  3758  3758 I chatty  : uid=2000(shell) app_process expire 9 lines
03-19 20:45:32.248  3758  3766 I chatty  : uid=2000(shell) app_process expire 1 line
03-19 20:45:33.093  3505  3505 I WearableService: Wearable Services stopping
03-19 20:45:33.188  3780  3780 I chatty  : uid=2000(shell) app_process expire 9 lines
03-19 20:45:33.388  2649  4631 I ProcessStatsService: Added stats: 2018-03-19-17-28-00, over +3h0m59s934ms
03-19 20:45:33.400  2649  4631 I ProcessStatsService: Added stats: 2018-03-19-14-28-00, over +3h0m0s85ms
03-19 20:45:33.413  2649  4631 I ProcessStatsService: Added stats: 2018-03-19-10-37-00, over +3h50m59s995ms
03-19 20:45:33.422  2649  4631 I ProcessStatsService: Added stats: 2018-03-19-07-35-44, over +3h1m15s725ms
03-19 20:45:33.432  2649  4631 I ProcessStatsService: Added stats: 2018-03-19-04-33-55, over +3h1m49s57ms
03-19 20:45:33.443  2649  4631 I ProcessStatsService: Added stats: 2018-03-19-01-32-33, over +3h1m21s287ms
03-19 20:45:33.461  2649  4631 I ProcessStatsService: Added stats: 2018-03-18-22-31-49, over +3h0m39s561ms
03-19 20:45:33.470  2649  4631 I ProcessStatsService: Added stats: 2018-03-16-21-43-52, over +2h1m55s607ms
03-19 20:45:33.522  2649  4631 I ProcessStatsService: Added stats: 2018-03-19-17-28-00, over +3h0m59s934ms
03-19 20:45:33.630  2649  3635 E BatteryStatsService: no controller energy info supplied
03-19 20:45:34.291  3804  3804 I chatty  : uid=2000(shell) app_process expire 9 lines
03-19 20:45:34.955  3816  3816 I chatty  : uid=2000(shell) app_process expire 9 lines
03-19 20:45:35.194  2093  2093 I MSM-irqbalance: Decided to move IRQ18 from CPU2 [P:0] to CPU5 [P:1] (banned)
03-19 20:45:35.194  2093  2093 I MSM-irqbalance: Decided to move IRQ18 from CPU3 [P:0] to CPU7 [P:1] (banned)
03-19 20:45:35.194  2093  2093 I MSM-irqbalance: Decided to move IRQ18 from CPU0 [P:0] to CPU6 [P:1] (banned)
03-19 20:45:35.194  2093  2093 I MSM-irqbalance: Decided to move IRQ18 from CPU1 [P:0] to CPU4 [P:1] (banned)
03-19 20:45:35.674  3828  3828 I chatty  : uid=2000(shell) app_process expire 9 lines
03-19 20:45:35.831 31453 31453 I Finsky  : [1] com.google.android.finsky.scheduler.JobSchedulerEngine$PhoneskyJobSchedulerJobService.onStartJob(9): onJobSchedulerWakeup
03-19 20:45:35.840 31453 31453 I Finsky  : [1] com.google.android.finsky.scheduler.p.a(22): Scheduling fallback in 43199992 (absolute: 123335677)
03-19 20:45:35.845 31453 31453 I Finsky  : [1] com.google.android.finsky.scheduler.p.a(22): Scheduling fallback in 64799997 (absolute: 144935685)
03-19 20:45:35.849 31453 31453 V ConnectivityManager: isActiveNetworkMetered() returns:false
03-19 20:45:35.853 31453 31453 I Finsky  : [1] com.google.android.finsky.scheduler.w.handleMessage(32): DeviceState: DeviceState{currentTime=1521517535845, isCharging=true, isIdle=false, netAny=true, netNotRoaming=true, netUnmetered=true}
03-19 20:45:35.858 31453 31453 I Finsky  : [1] com.google.android.finsky.scheduler.r.a(88): Running job: 1 (12)
03-19 20:45:35.859 31453 31453 I Finsky  : [1] com.google.android.finsky.ah.c.a(41): ContentSyncJob started
03-19 20:45:35.862 31453 31453 I Finsky  : [1] com.google.android.finsky.scheduler.r.a(160): RunningQueue size: 1
03-19 20:45:35.863 31453 31453 I Finsky  : [1] com.google.android.finsky.scheduler.r.a(161): PendingQueue size: 0
03-19 20:45:36.094 31453 31476 I Finsky  : [3284] com.google.android.finsky.n.c.a(25): Completed 0 account content syncs with 0 successful.
03-19 20:45:36.094 31453 31453 I Finsky  : [1] com.google.android.finsky.ah.c.a(5): Installation state replication succeeded.
03-19 20:45:36.095 31453 31453 I Finsky  : [1] com.google.android.finsky.scheduler.aq.b(12): jobFinished: 1 12
03-19 20:45:36.095 31453 31453 I Finsky  : [1] com.google.android.finsky.scheduler.r.a(185): Job 1 (12) finished
03-19 20:45:36.096 31453 31453 I Finsky  : [1] com.google.android.finsky.scheduler.r.a(160): RunningQueue size: 0
03-19 20:45:36.097 31453 31453 I Finsky  : [1] com.google.android.finsky.scheduler.r.a(161): PendingQueue size: 0
03-19 20:45:36.097 31453 31453 I Finsky  : [1] com.google.android.finsky.scheduler.w.handleMessage(216): Executor finished
03-19 20:45:36.357  3840  3840 I chatty  : uid=2000(shell) app_process expire 9 lines
03-19 20:45:37.244  3857  3857 I chatty  : uid=2000(shell) app_process expire 8 lines
03-19 20:45:37.375  1939  1940 E ANDR-PERF-MPCTL: Invalid profile no. 0, total profiles 0 only
03-19 20:45:37.375  2649  4648 I ActivityManager: START u0 {act=android.intent.action.MAIN cat=[android.intent.category.LAUNCHER] flg=0x10200000 cmp=io.appium.settings/.Settings} from uid 2000 on display 0
03-19 20:45:37.375  1948  2033 I ThermalEngine: Thermal-Server: Thermal received msg from  override
03-19 20:45:37.375  1939  3872 I Thermal-Lib: Thermal-Lib-Client: Client request sent
03-19 20:45:37.394  2649  4624 I ActivityManager: Start proc 3873:io.appium.settings/u0a395 for activity io.appium.settings/.Settings
03-19 20:45:37.396  3873  3873 I art     : Late-enabling -Xcheck:jni
03-19 20:45:37.437  3873  3873 I art     : Starting a blocking GC AddRemoveAppImageSpace
03-19 20:45:37.438  3873  3873 W System  : ClassLoader referenced unknown path: /data/app/io.appium.settings-1/lib/arm
03-19 20:45:37.476  3873  3873 D APPIUM SETTINGS: Entering Appium settings
03-19 20:45:37.476  3873  3873 D APPIUM SETTINGS: Closing settings app
03-19 20:45:37.489 12021  3891 I PBSessionCacheImpl: Deleted sessionId[5375334360536] from persistence.
03-19 20:45:37.497 12021  1742 V ConnectivityManager: isActiveNetworkMetered() returns:false
03-19 20:45:37.500 12021 12021 W SearchService: Abort, client detached.
03-19 20:45:37.504 12021 12021 I MicroDetector: Keeping mic open: false
03-19 20:45:37.504 12021 20444 I DeviceStateChecker: DeviceStateChecker cancelled
03-19 20:45:37.504 12021  2224 I AudioController: internalShutdown
03-19 20:45:37.505 12021 26733 I MicroRecognitionRunner: Stopping hotword detection.
03-19 20:45:37.505 12021  2284 I MicroRecognitionRunner: Detection finished
03-19 20:45:37.515  3873  3890 I Adreno  : QUALCOMM build                   : 15c6858, Id9e7eae3da
03-19 20:45:37.515  3873  3890 I Adreno  : Build Date                       : 12/22/16
03-19 20:45:37.515  3873  3890 I Adreno  : OpenGL ES Shader Compiler Version: XE031.09.00.03
03-19 20:45:37.515  3873  3890 I Adreno  : Local Branch                     : 
03-19 20:45:37.515  3873  3890 I Adreno  : Remote Branch                    : refs/tags/AU_LINUX_ANDROID_LA.UM.5.5.R1.07.00.00.269.019
03-19 20:45:37.515  3873  3890 I Adreno  : Remote Branch                    : NONE
03-19 20:45:37.515  3873  3890 I Adreno  : Reconstruct Branch               : NOTHING
03-19 20:45:37.517 12021 12380 I MicrophoneInputStream: mic_close  SR : 16000 CC : 16 SO : 1999
03-19 20:45:37.520  3873  3890 I OpenGLRenderer: Initialized EGL, version 1.4
03-19 20:45:37.520  3873  3890 D OpenGLRenderer: Swap behavior 1
03-19 20:45:37.525 22817 22817 I GoogleInputMethod: onFinishInput() : Dummy InputConnection bound
03-19 20:45:37.525 22817 22817 I GoogleInputMethod: onStartInput() : Dummy InputConnection bound
03-19 20:45:37.537  1955  2243 D APM_AudioPolicyManager: stopInput() input 574
03-19 20:45:37.542  1955  3342 D audio_hw_primary: in_set_parameters: enter: kvpairs=routing=0
03-19 20:45:37.547  2649  2714 I LaunchCheckinHandler: Displayed io.appium.settings/.Settings,cp,ca,164
03-19 20:45:37.547  2649  2714 I chatty  : uid=1000(system) android.display expire 5 lines
03-19 20:45:37.563  2649  3615 I WindowManager: Destroying surface Surface(name=com.android.launcher3/com.android.launcher3.GoogleNowPanel) called by com.android.server.wm.WindowStateAnimator.destroySurface:2067 com.android.server.wm.WindowStateAnimator.destroySurfaceLocked:896 com.android.server.wm.WindowState.destroyOrSaveSurface:2094 com.android.server.wm.AppWindowToken.destroySurfaces:368 com.android.server.wm.AppWindowToken.notifyAppStopped:394 com.android.server.wm.WindowManagerService.notifyAppStopped:4532 com.android.server.am.ActivityStack.activityStoppedLocked:1267 com.android.server.am.ActivityManagerService.activityStopped:7177 
03-19 20:45:37.563  2649  3615 I WindowManager: Destroying surface Surface(name=com.android.launcher3/com.android.launcher3.GoogleNowPanel) called by com.android.server.wm.WindowStateAnimator.destroySurface:2067 com.android.server.wm.WindowStateAnimator.destroySurfaceLocked:896 com.android.server.wm.WindowState.destroyOrSaveSurface:2094 com.android.server.wm.AppWindowToken.destroySurfaces:368 com.android.server.wm.AppWindowToken.notifyAppStopped:394 com.android.server.wm.WindowManagerService.notifyAppStopped:4532 com.android.server.am.ActivityStack.activityStoppedLocked:1267 com.android.server.am.ActivityManagerService.activityStopped:7177 
03-19 20:45:37.579  2649  2714 I WindowManager: Destroying surface Surface(name=Starting io.appium.settings) called by com.android.server.wm.WindowStateAnimator.destroySurface:2067 com.android.server.wm.WindowStateAnimator.destroySurfaceLocked:896 com.android.server.wm.WindowState.destroyOrSaveSurface:2094 com.android.server.wm.AppWindowToken.destroySurfaces:368 com.android.server.wm.WindowStateAnimator.finishExit:575 com.android.server.wm.WindowStateAnimator.stepAnimationLocked:501 com.android.server.wm.WindowAnimator.updateWindowsLocked:303 com.android.server.wm.WindowAnimator.animateLocked:704 
03-19 20:45:37.591  1955  3342 D audio_hw_primary: disable_audio_route: reset and update mixer path: audio-record
03-19 20:45:37.592  1955  3342 D audio_hw_primary: disable_snd_device: snd_device(107: voice-rec-mic)
03-19 20:45:37.755  1958  1958 I         : free_cache(38613) avail 18448531456
03-19 20:45:37.805 31453 31453 I Finsky  : [1] com.google.android.finsky.verifier.impl.PackageVerificationReceiver.onReceive(12): Verification requested, id = 134
03-19 20:45:37.822 31453  3548 W Settings: Setting install_non_market_apps has moved from android.provider.Settings.Global to android.provider.Settings.Secure, returning read-only value.
03-19 20:45:37.844  1966  1966 I cnss-daemon: RTM_NEWNEIGH message received: 28
03-19 20:45:37.844  1966  1966 E cnss-daemon: Stale or unreachable neighbors, ndm state: 4
03-19 20:45:37.855 31453  3548 I Finsky  : [3345] com.google.android.finsky.foregroundcoordinator.a.a(14): Task 7 requested foreground
03-19 20:45:37.855 31453  3548 I Finsky  : [3345] com.google.android.finsky.foregroundcoordinator.a.a(42): Not entering foreground
03-19 20:45:37.916 31453  3552 I Finsky  : [3346] com.google.android.finsky.verifier.impl.da.b(6): Verification id=134 response=0
03-19 20:45:37.924 31453 31453 I Finsky  : [1] com.google.android.finsky.verifier.impl.dr.c(191): Verifying id=134, result=1
03-19 20:45:37.927 31453 31453 I Finsky  : [1] com.google.android.finsky.verifier.impl.dr.c(208): Verification complete: id=134, package_name=io.appium.unlock
03-19 20:45:37.983  3909  3909 I dex2oat : Adjusted thread count (for runtime dex2oat): 4, 4
03-19 20:45:37.983  3909  3909 I dex2oat : /system/bin/dex2oat --compiler-filter=interpret-only --debuggable
03-19 20:45:38.028  3909  3909 I dex2oat : dex2oat took 46.366ms (threads: 4) arena alloc=2368B (2368B) java alloc=93KB (95736B) native alloc=938KB (961216B) free=1621KB (1660224B)
03-19 20:45:38.033  2649  2740 W PackageManager: Attempt to re-install io.appium.unlock without first uninstalling.
03-19 20:45:38.034  2649  2678 I ActivityManager: Force stopping io.appium.unlock appid=10136 user=-1: installPackageLI
03-19 20:45:38.036  1958  1958 E         : Couldn't opendir /data/app/vmdl1780898541.tmp: No such file or directory
03-19 20:45:38.036  2649  4629 D PackageInstaller: Ignoring abandon after commit relinquished control
03-19 20:45:38.103  1958  1958 I         : free_cache(38613) avail 18448531456
03-19 20:45:38.139 31453 31453 I Finsky  : [1] com.google.android.finsky.verifier.impl.PackageVerificationReceiver.onReceive(12): Verification requested, id = 135
03-19 20:45:38.151 31453  3691 W Settings: Setting install_non_market_apps has moved from android.provider.Settings.Global to android.provider.Settings.Secure, returning read-only value.
03-19 20:45:38.176 31453  3691 I Finsky  : [3348] com.google.android.finsky.foregroundcoordinator.a.a(14): Task 7 requested foreground
03-19 20:45:38.176 31453  3691 I Finsky  : [3348] com.google.android.finsky.foregroundcoordinator.a.a(42): Not entering foreground
03-19 20:45:38.222 31453  3689 I Finsky  : [3347] com.google.android.finsky.verifier.impl.da.b(6): Verification id=135 response=0
03-19 20:45:38.229 31453 31453 I Finsky  : [1] com.google.android.finsky.verifier.impl.dr.c(191): Verifying id=135, result=1
03-19 20:45:38.231 31453 31453 I Finsky  : [1] com.google.android.finsky.verifier.impl.dr.c(208): Verification complete: id=135, package_name=io.appium.unlock
03-19 20:45:38.279  3921  3921 I dex2oat : Adjusted thread count (for runtime dex2oat): 4, 4
03-19 20:45:38.279  3921  3921 I dex2oat : /system/bin/dex2oat --compiler-filter=interpret-only --debuggable
03-19 20:45:38.320  3921  3921 I dex2oat : dex2oat took 42.136ms (threads: 4) arena alloc=2368B (2368B) java alloc=81KB (83736B) native alloc=942KB (965344B) free=1617KB (1656096B)
03-19 20:45:38.326  2649  2740 W PackageManager: Attempt to re-install io.appium.unlock without first uninstalling.
03-19 20:45:38.326  2649  2678 I ActivityManager: Force stopping io.appium.unlock appid=10136 user=-1: installPackageLI
03-19 20:45:38.328  1958  1958 E         : Couldn't opendir /data/app/vmdl1537862259.tmp: No such file or directory
03-19 20:45:38.329  2649  3615 D PackageInstaller: Ignoring abandon after commit relinquished control
03-19 20:45:38.513  2649  4630 I ActivityManager: moveHomeStack, setupComplete:true
03-19 20:45:38.526 22817 22817 I GoogleInputMethod: onFinishInput() : Dummy InputConnection bound
03-19 20:45:38.527 22817 22817 I GoogleInputMethod: onStartInput() : Dummy InputConnection bound
03-19 20:45:38.569  2649  2678 I ActivityManager: Killing 2631:com.android.chrome:privileged_process1/u0a83 (adj 900): empty #13
03-19 20:45:38.578  2649  2661 D ActivityManager: cleanUpApplicationRecord -- 2631
03-19 20:45:38.578 26002 26066 W cr_ChildProcessConn: onServiceDisconnected (crash or killed by oom): pid=2631
03-19 20:45:38.578  2649  2661 W ActivityManager: Scheduling restart of crashed service com.android.chrome/org.chromium.content.app.PrivilegedProcessService1 in 1000ms
03-19 20:45:38.579  2649  3347 I WindowManager: Destroying surface Surface(name=io.appium.settings/io.appium.settings.Settings) called by com.android.server.wm.WindowStateAnimator.destroySurface:2067 com.android.server.wm.WindowStateAnimator.destroySurfaceLocked:896 com.android.server.wm.WindowState.removeLocked:1457 com.android.server.wm.WindowManagerService.removeWindowInnerLocked:2546 com.android.server.wm.WindowManagerService.removeWindowLocked:2504 com.android.server.wm.WindowManagerService.removeWindowLocked:2373 com.android.server.wm.WindowManagerService.removeWindow:2364 com.android.server.wm.Session.remove:193 
03-19 20:45:38.598  2649  3635 I ActivityManager: Start proc 3933:com.android.chrome:privileged_process2/u0a83 for service com.android.chrome/org.chromium.content.app.PrivilegedProcessService2
03-19 20:45:38.638  3933  3933 I cr_ChildProcessService: Creating new ChildProcessService pid=3933
03-19 20:45:38.641  2649  3347 I ActivityManager: Killing 3147:com.android.chrome:sandboxed_process0/u0a83i48 (adj 900): empty #13
03-19 20:45:38.650  2649  4628 D ActivityManager: cleanUpApplicationRecord -- 3147
03-19 20:45:38.651  2649  4628 W ActivityManager: Scheduling restart of crashed service com.android.chrome/org.chromium.content.app.SandboxedProcessService0 in 1000ms
03-19 20:45:38.653 26002 26066 W cr_ChildProcessConn: onServiceDisconnected (crash or killed by oom): pid=3147
03-19 20:45:38.660 26002 26066 W cr_ChildProcLH: Removing empty ChildConnectionAllocator for package name = com.android.chrome,
03-19 20:45:38.678  3933  3948 I cr_LibraryLoader: Time to load native libraries: 4 ms (timestamps 7489-7493)
03-19 20:45:38.679  3933  3948 I chromium: [INFO:library_loader_hooks.cc(36)] Chromium logging enabled: level = 0, default verbosity = 0
03-19 20:45:38.679  3933  3948 I cr_LibraryLoader: Expected native library version number "65.0.3325.109", actual native library version number "65.0.3325.109"
03-19 20:45:38.687  3933  3948 E libEGL  : validate_display:99 error 3008 (EGL_BAD_DISPLAY)
03-19 20:45:38.688  3933  3948 I Adreno  : QUALCOMM build                   : 15c6858, Id9e7eae3da
03-19 20:45:38.688  3933  3948 I Adreno  : Build Date                       : 12/22/16
03-19 20:45:38.688  3933  3948 I Adreno  : OpenGL ES Shader Compiler Version: XE031.09.00.03
03-19 20:45:38.688  3933  3948 I Adreno  : Local Branch                     : 
03-19 20:45:38.688  3933  3948 I Adreno  : Remote Branch                    : refs/tags/AU_LINUX_ANDROID_LA.UM.5.5.R1.07.00.00.269.019
03-19 20:45:38.688  3933  3948 I Adreno  : Remote Branch                    : NONE
03-19 20:45:38.688  3933  3948 I Adreno  : Reconstruct Branch               : NOTHING
03-19 20:45:38.737  3933  3948 W VideoCapabilities: Unrecognized profile 2130706433 for video/avc
03-19 20:45:38.737  3933  3948 W VideoCapabilities: Unrecognized profile 2130706434 for video/avc
03-19 20:45:38.745  3933  3948 W VideoCapabilities: Unrecognized profile 2130706433 for video/avc
03-19 20:45:38.745  3933  3948 W VideoCapabilities: Unrecognized profile 2130706434 for video/avc
03-19 20:45:38.747  3933  3948 W VideoCapabilities: Unrecognized profile 2130706433 for video/avc
03-19 20:45:38.747  3933  3948 W VideoCapabilities: Unrecognized profile 2130706434 for video/avc
03-19 20:45:38.749  3933  3948 W VideoCapabilities: Unrecognized profile/level 0/3 for video/mpeg2
03-19 20:45:38.773  3933  3948 I VideoCapabilities: Unsupported profile 4 for video/mp4v-es
03-19 20:45:38.864 31453 31453 V ConnectivityManager: isActiveNetworkMetered() returns:false
03-19 20:45:39.051  3653  3707 W OpenGLRenderer: Incorrectly called buildLayer on View: ShortcutAndWidgetContainer, destroying layer...
03-19 20:45:39.051  3653  3707 W OpenGLRenderer: Incorrectly called buildLayer on View: ShortcutAndWidgetContainer, destroying layer...
03-19 20:45:39.070  1966  1966 I cnss-daemon: RTM_NEWNEIGH message received: 28
03-19 20:45:39.071  1966  1966 E cnss-daemon: Stale or unreachable neighbors, ndm state: 4
03-19 20:45:39.190  2649  2649 E NotificationService: Suppressing notification from package by user request.
03-19 20:45:39.198 12021 12021 W SessionLifecycleManager: Handover failed. Creating new session controller.
03-19 20:45:39.211 12021 12021 I OptInState: There is a new client and it does not support opt-in. Dropping request.
03-19 20:45:39.220 12021  2224 V ConnectivityManager: isActiveNetworkMetered() returns:false
03-19 20:45:39.224 12021 12380 V ConnectivityManager: isActiveNetworkMetered() returns:false
03-19 20:45:39.239 12021 12021 I MicroDetectionWorker: #startMicroDetector [speakerMode: 0]
03-19 20:45:39.240 12021 12021 I AudioController: Created new AudioSource
03-19 20:45:39.250 12021 12021 I MicroDetectionWorker: onReady
03-19 20:45:39.252 12021 12021 I BgTaskExecutorImpl: Starting EXCLUSIVE background task update_searchnow_bootstrap_data.
03-19 20:45:39.256 12021 12470 I MicroRecognitionRunner: Starting detection.
03-19 20:45:39.257 12021  2224 I MicrophoneInputStream: mic_starting  SR : 16000 CC : 16 SO : 1999
03-19 20:45:39.258  1955  3958 I AudioFlinger: AudioFlinger's thread 0xaac169c0 ready to run
03-19 20:45:39.262  1955  3958 D audio_hw_primary: in_set_parameters: enter: kvpairs=input_source=6;routing=-2147483644
03-19 20:45:39.262  1955  2242 D APM_AudioPolicyManager: AudioPolicyManager::startInput() input source = 1999
03-19 20:45:39.263 12021  2224 I MicrophoneInputStream: mic_started  SR : 16000 CC : 16 SO : 1999
03-19 20:45:39.270 12021 12021 W NowEndstateTracker: Trying to delete an endstate 8427531058696630354 that does not exist
03-19 20:45:39.272  1955  3958 V msm8974_platform: platform_update_usecase_from_source: input source :6
03-19 20:45:39.272  1955  3958 V msm8974_platform: platform_get_input_snd_device: enter: out_device(0) in_device(0x4) channel_count (1) channel_mask (0x10)
03-19 20:45:39.272  1955  3958 V msm8974_platform: platform_get_input_snd_device: exit: in_snd_device(voice-rec-mic)
03-19 20:45:39.273  1955  3958 E audio_route: unable to find path 'set-capture-format-default'
03-19 20:45:39.273  1955  3958 V msm8974_platform: platform_send_audio_calibration: sending audio calibration for snd_device(107) acdb_id(62)
03-19 20:45:39.273  1955  3958 D ACDB-LOADER: ACDB -> send_audio_cal, acdb_id = 62, path = 1, app id = 0x11130, sample rate = 48000
03-19 20:45:39.273  1955  3958 D ACDB-LOADER: ACDB -> send_asm_topology
03-19 20:45:39.273  1955  3958 D ACDB-LOADER: ACDB -> ACDB_CMD_GET_AUDPROC_STREAM_TOPOLOGY_ID
03-19 20:45:39.273  1955  3958 D ACDB-LOADER: ACDB -> send_adm_topology
03-19 20:45:39.273  1955  3958 D ACDB-LOADER: ACDB -> ACDB_CMD_GET_AUDPROC_COMMON_TOPOLOGY_ID
03-19 20:45:39.273  1955  3958 D ACDB-LOADER: ACDB -> send_audtable
03-19 20:45:39.273  1955  3958 D ACDB-LOADER: ACDB -> ACDB_CMD_GET_AUDPROC_COMMON_TABLE_SIZE
03-19 20:45:39.273  1955  3958 D         : ACDBFILE_MGR:Read the devices count as zero, please check the acdb file
03-19 20:45:39.273  1955  3958 D         : Failed to fetch the lookup information of the device 0000003E 
03-19 20:45:39.273  1955  3958 E ACDB-LOADER: Error: ACDB_CMD_GET_AUDPROC_COMMON_TABLE_SIZE Returned = -19
03-19 20:45:39.273  1955  3958 D ACDB-LOADER: ACDB -> ACDB_CMD_GET_AUDPROC_COMMON_TABLE
03-19 20:45:39.273  1955  3958 D         : ACDBFILE_MGR:Read the devices count as zero, please check the acdb file
03-19 20:45:39.273  1955  3958 D         : Failed to fetch the lookup information of the device 0000003E 
03-19 20:45:39.273  1955  3958 D ACDB-LOADER: ACDB -> AUDIO_SET_AUDPROC_CAL
03-19 20:45:39.273  1955  3958 D ACDB-LOADER: ACDB -> send_audvoltable
03-19 20:45:39.273  1955  3958 D ACDB-LOADER: ACDB -> ACDB_CMD_GET_AUDPROC_GAIN_DEP_STEP_TABLE, vol index 0
03-19 20:45:39.273  1955  3958 D         : ACDBFILE_MGR:Read the devices count as zero, please check the acdb file
03-19 20:45:39.273  1955  3958 D         : Failed to fetch the lookup information of the device 0000003E 
03-19 20:45:39.273  1955  3958 D ACDB-LOADER: ACDB -> AUDIO_SET_VOL_CAL cal type = 12
03-19 20:45:39.273  1955  3958 D ACDB-LOADER: ACDB -> send_audstrmtable
03-19 20:45:39.273  1955  3958 D ACDB-LOADER: ACDB -> ACDB_CMD_GET_AUDPROC_STREAM_TABLE_V2
03-19 20:45:39.273  1955  3958 D ACDB-LOADER: ACDB -> audstrm_cal->cal_type.cal_data.cal_size = 456
03-19 20:45:39.273  1955  3958 D ACDB-LOADER: ACDB -> send_afe_topology
03-19 20:45:39.273  1955  3958 D ACDB-LOADER: ACDB -> ACDB_CMD_GET_AFE_TOPOLOGY_ID
03-19 20:45:39.273  1955  3958 D ACDB-LOADER: ACDB -> GET_AFE_TOPOLOGY_ID for adcd_id 62, Topology Id 112fb
03-19 20:45:39.273  1955  3958 D ACDB-LOADER: ACDB -> send_afe_cal
03-19 20:45:39.273  1955  3958 D ACDB-LOADER: ACDB -> ACDB_CMD_GET_AFE_COMMON_TABLE
03-19 20:45:39.273  1955  3958 D         : ACDBFILE_MGR:Read the devices count as zero, please check the acdb file
03-19 20:45:39.273  1955  3958 D         : Failed to fetch the lookup information of the device 0000003E 
03-19 20:45:39.273  1955  3958 D ACDB-LOADER: ACDB -> AUDIO_SET_AFE_CAL
03-19 20:45:39.273  1955  3958 D ACDB-LOADER: ACDB -> send_hw_delay : acdb_id = 62 path = 1
03-19 20:45:39.273  1955  3958 D ACDB-LOADER: ACDB -> ACDB_AVSYNC_INFO: ACDB_CMD_GET_DEVICE_PROPERTY
03-19 20:45:39.273  1955  3958 D audio_hw_primary: enable_snd_device: snd_device(107: voice-rec-mic)
03-19 20:45:39.276  1955  3958 D audio_hw_primary: enable_audio_route: apply and update mixer path: audio-record
03-19 20:45:39.277  1955  3958 I audio_hw_utils: audio_extn_utils_send_app_type_cfg PLAYBACK app_type 69936, acdb_dev_id 62, sample_rate 48000
03-19 20:45:39.287 12021 12021 I SNBWorker: Updating bootstrap data
03-19 20:45:39.310 12021  2285 W TabTreeCopier: Card found with UNKNOWN_TAB, Entry Type 155
03-19 20:45:39.311 12021  2285 W TabTreeCopier: Card found with UNKNOWN_TAB, Entry Type 143
03-19 20:45:39.360 12021 12470 W SpeechLevelGenerator: Really low audio levels detected. The audio input may have issues.
03-19 20:45:39.855 12021 12021 I BgTaskExecutorImpl: Starting EXCLUSIVE background task update_launcher_shortcut.
03-19 20:45:39.856 12021 12021 I MicroDetectionWorker: onReady
03-19 20:45:40.193  2093  2093 I MSM-irqbalance: Decided to move IRQ18 from CPU2 [P:0] to CPU5 [P:1] (banned)
03-19 20:45:40.194  2093  2093 I MSM-irqbalance: Decided to move IRQ18 from CPU3 [P:0] to CPU7 [P:1] (banned)
03-19 20:45:40.194  2093  2093 I MSM-irqbalance: Decided to move IRQ18 from CPU0 [P:0] to CPU6 [P:1] (banned)
03-19 20:45:40.194  2093  2093 I MSM-irqbalance: Decided to move IRQ18 from CPU1 [P:0] to CPU4 [P:1] (banned)
03-19 20:45:40.376  1948  2033 I ThermalEngine: Thermal-Server: Thermal received msg from  override
03-19 20:45:40.376  1939  3961 I Thermal-Lib: Thermal-Lib-Client: Client request sent
03-19 20:45:41.276  3965  3965 I chatty  : uid=2000(shell) app_process expire 9 lines
03-19 20:45:41.417  3965  3975 I chatty  : uid=2000(shell) app_process expire 1 line
03-19 20:45:42.008  3979  3979 I chatty  : uid=2000(shell) app_process expire 1 line
03-19 20:45:42.013  3979  3979 D AndroidRuntime: CheckJNI is OFF
03-19 20:45:42.074  3979  3979 E libmdmdetect: Failed to open /sys/bus/msm_subsys/devices/subsys0/name: Permission denied
03-19 20:45:42.072  3979  3979 W main    : type=1400 audit(0.0:1298): avc: denied { read } for uid=2000 name="name" dev="sysfs" ino=22225 scontext=u:r:shell:s0 tcontext=u:object_r:sysfs:s0 tclass=file permissive=0
03-19 20:45:42.092  3979  3979 D ICU     : No timezone override file found: /data/misc/zoneinfo/current/icu/icu_tzdata.dat
03-19 20:45:42.117  3979  3979 I Radio-JNI: register_android_hardware_Radio DONE
03-19 20:45:42.131  3979  3979 D AndroidRuntime: Calling main entry com.android.commands.am.Am
03-19 20:45:42.134  2649  3645 I ActivityManager: Force stopping us.moviemates appid=10668 user=0: from pid 3979
03-19 20:45:42.134  2649  3645 I ActivityManager: Killing 3020:us.moviemates/u0a668 (adj 700): stop us.moviemates
03-19 20:45:42.134  2649  3645 D ActivityManager: cleanUpApplicationRecord -- 3020
03-19 20:45:42.136  2649  3645 W ActivityManager: Scheduling restart of crashed service us.moviemates/.Services.MessageServiceListener in 1000ms
03-19 20:45:42.138  2649  3645 I ActivityManager:   Force finishing activity ActivityRecord{6fadbde u0 us.moviemates/.Activities.MainActivity t890}
03-19 20:45:42.139  2649  3645 I ActivityManager:   Force stopping service ServiceRecord{81da524 u0 us.moviemates/.Services.MessageServiceListener}
03-19 20:45:42.140  3979  3979 D AndroidRuntime: Shutting down VM
03-19 20:45:42.142  2649  3595 I ActivityManager: Killing 3207:com.reddit.frontpage/u0a143 (adj 906): empty #13
03-19 20:45:42.151  2649  2661 W ActivityManager: Permission Denial: Accessing service ComponentInfo{com.google.android.music/com.google.android.music.dial.DialMediaRouteProviderService} from pid=3720, uid=10033 that is not exported from uid 10114
03-19 20:45:42.151  3006  3006 D CarrierSvcBindHelper: No carrier app for: 0
03-19 20:45:42.160  2649  4629 D ConnectivityService: ConnectivityService NetworkRequestInfo binderDied(NetworkRequest [ id=160, legacyType=-1, [ Capabilities: INTERNET&NOT_RESTRICTED&TRUSTED&NOT_VPN] ], android.os.BinderProxy@a0fd6ee)
03-19 20:45:42.160  2649  3640 D ActivityManager: cleanUpApplicationRecord -- 3207
03-19 20:45:42.161  2649  2988 E ConnectivityService: RemoteException caught trying to send a callback msg for NetworkRequest [ id=160, legacyType=-1, [ Capabilities: INTERNET&NOT_RESTRICTED&TRUSTED&NOT_VPN] ]
03-19 20:45:42.167  2649  3095 I chatty  : uid=1000(system) Binder:2649_5 expire 1 line
03-19 20:45:42.167  2649  4624 D ConnectivityService: ConnectivityService NetworkRequestInfo binderDied(NetworkRequest [ id=159, legacyType=-1, [ Capabilities: INTERNET&NOT_RESTRICTED&TRUSTED] ], android.os.BinderProxy@64f378f)
03-19 20:45:42.168  2649  2988 E ConnectivityService: RemoteException caught trying to send a callback msg for NetworkRequest [ id=159, legacyType=-1, [ Capabilities: INTERNET&NOT_RESTRICTED&TRUSTED] ]
03-19 20:45:42.262   587   587 I SFPerfTracer:      triggers: (rate: 22:1814) (compose: 0:3) (post: 0:5) (render: 0:6) (0:30416 frames) (1:40896)
03-19 20:45:42.262   587   587 D SFPerfTracer:        layers: (3:12) (DimLayerController/Stack=0 (0xb0891000): 0:233)* (StatusBar (0xb0894c00): 1:10268) (com.android.systemui.ImageWallpaper (0xb06f8400): 1:5819) (Sprite (0xb06f9800): 0:3)* (animation background stackId=1 (0xb06fac00): 0:4)- (us.moviemates/us.moviemates.Activities.MainActivity (0xb0892400): 0:2113)- (com.android.launcher3/com.android.launcher3.GoogleNowPanel (0xb06c5c00): 0:23)- (com.android.launcher3/com.android.launcher3.GoogleNowPanel (0xb06f7000): 0:27)- (Starting io.appium.settings (0xb0892400): 0:11)- (io.appium.settings/io.appium.settings.Settings (0xb0893800): 0:13)- (com.android.launcher3/com.android.launcher3.GoogleNowPanel (0xb0892400): 1:13)* (com.android.launcher3/com.android.launcher3.GoogleNowPanel (0xb06c5c00): 1:15) 
03-19 20:45:42.535  3505  7425 I Places  : ?: PlacesBleScanner stop()
03-19 20:45:42.536  3505  3505 I BeaconBle: Places requested to stop scan
03-19 20:45:42.543  3505  3505 I BeaconBle: ZERO_POWER is disabled.
03-19 20:45:42.543  3505  3505 I BeaconBle: 'L' hardware scan: scan stopped, no powered clients
03-19 20:45:42.543  3505  3505 I BeaconBle: Scan canceled successfully.
03-19 20:45:42.549  3505  7425 I PlaceInferenceEngine: [anon] Changed inference mode: 0
03-19 20:45:42.769  3989  3989 D AndroidRuntime: >>>>>> START com.android.internal.os.RuntimeInit uid 2000 <<<<<<
03-19 20:45:42.774  3989  3989 D AndroidRuntime: CheckJNI is OFF
03-19 20:45:42.842  3989  3989 E libmdmdetect: Failed to open /sys/bus/msm_subsys/devices/subsys0/name: Permission denied
03-19 20:45:42.839  3989  3989 W main    : type=1400 audit(0.0:1299): avc: denied { read } for uid=2000 name="name" dev="sysfs" ino=22225 scontext=u:r:shell:s0 tcontext=u:object_r:sysfs:s0 tclass=file permissive=0
03-19 20:45:42.864  3989  3989 D ICU     : No timezone override file found: /data/misc/zoneinfo/current/icu/icu_tzdata.dat
03-19 20:45:42.871  1966  1966 I cnss-daemon: RTM_NEWNEIGH message received: 28
03-19 20:45:42.871  1966  1966 E cnss-daemon: Stale or unreachable neighbors, ndm state: 16
03-19 20:45:42.887  1966  1966 I cnss-daemon: RTM_NEWNEIGH message received: 28
03-19 20:45:42.887  1966  1966 I cnss-daemon: NDA_DST received: fe80::9e3d:cfff:feac:7d62 ul: 33022
03-19 20:45:42.887  1966  1966 I cnss-daemon: NDA_LLADDR received
03-19 20:45:42.889  1966  1966 E cnss-daemon: gateway ipv6 address: fe80::9e3d:cfff:feac:7d62
03-19 20:45:42.889  1966  1966 E cnss-daemon: gateway mac address: %02x:%02x:%02x:%02x:%02x:%02x
03-19 20:45:42.889  1966  1966 E cnss-daemon: : 9c:3d:cf:ac:7d:62
03-19 20:45:42.889  1966  1966 E cnss-daemon: gw update message successfully sent
03-19 20:45:42.899  3989  3989 I Radio-JNI: register_android_hardware_Radio DONE
03-19 20:45:42.916  3989  3989 D AndroidRuntime: Calling main entry com.android.commands.pm.Pm
03-19 20:45:42.921  2649  2662 I ActivityManager: Force stopping us.moviemates appid=10668 user=0: clear data
03-19 20:45:42.923  2649  2678 I ActivityManager: Force stopping us.moviemates appid=10668 user=-1: clearApplicationUserData
03-19 20:45:42.955  3006  3006 D CarrierSvcBindHelper: No carrier app for: 0
03-19 20:45:42.957  3989  3989 I art     : System.exit called, status: 0
03-19 20:45:42.957  3989  3989 I AndroidRuntime: VM exiting with result code 0.
03-19 20:45:42.958  3505  3505 I GeofencerStateMachine: removeGeofences: removeRequest=RemoveGeofencingRequest[REMOVE_ALL packageName=us.moviemates]
03-19 20:45:42.959  2649  3593 W ActivityManager: Permission Denial: Accessing service ComponentInfo{com.google.android.music/com.google.android.music.dial.DialMediaRouteProviderService} from pid=3720, uid=10033 that is not exported from uid 10114
03-19 20:45:42.960  8938  8938 I CarrierServices: [1] RcsAutoStartReceiver.b: carrierServicesJibeServiceEnabled changed from true to true
03-19 20:45:42.961  8938  8938 I CarrierServices: [1] RcsAutoStartReceiver.b: enableRcs changed from true to true
03-19 20:45:43.311  2649  2661 I ActivityManager: Start proc 4010:com.google.android.apps.photos/u0a118 for broadcast com.google.android.apps.photos/com.google.android.libraries.social.mediastoresync.reset.impl.MediaStoreClearedReceiver
03-19 20:45:43.349  4010  4010 I art     : Starting a blocking GC AddRemoveAppImageSpace
03-19 20:45:43.390  2649  3635 I ActivityManager: Start proc 4029:com.google.process.gapps/u0a33 for content provider com.google.android.gsf/.gservices.GservicesProvider
03-19 20:45:43.392  2649  2662 I ActivityManager: Killing 3363:com.android.keychain/1000 (adj 906): empty #13
03-19 20:45:43.409  2649  3593 I ActivityManager: Killing 3421:com.android.printspooler/u0a119 (adj 906): empty #13
03-19 20:45:43.425  2649  4631 D ActivityManager: cleanUpApplicationRecord -- 3421
03-19 20:45:43.426  2649  4648 D ActivityManager: cleanUpApplicationRecord -- 3363
03-19 20:45:43.430  3720  4048 I LocationSettingsChecker: Removing dialog suppression flag for package us.moviemates
03-19 20:45:43.432  4029  4029 W System  : ClassLoader referenced unknown path: /system/priv-app/GoogleServicesFramework/lib/arm
03-19 20:45:43.441  3720  1138 I Icing   : doRemovePackageData us.moviemates
03-19 20:45:43.458  4029  4029 I GservicesProvider: Gservices pushing to system: true; secure/global: true
03-19 20:45:43.502  4029  4029 I GoogleHttpClient: GMS http client unavailable, use old client
03-19 20:45:43.608  4008  4008 D AndroidRuntime: >>>>>> START com.android.internal.os.RuntimeInit uid 2000 <<<<<<
03-19 20:45:43.613  4008  4008 D AndroidRuntime: CheckJNI is OFF
03-19 20:45:43.675  4008  4008 E libmdmdetect: Failed to open /sys/bus/msm_subsys/devices/subsys0/name: Permission denied
03-19 20:45:43.672  4008  4008 W main    : type=1400 audit(0.0:1300): avc: denied { read } for uid=2000 name="name" dev="sysfs" ino=22225 scontext=u:r:shell:s0 tcontext=u:object_r:sysfs:s0 tclass=file permissive=0
03-19 20:45:43.693  4008  4008 D ICU     : No timezone override file found: /data/misc/zoneinfo/current/icu/icu_tzdata.dat
03-19 20:45:43.719  4008  4008 I Radio-JNI: register_android_hardware_Radio DONE
03-19 20:45:43.734  4008  4008 D AndroidRuntime: Calling main entry com.android.commands.pm.Pm
03-19 20:45:43.816  2649  4610 I ProcessStatsService: Added stats: 2018-03-19-17-28-00, over +3h0m59s934ms
03-19 20:45:43.828  2649  4610 I ProcessStatsService: Added stats: 2018-03-19-14-28-00, over +3h0m0s85ms
03-19 20:45:43.843  2649  4610 I ProcessStatsService: Added stats: 2018-03-19-10-37-00, over +3h50m59s995ms
03-19 20:45:43.854  2649  4610 I ProcessStatsService: Added stats: 2018-03-19-07-35-44, over +3h1m15s725ms
03-19 20:45:43.866  2649  4610 I ProcessStatsService: Added stats: 2018-03-19-04-33-55, over +3h1m49s57ms
03-19 20:45:43.877  2649  4610 I ProcessStatsService: Added stats: 2018-03-19-01-32-33, over +3h1m21s287ms
03-19 20:45:43.898  2649  4610 I ProcessStatsService: Added stats: 2018-03-18-22-31-49, over +3h0m39s561ms
03-19 20:45:43.908  2649  4610 I ProcessStatsService: Added stats: 2018-03-16-21-43-52, over +2h1m55s607ms
03-19 20:45:43.966  2649  4610 I ProcessStatsService: Added stats: 2018-03-19-17-28-00, over +3h0m59s934ms
03-19 20:45:44.075  2649  3347 E BatteryStatsService: no controller energy info supplied
03-19 20:45:44.121  4008  4008 I art     : System.exit called, status: 0
03-19 20:45:44.121  4008  4008 I AndroidRuntime: VM exiting with result code 0.
03-19 20:45:44.244 12021  2285 I EventLogSendingHelper: Sending log events.
03-19 20:45:44.736  4099  4099 D AndroidRuntime: >>>>>> START com.android.internal.os.RuntimeInit uid 2000 <<<<<<
03-19 20:45:44.741  4099  4099 D AndroidRuntime: CheckJNI is OFF
03-19 20:45:44.802  4099  4099 E libmdmdetect: Failed to open /sys/bus/msm_subsys/devices/subsys0/name: Permission denied
03-19 20:45:44.799  4099  4099 W main    : type=1400 audit(0.0:1301): avc: denied { read } for uid=2000 name="name" dev="sysfs" ino=22225 scontext=u:r:shell:s0 tcontext=u:object_r:sysfs:s0 tclass=file permissive=0
03-19 20:45:44.821  4099  4099 D ICU     : No timezone override file found: /data/misc/zoneinfo/current/icu/icu_tzdata.dat
03-19 20:45:44.848  4099  4099 I Radio-JNI: register_android_hardware_Radio DONE
03-19 20:45:44.863  4099  4099 D AndroidRuntime: Calling main entry com.android.commands.pm.Pm
03-19 20:45:44.868  2649  2649 I chatty  : uid=1000 system_server expire 10 lines
03-19 20:45:44.868  4099  4099 I art     : System.exit called, status: 0
03-19 20:45:44.868  4099  4099 I AndroidRuntime: VM exiting with result code 0.
03-19 20:45:44.868  2649  2676 I chatty  : uid=1000(system) android.bg expire 10 lines
03-19 20:45:45.111  3720  1138 I DeviceScanner: [MDNS] Received response from "Bazoom  TV" (d06909be874a6070328167867a2d019a) with result "0 No change"
