02-28 18:11:19.298  2283  2283 I MSM-irqbalance: Decided to move IRQ18 from CPU2 [P:0] to CPU7 [P:1] (banned)
02-28 18:11:19.298  2283  2283 I MSM-irqbalance: Decided to move IRQ18 from CPU0 [P:0] to CPU5 [P:1] (banned)
02-28 18:11:19.299  2283  2283 I MSM-irqbalance: Decided to move IRQ18 from CPU3 [P:0] to CPU4 [P:1] (banned)
02-28 18:11:19.299  2283  2283 I MSM-irqbalance: Decided to move IRQ18 from CPU1 [P:0] to CPU6 [P:1] (banned)
02-28 18:11:23.105  2154  2154 I cnss-daemon: RTM_NEWNEIGH message received: 28
02-28 18:11:23.105  2154  2154 E cnss-daemon: Stale or unreachable neighbors, ndm state: 16
02-28 18:11:23.119  2154  2154 I cnss-daemon: RTM_NEWNEIGH message received: 28
02-28 18:11:23.119  2154  2154 I cnss-daemon: NDA_DST received: fe80::200:5eff:fe00:265 ul: 33022
02-28 18:11:23.119  2154  2154 I cnss-daemon: NDA_LLADDR received
02-28 18:11:24.298  2283  2283 I MSM-irqbalance: Decided to move IRQ18 from CPU2 [P:0] to CPU7 [P:1] (banned)
02-28 18:11:24.298  2283  2283 I MSM-irqbalance: Decided to move IRQ18 from CPU0 [P:0] to CPU5 [P:1] (banned)
02-28 18:11:24.299  2283  2283 I MSM-irqbalance: Decided to move IRQ18 from CPU3 [P:0] to CPU4 [P:1] (banned)
02-28 18:11:24.299  2283  2283 I MSM-irqbalance: Decided to move IRQ18 from CPU1 [P:0] to CPU6 [P:1] (banned)
02-28 18:11:29.298  2283  2283 I MSM-irqbalance: Decided to move IRQ18 from CPU2 [P:0] to CPU7 [P:1] (banned)
02-28 18:11:29.299  2283  2283 I MSM-irqbalance: Decided to move IRQ18 from CPU0 [P:0] to CPU5 [P:1] (banned)
02-28 18:11:29.299  2283  2283 I MSM-irqbalance: Decided to move IRQ18 from CPU3 [P:0] to CPU4 [P:1] (banned)
02-28 18:11:29.299  2283  2283 I MSM-irqbalance: Decided to move IRQ18 from CPU1 [P:0] to CPU6 [P:1] (banned)
02-28 18:11:34.298  2283  2283 I MSM-irqbalance: Decided to move IRQ18 from CPU2 [P:0] to CPU7 [P:1] (banned)
02-28 18:11:34.298  2283  2283 I MSM-irqbalance: Decided to move IRQ18 from CPU0 [P:0] to CPU5 [P:1] (banned)
02-28 18:11:34.299  2283  2283 I MSM-irqbalance: Decided to move IRQ18 from CPU3 [P:0] to CPU4 [P:1] (banned)
02-28 18:11:34.299  2283  2283 I MSM-irqbalance: Decided to move IRQ18 from CPU1 [P:0] to CPU6 [P:1] (banned)
02-28 18:11:35.249  3643  4977 V ConnectivityManager: isActiveNetworkMetered() returns:false
02-28 18:11:35.249  2728  3267 D WifiService: acquireWifiLockLocked: WifiLock{NlpWifiLock type=2 uid=10033}
02-28 18:11:35.259  2728  3145 I chatty  : uid=1000(system) WifiScanningSer expire 6 lines
02-28 18:11:35.269  2728  3145 E WifiScanningService: Got invalid work source request: WorkSource{} from ClientInfo[uid=10033]
02-28 18:11:35.319  3643  4977 V ConnectivityManager: isActiveNetworkMetered() returns:false
02-28 18:11:35.370  3643  4977 V ConnectivityManager: isActiveNetworkMetered() returns:false
02-28 18:11:35.499  2728  2737 I art     : Background partial concurrent mark sweep GC freed 166197(8MB) AllocSpace objects, 13(8MB) LOS objects, 28% free, 39MB/55MB, paused 1.712ms total 154.221ms
02-28 18:11:37.778  2728  3145 E WifiHAL : fetchLowiCbTableAndCapabilities: NULL lowi_handle, err: dlopen failed: library "/vendor/lib/liblowi_wifihal.so" not found
02-28 18:11:37.778  2728  3145 E WifiHAL : getLowiCallbackTable: LOWI is not supported.
02-28 18:11:37.779  2728  3145 E WifiHAL : fetchLowiCbTableAndCapabilities: NULL lowi_handle, err: dlopen failed: library "/vendor/lib/liblowi_wifihal.so" not found
02-28 18:11:37.779  2728  3145 E WifiHAL : getLowiCallbackTable: LOWI is not supported.
02-28 18:11:37.780  2728  3145 E WifiHAL : fetchLowiCbTableAndCapabilities: NULL lowi_handle, err: dlopen failed: library "/vendor/lib/liblowi_wifihal.so" not found
02-28 18:11:37.780  2728  3145 E WifiHAL : getLowiCallbackTable: LOWI is not supported.
02-28 18:11:38.553  2728  3835 V OSNPGlue_jni: Entering  : void onJavaLocationChanged(JNIEnv *, jobject, jboolean, jlong, jboolean, jlong, jboolean, jdouble, jboolean, jdouble, jboolean, jfloat, jboolean, jdouble, jboolean, jfloat, jboolean, jfloat, jboolean, jint)
02-28 18:11:38.553  2728  3839 E LocSvc_libulp: E/int ulp_brain_transition_all_providers(), no QUIPC/GNSS transition logic run due to both engines are OFF 
02-28 18:11:38.556  2728  3414 E LocSvc_LBSApiV02: E/virtual int lbs_core::LBSApiV02::injectCoarsePosition(const CoarsePositionInfo &):352]: Error : st = 3, ind.status = 0
02-28 18:11:38.556  2728  3430 E QMI_FW  : QCCI qmi_cci_xport_recv: txn not found. svc_id: 16
02-28 18:11:38.614  2728 29450 D WifiService: releaseWifiLockLocked: WifiLock{NlpWifiLock type=2 uid=10033}
02-28 18:11:38.622  3643 30658 W ctxmgr  : [AclManager]No 2 for (accnt=account#665195901#, com.google.android.gms(10033):UserLocationProducer, vrsn=11975000, 0, 3pPkg = null ,  3pMdlId = null ,  pid = 3643). Was: 2 for 1, account#665195901#
02-28 18:11:38.623  3643 30658 W ctxmgr  : [AclManager]No 2 for (accnt=account#1612353702#, com.google.android.gms(10033):UserLocationProducer, vrsn=11975000, 0, 3pPkg = null ,  3pMdlId = null ,  pid = 3643). Was: 2 for 1, account#1612353702#
02-28 18:11:38.715  3643  3653 I art     : Background partial concurrent mark sweep GC freed 124122(5MB) AllocSpace objects, 1(20KB) LOS objects, 40% free, 20MB/34MB, paused 1.049ms total 156.968ms
02-28 18:11:39.254  2154  2154 I cnss-daemon: RTM_NEWROUTE Indication
02-28 18:11:39.254  2154  2154 I cnss-daemon: ip type is ipv6
02-28 18:11:39.255  2154  2154 E cnss-daemon: gateway ipv6 address: fe80::200:5eff:fe00:265
02-28 18:11:39.255  2154  2154 E cnss-daemon: gateway mac address: %02x:%02x:%02x:%02x:%02x:%02x
02-28 18:11:39.255  2154  2154 E cnss-daemon: : 00:00:5e:00:02:65
02-28 18:11:39.256  2154  2154 E cnss-daemon: gw update message successfully sent
02-28 18:11:39.256  2154  2154 I cnss-daemon: RTM_NEWROUTE Indication
02-28 18:11:39.256  2154  2154 I cnss-daemon: ip type is ipv6
02-28 18:11:39.298  2283  2283 I MSM-irqbalance: Decided to move IRQ18 from CPU1 [P:0] to CPU7 [P:1] (banned)
02-28 18:11:39.298  2283  2283 I MSM-irqbalance: Decided to move IRQ18 from CPU3 [P:0] to CPU5 [P:1] (banned)
02-28 18:11:39.299  2283  2283 I MSM-irqbalance: Decided to move IRQ18 from CPU0 [P:0] to CPU4 [P:1] (banned)
02-28 18:11:39.299  2283  2283 I MSM-irqbalance: Decided to move IRQ18 from CPU2 [P:0] to CPU6 [P:1] (banned)
02-28 18:11:44.298  2283  2283 I MSM-irqbalance: Decided to move IRQ18 from CPU1 [P:0] to CPU7 [P:1] (banned)
02-28 18:11:44.298  2283  2283 I MSM-irqbalance: Decided to move IRQ18 from CPU3 [P:0] to CPU5 [P:1] (banned)
02-28 18:11:44.299  2283  2283 I MSM-irqbalance: Decided to move IRQ18 from CPU0 [P:0] to CPU4 [P:1] (banned)
02-28 18:11:44.299  2283  2283 I MSM-irqbalance: Decided to move IRQ18 from CPU2 [P:0] to CPU6 [P:1] (banned)
02-28 18:11:44.385  2154  2154 I cnss-daemon: RTM_NEWNEIGH message received: 28
02-28 18:11:44.385  2154  2154 E cnss-daemon: Stale or unreachable neighbors, ndm state: 4
02-28 18:11:44.758  3672  3795 I QCNEJ   : |CORE| CNE received action RSSI/Link Changed events: android.net.wifi.RSSI_CHANGED
02-28 18:11:44.758  3672  3795 D QCNEJ   : |CORE| Updating RSSI: -67
02-28 18:11:44.758  3672  3795 I QCNEJ   : |PB_MSG| sendWifiStatus - subType: 101 networkState: 1 wifiState: 3 rssi=-67 freqBand = _5GHz ssid=GoogleGuest bssid=40:e3:d6:f6:0d:91 ipV4Addr=100.70.155.52 ifNameV4=wlan0 ipAddrV6=2620:15c:20:fd00:55a1:18cc:ec8a:f4e3 ifNameV6=wlan0 timeStamp:2018-02-28 18:11:44.758 net handle=657146432222 isAndroidValidated = true DNS addrs= 2001:4860:4860::8888, 2001:4860:4860::8844, 8.8.8.8, 8.8.4.4, 
02-28 18:11:47.153  2102  2102 D MovieMates_LOG: MoviesUpdateScheduler.class -> onReceive
02-28 18:11:47.154  2102  2102 D MovieMates_LOG: MoviesUpdateScheduler.class -> nextSchedule
02-28 18:11:47.156  2102  2102 D MovieMates_LOG: MoviesUpdateService.class -> onStartCommand()
02-28 18:11:47.171  2102  2787 D MovieMates_LOG: MoviesUpdateService.class -> updateMovies() -> an new errand is sent
02-28 18:11:47.248  2102  2764 D MovieMates_LOG: --> GET https://moviemates-prod.herokuapp.com/api/v1/movies?start_date=2018-02-28&days=14&return_showtimes=false&radius=30.0&min_age=18&max_age=60&gender= http/1.1
02-28 18:11:47.269  2102  2764 D MovieMates_LOG: --> END GET
02-28 18:11:47.274  2154  2154 I cnss-daemon: RTM_NEWROUTE Indication
02-28 18:11:47.274  2154  2154 I cnss-daemon: ip type is ipv6
02-28 18:11:48.405  2102  2764 D MovieMates_LOG: <-- 200 OK https://moviemates-prod.herokuapp.com/api/v1/movies?start_date=2018-02-28&days=14&return_showtimes=false&radius=30.0&min_age=18&max_age=60&gender= (1111ms)
02-28 18:11:48.476  2102  2764 D MovieMates_LOG: {"movies":[{"tmsId":"MV010760250000","rootId":"15027597","title":"Monster Hunt 2","shortDescription":"Wuba parts ways with his human parents to embark on his own journey.","longDescription":"Wuba parts ways with his human parents to embark on his own journey.","topCast":["Tony Chiu Wai Leung","Baihe Bai","Boran Jing"],"runTime":"1hr 50min","preferredImage":{"uri":"http://mtes.tmsimg.com/tvbanners/generic/generic_tvbanners_v5.png","largeImageUri":"http://mtes.tmsimg.com/tvbanners/generic/generic_tvbanners_v5.png"},"trailerUri":null},{"tmsId":"MV008898760000","rootId":"12878741","title":"Black Panther","shortDescription":"Black Panther must save his nation and the rest of the world from a powerful old enemy.","longDescription":"After the death of his father, T'Challa returns home to the African nation of Wakanda to take his rightful place as king. When a powerful enemy suddenly reappears, T'Challa's mettle as king -- and as Black Panther -- gets tested when he's drawn into a conflict that puts the fate of Wakanda and the entire world at risk. Faced with treachery and danger, the young king must rally his allies and release the full power of Black Panther to defeat his foes and secure the safety of his people.","topCast":["Chadwick Boseman","Michael B. Jordan","Lupita Nyong'o"],"ratings":[{"body":"Motion Picture Association of America","code":"PG-13"}],"runTime":"2hr 14min","preferredImage":{"uri":"http://mtes.tmsimg.com/assets/p12878741_v_v5_ac.jpg","largeImageUri":"http://mtes.tmsimg.com/assets/p12878741_v_v7_ac.jpg"},"trailerUri":null},{"tmsId":"MV010303700000","rootId":"14462566","title":"Early Man","shortDescription":"A plucky cave man and his sidekick must unite their tribe against a mighty enemy -- the Bronze Age.","longDescription":"A plucky cave man named Dug, his sidekick Hognob and the rest of their tribe face a grave threat to their simple existence. Lord Nooth plans to take over their land and transform it into a giant mine, forcing Dug and his clan to dig for precious metals. Not ready to go down without a fight, Dug and Hognob must unite their people in an epic quest to defeat a mighty enemy -- the Bronze Age.","topCast":["Eddie Redmayne","Tom Hiddleston","Maisie Williams"],"ratings":[{"body":"Motion Picture Association of America","code":"PG"}],"runTime":"1hr 29min","preferredImage":{"uri":"http://mtes.tmsimg.com/assets/p14462566_v_v5_aa.jpg","largeImageUri":"http://mtes.tmsimg.com/assets/p14462566_v_v7_aa.jpg"},"trailerUri":null},{"tmsId":"MV010339060000","rootId":"14505122","title":"Game Night","shortDescription":"A murder mystery party turns into a wild and chaotic night for a group of unsuspecting couples.","longDescription":"Max and Annie's weekly game night gets kicked up a notch when Max's brother Brooks arranges a murder mystery party -- complete with fake thugs and federal agents. So when Brooks gets kidnapped, it's all supposed to be part of the game. As the competitors set out to solve the case, they start to learn that neither the game nor Brooks are what they seem to be. The friends soon find themselves in over their heads as each twist leads to another unexpected turn over the course of one chaotic night.","topCast":["Jason Bateman","Rachel McAdams","Kyle Chandler"],"ratings":[{"body":"Motion Picture Association of America","code":"R"}],"runTime":"1hr 40min","preferredImage":{"uri":"http://mtes.tmsimg.com/assets/p14505122_p_v5_ab.jpg","largeImageUri":"http://mtes.tmsimg.com/assets/p14505122_p_v7_ab.jpg"},"trailerUri":null},{"tmsId":"MV010285430000","rootId":"14436043","title":"Peter Rabbit","shortDescription":"Mr. McGregor hatches scheme after scheme to vacate Peter Rabbit from his vegetable garden.","longDescription":"Peter Rabbit and his three sisters -- Flopsy, Mopsy and Cotton-Tail -- enjoy spending their days in Mr. McGregor's vegetable garden. When one of McGregor's relatives suddenly moves in, he's less than thrilled to discover a family of rabbits in his new home. A battle of wills soon breaks out as the new owner hatches scheme after scheme 
02-28 18:11:48.498  2102  2764 D MovieMates_LOG: <-- END HTTP (63093-byte body)
02-28 18:11:49.298  2283  2283 I MSM-irqbalance: Decided to move IRQ18 from CPU1 [P:0] to CPU7 [P:1] (banned)
02-28 18:11:49.298  2283  2283 I MSM-irqbalance: Decided to move IRQ18 from CPU3 [P:0] to CPU5 [P:1] (banned)
02-28 18:11:49.298  2283  2283 I MSM-irqbalance: Decided to move IRQ18 from CPU0 [P:0] to CPU4 [P:1] (banned)
02-28 18:11:49.298  2283  2283 I MSM-irqbalance: Decided to move IRQ18 from CPU2 [P:0] to CPU6 [P:1] (banned)
02-28 18:11:50.264  2102  2102 D MovieMates_LOG: ContentMates.class -> onEvent() -> event = UPDATE_DATE
02-28 18:11:50.292  2102  2102 D MovieMates_LOG: MoviesUpdateService.class -> updateMovies() -> FULL_DATES_UPDATE is DONE
02-28 18:11:50.773  3672  3795 I QCNEJ   : |CORE| CNE received action RSSI/Link Changed events: android.net.wifi.RSSI_CHANGED
02-28 18:11:50.773  3672  3795 D QCNEJ   : |CORE| Updating RSSI: -66
02-28 18:11:50.773  3672  3795 I QCNEJ   : |PB_MSG| sendWifiStatus - subType: 101 networkState: 1 wifiState: 3 rssi=-66 freqBand = _5GHz ssid=GoogleGuest bssid=40:e3:d6:f6:0d:91 ipV4Addr=100.70.155.52 ifNameV4=wlan0 ipAddrV6=2620:15c:20:fd00:55a1:18cc:ec8a:f4e3 ifNameV6=wlan0 timeStamp:2018-02-28 18:11:50.773 net handle=657146432222 isAndroidValidated = true DNS addrs= 2001:4860:4860::8888, 2001:4860:4860::8844, 8.8.8.8, 8.8.4.4, 
02-28 18:11:51.438  2154  2154 I cnss-daemon: RTM_NEWNEIGH message received: 28
02-28 18:11:51.438  2154  2154 I cnss-daemon: NDA_DST received: 100.70.159.254 ul: 4271851108
02-28 18:11:51.438  2154  2154 I cnss-daemon: NDA_LLADDR received
02-28 18:11:51.440  2154  2154 E cnss-daemon: gateway ipv6 address: fe80::200:5eff:fe00:265
02-28 18:11:51.440  2154  2154 E cnss-daemon: gateway mac address: %02x:%02x:%02x:%02x:%02x:%02x
02-28 18:11:51.440  2154  2154 E cnss-daemon: : 00:00:00:00:00:00
02-28 18:11:51.440  2154  2154 E cnss-daemon: Invalid mac address: 0x7f55ee6cM
02-28 18:11:52.278  2154  2154 I cnss-daemon: RTM_NEWNEIGH message received: 28
02-28 18:11:52.278  2154  2154 E cnss-daemon: Stale or unreachable neighbors, ndm state: 16
02-28 18:11:52.300  2154  2154 I cnss-daemon: RTM_NEWNEIGH message received: 28
02-28 18:11:52.300  2154  2154 I cnss-daemon: NDA_DST received: fe80::200:5eff:fe00:265 ul: 33022
02-28 18:11:52.300  2154  2154 I cnss-daemon: NDA_LLADDR received
02-28 18:11:54.298  2283  2283 I MSM-irqbalance: Decided to move IRQ18 from CPU3 [P:0] to CPU7 [P:1] (banned)
02-28 18:11:54.298  2283  2283 I MSM-irqbalance: Decided to move IRQ18 from CPU1 [P:0] to CPU5 [P:1] (banned)
02-28 18:11:54.299  2283  2283 I MSM-irqbalance: Decided to move IRQ18 from CPU0 [P:0] to CPU4 [P:1] (banned)
02-28 18:11:54.299  2283  2283 I MSM-irqbalance: Decided to move IRQ18 from CPU2 [P:0] to CPU6 [P:1] (banned)
02-28 18:11:57.304  2728  3123 E MotoSensors: Proximity covered 1
02-28 18:11:57.304  2143  3135 V MotSpeakerHelperProximity: updated mCurProximityState: NEAR (3.000000)
02-28 18:11:57.387  2728 29446 I MotoSensors: Sensorhub hal setDelay: 11 - 200
02-28 18:11:57.387  2728 29446 I MotoSensors: Sensorhub hal setdelay: 11 - 0
02-28 18:11:57.387  2728 29446 I MotoSensors: HubSensors::updateAccelRate 200
02-28 18:11:57.387  2728 29446 I MotoSensors: Sensorhub hal enable: 11 - 1
02-28 18:11:57.391  2728  3123 E MotoSensors: Proximity uncovered
02-28 18:11:57.391  2143  3135 V MotSpeakerHelperProximity: updated mCurProximityState: FAR (100.000000)
02-28 18:11:57.391  2728  3727 I MotoSensors: Sensorhub hal enable: 11 - 0
02-28 18:11:57.392  3445  3445 D ModalityManager: 
02-28 18:11:57.392  3445  3445 D ModalityManager: removeModalityListener(), package: com.motorola.actions
02-28 18:11:57.392  2728  3749 I MotoSensors: Sensorhub hal setDelay: 12 - 200
02-28 18:11:57.392  2728  3749 I MotoSensors: Sensorhub hal setdelay: 12 - 0
02-28 18:11:59.298  2283  2283 I MSM-irqbalance: Decided to move IRQ18 from CPU0 [P:0] to CPU6 [P:1] (banned)
02-28 18:11:59.298  2283  2283 I MSM-irqbalance: Decided to move IRQ18 from CPU2 [P:0] to CPU5 [P:1] (banned)
02-28 18:11:59.299  2283  2283 I MSM-irqbalance: Decided to move IRQ18 from CPU3 [P:0] to CPU7 [P:1] (banned)
02-28 18:11:59.299  2283  2283 I MSM-irqbalance: Decided to move IRQ18 from CPU1 [P:0] to CPU4 [P:1] (banned)
02-28 18:11:59.833  3672  3795 I QCNEJ   : |CORE| CNE received action RSSI/Link Changed events: android.net.wifi.RSSI_CHANGED
02-28 18:11:59.833  3672  3795 D QCNEJ   : |CORE| Updating RSSI: -67
02-28 18:11:59.833  3672  3795 I QCNEJ   : |PB_MSG| sendWifiStatus - subType: 101 networkState: 1 wifiState: 3 rssi=-67 freqBand = _5GHz ssid=GoogleGuest bssid=40:e3:d6:f6:0d:91 ipV4Addr=100.70.155.52 ifNameV4=wlan0 ipAddrV6=2620:15c:20:fd00:55a1:18cc:ec8a:f4e3 ifNameV6=wlan0 timeStamp:2018-02-28 18:11:59.833 net handle=657146432222 isAndroidValidated = true DNS addrs= 2001:4860:4860::8888, 2001:4860:4860::8844, 8.8.8.8, 8.8.4.4, 
02-28 18:12:00.001  3226  3226 D KeyguardUpdateMonitor: received broadcast android.intent.action.TIME_TICK
02-28 18:12:00.001  3226  3226 D KeyguardUpdateMonitor: handleTimeUpdate
02-28 18:12:00.678  2154  2154 I cnss-daemon: RTM_NEWNEIGH message received: 28
02-28 18:12:00.678  2154  2154 E cnss-daemon: Stale or unreachable neighbors, ndm state: 4
02-28 18:12:04.298  2283  2283 I MSM-irqbalance: Decided to move IRQ18 from CPU0 [P:0] to CPU6 [P:1] (banned)
02-28 18:12:04.298  2283  2283 I MSM-irqbalance: Decided to move IRQ18 from CPU2 [P:0] to CPU5 [P:1] (banned)
02-28 18:12:04.299  2283  2283 I MSM-irqbalance: Decided to move IRQ18 from CPU3 [P:0] to CPU7 [P:1] (banned)
02-28 18:12:04.299  2283  2283 I MSM-irqbalance: Decided to move IRQ18 from CPU1 [P:0] to CPU4 [P:1] (banned)
02-28 18:12:08.616  2728  3179 D ActivityManager: mMemLeft = 519
02-28 18:12:08.896  3672  3795 I QCNEJ   : |CORE| CNE received action RSSI/Link Changed events: android.net.wifi.RSSI_CHANGED
02-28 18:12:08.897  3672  3795 D QCNEJ   : |CORE| Updating RSSI: -66
02-28 18:12:08.897  3672  3795 I QCNEJ   : |PB_MSG| sendWifiStatus - subType: 101 networkState: 1 wifiState: 3 rssi=-66 freqBand = _5GHz ssid=GoogleGuest bssid=40:e3:d6:f6:0d:91 ipV4Addr=100.70.155.52 ifNameV4=wlan0 ipAddrV6=2620:15c:20:fd00:55a1:18cc:ec8a:f4e3 ifNameV6=wlan0 timeStamp:2018-02-28 18:12:08.897 net handle=657146432222 isAndroidValidated = true DNS addrs= 2001:4860:4860::8888, 2001:4860:4860::8844, 8.8.8.8, 8.8.4.4, 
02-28 18:12:09.298  2283  2283 I MSM-irqbalance: Decided to move IRQ18 from CPU0 [P:0] to CPU6 [P:1] (banned)
02-28 18:12:09.298  2283  2283 I MSM-irqbalance: Decided to move IRQ18 from CPU2 [P:0] to CPU5 [P:1] (banned)
02-28 18:12:09.299  2283  2283 I MSM-irqbalance: Decided to move IRQ18 from CPU3 [P:0] to CPU7 [P:1] (banned)
02-28 18:12:09.299  2283  2283 I MSM-irqbalance: Decided to move IRQ18 from CPU1 [P:0] to CPU4 [P:1] (banned)
02-28 18:12:13.612  2154  2154 I cnss-daemon: RTM_NEWNEIGH message received: 28
02-28 18:12:13.612  2154  2154 E cnss-daemon: Stale or unreachable neighbors, ndm state: 4
02-28 18:12:14.298  2283  2283 I MSM-irqbalance: Decided to move IRQ18 from CPU0 [P:0] to CPU6 [P:1] (banned)
02-28 18:12:14.298  2283  2283 I MSM-irqbalance: Decided to move IRQ18 from CPU1 [P:0] to CPU5 [P:1] (banned)
02-28 18:12:14.299  2283  2283 I MSM-irqbalance: Decided to move IRQ18 from CPU2 [P:0] to CPU7 [P:1] (banned)
02-28 18:12:14.299  2283  2283 I MSM-irqbalance: Decided to move IRQ18 from CPU3 [P:0] to CPU4 [P:1] (banned)
02-28 18:12:15.963  2728  3124 D BatteryService: uevent={POWER_SUPPLY_TEMP=280, POWER_SUPPLY_PRESENT=1, POWER_SUPPLY_STATUS=Charging, POWER_SUPPLY_CAPACITY=75, ACTION=change, DEVPATH=/devices/soc/qpnp-smbcharger-17/power_supply/battery, SUBSYSTEM=power_supply, POWER_SUPPLY_VOLTAGE_NOW=4126105, SEQNUM=5071409, POWER_SUPPLY_NAME=battery, POWER_SUPPLY_CURRENT_NOW=-283811, POWER_SUPPLY_CHARGE_COUNTER=2367552, POWER_SUPPLY_CHARGE_RATE=Normal, POWER_SUPPLY_HEALTH=Good}
02-28 18:12:15.965  2728  3268 D BatteryService: mLastPlugType/mPlugType:2/2
02-28 18:12:15.965  2728  3268 D BatteryService: set mLastPlugType to 2
02-28 18:12:15.966  3226  3226 D KeyguardUpdateMonitor: received broadcast android.intent.action.BATTERY_CHANGED
02-28 18:12:15.967  3672  3795 W QCNEJ   : |CORE| CNE received unexpected action: android.intent.action.BATTERY_CHANGED
02-28 18:12:15.967  3180  3180 D VideoCall_LowBattery: BatteryIntent received: android.intent.action.BATTERY_CHANGED
02-28 18:12:15.967  3226  3226 D KeyguardUpdateMonitor: handleBatteryUpdate
02-28 18:12:15.968 31898 31976 D HeadsetStateMachine: Disconnected process message: 10, size: 0
02-28 18:12:15.968 31898 31976 D HeadsetStateMachine: Enter processIntentBatteryChanged()
02-28 18:12:15.968 31898 31976 D HeadsetStateMachine: Exit processIntentBatteryChanged()
02-28 18:12:15.968 31898 31976 D HeadsetStateMachine: Exit Disconnected processMessage() 
02-28 18:12:15.969  3180  3180 E QtiImsExtUtils: getConfigForPhoneId subId is invalid
02-28 18:12:15.969  3180  3180 E QtiImsExtUtils: isCarrierConfigEnabled bundle is null
02-28 18:12:15.969  3180  3180 D VideoCall_LowBattery:  allowVideoCallsInLowBattery: false isCarrierOneSupported: false mIsLowbattery: false
02-28 18:12:17.957  3672  3795 I QCNEJ   : |CORE| CNE received action RSSI/Link Changed events: android.net.wifi.RSSI_CHANGED
02-28 18:12:17.957  3672  3795 D QCNEJ   : |CORE| Updating RSSI: -67
02-28 18:12:17.957  3672  3795 I QCNEJ   : |PB_MSG| sendWifiStatus - subType: 101 networkState: 1 wifiState: 3 rssi=-67 freqBand = _5GHz ssid=GoogleGuest bssid=40:e3:d6:f6:0d:91 ipV4Addr=100.70.155.52 ifNameV4=wlan0 ipAddrV6=2620:15c:20:fd00:55a1:18cc:ec8a:f4e3 ifNameV6=wlan0 timeStamp:2018-02-28 18:12:17.957 net handle=657146432222 isAndroidValidated = true DNS addrs= 2001:4860:4860::8888, 2001:4860:4860::8844, 8.8.8.8, 8.8.4.4, 
02-28 18:12:19.298  2283  2283 I MSM-irqbalance: Decided to move IRQ18 from CPU0 [P:0] to CPU6 [P:1] (banned)
02-28 18:12:19.298  2283  2283 I MSM-irqbalance: Decided to move IRQ18 from CPU1 [P:0] to CPU5 [P:1] (banned)
02-28 18:12:19.299  2283  2283 I MSM-irqbalance: Decided to move IRQ18 from CPU2 [P:0] to CPU7 [P:1] (banned)
02-28 18:12:19.299  2283  2283 I MSM-irqbalance: Decided to move IRQ18 from CPU3 [P:0] to CPU4 [P:1] (banned)
02-28 18:12:20.977  3672  3795 I QCNEJ   : |CORE| CNE received action RSSI/Link Changed events: android.net.wifi.RSSI_CHANGED
02-28 18:12:20.977  3672  3795 D QCNEJ   : |CORE| Updating RSSI: -65
02-28 18:12:20.977  3672  3795 I QCNEJ   : |PB_MSG| sendWifiStatus - subType: 101 networkState: 1 wifiState: 3 rssi=-65 freqBand = _5GHz ssid=GoogleGuest bssid=40:e3:d6:f6:0d:91 ipV4Addr=100.70.155.52 ifNameV4=wlan0 ipAddrV6=2620:15c:20:fd00:55a1:18cc:ec8a:f4e3 ifNameV6=wlan0 timeStamp:2018-02-28 18:12:20.977 net handle=657146432222 isAndroidValidated = true DNS addrs= 2001:4860:4860::8888, 2001:4860:4860::8844, 8.8.8.8, 8.8.4.4, 
02-28 18:12:24.298  2283  2283 I MSM-irqbalance: Decided to move IRQ18 from CPU0 [P:0] to CPU6 [P:1] (banned)
02-28 18:12:24.298  2283  2283 I MSM-irqbalance: Decided to move IRQ18 from CPU1 [P:0] to CPU5 [P:1] (banned)
02-28 18:12:24.299  2283  2283 I MSM-irqbalance: Decided to move IRQ18 from CPU2 [P:0] to CPU7 [P:1] (banned)
02-28 18:12:24.299  2283  2283 I MSM-irqbalance: Decided to move IRQ18 from CPU3 [P:0] to CPU4 [P:1] (banned)
02-28 18:12:29.298  2283  2283 I MSM-irqbalance: Decided to move IRQ18 from CPU0 [P:0] to CPU6 [P:1] (banned)
02-28 18:12:29.298  2283  2283 I MSM-irqbalance: Decided to move IRQ18 from CPU1 [P:0] to CPU5 [P:1] (banned)
02-28 18:12:29.298  2283  2283 I MSM-irqbalance: Decided to move IRQ18 from CPU2 [P:0] to CPU7 [P:1] (banned)
02-28 18:12:29.299  2283  2283 I MSM-irqbalance: Decided to move IRQ18 from CPU3 [P:0] to CPU4 [P:1] (banned)
02-28 18:12:33.059  3672  3795 I QCNEJ   : |CORE| CNE received action RSSI/Link Changed events: android.net.wifi.RSSI_CHANGED
02-28 18:12:33.060  3672  3795 D QCNEJ   : |CORE| Updating RSSI: -67
02-28 18:12:33.060  3672  3795 I QCNEJ   : |PB_MSG| sendWifiStatus - subType: 101 networkState: 1 wifiState: 3 rssi=-67 freqBand = _5GHz ssid=GoogleGuest bssid=40:e3:d6:f6:0d:91 ipV4Addr=100.70.155.52 ifNameV4=wlan0 ipAddrV6=2620:15c:20:fd00:55a1:18cc:ec8a:f4e3 ifNameV6=wlan0 timeStamp:2018-02-28 18:12:33.06 net handle=657146432222 isAndroidValidated = true DNS addrs= 2001:4860:4860::8888, 2001:4860:4860::8844, 8.8.8.8, 8.8.4.4, 
02-28 18:12:34.298  2283  2283 I MSM-irqbalance: Decided to move IRQ18 from CPU0 [P:0] to CPU6 [P:1] (banned)
02-28 18:12:34.299  2283  2283 I MSM-irqbalance: Decided to move IRQ18 from CPU1 [P:0] to CPU5 [P:1] (banned)
02-28 18:12:34.299  2283  2283 I MSM-irqbalance: Decided to move IRQ18 from CPU2 [P:0] to CPU7 [P:1] (banned)
02-28 18:12:34.299  2283  2283 I MSM-irqbalance: Decided to move IRQ18 from CPU3 [P:0] to CPU4 [P:1] (banned)
02-28 18:12:39.091  3672  3795 I QCNEJ   : |CORE| CNE received action RSSI/Link Changed events: android.net.wifi.RSSI_CHANGED
02-28 18:12:39.091  3672  3795 D QCNEJ   : |CORE| Updating RSSI: -66
02-28 18:12:39.091  3672  3795 I QCNEJ   : |PB_MSG| sendWifiStatus - subType: 101 networkState: 1 wifiState: 3 rssi=-66 freqBand = _5GHz ssid=GoogleGuest bssid=40:e3:d6:f6:0d:91 ipV4Addr=100.70.155.52 ifNameV4=wlan0 ipAddrV6=2620:15c:20:fd00:55a1:18cc:ec8a:f4e3 ifNameV6=wlan0 timeStamp:2018-02-28 18:12:39.091 net handle=657146432222 isAndroidValidated = true DNS addrs= 2001:4860:4860::8888, 2001:4860:4860::8844, 8.8.8.8, 8.8.4.4, 
02-28 18:12:39.298  2283  2283 I MSM-irqbalance: Decided to move IRQ18 from CPU0 [P:0] to CPU6 [P:1] (banned)
02-28 18:12:39.298  2283  2283 I MSM-irqbalance: Decided to move IRQ18 from CPU2 [P:0] to CPU5 [P:1] (banned)
02-28 18:12:39.299  2283  2283 I MSM-irqbalance: Decided to move IRQ18 from CPU1 [P:0] to CPU7 [P:1] (banned)
02-28 18:12:39.299  2283  2283 I MSM-irqbalance: Decided to move IRQ18 from CPU3 [P:0] to CPU4 [P:1] (banned)
02-28 18:12:44.298  2283  2283 I MSM-irqbalance: Decided to move IRQ18 from CPU0 [P:0] to CPU6 [P:1] (banned)
02-28 18:12:44.298  2283  2283 I MSM-irqbalance: Decided to move IRQ18 from CPU2 [P:0] to CPU5 [P:1] (banned)
02-28 18:12:44.298  2283  2283 I MSM-irqbalance: Decided to move IRQ18 from CPU3 [P:0] to CPU7 [P:1] (banned)
02-28 18:12:44.299  2283  2283 I MSM-irqbalance: Decided to move IRQ18 from CPU1 [P:0] to CPU4 [P:1] (banned)
02-28 18:12:49.298  2283  2283 I MSM-irqbalance: Decided to move IRQ18 from CPU0 [P:0] to CPU5 [P:1] (banned)
02-28 18:12:49.298  2283  2283 I MSM-irqbalance: Decided to move IRQ18 from CPU1 [P:0] to CPU6 [P:1] (banned)
02-28 18:12:49.298  2283  2283 I MSM-irqbalance: Decided to move IRQ18 from CPU2 [P:0] to CPU7 [P:1] (banned)
02-28 18:12:49.299  2283  2283 I MSM-irqbalance: Decided to move IRQ18 from CPU3 [P:0] to CPU4 [P:1] (banned)
02-28 18:12:53.185  2154  2154 I cnss-daemon: RTM_NEWNEIGH message received: 28
02-28 18:12:53.185  2154  2154 E cnss-daemon: Stale or unreachable neighbors, ndm state: 16
02-28 18:12:53.194  2154  2154 I cnss-daemon: RTM_NEWNEIGH message received: 28
02-28 18:12:53.194  2154  2154 I cnss-daemon: NDA_DST received: 100.70.159.254 ul: 4271851108
02-28 18:12:53.194  2154  2154 I cnss-daemon: NDA_LLADDR received
02-28 18:12:54.191  3672  3795 I QCNEJ   : |CORE| CNE received action RSSI/Link Changed events: android.net.wifi.RSSI_CHANGED
02-28 18:12:54.191  3672  3795 D QCNEJ   : |CORE| Updating RSSI: -67
02-28 18:12:54.191  3672  3795 I QCNEJ   : |PB_MSG| sendWifiStatus - subType: 101 networkState: 1 wifiState: 3 rssi=-67 freqBand = _5GHz ssid=GoogleGuest bssid=40:e3:d6:f6:0d:91 ipV4Addr=100.70.155.52 ifNameV4=wlan0 ipAddrV6=2620:15c:20:fd00:55a1:18cc:ec8a:f4e3 ifNameV6=wlan0 timeStamp:2018-02-28 18:12:54.191 net handle=657146432222 isAndroidValidated = true DNS addrs= 2001:4860:4860::8888, 2001:4860:4860::8844, 8.8.8.8, 8.8.4.4, 
02-28 18:12:54.298  2283  2283 I MSM-irqbalance: Decided to move IRQ18 from CPU0 [P:0] to CPU5 [P:1] (banned)
02-28 18:12:54.299  2283  2283 I MSM-irqbalance: Decided to move IRQ18 from CPU1 [P:0] to CPU6 [P:1] (banned)
02-28 18:12:54.299  2283  2283 I MSM-irqbalance: Decided to move IRQ18 from CPU2 [P:0] to CPU7 [P:1] (banned)
02-28 18:12:54.299  2283  2283 I MSM-irqbalance: Decided to move IRQ18 from CPU3 [P:0] to CPU4 [P:1] (banned)
02-28 18:12:57.211  3672  3795 I QCNEJ   : |CORE| CNE received action RSSI/Link Changed events: android.net.wifi.RSSI_CHANGED
02-28 18:12:57.211  3672  3795 D QCNEJ   : |CORE| Updating RSSI: -66
02-28 18:12:57.211  3672  3795 I QCNEJ   : |PB_MSG| sendWifiStatus - subType: 101 networkState: 1 wifiState: 3 rssi=-66 freqBand = _5GHz ssid=GoogleGuest bssid=40:e3:d6:f6:0d:91 ipV4Addr=100.70.155.52 ifNameV4=wlan0 ipAddrV6=2620:15c:20:fd00:55a1:18cc:ec8a:f4e3 ifNameV6=wlan0 timeStamp:2018-02-28 18:12:57.211 net handle=657146432222 isAndroidValidated = true DNS addrs= 2001:4860:4860::8888, 2001:4860:4860::8844, 8.8.8.8, 8.8.4.4, 
02-28 18:12:59.298  2283  2283 I MSM-irqbalance: Decided to move IRQ18 from CPU0 [P:0] to CPU5 [P:1] (banned)
02-28 18:12:59.299  2283  2283 I MSM-irqbalance: Decided to move IRQ18 from CPU1 [P:0] to CPU6 [P:1] (banned)
02-28 18:12:59.299  2283  2283 I MSM-irqbalance: Decided to move IRQ18 from CPU2 [P:0] to CPU7 [P:1] (banned)
02-28 18:12:59.299  2283  2283 I MSM-irqbalance: Decided to move IRQ18 from CPU3 [P:0] to CPU4 [P:1] (banned)
02-28 18:12:59.456  3643  2814 W ConfigurationChimeraPro: Got null configs for com.google.android.gms.fitness
02-28 18:13:00.001  3226  3226 D KeyguardUpdateMonitor: received broadcast android.intent.action.TIME_TICK
02-28 18:13:00.001  3226  3226 D KeyguardUpdateMonitor: handleTimeUpdate
02-28 18:13:02.500 13343 13343 I BgTaskExecutorImpl: Starting EXCLUSIVE background task request_schedule_context_fence_transition.
02-28 18:13:02.601  2728  2728 E NotificationService: Suppressing notification from package by user request.
02-28 18:13:02.633 13343  1338 V ConnectivityManager: isActiveNetworkMetered() returns:false
02-28 18:13:02.646  3643  4977 V ConnectivityManager: isActiveNetworkMetered() returns:false
02-28 18:13:02.671 13343  2757 V ConnectivityManager: isActiveNetworkMetered() returns:false
02-28 18:13:02.734 13343  2830 W RequestManagerImpl: graph.recentDetectedActivityOptional() should be cached
02-28 18:13:02.871 13343  2838 V ConnectivityManager: isActiveNetworkMetered() returns:false
02-28 18:13:02.881  2154  2154 I cnss-daemon: RTM_NEWROUTE Indication
02-28 18:13:02.881  2154  2154 I cnss-daemon: ip type is ipv6
02-28 18:13:02.882  2154  2154 E cnss-daemon: gateway ipv6 address: fe80::200:5eff:fe00:265
02-28 18:13:02.882  2154  2154 E cnss-daemon: gateway mac address: %02x:%02x:%02x:%02x:%02x:%02x
02-28 18:13:02.882  2154  2154 E cnss-daemon: : 00:00:00:00:00:00
02-28 18:13:02.882  2154  2154 E cnss-daemon: Invalid mac address: 0x7f55ee6cM
02-28 18:13:02.884  2154  2154 I cnss-daemon: RTM_NEWROUTE Indication
02-28 18:13:02.884  2154  2154 I cnss-daemon: ip type is ipv6
02-28 18:13:02.976  2154  2154 I cnss-daemon: RTM_NEWROUTE Indication
02-28 18:13:02.976  2154  2154 I cnss-daemon: ip type is ipv6
02-28 18:13:02.978  2152  3109 D NetdFwmarkServer: Cmd 2: 153, 10071: UserP=3, fwmark=F0099
02-28 18:13:02.978  2152  3109 D NetdFwmarkServer: Cmd 1: 0, 10071: UserP=3, fwmark=F0099
02-28 18:13:03.185  2154  2154 I cnss-daemon: RTM_NEWNEIGH message received: 28
02-28 18:13:03.185  2154  2154 E cnss-daemon: Stale or unreachable neighbors, ndm state: 4
02-28 18:13:03.918 13343 13343 I BgTaskExecutorImpl: Starting EXCLUSIVE background task request_schedule_reset_without_restart.
02-28 18:13:03.924 13343 13343 W SearchService: Abort, client detached.
02-28 18:13:03.944  3643  3977 I GeofencerStateMachine: removeGeofences: removeRequest=RemoveGeofencingRequest[REMOVE_BY_PENDING_INTENT pendingIntent=PendingIntent[creatorPackage=com.google.android.googlequicksearchbox], packageName=null]
02-28 18:13:03.946 13343  2830 E GeofenceHelper: Failed: remove geofences by PendingIntent
02-28 18:13:04.016  2728  2728 E NotificationService: Suppressing notification from package by user request.
02-28 18:13:04.018 13343  2830 I TrainingQuestionManager: updateFromServerResponse: no new training mode data and no pending answered questions to clear
02-28 18:13:04.047 13343  1696 V ConnectivityManager: isActiveNetworkMetered() returns:false
02-28 18:13:04.064  3643  4977 V ConnectivityManager: isActiveNetworkMetered() returns:false
02-28 18:13:04.130  3643  3930 I GeofencerStateMachine: removeGeofences: removeRequest=RemoveGeofencingRequest[REMOVE_BY_IDS Ids=[4b0dfaa6-8e3e-42eb-8bb5-beae55ca6e95], packageName=com.google.android.gms]
02-28 18:13:04.132  3643  3930 I GeofencerStateMachine: removeGeofences: removeRequest=RemoveGeofencingRequest[REMOVE_BY_IDS Ids=[11f0a52e-1d31-4e42-b966-4c283cfe8df7], packageName=com.google.android.gms]
02-28 18:13:04.209  3643  3930 I GeofencerStateMachine: addGeofences: geofencingRequest=GeofencingRequest[geofences=[Geofence[CIRCLE id:3c50828c-8db9-401f-858c-3bdb4f81e85e transitions:3 37.387438, -121.926415 5m, resp=300s, dwell=-1ms, @-1]], initialTrigger=5, tag=] intent=PendingIntent{680446: android.os.BinderProxy@1bb5607}
02-28 18:13:04.210  3643  4068 I GeofencerStateMachine: Use last location to update newly added Geofences.
02-28 18:13:04.246  3643  3930 I GeofencerStateMachine: addGeofences: geofencingRequest=GeofencingRequest[geofences=[Geofence[CIRCLE id:874d4e66-e623-4c5d-b2d7-d3b4b01b2ea3 transitions:3 37.387438, -121.926415 20000m, resp=300s, dwell=-1ms, @-1]], initialTrigger=5, tag=] intent=PendingIntent{680446: android.os.BinderProxy@1bb5607}
02-28 18:13:04.247  3643  4068 I GeofencerStateMachine: Use last location to update newly added Geofences.
02-28 18:13:04.255  3643  2572 W ctxmgr  : [AclManager]No 2 for (accnt=account#1612353702#, com.google.android.gms(10033):ScreenProducer, vrsn=11975000, 0, 3pPkg = null ,  3pMdlId = null ,  pid = 3643). Was: 2 for 7, account#1612353702#
02-28 18:13:04.298  2283  2283 I MSM-irqbalance: Decided to move IRQ18 from CPU3 [P:0] to CPU5 [P:1] (banned)
02-28 18:13:04.298  2283  2283 I MSM-irqbalance: Decided to move IRQ18 from CPU1 [P:0] to CPU6 [P:1] (banned)
02-28 18:13:04.299  2283  2283 I MSM-irqbalance: Decided to move IRQ18 from CPU2 [P:0] to CPU7 [P:1] (banned)
02-28 18:13:04.299  2283  2283 I MSM-irqbalance: Decided to move IRQ18 from CPU0 [P:0] to CPU4 [P:1] (banned)
02-28 18:13:04.914  3643  2572 W ctxmgr  : [AclManager]No 2 for (accnt=account#1612353702#, com.google.android.gms(10033):ScreenProducer, vrsn=11975000, 0, 3pPkg = null ,  3pMdlId = null ,  pid = 3643). Was: 2 for 7, account#1612353702#
02-28 18:13:04.997  2728  2743 I MotoSensors: Sensorhub hal setDelay: 1 - 20
02-28 18:13:04.997  2728  2743 I MotoSensors: Sensorhub hal setdelay: 1 - 20
02-28 18:13:04.997  2728  2743 I MotoSensors: Sensorhub hal enable: 1 - 1
02-28 18:13:04.997  2728  2743 I MotoSensors: HubSensors::updateAccelRate 20
02-28 18:13:05.522  2728 29446 I MotoSensors: Sensorhub hal enable: 1 - 0
02-28 18:13:05.681  2728  2737 I art     : Background partial concurrent mark sweep GC freed 186131(9MB) AllocSpace objects, 12(736KB) LOS objects, 28% free, 39MB/55MB, paused 1.688ms total 152.705ms
02-28 18:13:07.892  2154  2154 I cnss-daemon: RTM_NEWNEIGH message received: 28
02-28 18:13:07.892  2154  2154 E cnss-daemon: Stale or unreachable neighbors, ndm state: 16
02-28 18:13:07.907  2154  2154 I cnss-daemon: RTM_NEWNEIGH message received: 28
02-28 18:13:07.907  2154  2154 I cnss-daemon: NDA_DST received: fe80::200:5eff:fe00:265 ul: 33022
02-28 18:13:07.907  2154  2154 I cnss-daemon: NDA_LLADDR received
02-28 18:13:07.908  2154  2154 E cnss-daemon: gateway ipv6 address: fe80::200:5eff:fe00:265
02-28 18:13:07.908  2154  2154 E cnss-daemon: gateway mac address: %02x:%02x:%02x:%02x:%02x:%02x
02-28 18:13:07.908  2154  2154 E cnss-daemon: : 00:00:5e:00:02:65
02-28 18:13:07.908  2154  2154 E cnss-daemon: gw update message successfully sent
02-28 18:13:08.692  2728  3179 D ActivityManager: mMemLeft = 508
02-28 18:13:09.298  2283  2283 I MSM-irqbalance: Decided to move IRQ18 from CPU3 [P:0] to CPU5 [P:1] (banned)
02-28 18:13:09.298  2283  2283 I MSM-irqbalance: Decided to move IRQ18 from CPU2 [P:0] to CPU6 [P:1] (banned)
02-28 18:13:09.298  2283  2283 I MSM-irqbalance: Decided to move IRQ18 from CPU1 [P:0] to CPU7 [P:1] (banned)
02-28 18:13:09.299  2283  2283 I MSM-irqbalance: Decided to move IRQ18 from CPU0 [P:0] to CPU4 [P:1] (banned)
02-28 18:13:14.298  2283  2283 I MSM-irqbalance: Decided to move IRQ18 from CPU3 [P:0] to CPU6 [P:1] (banned)
02-28 18:13:14.298  2283  2283 I MSM-irqbalance: Decided to move IRQ18 from CPU2 [P:0] to CPU5 [P:1] (banned)
02-28 18:13:14.299  2283  2283 I MSM-irqbalance: Decided to move IRQ18 from CPU1 [P:0] to CPU7 [P:1] (banned)
02-28 18:13:14.299  2283  2283 I MSM-irqbalance: Decided to move IRQ18 from CPU0 [P:0] to CPU4 [P:1] (banned)
02-28 18:13:16.123  2728  3124 D BatteryService: uevent={POWER_SUPPLY_TEMP=277, POWER_SUPPLY_PRESENT=1, POWER_SUPPLY_STATUS=Charging, POWER_SUPPLY_CAPACITY=75, ACTION=change, DEVPATH=/devices/soc/qpnp-smbcharger-17/power_supply/battery, SUBSYSTEM=power_supply, POWER_SUPPLY_VOLTAGE_NOW=4126868, SEQNUM=5071411, POWER_SUPPLY_NAME=battery, POWER_SUPPLY_CURRENT_NOW=-279539, POWER_SUPPLY_CHARGE_COUNTER=2372344, POWER_SUPPLY_CHARGE_RATE=Normal, POWER_SUPPLY_HEALTH=Good}
02-28 18:13:16.124  2728  3730 D BatteryService: mLastPlugType/mPlugType:2/2
02-28 18:13:16.124  2728  3730 D BatteryService: set mLastPlugType to 2
02-28 18:13:16.126  3226  3226 D KeyguardUpdateMonitor: received broadcast android.intent.action.BATTERY_CHANGED
02-28 18:13:16.126  3180  3180 D VideoCall_LowBattery: BatteryIntent received: android.intent.action.BATTERY_CHANGED
02-28 18:13:16.127 31898 31976 D HeadsetStateMachine: Disconnected process message: 10, size: 0
02-28 18:13:16.127 31898 31976 D HeadsetStateMachine: Enter processIntentBatteryChanged()
02-28 18:13:16.127 31898 31976 D HeadsetStateMachine: Exit processIntentBatteryChanged()
02-28 18:13:16.127 31898 31976 D HeadsetStateMachine: Exit Disconnected processMessage() 
02-28 18:13:16.128  3672  3795 W QCNEJ   : |CORE| CNE received unexpected action: android.intent.action.BATTERY_CHANGED
02-28 18:13:16.128  3180  3180 E QtiImsExtUtils: getConfigForPhoneId subId is invalid
02-28 18:13:16.128  3180  3180 E QtiImsExtUtils: isCarrierConfigEnabled bundle is null
02-28 18:13:16.129  3180  3180 D VideoCall_LowBattery:  allowVideoCallsInLowBattery: false isCarrierOneSupported: false mIsLowbattery: false
02-28 18:13:16.129  3226  3226 D KeyguardUpdateMonitor: handleBatteryUpdate
02-28 18:13:19.298  2283  2283 I MSM-irqbalance: Decided to move IRQ18 from CPU3 [P:0] to CPU6 [P:1] (banned)
02-28 18:13:19.298  2283  2283 I MSM-irqbalance: Decided to move IRQ18 from CPU1 [P:0] to CPU5 [P:1] (banned)
02-28 18:13:19.299  2283  2283 I MSM-irqbalance: Decided to move IRQ18 from CPU2 [P:0] to CPU7 [P:1] (banned)
02-28 18:13:19.299  2283  2283 I MSM-irqbalance: Decided to move IRQ18 from CPU0 [P:0] to CPU4 [P:1] (banned)
02-28 18:13:19.948  2728  2797 I ActivityManager: Force stopping io.appium.uiautomator2.server appid=10661 user=-1: deletePackageX
02-28 18:13:19.948  2728  2797 I ActivityManager: Killing 8148:io.appium.uiautomator2.server/u0a661 (adj 0): stop io.appium.uiautomator2.server
02-28 18:13:19.948  2728  2797 D ActivityManager: cleanUpApplicationRecord -- 8148
02-28 18:13:19.949  2728  2797 W ActivityManager: Crash of app io.appium.uiautomator2.server running instrumentation ComponentInfo{io.appium.uiautomator2.server.test/android.support.test.runner.AndroidJUnitRunner}
02-28 18:13:19.950  2728  2797 I ActivityManager: Force stopping io.appium.uiautomator2.server appid=10661 user=0: finished inst
02-28 18:13:19.950  2728  2868 I ActivityManager: Failure reporting to instrumentation watcher: comp=ComponentInfo{io.appium.uiautomator2.server.test/android.support.test.runner.AndroidJUnitRunner} results=Bundle[{shortMsg=Process crashed.}]
02-28 18:13:19.953  2728  2797 W ActivityManager: Error shutting down UiAutomationConnection
02-28 18:13:20.104  2728 23568 W AppOps  : Bad call: specified package io.appium.uiautomator2.server.test under uid 10661 but it is really 10662
02-28 18:13:20.104  2728 23568 W AppOps  : java.lang.RuntimeException: here
02-28 18:13:20.104  2728 23568 W AppOps  : 	at com.android.server.AppOpsService.getOpsRawLocked(AppOpsService.java:1257)
02-28 18:13:20.104  2728 23568 W AppOps  : 	at com.android.server.AppOpsService.getOpLocked(AppOpsService.java:1289)
02-28 18:13:20.104  2728 23568 W AppOps  : 	at com.android.server.AppOpsService.finishOperation(AppOpsService.java:1136)
02-28 18:13:20.104  2728 23568 W AppOps  : 	at com.android.server.power.Notifier.onWakeLockReleased(Notifier.java:291)
02-28 18:13:20.104  2728 23568 W AppOps  : 	at com.android.server.power.PowerManagerService.notifyWakeLockReleasedLocked(PowerManagerService.java:1114)
02-28 18:13:20.104  2728 23568 W AppOps  : 	at com.android.server.power.PowerManagerService.removeWakeLockLocked(PowerManagerService.java:1026)
02-28 18:13:20.104  2728 23568 W AppOps  : 	at com.android.server.power.PowerManagerService.handleWakeLockDeath(PowerManagerService.java:1020)
02-28 18:13:20.104  2728 23568 W AppOps  : 	at com.android.server.power.PowerManagerService.-wrap17(PowerManagerService.java)
02-28 18:13:20.104  2728 23568 W AppOps  : 	at com.android.server.power.PowerManagerService$WakeLock.binderDied(PowerManagerService.java:3272)
02-28 18:13:20.104  2728 23568 W AppOps  : 	at android.os.BinderProxy.sendDeathNotice(Binder.java:688)
02-28 18:13:20.231  2728  2870 I art     : Starting a blocking GC Explicit
02-28 18:13:20.365  2728  2870 I art     : Explicit concurrent mark sweep GC freed 43154(2MB) AllocSpace objects, 3(60KB) LOS objects, 28% free, 39MB/55MB, paused 1.702ms total 134.300ms
02-28 18:13:20.385  2728  2870 I ActivityManager: Force stopping io.appium.uiautomator2.server appid=10661 user=0: pkg removed
02-28 18:13:20.394  3643  3643 I GeofencerStateMachine: removeGeofences: removeRequest=RemoveGeofencingRequest[REMOVE_ALL packageName=io.appium.uiautomator2.server]
02-28 18:13:20.395 31898 31898 D BluetoothMapAppObserver: onReceive
02-28 18:13:20.395 31898 31898 D BluetoothMapAppObserver: The removed package is: io.appium.uiautomator2.server
02-28 18:13:20.411  2728  2797 I ActivityManager: Start proc 2871:com.android.keychain/1000 for broadcast com.android.keychain/.KeyChainBroadcastReceiver
02-28 18:13:20.414 12616 12616 E CarrierServices: [1] c.a: Invalid signature found for com.android.contacts: 9E0178744377D469264A2D8AC1E9EBA90E0FC9C4
02-28 18:13:20.425  2728  3137 I TetherStatsReporting: getTetherStats() called NetworkStats: elapsedRealtime=1893069113
02-28 18:13:20.425  2728  3137 I TetherStatsReporting:   [0] iface=rmnet_data1 uid=0 set=DEFAULT tag=0x0 roaming=NO rxBytes=3969 rxPackets=31 txBytes=4490 txPackets=64 operations=0
02-28 18:13:20.425  2728  3137 I TetherStatsReporting:   [1] iface=rmnet_data1 uid=0 set=FOREGROUND tag=0x0 roaming=NO rxBytes=0 rxPackets=0 txBytes=0 txPackets=0 operations=0
02-28 18:13:20.425  2728  3137 I TetherStatsReporting:   [2] iface=rmnet_data1 uid=1001 set=DEFAULT tag=0x0 roaming=NO rxBytes=0 rxPackets=0 txBytes=0 txPackets=0 operations=0
02-28 18:13:20.425  2728  3137 I TetherStatsReporting:   [3] iface=rmnet_data1 uid=1001 set=FOREGROUND tag=0x0 roaming=NO rxBytes=124124 rxPackets=659 txBytes=1228428 txPackets=1002 operations=0
02-28 18:13:20.425  2728  3137 I TetherStatsReporting:   [4] iface=v4-rmnet_data0 uid=0 set=DEFAULT tag=0x0 roaming=NO rxBytes=4229 rxPackets=64 txBytes=3534 txPackets=61 operations=0
02-28 18:13:20.425  2728  3137 I TetherStatsReporting:   [5] iface=v4-rmnet_data0 uid=0 set=FOREGROUND tag=0x0 roaming=NO rxBytes=0 rxPackets=0 txBytes=0 txPackets=0 operations=0
02-28 18:13:20.425  2728  3137 I TetherStatsReporting:   [6] iface=v4-rmnet_data0 uid=1000 set=DEFAULT tag=0x0 roaming=NO rxBytes=0 rxPackets=0 txBytes=448 txPackets=7 operations=0
02-28 18:13:20.425  2728  3137 I TetherStatsReporting:   [7] iface=v4-rmnet_data0 uid=1000 set=FOREGROUND tag=0x0 roaming=NO rxBytes=0 rxPackets=0 txBytes=0 txPackets=0 operations=0
02-28 18:13:20.425  2728  3137 I TetherStatsReporting:   [8] iface=v4-rmnet_data0 uid=10033 set=DEFAULT tag=0x0 roaming=NO rxBytes=0 rxPackets=0 txBytes=300 txPackets=5 operations=0
02-28 18:13:20.425  2728  3137 I TetherStatsReporting:   [9] iface=v4-rmnet_data0 uid=10033 set=FOREGROUND tag=0x0 roaming=NO rxBytes=0 rxPackets=0 txBytes=0 txPackets=0 operations=0
02-28 18:13:20.425  2728  3137 I TetherStatsReporting:   [10] iface=v4-rmnet_data0 uid=10083 set=DEFAULT tag=0x0 roaming=NO rxBytes=0 rxPackets=0 txBytes=453 txPackets=8 operations=0
02-28 18:13:20.425  2728  3137 I TetherStatsReporting:   [11] iface=v4-rmnet_data0 uid=10083 set=FOREGROUND tag=0x0 roaming=NO rxBytes=70706 rxPackets=173 txBytes=70430 txPackets=398 operations=0
02-28 18:13:20.425  2728  3137 I TetherStatsReporting:   [12] iface=v4-rmnet_data0 uid=10110 set=DEFAULT tag=0x0 roaming=NO rxBytes=3621 rxPackets=10 txBytes=1233 txPackets=17 operations=0
02-28 18:13:20.425  2728  3137 I TetherStatsReporting:   [13] iface=v4-rmnet_data0 uid=10110 set=FOREGROUND tag=0x0 roaming=NO rxBytes=0 rxPackets=0 txBytes=0 txPackets=0 operations=0
02-28 18:13:20.425  2728  3137 I TetherStatsReporting:   [14] iface=v4-rmnet_data0 uid=10396 set=DEFAULT tag=0x0 roaming=NO rxBytes=49473 rxPackets=72 txBytes=48011 txPackets=81 operations=0
02-28 18:13:20.425  2728  3137 I TetherStatsReporting:   [15] iface=v4-rmnet_data0 uid=10396 set=FOREGROUND tag=0x0 roaming=NO rxBytes=0 rxPackets=0 txBytes=0 txPackets=0 operations=0
02-28 18:13:20.425  2728  3137 I TetherStatsReporting:   [16] iface=v4-rmnet_data0 uid=10033 set=DEFAULT tag=0x900 roaming=NO rxBytes=0 rxPackets=0 txBytes=300 txPackets=5 operations=0
02-28 18:13:20.425  2728  3137 I TetherStatsReporting:   [17] iface=v4-rmnet_data0 uid=10033 set=FOREGROUND tag=0x900 roaming=NO rxBytes=0 rxPackets=0 txBytes=0 txPackets=0 operations=0
02-28 18:13:20.425  2728  3137 I TetherStatsReporting:   [18] iface=rmnet_data0 uid=0 set=DEFAULT tag=0x0 roaming=NO rxBytes=23840728 rxPackets=16967 txBytes=1098257 txPackets=16252 operations=0
02-28 18:13:20.425  2728  3137 I TetherStatsReporting:   [19] iface=rmnet_data0 uid=0 set=FOREGROUND tag=0x0 roaming=NO rxBytes=0 rxPackets=0 txBytes=0 txPackets=0 operations=0
02-28 18:13:20.425  2728  3137 I TetherStatsReporting:   [20] iface=rmnet_data0 uid=1000 set=DEFAULT tag=0x0 roaming=NO rxBytes=21373 rxPackets=116 txBytes=20967 txPackets=151 operations=0
02-28 18:13:20.425  2728  3137 I TetherStatsReporting:   [21] iface=rmnet_data0 uid=1000 set=FOREGROUND tag=0x0 roaming=NO rxBytes=0 rxPackets=0 txBytes=0 txPackets=0 operations=0
02-28 18:13:20.425  2728  3137 I TetherStatsReporting:   [22] iface=rmnet_data0 uid=10008 set=DEFAULT tag=0x0 roaming=NO rxBytes=5073 rxPackets=18 txBytes=5433 txPackets=27 operations=0
02-28 18:13:20.425  2728  3137 I TetherStatsReporting:   [23] iface=rmnet_data0 uid=10008 set=FOREGROUND tag=0x0 roaming=NO rxBytes=0 rxPackets=0 txBytes=0 txPackets=0 operations=0
02-28 18:13:20.425  2728  3137 I TetherStatsReporting:   [24] iface=rmnet_data0 uid=10027 set=DEFAULT tag=0x0 roaming=NO rxBytes=0 rxPackets=0 txBytes=72 txPackets=1 operations=1
02-28 18:13:20.425  2728  3137 I TetherStatsReporting:   [25] iface=rmnet_data0 uid=10027 set=FOREGROUND tag=0x0 roaming=NO rxBytes=0 rxPackets=0 txBytes=0 txPackets=0 operations=0
02-28 18:13:20.425  2728  3137 I TetherStatsReporting:   [26] iface=rmnet_data0 uid=10033 set=DEFAULT tag=0x0 roaming=NO rxBytes=750201 rxPackets=1406 txBytes=501953 txPackets=1388 operations=0
02-28 18:13:20.425  2728  3137 I TetherStatsReporting:   [27] iface=rmnet_data0 uid=10033 set=FOREGROUND tag=0x0 roaming=NO rxBytes=813182 rxPackets=1300 txBytes=478583 txPackets=1270 operations=0
02-28 18:13:20.425  2728  3137 I TetherStatsReporting:   [28] iface=rmnet_data0 uid=10058 set=DEFAULT tag=0x0 roaming=NO rxBytes=85811 rxPackets=127 txBytes=43675 txPackets=116 operations=0
02-28 18:13:20.425  2728  3137 I TetherStatsReporting:   [29] iface=rmnet_data0 uid=10058 set=FOREGROUND tag=0x0 roaming=NO rxBytes=20695 rxPackets=40 txBytes=16227 txPackets=41 operations=0
02-28 18:13:20.425  2728  3137 I TetherStatsReporting:   [30] iface=rmnet_data0 uid=10071 set=DEFAULT tag=0x0 roaming=NO rxBytes
02-28 18:13:20.425  2728  3137 I TetherStatsReporting: combining tether stats
02-28 18:13:20.426  3672  3684 D QtiTetherService/IpaWrapper: getStats(false)
02-28 18:13:20.428  3180  3180 D CarrierSvcBindHelper: No carrier app for: 0
02-28 18:13:20.460  2728  2797 I ActivityManager: Force stopping io.appium.uiautomator2.server.test appid=10662 user=-1: deletePackageX
02-28 18:13:20.472  2871  2871 W System  : ClassLoader referenced unknown path: /system/app/KeyChain/lib/arm
02-28 18:13:20.483  2871  2871 W ContextImpl: Calling a method in the system process without a qualified user: android.app.ContextImpl.startService:1357 android.content.ContextWrapper.startService:613 android.content.ContextWrapper.startService:613 com.android.keychain.KeyChainBroadcastReceiver.onReceive:12 android.app.ActivityThread.handleReceiver:3032 
02-28 18:13:20.500  2728  3130 I InputReader: Reconfiguring input devices.  changes=0x00000010
