02-19 11:36:00.803  2143 21025 D         : Failed to fetch the lookup information of the device 0000003E 
02-19 11:36:00.803  2143 21025 D ACDB-LOADER: ACDB -> AUDIO_SET_VOL_CAL cal type = 12
02-19 11:36:00.803  2143 21025 D ACDB-LOADER: ACDB -> send_audstrmtable
02-19 11:36:00.803  2143 21025 D ACDB-LOADER: ACDB -> ACDB_CMD_GET_AUDPROC_STREAM_TABLE_V2
02-19 11:36:00.803  2143 21025 D ACDB-LOADER: ACDB -> audstrm_cal->cal_type.cal_data.cal_size = 456
02-19 11:36:00.803  2143 21025 D ACDB-LOADER: ACDB -> send_afe_topology
02-19 11:36:00.803  2143 21025 D ACDB-LOADER: ACDB -> ACDB_CMD_GET_AFE_TOPOLOGY_ID
02-19 11:36:00.803  2143 21025 D ACDB-LOADER: ACDB -> GET_AFE_TOPOLOGY_ID for adcd_id 62, Topology Id 112fb
02-19 11:36:00.803  2143 21025 D ACDB-LOADER: ACDB -> send_afe_cal
02-19 11:36:00.803  2143 21025 D ACDB-LOADER: ACDB -> ACDB_CMD_GET_AFE_COMMON_TABLE
02-19 11:36:00.803  2143 21025 D         : ACDBFILE_MGR:Read the devices count as zero, please check the acdb file
02-19 11:36:00.803  2143 21025 D         : Failed to fetch the lookup information of the device 0000003E 
02-19 11:36:00.803  2143 21025 D ACDB-LOADER: ACDB -> AUDIO_SET_AFE_CAL
02-19 11:36:00.803  2143 21025 D ACDB-LOADER: ACDB -> send_hw_delay : acdb_id = 62 path = 1
02-19 11:36:00.803  2143 21025 D ACDB-LOADER: ACDB -> ACDB_AVSYNC_INFO: ACDB_CMD_GET_DEVICE_PROPERTY
02-19 11:36:00.803  2143 21025 D audio_hw_primary: enable_snd_device: snd_device(107: voice-rec-mic)
02-19 11:36:00.807  2143 21025 D audio_hw_primary: enable_audio_route: apply and update mixer path: audio-record
02-19 11:36:00.807  2143 21025 I audio_hw_utils: audio_extn_utils_send_app_type_cfg PLAYBACK app_type 69936, acdb_dev_id 62, sample_rate 48000
02-19 11:36:00.814  3643  3930 E ctxmgr  : [WorkInfo]Attribution was already enqueued pkg=com.google.android.gms, lbl=PlacesProducer_receive, start=unspec, stop=unspec.
02-19 11:36:00.818  7038  7046 E ReloadingLock: Finalizing LOCKED Token[shortcuts 2018-02-19 11:36:00.753]
02-19 11:36:00.820  3643 19234 E ctxmgr  : [WorkManager]Ongoing task not found: PlacesProducer_receive
02-19 11:36:00.830  7038 20521 W TabTreeCopier: Card found with UNKNOWN_TAB, Entry Type 155
02-19 11:36:00.830  7038 20521 W TabTreeCopier: Card found with UNKNOWN_TAB, Entry Type 143
02-19 11:36:00.837  3643 30904 I Places  : ?: PlacesBleScanner start() with priority 2
02-19 11:36:00.838  3643 30904 I PlaceInferenceEngine: [anon] Changed inference mode: 102
02-19 11:36:00.849  3643  3643 I BeaconBle: Client requested scan, settings=BleSettings [scanMode=ZERO_POWER, callbackType=ALL_MATCHES, reportDelayMillis=0, 1 filters, 0 clients, callingClientName=Places]
02-19 11:36:00.851  3643 30904 I Places  : Converted 18 out of 21 WiFi scans
02-19 11:36:00.857  3643  3643 I BeaconBle: ZERO_POWER is disabled.
02-19 11:36:00.857  3643  3643 I BeaconBle: 'L' hardware scan: scan stopped, no powered clients
02-19 11:36:00.890  7038 19409 W SpeechLevelGenerator: Really low audio levels detected. The audio input may have issues.
02-19 11:36:00.890  7038  7038 I MicroDetectionWorker: onReady
02-19 11:36:00.894  3643 19068 I PlaceInferenceEngine: No beacon scan available - ignoring candidates.
02-19 11:36:01.006  3643  3643 E ctxmgr  : [PlaceFenceHelper]NearbyBuffer is null!
02-19 11:36:01.013  3643 19495 W ctxmgr  : [AclManager]No 2 for (accnt=account#-517948760#, com.google.android.gms(10033):PlacesProducer, vrsn=11975000, 0, 3pPkg = null ,  3pMdlId = null ,  pid = 3643). Was: 3 for 18, account#-517948760#
02-19 11:36:01.071  3776  3870 W OpenGLRenderer: Incorrectly called buildLayer on View: ShortcutAndWidgetContainer, destroying layer...
02-19 11:36:01.071  3776  3870 W OpenGLRenderer: Incorrectly called buildLayer on View: ShortcutAndWidgetContainer, destroying layer...
02-19 11:36:01.289  2728 29453 I chatty  : uid=1000(system) Binder:2728_13 expire 1 line
02-19 11:36:01.516  2283  2283 I chatty  : uid=9999(nobody) /system/bin/msm_irqbalance expire 12 lines
02-19 11:36:01.937  7038  7048 I art     : Background partial concurrent mark sweep GC freed 61880(3MB) AllocSpace objects, 41(3MB) LOS objects, 31% free, 35MB/51MB, paused 1.522ms total 128.200ms
02-19 11:36:05.726  7038 21027 I EventLogSendingHelper: Sending log events.
02-19 11:36:06.119 13953 17389 W Herrevad: [11376] uiy.b: Invalid mccmnc 
02-19 11:36:06.124 13953 17389 W Herrevad: [11376] uiy.b: Invalid mccmnc 
02-19 11:36:06.135  2728  2743 W NetworkIdentity: Active mobile network without subscriber!
02-19 11:36:06.165 13953 17389 V ConnectivityManager: isActiveNetworkMetered() returns:false
02-19 11:36:06.341 20821 21038 W chromium: [WARNING:syncer_proto_util.cc(338)] Error posting from syncer: Response Code (bogus on error): -1 Content-Length (bogus on error): -1 Server Status: SYNC_AUTH_ERROR
02-19 11:36:06.566  3643  4977 V ConnectivityManager: isActiveNetworkMetered() returns:false
02-19 11:36:10.730  7038 21027 I EventLogSendingHelper: Sending log events.
02-19 11:36:12.901  2154  2154 I cnss-daemon: RTM_NEWNEIGH message received: 28
02-19 11:36:12.901  2154  2154 E cnss-daemon: Stale or unreachable neighbors, ndm state: 16
02-19 11:36:12.906  2154  2154 I cnss-daemon: RTM_NEWNEIGH message received: 28
02-19 11:36:12.906  2154  2154 E cnss-daemon: Stale or unreachable neighbors, ndm state: 4
02-19 11:36:12.908  2154  2154 I cnss-daemon: RTM_NEWNEIGH message received: 28
02-19 11:36:12.908  2154  2154 I cnss-daemon: NDA_DST received: 192.168.0.16 ul: 268478656
02-19 11:36:12.908  2154  2154 I cnss-daemon: NDA_LLADDR received
02-19 11:36:12.912  2154  2154 E cnss-daemon: gateway ipv6 address: fe80::9e3d:cfff:feac:7d62
02-19 11:36:12.912  2154  2154 E cnss-daemon: gateway mac address: %02x:%02x:%02x:%02x:%02x:%02x
02-19 11:36:12.912  2154  2154 E cnss-daemon: : 00:00:00:00:00:00
02-19 11:36:12.912  2154  2154 E cnss-daemon: Invalid mac address: 0x7f55ee6cM
02-19 11:36:16.522  2283  2283 I chatty  : uid=9999(nobody) /system/bin/msm_irqbalance expire 23 lines
02-19 11:36:19.252 13953 17389 I DeviceScanner: [MDNS] Received response from "Bazoom  TV" (d06909be874a6070328167867a2d019a) with result "0 No change"
02-19 11:36:19.260 13953 17389 I DeviceScanner: [MDNS] Received response from "Bazoom  TV" (d06909be874a6070328167867a2d019a) with result "0 No change"
02-19 11:36:20.274 13953 17389 I DeviceScanner: [MDNS] Received response from "Bazoom  TV" (d06909be874a6070328167867a2d019a) with result "0 No change"
02-19 11:36:20.281 13953 17389 I DeviceScanner: [MDNS] Received response from "Bazoom  TV" (d06909be874a6070328167867a2d019a) with result "0 No change"
02-19 11:36:25.126  2154  2154 I cnss-daemon: RTM_NEWNEIGH message received: 28
02-19 11:36:25.126  2154  2154 E cnss-daemon: Stale or unreachable neighbors, ndm state: 4
02-19 11:36:28.315  2154  2154 I cnss-daemon: RTM_NEWNEIGH message received: 28
02-19 11:36:28.315  2154  2154 E cnss-daemon: Stale or unreachable neighbors, ndm state: 4
02-19 11:36:30.705  7038 16574 W GmsLocationProvider: Error removing location updates: 16
02-19 11:36:31.486  2154  2154 I cnss-daemon: RTM_NEWNEIGH message received: 28
02-19 11:36:31.486  2154  2154 E cnss-daemon: Stale or unreachable neighbors, ndm state: 4
02-19 11:36:31.523  2283  2283 I chatty  : uid=9999(nobody) /system/bin/msm_irqbalance expire 27 lines
02-19 11:36:37.782  2154  2154 I cnss-daemon: RTM_NEWNEIGH message received: 28
02-19 11:36:37.782  2154  2154 E cnss-daemon: Stale or unreachable neighbors, ndm state: 16
02-19 11:36:37.791  2154  2154 I cnss-daemon: RTM_NEWNEIGH message received: 28
02-19 11:36:37.791  2154  2154 I cnss-daemon: NDA_DST received: fe80::9e3d:cfff:feac:7d62 ul: 33022
02-19 11:36:37.791  2154  2154 I cnss-daemon: NDA_LLADDR received
02-19 11:36:41.166 13953 19648 I DeviceScanner: [MDNS] Received response from "Bazoom  TV" (d06909be874a6070328167867a2d019a) with result "0 No change"
02-19 11:36:41.172 13953 19648 I DeviceScanner: [MDNS] Received response from "Bazoom  TV" (d06909be874a6070328167867a2d019a) with result "0 No change"
02-19 11:36:42.188 13953 17389 I DeviceScanner: [MDNS] Received response from "Bazoom  TV" (d06909be874a6070328167867a2d019a) with result "0 No change"
02-19 11:36:42.194 13953 17389 I DeviceScanner: [MDNS] Received response from "Bazoom  TV" (d06909be874a6070328167867a2d019a) with result "0 No change"
02-19 11:36:43.211 13953 19648 I DeviceScanner: [MDNS] Received response from "Bazoom  TV" (d06909be874a6070328167867a2d019a) with result "0 No change"
02-19 11:36:43.218 13953 19648 I DeviceScanner: [MDNS] Received response from "Bazoom  TV" (d06909be874a6070328167867a2d019a) with result "0 No change"
02-19 11:36:46.523  2283  2283 I chatty  : uid=9999(nobody) /system/bin/msm_irqbalance expire 23 lines
02-19 11:36:46.590  2728  5071 D BatteryService: mLastPlugType/mPlugType:2/2
02-19 11:36:46.590  2728  5071 D BatteryService: set mLastPlugType to 2
02-19 11:36:46.593  3226  3226 D KeyguardUpdateMonitor: received broadcast android.intent.action.BATTERY_CHANGED
02-19 11:36:46.594  3672  3795 W QCNEJ   : |CORE| CNE received unexpected action: android.intent.action.BATTERY_CHANGED
02-19 11:36:46.595  3180  3180 D VideoCall_LowBattery: BatteryIntent received: android.intent.action.BATTERY_CHANGED
02-19 11:36:46.598 31431 31480 D HeadsetStateMachine: Disconnected process message: 10, size: 0
02-19 11:36:46.598 31431 31480 D HeadsetStateMachine: Enter processIntentBatteryChanged()
02-19 11:36:46.598 31431 31480 D HeadsetStateMachine: Exit processIntentBatteryChanged()
02-19 11:36:46.598 31431 31480 D HeadsetStateMachine: Exit Disconnected processMessage() 
02-19 11:36:46.601  3180  3180 E QtiImsExtUtils: getConfigForPhoneId subId is invalid
02-19 11:36:46.601  3180  3180 E QtiImsExtUtils: isCarrierConfigEnabled bundle is null
02-19 11:36:46.601  3180  3180 D VideoCall_LowBattery:  allowVideoCallsInLowBattery: false isCarrierOneSupported: false mIsLowbattery: false
02-19 11:36:46.604  3226  3226 D KeyguardUpdateMonitor: handleBatteryUpdate
02-19 11:36:54.181  2154  2154 I cnss-daemon: RTM_NEWNEIGH message received: 28
02-19 11:36:54.181  2154  2154 E cnss-daemon: Stale or unreachable neighbors, ndm state: 4
02-19 11:36:58.060  2154  2154 I cnss-daemon: RTM_NEWNEIGH message received: 28
02-19 11:36:58.060  2154  2154 E cnss-daemon: Stale or unreachable neighbors, ndm state: 16
02-19 11:36:58.063  2154  2154 I cnss-daemon: RTM_NEWNEIGH message received: 28
02-19 11:36:58.064  2154  2154 E cnss-daemon: Stale or unreachable neighbors, ndm state: 4
02-19 11:36:58.066  2154  2154 I cnss-daemon: RTM_NEWNEIGH message received: 28
02-19 11:36:58.066  2154  2154 I cnss-daemon: NDA_DST received: 192.168.0.16 ul: 268478656
02-19 11:36:58.066  2154  2154 I cnss-daemon: NDA_LLADDR received
02-19 11:36:59.867  2728  3124 D BatteryService: uevent={POWER_SUPPLY_TEMP=270, POWER_SUPPLY_PRESENT=1, POWER_SUPPLY_STATUS=Charging, POWER_SUPPLY_CAPACITY=90, ACTION=change, DEVPATH=/devices/soc/qpnp-smbcharger-17/power_supply/battery, SUBSYSTEM=power_supply, POWER_SUPPLY_VOLTAGE_NOW=4323094, SEQNUM=3757180, POWER_SUPPLY_NAME=battery, POWER_SUPPLY_CURRENT_NOW=-379178, POWER_SUPPLY_CHARGE_COUNTER=2818680, POWER_SUPPLY_CHARGE_RATE=Normal, POWER_SUPPLY_HEALTH=Good}
02-19 11:36:59.871  2728  3727 D BatteryService: mLastPlugType/mPlugType:2/2
02-19 11:36:59.871  2728  3727 D BatteryService: set mLastPlugType to 2
02-19 11:36:59.875  3226  3226 D KeyguardUpdateMonitor: received broadcast android.intent.action.BATTERY_CHANGED
02-19 11:36:59.876  3672  3795 W QCNEJ   : |CORE| CNE received unexpected action: android.intent.action.BATTERY_CHANGED
02-19 11:36:59.877  3180  3180 D VideoCall_LowBattery: BatteryIntent received: android.intent.action.BATTERY_CHANGED
02-19 11:36:59.879 31431 31480 D HeadsetStateMachine: Disconnected process message: 10, size: 0
02-19 11:36:59.879 31431 31480 D HeadsetStateMachine: Enter processIntentBatteryChanged()
02-19 11:36:59.879 31431 31480 D HeadsetStateMachine: Exit processIntentBatteryChanged()
02-19 11:36:59.879 31431 31480 D HeadsetStateMachine: Exit Disconnected processMessage() 
02-19 11:36:59.883  3180  3180 E QtiImsExtUtils: getConfigForPhoneId subId is invalid
02-19 11:36:59.883  3180  3180 E QtiImsExtUtils: isCarrierConfigEnabled bundle is null
02-19 11:36:59.883  3180  3180 D VideoCall_LowBattery:  allowVideoCallsInLowBattery: false isCarrierOneSupported: false mIsLowbattery: false
02-19 11:36:59.886  3226  3226 D KeyguardUpdateMonitor: handleBatteryUpdate
02-19 11:37:00.006  3226  3226 D KeyguardUpdateMonitor: received broadcast android.intent.action.TIME_TICK
02-19 11:37:00.006  3226  3226 D KeyguardUpdateMonitor: handleTimeUpdate
02-19 11:37:01.524  2283  2283 I chatty  : uid=9999(nobody) /system/bin/msm_irqbalance expire 33 lines
02-19 11:37:04.308 13953 17389 I DeviceScanner: [MDNS] Received response from "Bazoom  TV" (d06909be874a6070328167867a2d019a) with result "0 No change"
02-19 11:37:04.314 13953 17389 I DeviceScanner: [MDNS] Received response from "Bazoom  TV" (d06909be874a6070328167867a2d019a) with result "0 No change"
02-19 11:37:05.333 13953 19648 I DeviceScanner: [MDNS] Received response from "Bazoom  TV" (d06909be874a6070328167867a2d019a) with result "0 No change"
02-19 11:37:05.339 13953 19648 I DeviceScanner: [MDNS] Received response from "Bazoom  TV" (d06909be874a6070328167867a2d019a) with result "0 No change"
02-19 11:37:10.327  2154  2154 I cnss-daemon: RTM_NEWNEIGH message received: 28
02-19 11:37:10.327  2154  2154 E cnss-daemon: Stale or unreachable neighbors, ndm state: 16
02-19 11:37:10.345  2154  2154 I cnss-daemon: RTM_NEWNEIGH message received: 28
02-19 11:37:10.345  2154  2154 I cnss-daemon: NDA_DST received: fe80::9e3d:cfff:feac:7d62 ul: 33022
02-19 11:37:10.345  2154  2154 I cnss-daemon: NDA_LLADDR received
02-19 11:37:16.661  2154  2154 I cnss-daemon: RTM_NEWNEIGH message received: 28
02-19 11:37:16.662  2154  2154 E cnss-daemon: Stale or unreachable neighbors, ndm state: 4
02-19 11:37:21.072  3643  4977 V ConnectivityManager: isActiveNetworkMetered() returns:false
02-19 11:37:21.126  3643  4977 V ConnectivityManager: isActiveNetworkMetered() returns:false
02-19 11:37:21.178  3643  4977 V ConnectivityManager: isActiveNetworkMetered() returns:false
02-19 11:37:21.523  2283  2283 I chatty  : uid=9999(nobody) /system/bin/msm_irqbalance expire 45 lines
02-19 11:37:25.199 13953 17389 I DeviceScanner: [MDNS] Received response from "Bazoom  TV" (d06909be874a6070328167867a2d019a) with result "0 No change"
02-19 11:37:25.205 13953 17389 I DeviceScanner: [MDNS] Received response from "Bazoom  TV" (d06909be874a6070328167867a2d019a) with result "0 No change"
02-19 11:37:26.222 13953 19648 I DeviceScanner: [MDNS] Received response from "Bazoom  TV" (d06909be874a6070328167867a2d019a) with result "0 No change"
02-19 11:37:26.227 13953 19648 I DeviceScanner: [MDNS] Received response from "Bazoom  TV" (d06909be874a6070328167867a2d019a) with result "0 No change"
02-19 11:37:26.741  2154  2154 I cnss-daemon: RTM_NEWNEIGH message received: 28
02-19 11:37:26.742  2154  2154 E cnss-daemon: Stale or unreachable neighbors, ndm state: 4
02-19 11:37:27.247 13953 17389 I DeviceScanner: [MDNS] Received response from "Bazoom  TV" (d06909be874a6070328167867a2d019a) with result "0 No change"
02-19 11:37:27.253 13953 17389 I DeviceScanner: [MDNS] Received response from "Bazoom  TV" (d06909be874a6070328167867a2d019a) with result "0 No change"
02-19 11:37:43.116  2154  2154 I cnss-daemon: RTM_NEWNEIGH message received: 28
02-19 11:37:43.116  2154  2154 E cnss-daemon: Stale or unreachable neighbors, ndm state: 16
02-19 11:37:43.120  2154  2154 I cnss-daemon: RTM_NEWNEIGH message received: 28
02-19 11:37:43.120  2154  2154 E cnss-daemon: Stale or unreachable neighbors, ndm state: 4
02-19 11:37:43.121  2154  2154 I cnss-daemon: RTM_NEWNEIGH message received: 28
02-19 11:37:43.121  2154  2154 I cnss-daemon: NDA_DST received: 192.168.0.16 ul: 268478656
02-19 11:37:43.121  2154  2154 I cnss-daemon: NDA_LLADDR received
02-19 11:37:46.523  2283  2283 I chatty  : uid=9999(nobody) /system/bin/msm_irqbalance expire 23 lines
02-19 11:37:46.590  2728  3747 D BatteryService: mLastPlugType/mPlugType:2/2
02-19 11:37:46.590  2728  3747 D BatteryService: set mLastPlugType to 2
02-19 11:37:46.593  3226  3226 D KeyguardUpdateMonitor: received broadcast android.intent.action.BATTERY_CHANGED
02-19 11:37:46.594  3672  3795 W QCNEJ   : |CORE| CNE received unexpected action: android.intent.action.BATTERY_CHANGED
02-19 11:37:46.595  3180  3180 D VideoCall_LowBattery: BatteryIntent received: android.intent.action.BATTERY_CHANGED
02-19 11:37:46.596 31431 31480 D HeadsetStateMachine: Disconnected process message: 10, size: 0
02-19 11:37:46.596 31431 31480 D HeadsetStateMachine: Enter processIntentBatteryChanged()
02-19 11:37:46.596 31431 31480 D HeadsetStateMachine: Exit processIntentBatteryChanged()
02-19 11:37:46.596 31431 31480 D HeadsetStateMachine: Exit Disconnected processMessage() 
02-19 11:37:46.601  3180  3180 E QtiImsExtUtils: getConfigForPhoneId subId is invalid
02-19 11:37:46.601  3180  3180 E QtiImsExtUtils: isCarrierConfigEnabled bundle is null
02-19 11:37:46.601  3180  3180 D VideoCall_LowBattery:  allowVideoCallsInLowBattery: false isCarrierOneSupported: false mIsLowbattery: false
02-19 11:37:46.606  3226  3226 D KeyguardUpdateMonitor: handleBatteryUpdate
02-19 11:37:46.610   582   635 I SFPerfTracer:      triggers: (rate: 0:15) (179528 sw vsyncs) (0 skipped) (5:426066 vsyncs) (7:724695)
02-19 11:37:47.317 13953 19648 I DeviceScanner: [MDNS] Received response from "Bazoom  TV" (d06909be874a6070328167867a2d019a) with result "0 No change"
02-19 11:37:47.323 13953 19648 I DeviceScanner: [MDNS] Received response from "Bazoom  TV" (d06909be874a6070328167867a2d019a) with result "0 No change"
02-19 11:37:48.340 13953 17389 I DeviceScanner: [MDNS] Received response from "Bazoom  TV" (d06909be874a6070328167867a2d019a) with result "0 No change"
02-19 11:37:48.346 13953 17389 I DeviceScanner: [MDNS] Received response from "Bazoom  TV" (d06909be874a6070328167867a2d019a) with result "0 No change"
02-19 11:38:00.007  3226  3226 D KeyguardUpdateMonitor: received broadcast android.intent.action.TIME_TICK
02-19 11:38:00.007  3226  3226 D KeyguardUpdateMonitor: handleTimeUpdate
02-19 11:38:00.025  2728  3124 D BatteryService: uevent={POWER_SUPPLY_TEMP=265, POWER_SUPPLY_PRESENT=1, POWER_SUPPLY_STATUS=Charging, POWER_SUPPLY_CAPACITY=90, ACTION=change, DEVPATH=/devices/soc/qpnp-smbcharger-17/power_supply/battery, SUBSYSTEM=power_supply, POWER_SUPPLY_VOLTAGE_NOW=4326604, SEQNUM=3757181, POWER_SUPPLY_NAME=battery, POWER_SUPPLY_CURRENT_NOW=-372770, POWER_SUPPLY_CHARGE_COUNTER=2825199, POWER_SUPPLY_CHARGE_RATE=Normal, POWER_SUPPLY_HEALTH=Good}
02-19 11:38:00.028  2728  5071 D BatteryService: mLastPlugType/mPlugType:2/2
02-19 11:38:00.028  2728  5071 D BatteryService: set mLastPlugType to 2
02-19 11:38:00.030  3672  3795 W QCNEJ   : |CORE| CNE received unexpected action: android.intent.action.BATTERY_CHANGED
02-19 11:38:00.032  3180  3180 D VideoCall_LowBattery: BatteryIntent received: android.intent.action.BATTERY_CHANGED
02-19 11:38:00.032 31431 31480 D HeadsetStateMachine: Disconnected process message: 10, size: 0
02-19 11:38:00.032 31431 31480 D HeadsetStateMachine: Enter processIntentBatteryChanged()
02-19 11:38:00.033 31431 31480 D HeadsetStateMachine: Exit processIntentBatteryChanged()
02-19 11:38:00.033 31431 31480 D HeadsetStateMachine: Exit Disconnected processMessage() 
02-19 11:38:00.035  3180  3180 E QtiImsExtUtils: getConfigForPhoneId subId is invalid
02-19 11:38:00.035  3180  3180 E QtiImsExtUtils: isCarrierConfigEnabled bundle is null
02-19 11:38:00.035  3180  3180 D VideoCall_LowBattery:  allowVideoCallsInLowBattery: false isCarrierOneSupported: false mIsLowbattery: false
02-19 11:38:00.040  3226  3226 D KeyguardUpdateMonitor: received broadcast android.intent.action.BATTERY_CHANGED
02-19 11:38:00.046  3226  3226 D KeyguardUpdateMonitor: handleBatteryUpdate
02-19 11:38:01.525  2283  2283 I chatty  : uid=9999(nobody) /system/bin/msm_irqbalance expire 37 lines
02-19 11:38:01.726  2154  2154 I cnss-daemon: RTM_NEWNEIGH message received: 28
02-19 11:38:01.727  2154  2154 E cnss-daemon: Stale or unreachable neighbors, ndm state: 4
02-19 11:38:01.846  2154  2154 I cnss-daemon: RTM_NEWNEIGH message received: 28
02-19 11:38:01.847  2154  2154 E cnss-daemon: Stale or unreachable neighbors, ndm state: 16
02-19 11:38:01.863  2154  2154 I cnss-daemon: RTM_NEWNEIGH message received: 28
02-19 11:38:01.863  2154  2154 I cnss-daemon: NDA_DST received: 192.168.0.1 ul: 16820416
02-19 11:38:01.863  2154  2154 I cnss-daemon: NDA_LLADDR received
02-19 11:38:03.320 13953 19648 I CastDatabase: Saving the database
02-19 11:38:03.401 13953 19648 I SQLiteCastStore: [CastNetworkInfo] saved: 3, skipped: 0, [CastDeviceInfo]: saved 3, skipped 0, Paired Guest Mode DeviceInfo] saved: 0, skipped: 0.
02-19 11:38:09.229 13953 17389 I DeviceScanner: [MDNS] Received response from "Bazoom  TV" (d06909be874a6070328167867a2d019a) with result "0 No change"
02-19 11:38:09.233 13953 17389 I DeviceScanner: [MDNS] Received response from "Bazoom  TV" (d06909be874a6070328167867a2d019a) with result "0 No change"
02-19 11:38:10.254 13953 19648 I DeviceScanner: [MDNS] Received response from "Bazoom  TV" (d06909be874a6070328167867a2d019a) with result "0 No change"
02-19 11:38:10.258 13953 19648 I DeviceScanner: [MDNS] Received response from "Bazoom  TV" (d06909be874a6070328167867a2d019a) with result "0 No change"
02-19 11:38:10.274  2154  2154 I cnss-daemon: RTM_NEWNEIGH message received: 28
02-19 11:38:10.274  2154  2154 E cnss-daemon: Stale or unreachable neighbors, ndm state: 16
02-19 11:38:10.276  2154  2154 I cnss-daemon: RTM_NEWNEIGH message received: 28
02-19 11:38:10.276  2154  2154 I cnss-daemon: NDA_DST received: fe80::9e3d:cfff:feac:7d62 ul: 33022
02-19 11:38:10.276  2154  2154 I cnss-daemon: NDA_LLADDR received
02-19 11:38:11.277 13953 17389 I DeviceScanner: [MDNS] Received response from "Bazoom  TV" (d06909be874a6070328167867a2d019a) with result "0 No change"
02-19 11:38:11.281 13953 17389 I DeviceScanner: [MDNS] Received response from "Bazoom  TV" (d06909be874a6070328167867a2d019a) with result "0 No change"
02-19 11:38:20.446  2154  2154 I cnss-daemon: RTM_NEWNEIGH message received: 28
02-19 11:38:20.446  2154  2154 E cnss-daemon: Stale or unreachable neighbors, ndm state: 4
02-19 11:38:21.524  2283  2283 I chatty  : uid=9999(nobody) /system/bin/msm_irqbalance expire 27 lines
02-19 11:38:26.686  2154  2154 I cnss-daemon: RTM_NEWNEIGH message received: 28
02-19 11:38:26.687  2154  2154 E cnss-daemon: Stale or unreachable neighbors, ndm state: 4
02-19 11:38:28.274  2154  2154 I cnss-daemon: RTM_NEWNEIGH message received: 28
02-19 11:38:28.274  2154  2154 E cnss-daemon: Stale or unreachable neighbors, ndm state: 16
02-19 11:38:28.278  2154  2154 I cnss-daemon: RTM_NEWNEIGH message received: 28
02-19 11:38:28.279  2154  2154 E cnss-daemon: Stale or unreachable neighbors, ndm state: 4
02-19 11:38:28.280  2154  2154 I cnss-daemon: RTM_NEWNEIGH message received: 28
02-19 11:38:28.280  2154  2154 I cnss-daemon: NDA_DST received: 192.168.0.16 ul: 268478656
02-19 11:38:28.280  2154  2154 I cnss-daemon: NDA_LLADDR received
02-19 11:38:31.348 13953 17389 I DeviceScanner: [MDNS] Received response from "Bazoom  TV" (d06909be874a6070328167867a2d019a) with result "0 No change"
02-19 11:38:31.354 13953 17389 I DeviceScanner: [MDNS] Received response from "Bazoom  TV" (d06909be874a6070328167867a2d019a) with result "0 No change"
02-19 11:38:32.376 13953 19648 I DeviceScanner: [MDNS] Received response from "Bazoom  TV" (d06909be874a6070328167867a2d019a) with result "0 No change"
02-19 11:38:33.190 13953 19648 I DeviceScanner: [MDNS] Received response from "Bazoom  TV" (d06909be874a6070328167867a2d019a) with result "0 No change"
02-19 11:38:33.196 13953 19648 I DeviceScanner: [MDNS] Received response from "Bazoom  TV" (d06909be874a6070328167867a2d019a) with result "0 No change"
02-19 11:38:36.523  2283  2283 I chatty  : uid=9999(nobody) /system/bin/msm_irqbalance expire 26 lines
02-19 11:38:39.647  2154  2154 I cnss-daemon: RTM_NEWNEIGH message received: 28
02-19 11:38:39.647  2154  2154 E cnss-daemon: Stale or unreachable neighbors, ndm state: 16
02-19 11:38:39.664  2154  2154 I cnss-daemon: RTM_NEWNEIGH message received: 28
02-19 11:38:39.664  2154  2154 I cnss-daemon: NDA_DST received: fe80::9e3d:cfff:feac:7d62 ul: 33022
02-19 11:38:39.664  2154  2154 I cnss-daemon: NDA_LLADDR received
02-19 11:38:40.690  2728  2797 I ActivityManager: Force stopping io.appium.uiautomator2.server appid=10625 user=-1: deletePackageX
02-19 11:38:40.694  2728  2797 I ProcessStatsService: Prepared write state in 3ms
02-19 11:38:40.795  2728  2870 I chatty  : uid=1000(system) PackageManager expire 12 lines
02-19 11:38:40.973  2728  2870 I ActivityManager: Force stopping io.appium.uiautomator2.server appid=10625 user=0: pkg removed
02-19 11:38:40.984 31431 31431 D BluetoothMapAppObserver: onReceive
02-19 11:38:40.984 31431 31431 D BluetoothMapAppObserver: The removed package is: io.appium.uiautomator2.server
02-19 11:38:40.985  3643  3643 I GeofencerStateMachine: removeGeofences: removeRequest=RemoveGeofencingRequest[REMOVE_ALL packageName=io.appium.uiautomator2.server]
02-19 11:38:40.999  2728  2797 I ActivityManager: Start proc 21058:com.android.keychain/1000 for broadcast com.android.keychain/.KeyChainBroadcastReceiver
02-19 11:38:40.999  2728 32296 W ActivityManager: Permission Denial: Accessing service ComponentInfo{com.google.android.music/com.google.android.music.dial.DialMediaRouteProviderService} from pid=13953, uid=10033 that is not exported from uid 10114
02-19 11:38:41.001 23204 23204 E CarrierServices: [1] c.a: Invalid signature found for com.android.contacts: 9E0178744377D469264A2D8AC1E9EBA90E0FC9C4
02-19 11:38:41.008  2728  3130 I chatty  : uid=1000(system) InputReader expire 4 lines
02-19 11:38:41.010  3180  3180 D CarrierSvcBindHelper: No carrier app for: 0
02-19 11:38:41.019  2728  3137 I chatty  : uid=1000(system) NetworkStats expire 4 lines
02-19 11:38:41.032  3672  3683 D QtiTetherService/IpaWrapper: getStats(false)
02-19 11:38:41.036 21058 21058 W System  : ClassLoader referenced unknown path: /system/app/KeyChain/lib/arm
02-19 11:38:41.043  2728  2797 I ActivityManager: Force stopping io.appium.uiautomator2.server.test appid=10626 user=-1: deletePackageX
02-19 11:38:41.141 21058 21058 W ContextImpl: Calling a method in the system process without a qualified user: android.app.ContextImpl.startService:1357 android.content.ContextWrapper.startService:613 android.content.ContextWrapper.startService:613 com.android.keychain.KeyChainBroadcastReceiver.onReceive:12 android.app.ActivityThread.handleReceiver:3032 
02-19 11:38:41.158  2728  3749 I ActivityManager: Start proc 21078:android.process.acore/u0a11 for broadcast com.android.providers.contacts/.PackageIntentReceiver
02-19 11:38:41.190   582   582 I SFPerfTracer:      triggers: (rate: 629:50459) (compose: 0:40) (post: 0:1011) (render: 0:86) (0:252481 frames) (1:314213)
02-19 11:38:41.190   582   582 D SFPerfTracer:        layers: (3:11) (StatusBar (0xb3148400): 0:77717) (Sprite (0xb3145c00): 0:81)* (DimLayerController/Stack=0 (0xb3179400): 0:2055)* (animation background stackId=1 (0xb3147000): 0:180)* (com.android.systemui.ImageWallpaper (0xb317bc00): 0:15799) (com.android.launcher3/com.android.launcher3.GoogleNowPanel (0xb3178000): 0:36)- (com.android.launcher3/com.android.launcher3.GoogleNowPanel (0xb3149800): 0:38)- (Starting us.moviemates (0xb317a800): 0:21)- (us.moviemates/us.moviemates.Activities.MainActivity (0xb314ac00): 0:34)- (com.android.launcher3/com.android.launcher3.GoogleNowPanel (0xb314ac00): 0:11)* (com.android.launcher3/com.android.launcher3.GoogleNowPanel (0xb3178000): 0:17) 
02-19 11:38:41.190 21078 21078 W System  : ClassLoader referenced unknown path: /system/priv-app/ContactsProvider/lib/arm
02-19 11:38:41.242  2728  2796 I ActivityManager: Start proc 21095:com.android.printspooler/u0a119 for service com.android.printspooler/.model.PrintSpoolerService
02-19 11:38:41.244 21078 21078 W System  : ClassLoader referenced unknown path: /system/priv-app/BlockedNumberProvider/lib/arm
02-19 11:38:41.260 21078 21078 W System  : ClassLoader referenced unknown path: /system/app/UserDictionaryProvider/lib/arm
02-19 11:38:41.286  2728  2870 I ActivityManager: Force stopping io.appium.uiautomator2.server.test appid=10626 user=0: pkg removed
02-19 11:38:41.295  3643  3643 I GeofencerStateMachine: removeGeofences: removeRequest=RemoveGeofencingRequest[REMOVE_ALL packageName=io.appium.uiautomator2.server.test]
02-19 11:38:41.297 31431 31431 D BluetoothMapAppObserver: onReceive
02-19 11:38:41.298 31431 31431 D BluetoothMapAppObserver: The removed package is: io.appium.uiautomator2.server.test
02-19 11:38:41.298  2728 29446 W ActivityManager: Permission Denial: Accessing service ComponentInfo{com.google.android.music/com.google.android.music.dial.DialMediaRouteProviderService} from pid=13953, uid=10033 that is not exported from uid 10114
02-19 11:38:41.309 21078 21111 D VoicemailCleanupService: Cleaning up data for package: io.appium.uiautomator2.server
02-19 11:38:41.309 23204 23204 E CarrierServices: [1] c.a: Invalid signature found for com.android.contacts: 9E0178744377D469264A2D8AC1E9EBA90E0FC9C4
02-19 11:38:41.314 21078 21092 I ContactLocale: AddressBook Labels [[en_US,ru_RU]]: [, A, B, C, D, E, F, G, H, I, J, K, L, M, N, O, P, Q, R, S, T, U, V, W, X, Y, Z, , , , , , , , , , , , , , , , , , , , , , , , , , , , , , , , , , , , , , , , , , , , , , , , , , , , , , , , , , , , , , , , , , , , , , , , , , , , , , , , , , , , , , , , , , , , , , , , , , , , , , , , , , , , , , , , , , , , , , , , , , , , , , , , , , , , , , , , , , , , , , , , , , , , , , , , , , , , , , , , , , , , , , , , , , , , , , , , , , , , , , , , , , , , , #, ]
02-19 11:38:41.323  3180  3180 D CarrierSvcBindHelper: No carrier app for: 0
02-19 11:38:41.325  3672  3684 D QtiTetherService/IpaWrapper: getStats(false)
02-19 11:38:41.338 20426 20426 I Finsky  : [1] com.google.android.finsky.wear.WearSupportService.onStartCommand(29): Starting WearSupportService for auto_uninstall
02-19 11:38:41.340 20426 20426 I Finsky  : [1] com.google.android.finsky.wear.am.a(78): Connecting to wearable; initiated by: com.google.android.finsky.wear.WearSupportService
02-19 11:38:41.341 20426 20426 I Finsky  : [1] com.google.android.finsky.wear.WearSupportService.onStartCommand(29): Starting WearSupportService for send_installed_apps
02-19 11:38:41.354  3643  3643 I WearableService: Wearable Services not starting - Wear is not available on this device.
02-19 11:38:41.363  3643  7466 D WearableService: onGetService - Wear is not available on this device.
02-19 11:38:41.365 20426 21117 I Finsky  : [11561] com.google.android.finsky.splitinstallservice.p.run(7): No active session in storage.
02-19 11:38:41.367 20426 20426 E Finsky  : [1] com.google.android.finsky.wear.ap.a(3): onConnectionFailed: ConnectionResult{statusCode=API_UNAVAILABLE, resolution=null, message=null}
02-19 11:38:41.367 20426 20426 W Finsky  : [1] com.google.android.finsky.wear.bu.run(12): Dropping command=auto_uninstall due to Gms not connected
02-19 11:38:41.368 20426 20426 I Finsky  : [1] com.google.android.finsky.wear.WearSupportService.b(75): Stopping WearSupportService
02-19 11:38:41.369  3643 21005 E NetworkScheduler: Unrecognised action provided: android.intent.action.PACKAGE_REMOVED
02-19 11:38:41.371 20426 20426 W Finsky  : [1] com.google.android.finsky.wear.bu.run(12): Dropping command=send_installed_apps due to Gms not connected
02-19 11:38:41.371 20426 20426 I Finsky  : [1] com.google.android.finsky.wear.WearSupportService.b(75): Stopping WearSupportService
02-19 11:38:41.378 20426 20426 I Finsky  : [1] com.google.android.finsky.scheduler.JobSchedulerEngine.a(37): Scheduling job with id: 9000
02-19 11:38:41.393  2728 29453 I ActivityManager: Start proc 21126:com.motorola.motodisplay/u0a52 for broadcast com.motorola.motodisplay/.events.EventReceiver
02-19 11:38:41.403 13953 19648 I ContentMaintenance: Pruning caches...
02-19 11:38:41.404 13953 19648 I ContentMaintenance: Internal cache bytes used: 0; limit: 100000000; download size: 0
02-19 11:38:41.445 13953 21125 D Wear_Controller: Received broadcast action=android.intent.action.PACKAGE_REMOVED and uri=io.appium.uiautomator2.server
02-19 11:38:41.449 13953 14026 I Icing   : IndexChimeraService.getServiceInterface callingPackage=com.google.android.gms componentName=AppsCorpus serviceId=36
02-19 11:38:41.449 13953 14030 I Icing   : IndexChimeraService.getServiceInterface callingPackage=com.google.android.gms componentName=AppsCorpus serviceId=32
02-19 11:38:41.452 13953 21144 I Icing   : doRemovePackageData io.appium.uiautomator2.server
02-19 11:38:41.453 13953 19648 I ContentMaintenance: Cache pruning complete.
02-19 11:38:41.454 13953 21124 I GrowthService: Package io.appium.uiautomator2.server uninstalled. Removing from storage.
02-19 11:38:41.456 13953 21142 I LocationSettingsChecker: Removing dialog suppression flag for package io.appium.uiautomator2.server
02-19 11:38:41.457 13953 19648 I ContentMaintenance: Beginning garbage collection.
02-19 11:38:41.465 13953 19648 I RealtimeCacheCleanup: Beginning Realtime garbage collection.
02-19 11:38:41.466 13953 19648 I RealtimeCacheCleanup: Finished Realtime garbage collection.
02-19 11:38:41.466 13953 19648 I ContentMaintenance: Finished garbage collection.
02-19 11:38:41.481 21126 21126 W System  : ClassLoader referenced unknown path: /system/priv-app/MotoDisplay/lib/arm
02-19 11:38:41.509 21126 21126 D MotoDisplay: Proxy Initialization check Successful
02-19 11:38:41.555  2728  5071 I ActivityManager: Killing 20377:io.appium.settings/u0a395 (adj 904): empty #13
02-19 11:38:41.569  2728  3702 I chatty  : uid=1000(system) Binder:2728_7 expire 1 line
02-19 11:38:41.570  2728 29446 D ActivityManager: cleanUpApplicationRecord -- 20377
02-19 11:38:41.571  3643  4977 V ConnectivityManager: isActiveNetworkMetered() returns:false
02-19 11:38:41.573 13953 19646 I Icing   : App usage reports: 2
02-19 11:38:41.573 13953 19646 I Icing   : Usage reports ok 2, Failed Usage reports 0, indexed 0, rejected 0, imm upload false
02-19 11:38:41.577 21058 21058 W ContextImpl: Calling a method in the system process without a qualified user: android.app.ContextImpl.startService:1357 android.content.ContextWrapper.startService:613 android.content.ContextWrapper.startService:613 com.android.keychain.KeyChainBroadcastReceiver.onReceive:12 android.app.ActivityThread.handleReceiver:3032 
02-19 11:38:41.590 21078 21151 D VoicemailCleanupService: Cleaning up data for package: io.appium.uiautomator2.server.test
02-19 11:38:41.590 13953 19646 I Icing   : Usage reports ok 0, Failed Usage reports 0, indexed 0, rejected 0, imm upload false
02-19 11:38:41.596 20426 20426 I Finsky  : [1] com.google.android.finsky.wear.WearSupportService.onStartCommand(29): Starting WearSupportService for auto_uninstall
02-19 11:38:41.597 20426 20426 I Finsky  : [1] com.google.android.finsky.wear.am.a(78): Connecting to wearable; initiated by: com.google.android.finsky.wear.WearSupportService
02-19 11:38:41.598 20426 20426 I Finsky  : [1] com.google.android.finsky.wear.WearSupportService.onStartCommand(29): Starting WearSupportService for send_installed_apps
02-19 11:38:41.604 20426 21117 I Finsky  : [11561] com.google.android.finsky.splitinstallservice.p.run(7): No active session in storage.
02-19 11:38:41.606  3643 12234 D WearableService: onGetService - Wear is not available on this device.
02-19 11:38:41.609  3643 19068 E NetworkScheduler: Unrecognised action provided: android.intent.action.PACKAGE_REMOVED
02-19 11:38:41.610 20426 20426 E Finsky  : [1] com.google.android.finsky.wear.ap.a(3): onConnectionFailed: ConnectionResult{statusCode=API_UNAVAILABLE, resolution=null, message=null}
02-19 11:38:41.610 20426 20426 W Finsky  : [1] com.google.android.finsky.wear.bu.run(12): Dropping command=auto_uninstall due to Gms not connected
02-19 11:38:41.613 20426 20426 I Finsky  : [1] com.google.android.finsky.wear.WearSupportService.b(75): Stopping WearSupportService
02-19 11:38:41.616 20426 20426 W Finsky  : [1] com.google.android.finsky.wear.bu.run(12): Dropping command=send_installed_apps due to Gms not connected
02-19 11:38:41.616 20426 20426 I Finsky  : [1] com.google.android.finsky.wear.WearSupportService.b(75): Stopping WearSupportService
02-19 11:38:41.652 13953 14030 I Icing   : IndexChimeraService.getServiceInterface callingPackage=com.google.android.gms componentName=AppsCorpus serviceId=36
02-19 11:38:41.655 13953 14026 I Icing   : IndexChimeraService.getServiceInterface callingPackage=com.google.android.gms componentName=AppsCorpus serviceId=32
02-19 11:38:41.666 13953 21123 D Wear_Controller: Received broadcast action=android.intent.action.PACKAGE_REMOVED and uri=io.appium.uiautomator2.server.test
02-19 11:38:41.669 13953 21124 I LocationSettingsChecker: Removing dialog suppression flag for package io.appium.uiautomator2.server.test
02-19 11:38:41.669 13953 19648 I Icing   : Usage reports ok 0, Failed Usage reports 0, indexed 0, rejected 0, imm upload false
02-19 11:38:41.678 13953 21142 I GrowthService: Package io.appium.uiautomator2.server.test uninstalled. Removing from storage.
02-19 11:38:41.690 13953 19648 I Icing   : Usage reports ok 0, Failed Usage reports 0, indexed 0, rejected 0, imm upload false
02-19 11:38:41.691 13953 19648 I Icing   : doRemovePackageData io.appium.uiautomator2.server.test
02-19 11:38:41.698  3643  4977 V ConnectivityManager: isActiveNetworkMetered() returns:false
02-19 11:38:42.599 13953 19646 I Icing   : Indexing 5BC26A023FAF1F43AEFAB66B338D37C6EF45681D from com.google.android.gms
02-19 11:38:42.624 13953 19646 I Icing   : Indexing done 5BC26A023FAF1F43AEFAB66B338D37C6EF45681D
02-19 11:38:42.697 13953 19646 I Icing   : Indexing 5BC26A023FAF1F43AEFAB66B338D37C6EF45681D from com.google.android.gms
02-19 11:38:42.699 13953 19646 I Icing   : Indexing done 5BC26A023FAF1F43AEFAB66B338D37C6EF45681D
02-19 11:38:43.328 21161 21161 I chatty  : uid=2000(shell) app_process expire 8 lines
02-19 11:38:44.248 21175 21175 I chatty  : uid=2000(shell) app_process expire 8 lines
02-19 11:38:44.371  2728  3702 W ActivityManager: Invalid packageName: io.appium.uiautomator2.server
02-19 11:38:45.023 21185 21185 I chatty  : uid=2000(shell) app_process expire 9 lines
02-19 11:38:45.169 21185 21193 I chatty  : uid=2000(shell) app_process expire 1 line
02-19 11:38:45.780 21197 21197 I chatty  : uid=2000(shell) app_process expire 9 lines
02-19 11:38:45.928 21197 21205 I chatty  : uid=2000(shell) app_process expire 1 line
02-19 11:38:46.315  2728  9525 I ActivityManager: Killing 20412:com.android.defcontainer/u0a23 (adj 906): empty #13
02-19 11:38:46.342  2728 23569 D ActivityManager: cleanUpApplicationRecord -- 20412
02-19 11:38:46.371  3643  3643 I WearableService: Wearable Services stopping
02-19 11:38:46.491  2146  2146 I         : free_cache(1423017) avail 18442641408
02-19 11:38:46.588  2728 20347 D BatteryService: mLastPlugType/mPlugType:2/2
02-19 11:38:46.588  2728 20347 D BatteryService: set mLastPlugType to 2
02-19 11:38:46.590  3226  3226 D KeyguardUpdateMonitor: received broadcast android.intent.action.BATTERY_CHANGED
02-19 11:38:46.591  3672  3795 W QCNEJ   : |CORE| CNE received unexpected action: android.intent.action.BATTERY_CHANGED
02-19 11:38:46.591  3226  3226 D KeyguardUpdateMonitor: handleBatteryUpdate
02-19 11:38:46.592 31431 31480 D HeadsetStateMachine: Disconnected process message: 10, size: 0
02-19 11:38:46.592 31431 31480 D HeadsetStateMachine: Enter processIntentBatteryChanged()
02-19 11:38:46.592 31431 31480 D HeadsetStateMachine: Exit processIntentBatteryChanged()
02-19 11:38:46.592 31431 31480 D HeadsetStateMachine: Exit Disconnected processMessage() 
02-19 11:38:46.593  2728  2803 E BatteryStatsService: no controller energy info supplied
02-19 11:38:46.593  3180  3180 D VideoCall_LowBattery: BatteryIntent received: android.intent.action.BATTERY_CHANGED
02-19 11:38:46.597  3180  3180 E QtiImsExtUtils: getConfigForPhoneId subId is invalid
02-19 11:38:46.597  3180  3180 E QtiImsExtUtils: isCarrierConfigEnabled bundle is null
02-19 11:38:46.597  3180  3180 D VideoCall_LowBattery:  allowVideoCallsInLowBattery: false isCarrierOneSupported: false mIsLowbattery: false
02-19 11:38:46.606  2728  2803 I chatty  : uid=1000(system) batterystats-sy expire 1 line
02-19 11:38:46.731  2728  2870 I ActivityManager: Start proc 21216:com.android.defcontainer/u0a23 for service com.android.defcontainer/.DefaultContainerService
02-19 11:38:46.787 20426 20426 I Finsky  : [1] com.google.android.finsky.verifier.impl.PackageVerificationReceiver.onReceive(14): Verification requested, id = 28
02-19 11:38:46.809 20426 21230 W Settings: Setting install_non_market_apps has moved from android.provider.Settings.Global to android.provider.Settings.Secure, returning read-only value.
02-19 11:38:46.846  2154  2154 I cnss-daemon: RTM_NEWNEIGH message received: 28
02-19 11:38:46.846  2154  2154 E cnss-daemon: Stale or unreachable neighbors, ndm state: 4
02-19 11:38:46.957  2154  2154 I cnss-daemon: RTM_NEWROUTE Indication
02-19 11:38:46.957  2154  2154 I cnss-daemon: ip type is ipv6
02-19 11:38:46.958  2154  2154 E cnss-daemon: gateway ipv6 address: fe80::9e3d:cfff:feac:7d62
02-19 11:38:46.959  2154  2154 E cnss-daemon: gateway mac address: %02x:%02x:%02x:%02x:%02x:%02x
02-19 11:38:46.959  2154  2154 E cnss-daemon: : 9c:3d:cf:ac:7d:62
02-19 11:38:46.959  2154  2154 E cnss-daemon: gw update message successfully sent
02-19 11:38:46.959  2154  2154 I cnss-daemon: RTM_NEWROUTE Indication
02-19 11:38:46.959  2154  2154 I cnss-daemon: ip type is ipv6
02-19 11:38:47.004 20426 21230 I Finsky  : [11562] com.google.android.finsky.foregroundcoordinator.ForegroundCoordinator.a(9): Task 7 requested foreground
02-19 11:38:47.006 20426 21230 I Finsky  : [11562] com.google.android.finsky.foregroundcoordinator.ForegroundCoordinator.a(29): Not entering foreground
02-19 11:38:47.014  2154  2154 I cnss-daemon: RTM_NEWROUTE Indication
02-19 11:38:47.014  2154  2154 I cnss-daemon: ip type is ipv6
02-19 11:38:47.183 20426 21234 I Finsky  : [11563] com.google.android.finsky.verifier.impl.cu.b(6): Verification id=28 response=0
02-19 11:38:47.221 20426 20426 I Finsky  : [1] com.google.android.finsky.verifier.impl.dk.c(122): Verifying id=28, result=1
02-19 11:38:47.226 20426 20426 I Finsky  : [1] com.google.android.finsky.verifier.impl.dk.c(138): Verification complete: id=28, package_name=io.appium.uiautomator2.server
02-19 11:38:47.291 21235 21235 I dex2oat : Adjusted thread count (for runtime dex2oat): 4, 4
02-19 11:38:47.291 21235 21235 I dex2oat : /system/bin/dex2oat --compiler-filter=interpret-only --debuggable
02-19 11:38:48.091 21235 21235 I dex2oat : dex2oat took 800.207ms (threads: 4) arena alloc=5KB (5768B) java alloc=2MB (2443480B) native alloc=5MB (5425120B) free=2MB (2963488B)
02-19 11:38:48.297  2728  2870 V BackupManagerService: restoreAtInstall pkg=io.appium.uiautomator2.server token=1d restoreSet=0
02-19 11:38:48.297  2728  2870 V BackupManagerService: Finishing install immediately
02-19 11:38:48.301  2728  2743 I ActivityManager: Killing 20578:com.google.android.apps.photos/u0a118 (adj 906): empty #13
02-19 11:38:48.317  2728  9525 D ActivityManager: cleanUpApplicationRecord -- 20578
02-19 11:38:48.466  2146  2146 E         : Couldn't opendir /data/app/vmdl1389979784.tmp: No such file or directory
02-19 11:38:48.469 31431 31431 D BluetoothMapAppObserver: onReceive
02-19 11:38:48.469 31431 31431 D BluetoothMapAppObserver: The installed package is: io.appium.uiautomator2.server
02-19 11:38:48.470 31431 31431 D BluetoothMapAppObserver: Found 0 application(s) with intent android.bluetooth.action.BLUETOOTH_MAP_PROVIDER
02-19 11:38:48.472 23204 23204 I CarrierServices: [1] RcsAutoStartReceiver.b: carrierServicesJibeServiceEnabled changed from true to true
02-19 11:38:48.473 23204 23204 I CarrierServices: [1] RcsAutoStartReceiver.b: enableRcs changed from true to true
02-19 11:38:48.474 31431 31431 D BluetoothMapAppObserver: Found 0 application(s) with intent android.bluetooth.action.BLUETOOTH_MAP_IM_PROVIDER
02-19 11:38:48.474 23204 23204 I CarrierServices: [1] RcsAutoStartReceiver.b: RcsAutoStartReceiver triggered. Fetching RCS State. Action: android.intent.action.PACKAGE_ADDED
02-19 11:38:48.480 23204 23204 I CarrierServices: [1] g.a: Migration binding to RcsMigrationService
02-19 11:38:48.484  2728  9525 W ActivityManager: Permission Denial: Accessing service ComponentInfo{com.google.android.music/com.google.android.music.dial.DialMediaRouteProviderService} from pid=13953, uid=10033 that is not exported from uid 10114
02-19 11:38:48.487  7240  7252 I CarrierServices: [6534] e.a: Sim state is not ready. Returning last known operation mode.
02-19 11:38:48.489 23204 21241 I CarrierServices: [7448] bs.a: Saving RCS State
02-19 11:38:48.490 23204 21241 I CarrierServices: [7448] bs.a: Old operation mode: 0
02-19 11:38:48.490 23204 21241 I CarrierServices: [7448] bs.a: New operation mode: 0
02-19 11:38:48.498  3180  3180 D CarrierSvcBindHelper: No carrier app for: 0
02-19 11:38:48.512  3180  3180 D CarrierConfigLoader: mHandler: 9 phoneId: 0
02-19 11:38:48.526 20426 20426 I Finsky  : [1] com.google.android.finsky.wear.WearSupportService.onStartCommand(29): Starting WearSupportService for auto_install
02-19 11:38:48.528 20426 20426 I Finsky  : [1] com.google.android.finsky.wear.am.a(78): Connecting to wearable; initiated by: com.google.android.finsky.wear.WearSupportService
02-19 11:38:48.529 20426 20426 I Finsky  : [1] com.google.android.finsky.wear.WearSupportService.onStartCommand(29): Starting WearSupportService for send_installed_apps
02-19 11:38:48.562  3643  3643 I WearableService: Wearable Services not starting - Wear is not available on this device.
02-19 11:38:48.565  3643 27289 D WearableService: onGetService - Wear is not available on this device.
02-19 11:38:48.567 20426 20426 E Finsky  : [1] com.google.android.finsky.wear.ap.a(3): onConnectionFailed: ConnectionResult{statusCode=API_UNAVAILABLE, resolution=null, message=null}
02-19 11:38:48.567 20426 20426 W Finsky  : [1] com.google.android.finsky.wear.bu.run(12): Dropping command=auto_install due to Gms not connected
02-19 11:38:48.568 20426 20426 I Finsky  : [1] com.google.android.finsky.wear.WearSupportService.b(75): Stopping WearSupportService
02-19 11:38:48.570 20426 20426 W Finsky  : [1] com.google.android.finsky.wear.bu.run(12): Dropping command=send_installed_apps due to Gms not connected
02-19 11:38:48.571 20426 20426 I Finsky  : [1] com.google.android.finsky.wear.WearSupportService.b(75): Stopping WearSupportService
02-19 11:38:48.580 13953 21249 I FontsPackageChangeOp: Package io.appium.uiautomator2.server has no metadata
02-19 11:38:48.585 13953 21244 D Wear_Controller: Received broadcast action=android.intent.action.PACKAGE_ADDED and uri=io.appium.uiautomator2.server
02-19 11:38:48.588 23204 23204 I CarrierServices: [1] RcsAutoStartReceiver.b: carrierServicesJibeServiceEnabled changed from true to true
02-19 11:38:48.589 23204 23204 I CarrierServices: [1] RcsAutoStartReceiver.b: enableRcs changed from true to true
02-19 11:38:48.590 23204 23204 I CarrierServices: [1] RcsAutoStartReceiver.b: RcsAutoStartReceiver triggered. Fetching RCS State. Action: android.intent.action.PACKAGE_ADDED
02-19 11:38:48.593 23204 23204 I CarrierServices: [1] g.a: Migration binding to RcsMigrationService
02-19 11:38:48.596 13953 14030 I Icing   : IndexChimeraService.getServiceInterface callingPackage=com.google.android.gms componentName=AppsCorpus serviceId=36
02-19 11:38:48.597 13953 14026 I Icing   : IndexChimeraService.getServiceInterface callingPackage=com.google.android.gms componentName=AppsCorpus serviceId=32
02-19 11:38:48.602  7240  7268 I CarrierServices: [6544] e.a: Sim state is not ready. Returning last known operation mode.
02-19 11:38:48.603 23204 21254 I CarrierServices: [7449] bs.a: Saving RCS State
02-19 11:38:48.604 23204 21254 I CarrierServices: [7449] bs.a: Old operation mode: 0
02-19 11:38:48.604 23204 21254 I CarrierServices: [7449] bs.a: New operation mode: 0
02-19 11:38:48.610  2728 29454 I ActivityManager: Start proc 21255:com.google.android.partnersetup/u0a38 for broadcast com.google.android.partnersetup/.RlzPingBroadcastReceiver
02-19 11:38:48.623 13953 19648 I Icing   : Usage reports ok 0, Failed Usage reports 0, indexed 0, rejected 0, imm upload false
02-19 11:38:48.634 13953 19648 I Icing   : Usage reports ok 0, Failed Usage reports 0, indexed 0, rejected 0, imm upload false
02-19 11:38:48.640 21255 21255 W System  : ClassLoader referenced unknown path: /system/priv-app/GooglePartnerSetup/lib/arm
02-19 11:38:48.673  2728 32296 I ActivityManager: Start proc 21271:com.motorola.invisiblenet/u0a41 for broadcast com.motorola.invisiblenet/.PackageAddedReceiver
02-19 11:38:48.676  2728 32296 I ActivityManager: Killing 19590:com.google.process.gapps/u0a33 (adj 906): empty #13
02-19 11:38:48.687  2728  5071 D ActivityManager: cleanUpApplicationRecord -- 19590
02-19 11:38:48.706 21271 21271 W System  : ClassLoader referenced unknown path: /system/priv-app/InvisibleNet/lib/arm
02-19 11:38:48.730  2728 20347 I ActivityManager: Killing 20914:com.android.chrome:privileged_process0/u0a83 (adj 906): empty #13
02-19 11:38:48.741  2728  9525 D ActivityManager: cleanUpApplicationRecord -- 20914
02-19 11:38:48.741  2728  9525 W ActivityManager: Scheduling restart of crashed service com.android.chrome/org.chromium.content.app.PrivilegedProcessService0 in 1000ms
02-19 11:38:48.741 20821 20886 W cr_ChildProcessConn: onServiceDisconnected (crash or killed by oom): pid=20914
