03-19 14:38:06.386  2649  2714 I WindowManager: Destroying surface Surface(name=com.android.systemui/com.android.systemui.recents.RecentsActivity) called by com.android.server.wm.WindowStateAnimator.destroySurface:2067 com.android.server.wm.WindowStateAnimator.destroySurfaceLocked:896 com.android.server.wm.WindowState.destroyOrSaveSurface:2094 com.android.server.wm.AppWindowToken.destroySurfaces:368 com.android.server.wm.WindowStateAnimator.finishExit:575 com.android.server.wm.AppWindowAnimator.stepAnimationLocked:438 com.android.server.wm.WindowAnimator.updateAppWindowsLocked:176 com.android.server.wm.WindowAnimator.animateLocked:678 
03-19 14:38:06.401 28429 28429 D ICU     : No timezone override file found: /data/misc/zoneinfo/current/icu/icu_tzdata.dat
03-19 14:38:06.423 12021 12021 I MicroDetectionWorker: #startMicroDetector [speakerMode: 0]
03-19 14:38:06.425 12021 12021 I AudioController: Created new AudioSource
03-19 14:38:06.430 12021 12021 I BgTaskExecutorImpl: Starting EXCLUSIVE background task update_searchnow_bootstrap_data.
03-19 14:38:06.431 12021 12021 I MicroDetectionWorker: onReady
03-19 14:38:06.432 28429 28429 I Radio-JNI: register_android_hardware_Radio DONE
03-19 14:38:06.435 12021 12021 W NowEndstateTracker: Trying to delete an endstate 7452788788008346186 that does not exist
03-19 14:38:06.442 12021 27430 I MicroRecognitionRunner: Starting detection.
03-19 14:38:06.442 12021 27684 I MicrophoneInputStream: mic_starting  SR : 16000 CC : 16 SO : 1999
03-19 14:38:06.443  1955 28441 I AudioFlinger: AudioFlinger's thread 0xaab03440 ready to run
03-19 14:38:06.447  1955 28441 D audio_hw_primary: in_set_parameters: enter: kvpairs=input_source=6;routing=-2147483644
03-19 14:38:06.447  1955  2399 D APM_AudioPolicyManager: AudioPolicyManager::startInput() input source = 1999
03-19 14:38:06.447 12021 27684 I MicrophoneInputStream: mic_started  SR : 16000 CC : 16 SO : 1999
03-19 14:38:06.448 28429 28429 D AndroidRuntime: Calling main entry com.android.commands.pm.Pm
03-19 14:38:06.457  1955 28441 V msm8974_platform: platform_update_usecase_from_source: input source :6
03-19 14:38:06.457  1955 28441 V msm8974_platform: platform_get_input_snd_device: enter: out_device(0) in_device(0x4) channel_count (1) channel_mask (0x10)
03-19 14:38:06.457  1955 28441 V msm8974_platform: platform_get_input_snd_device: exit: in_snd_device(voice-rec-mic)
03-19 14:38:06.457  1955 28441 E audio_route: unable to find path 'set-capture-format-default'
03-19 14:38:06.457  1955 28441 V msm8974_platform: platform_send_audio_calibration: sending audio calibration for snd_device(107) acdb_id(62)
03-19 14:38:06.457  1955 28441 D ACDB-LOADER: ACDB -> send_audio_cal, acdb_id = 62, path = 1, app id = 0x11130, sample rate = 48000
03-19 14:38:06.457  1955 28441 D ACDB-LOADER: ACDB -> send_asm_topology
03-19 14:38:06.457  1955 28441 D ACDB-LOADER: ACDB -> ACDB_CMD_GET_AUDPROC_STREAM_TOPOLOGY_ID
03-19 14:38:06.457  1955 28441 D ACDB-LOADER: ACDB -> send_adm_topology
03-19 14:38:06.457  1955 28441 D ACDB-LOADER: ACDB -> ACDB_CMD_GET_AUDPROC_COMMON_TOPOLOGY_ID
03-19 14:38:06.457  1955 28441 D ACDB-LOADER: ACDB -> send_audtable
03-19 14:38:06.457  1955 28441 D ACDB-LOADER: ACDB -> ACDB_CMD_GET_AUDPROC_COMMON_TABLE_SIZE
03-19 14:38:06.457  1955 28441 D         : ACDBFILE_MGR:Read the devices count as zero, please check the acdb file
03-19 14:38:06.457  1955 28441 D         : Failed to fetch the lookup information of the device 0000003E 
03-19 14:38:06.457  1955 28441 E ACDB-LOADER: Error: ACDB_CMD_GET_AUDPROC_COMMON_TABLE_SIZE Returned = -19
03-19 14:38:06.458  1955 28441 D ACDB-LOADER: ACDB -> ACDB_CMD_GET_AUDPROC_COMMON_TABLE
03-19 14:38:06.458  1955 28441 D         : ACDBFILE_MGR:Read the devices count as zero, please check the acdb file
03-19 14:38:06.458  1955 28441 D         : Failed to fetch the lookup information of the device 0000003E 
03-19 14:38:06.458  1955 28441 D ACDB-LOADER: ACDB -> AUDIO_SET_AUDPROC_CAL
03-19 14:38:06.458  1955 28441 D ACDB-LOADER: ACDB -> send_audvoltable
03-19 14:38:06.458  1955 28441 D ACDB-LOADER: ACDB -> ACDB_CMD_GET_AUDPROC_GAIN_DEP_STEP_TABLE, vol index 0
03-19 14:38:06.458  1955 28441 D         : ACDBFILE_MGR:Read the devices count as zero, please check the acdb file
03-19 14:38:06.458  1955 28441 D         : Failed to fetch the lookup information of the device 0000003E 
03-19 14:38:06.458  1955 28441 D ACDB-LOADER: ACDB -> AUDIO_SET_VOL_CAL cal type = 12
03-19 14:38:06.458  1955 28441 D ACDB-LOADER: ACDB -> send_audstrmtable
03-19 14:38:06.458  1955 28441 D ACDB-LOADER: ACDB -> ACDB_CMD_GET_AUDPROC_STREAM_TABLE_V2
03-19 14:38:06.458  1955 28441 D ACDB-LOADER: ACDB -> audstrm_cal->cal_type.cal_data.cal_size = 456
03-19 14:38:06.458  1955 28441 D ACDB-LOADER: ACDB -> send_afe_topology
03-19 14:38:06.458  1955 28441 D ACDB-LOADER: ACDB -> ACDB_CMD_GET_AFE_TOPOLOGY_ID
03-19 14:38:06.458  1955 28441 D ACDB-LOADER: ACDB -> GET_AFE_TOPOLOGY_ID for adcd_id 62, Topology Id 112fb
03-19 14:38:06.458  1955 28441 D ACDB-LOADER: ACDB -> send_afe_cal
03-19 14:38:06.458  1955 28441 D ACDB-LOADER: ACDB -> ACDB_CMD_GET_AFE_COMMON_TABLE
03-19 14:38:06.458  1955 28441 D         : ACDBFILE_MGR:Read the devices count as zero, please check the acdb file
03-19 14:38:06.458  1955 28441 D         : Failed to fetch the lookup information of the device 0000003E 
03-19 14:38:06.458  1955 28441 D ACDB-LOADER: ACDB -> AUDIO_SET_AFE_CAL
03-19 14:38:06.458  1955 28441 D ACDB-LOADER: ACDB -> send_hw_delay : acdb_id = 62 path = 1
03-19 14:38:06.458  1955 28441 D ACDB-LOADER: ACDB -> ACDB_AVSYNC_INFO: ACDB_CMD_GET_DEVICE_PROPERTY
03-19 14:38:06.458  1955 28441 D audio_hw_primary: enable_snd_device: snd_device(107: voice-rec-mic)
03-19 14:38:06.461  1955 28441 D audio_hw_primary: enable_audio_route: apply and update mixer path: audio-record
03-19 14:38:06.462  1955 28441 I audio_hw_utils: audio_extn_utils_send_app_type_cfg PLAYBACK app_type 69936, acdb_dev_id 62, sample_rate 48000
03-19 14:38:06.471 28429 28429 I art     : System.exit called, status: 0
03-19 14:38:06.471 28429 28429 I AndroidRuntime: VM exiting with result code 0.
03-19 14:38:06.471 28429 28442 W MessageQueue: Handler (android.os.Handler) {bc2a768} sending message to a Handler on a dead thread
03-19 14:38:06.471 28429 28442 W MessageQueue: java.lang.IllegalStateException: Handler (android.os.Handler) {bc2a768} sending message to a Handler on a dead thread
03-19 14:38:06.471 28429 28442 W MessageQueue: 	at android.os.MessageQueue.enqueueMessage(MessageQueue.java:543)
03-19 14:38:06.471 28429 28442 W MessageQueue: 	at android.os.Handler.enqueueMessage(Handler.java:643)
03-19 14:38:06.471 28429 28442 W MessageQueue: 	at android.os.Handler.sendMessageAtTime(Handler.java:612)
03-19 14:38:06.471 28429 28442 W MessageQueue: 	at android.os.Handler.sendMessageDelayed(Handler.java:582)
03-19 14:38:06.471 28429 28442 W MessageQueue: 	at android.os.Handler.post(Handler.java:338)
03-19 14:38:06.471 28429 28442 W MessageQueue: 	at android.os.ResultReceiver$MyResultReceiver.send(ResultReceiver.java:57)
03-19 14:38:06.471 28429 28442 W MessageQueue: 	at com.android.internal.os.IResultReceiver$Stub.onTransact(IResultReceiver.java:58)
03-19 14:38:06.471 28429 28442 W MessageQueue: 	at android.os.Binder.execTransact(Binder.java:565)
03-19 14:38:06.471 12021 12021 I SNBWorker: Updating bootstrap data
03-19 14:38:06.490 12021 28355 W TabTreeCopier: Card found with UNKNOWN_TAB, Entry Type 155
03-19 14:38:06.491 12021 28355 W TabTreeCopier: Card found with UNKNOWN_TAB, Entry Type 143
03-19 14:38:06.510 12021 12021 I BgTaskExecutorImpl: Starting EXCLUSIVE background task update_launcher_shortcut.
03-19 14:38:06.544 12021 12021 I MicroDetectionWorker: onReady
03-19 14:38:06.601 12021 24150 I EventLogSendingHelper: Sending log events.
03-19 14:38:06.757  2649  2678 I ActivityManager: Start proc 28448:us.moviemates/u0a668 for service us.moviemates/.Services.MessageServiceListener
03-19 14:38:06.758 28448 28448 I art     : Late-enabling -Xcheck:jni
03-19 14:38:06.787 28448 28448 I art     : Starting a blocking GC AddRemoveAppImageSpace
03-19 14:38:06.789 28448 28448 W System  : ClassLoader referenced unknown path: /data/app/us.moviemates-1/lib/arm
03-19 14:38:06.802 28448 28448 D FirebaseApp: com.google.firebase.auth.FirebaseAuth is not linked. Skipping initialization.
03-19 14:38:06.805 28448 28448 D FirebaseApp: com.google.firebase.crash.FirebaseCrash is not linked. Skipping initialization.
03-19 14:38:06.809 28448 28448 I FA      : App measurement is starting up, version: 11020
03-19 14:38:06.809 28448 28448 I FA      : To enable debug logging run: adb shell setprop log.tag.FA VERBOSE
03-19 14:38:06.815 28448 28448 I FA      : To enable faster debug mode event logging run:
03-19 14:38:06.815 28448 28448 I FA      :   adb shell setprop debug.firebase.analytics.app us.moviemates
03-19 14:38:06.818 28448 28448 I FirebaseInitProvider: FirebaseApp initialization successful
03-19 14:38:06.830 28448 28466 D NetworkSecurityConfig: No Network Security Config specified, using platform default
03-19 14:38:06.854  3653  3707 W OpenGLRenderer: Incorrectly called buildLayer on View: ShortcutAndWidgetContainer, destroying layer...
03-19 14:38:06.854  3653  3707 W OpenGLRenderer: Incorrectly called buildLayer on View: ShortcutAndWidgetContainer, destroying layer...
03-19 14:38:06.855 28448 28448 W ImageLoader: diskCache(), diskCacheSize() and diskCacheFileCount calls overlap each other
03-19 14:38:06.897 28448 28448 D MovieMates_LOG: us.moviemates.ProductionApp.class -> onCreate()
03-19 14:38:06.916 28448 28487 E Beta    : Failed to find this app in the PackageManager
03-19 14:38:06.916 28448 28487 E Beta    : android.content.pm.PackageManager$NameNotFoundException: io.crash.air
03-19 14:38:06.916 28448 28487 E Beta    : 	at android.app.ApplicationPackageManager.getApplicationInfoAsUser(ApplicationPackageManager.java:345)
03-19 14:38:06.916 28448 28487 E Beta    : 	at android.app.ApplicationPackageManager.getApplicationInfo(ApplicationPackageManager.java:327)
03-19 14:38:06.916 28448 28487 E Beta    : 	at com.crashlytics.android.beta.DeviceTokenLoader.getZipInputStreamOfApkFrom(DeviceTokenLoader.java:63)
03-19 14:38:06.916 28448 28487 E Beta    : 	at com.crashlytics.android.beta.DeviceTokenLoader.load(DeviceTokenLoader.java:35)
03-19 14:38:06.916 28448 28487 E Beta    : 	at com.crashlytics.android.beta.DeviceTokenLoader.load(DeviceTokenLoader.java:21)
03-19 14:38:06.916 28448 28487 E Beta    : 	at io.fabric.sdk.android.services.cache.AbstractValueCache.get(AbstractValueCache.java:39)
03-19 14:38:06.916 28448 28487 E Beta    : 	at com.crashlytics.android.beta.Beta.getBetaDeviceToken(Beta.java:146)
03-19 14:38:06.916 28448 28487 E Beta    : 	at com.crashlytics.android.beta.Beta.getDeviceIdentifiers(Beta.java:114)
03-19 14:38:06.916 28448 28487 E Beta    : 	at io.fabric.sdk.android.services.common.IdManager.getDeviceIdentifiers(IdManager.java:281)
03-19 14:38:06.916 28448 28487 E Beta    : 	at com.crashlytics.android.answers.SessionMetadataCollector.getMetadata(SessionMetadataCollector.java:34)
03-19 14:38:06.916 28448 28487 E Beta    : 	at com.crashlytics.android.answers.AnswersEventsHandler$4.run(AnswersEventsHandler.java:119)
03-19 14:38:06.916 28448 28487 E Beta    : 	at java.util.concurrent.Executors$RunnableAdapter.call(Executors.java:428)
03-19 14:38:06.916 28448 28487 E Beta    : 	at java.util.concurrent.FutureTask.run(FutureTask.java:237)
03-19 14:38:06.916 28448 28487 E Beta    : 	at java.util.concurrent.ScheduledThreadPoolExecutor$ScheduledFutureTask.run(ScheduledThreadPoolExecutor.java:272)
03-19 14:38:06.916 28448 28487 E Beta    : 	at java.util.concurrent.ThreadPoolExecutor.runWorker(ThreadPoolExecutor.java:1133)
03-19 14:38:06.916 28448 28487 E Beta    : 	at java.util.concurrent.ThreadPoolExecutor$Worker.run(ThreadPoolExecutor.java:607)
03-19 14:38:06.916 28448 28487 E Beta    : 	at io.fabric.sdk.android.services.common.ExecutorUtils$1$1.onRun(ExecutorUtils.java:75)
03-19 14:38:06.916 28448 28487 E Beta    : 	at io.fabric.sdk.android.services.common.BackgroundPriorityRunnable.run(BackgroundPriorityRunnable.java:30)
03-19 14:38:06.916 28448 28487 E Beta    : 	at java.lang.Thread.run(Thread.java:761)
03-19 14:38:06.916 28448 28448 I CrashlyticsCore: Initializing Crashlytics 2.3.10.127
03-19 14:38:06.918  1966  1966 I cnss-daemon: RTM_NEWROUTE Indication
03-19 14:38:06.918  1966  1966 I cnss-daemon: ip type is ipv6
03-19 14:38:06.920  1966  1966 E cnss-daemon: gateway ipv6 address: fe80::9e3d:cfff:feac:7d62
03-19 14:38:06.920  1966  1966 E cnss-daemon: gateway mac address: %02x:%02x:%02x:%02x:%02x:%02x
03-19 14:38:06.920  1966  1966 E cnss-daemon: : 00:00:00:00:00:00
03-19 14:38:06.920  1966  1966 E cnss-daemon: Invalid mac address: 0x7f55ee6cM
03-19 14:38:06.937 28448 28448 D MovieMates_LOG: MoviesUpdateService.class -> onCreate()
03-19 14:38:06.937 28448 28448 D MovieMates_LOG: MoviesUpdateService.class -> onStartCommand()
03-19 14:38:07.130 28446 28446 D AndroidRuntime: >>>>>> START com.android.internal.os.RuntimeInit uid 2000 <<<<<<
03-19 14:38:07.134 28446 28446 D AndroidRuntime: CheckJNI is OFF
03-19 14:38:07.164  2649  3595 I ActivityManager: START u0 {flg=0x10000000 cmp=com.google.android.deskclock/com.android.deskclock.DeskClock bnds=[48,415][1032,1252]} from uid 10089 on display 0
03-19 14:38:07.198  2649  3092 I ActivityManager: Start proc 28503:com.google.android.deskclock/u0a89 for activity com.google.android.deskclock/com.android.deskclock.DeskClock
03-19 14:38:07.200 28446 28446 E libmdmdetect: Failed to open /sys/bus/msm_subsys/devices/subsys0/name: Permission denied
03-19 14:38:07.197 28446 28446 W main    : type=1400 audit(0.0:254): avc: denied { read } for uid=2000 name="name" dev="sysfs" ino=22225 scontext=u:r:shell:s0 tcontext=u:object_r:sysfs:s0 tclass=file permissive=0
03-19 14:38:07.218 28446 28446 D ICU     : No timezone override file found: /data/misc/zoneinfo/current/icu/icu_tzdata.dat
03-19 14:38:07.251 28446 28446 I Radio-JNI: register_android_hardware_Radio DONE
03-19 14:38:07.258 28503 28503 I art     : Starting a blocking GC AddRemoveAppImageSpace
03-19 14:38:07.260  2649  3034 I WindowManager: Destroying surface Surface(name=com.android.launcher3/com.android.launcher3.GoogleNowPanel) called by com.android.server.wm.WindowStateAnimator.destroySurface:2067 com.android.server.wm.WindowStateAnimator.destroySurfaceLocked:896 com.android.server.wm.WindowState.destroyOrSaveSurface:2094 com.android.server.wm.WindowManagerService.tryStartExitingAnimation:3093 com.android.server.wm.WindowManagerService.relayoutWindow:2973 com.android.server.wm.Session.relayout:215 android.view.IWindowSession$Stub.onTransact:286 com.android.server.wm.Session.onTransact:136 
03-19 14:38:07.260 28503 28503 W System  : ClassLoader referenced unknown path: /data/app/com.google.android.deskclock-2/lib/arm
03-19 14:38:07.268  2649  3095 I WindowManager: Destroying surface Surface(name=com.android.launcher3/com.android.launcher3.GoogleNowPanel) called by com.android.server.wm.WindowStateAnimator.destroySurface:2067 com.android.server.wm.WindowStateAnimator.destroySurfaceLocked:896 com.android.server.wm.WindowState.destroyOrSaveSurface:2094 com.android.server.wm.WindowManagerService.tryStartExitingAnimation:3093 com.android.server.wm.WindowManagerService.relayoutWindow:2973 com.android.server.wm.Session.relayout:215 android.view.IWindowSession$Stub.onTransact:286 com.android.server.wm.Session.onTransact:136 
03-19 14:38:07.269 28446 28446 D AndroidRuntime: Calling main entry com.android.commands.am.Am
03-19 14:38:07.271  2649  4628 I ActivityManager: Force stopping us.moviemates appid=10668 user=0: from pid 28446
03-19 14:38:07.271  2649  4628 I ActivityManager: Killing 28448:us.moviemates/u0a668 (adj 500): stop us.moviemates
03-19 14:38:07.272  2649  4628 D ActivityManager: cleanUpApplicationRecord -- 28448
03-19 14:38:07.273  2649  4628 W ActivityManager: Scheduling restart of crashed service us.moviemates/.Services.MessageServiceListener in 1000ms
03-19 14:38:07.273  2649  4628 W ActivityManager: Scheduling restart of crashed service us.moviemates/.Services.MoviesUpdateService in 10999ms
03-19 14:38:07.275  2649  4628 I ActivityManager:   Force stopping service ServiceRecord{635a071 u0 us.moviemates/.Services.MoviesUpdateService}
03-19 14:38:07.275  2649  4628 I ActivityManager:   Force stopping service ServiceRecord{7ade498 u0 us.moviemates/.Services.MessageServiceListener}
03-19 14:38:07.276 28446 28446 D AndroidRuntime: Shutting down VM
03-19 14:38:07.281  3006  3006 D CarrierSvcBindHelper: No carrier app for: 0
03-19 14:38:07.281  2649  3635 W ActivityManager: Permission Denial: Accessing service ComponentInfo{com.google.android.music/com.google.android.music.dial.DialMediaRouteProviderService} from pid=3720, uid=10033 that is not exported from uid 10114
03-19 14:38:07.292 12021 27683 I PBSessionCacheImpl: Deleted sessionId[5375334140233] from persistence.
03-19 14:38:07.300  3048  3048 W asset   : Asset path /data/app/com.google.android.deskclock-1/base.apk is neither a directory nor file (type=1).
03-19 14:38:07.301  3048  3048 W PackageManager: Failure retrieving resources for com.google.android.deskclock
03-19 14:38:07.301  3048  3048 W asset   : Asset path /data/app/com.google.android.deskclock-1/base.apk is neither a directory nor file (type=1).
03-19 14:38:07.302  3048  3048 W PackageManager: Failure retrieving resources for com.google.android.deskclock
03-19 14:38:07.302  3048  3048 W asset   : Asset path /data/app/com.google.android.deskclock-1/base.apk is neither a directory nor file (type=1).
03-19 14:38:07.302  3048  3048 W PackageManager: Failure retrieving resources for com.google.android.deskclock
03-19 14:38:07.303  3048  3048 W asset   : Asset path /data/app/com.google.android.deskclock-1/base.apk is neither a directory nor file (type=1).
03-19 14:38:07.303  3048  3048 W PackageManager: Failure retrieving resources for com.google.android.deskclock
03-19 14:38:07.303  3048  3048 W asset   : Asset path /data/app/com.google.android.deskclock-1/base.apk is neither a directory nor file (type=1).
03-19 14:38:07.304  3048  3048 W PackageManager: Failure retrieving resources for com.google.android.deskclock
03-19 14:38:07.306 12021 28400 V ConnectivityManager: isActiveNetworkMetered() returns:false
03-19 14:38:07.311 12021 12021 W SearchService: Abort, client detached.
03-19 14:38:07.319 12021 12021 I MicroDetector: Keeping mic open: false
03-19 14:38:07.319 12021 28374 I DeviceStateChecker: DeviceStateChecker cancelled
03-19 14:38:07.319 12021 27428 I AudioController: internalShutdown
03-19 14:38:07.319 12021 26733 I MicroRecognitionRunner: Stopping hotword detection.
03-19 14:38:07.320 12021 27430 I MicroRecognitionRunner: Detection finished
03-19 14:38:07.328 28503 28503 I GAv4    : Google Analytics 11.0.58 is starting up. To enable debug logging on a device run:
03-19 14:38:07.328 28503 28503 I GAv4    :   adb shell setprop log.tag.GAv4 DEBUG
03-19 14:38:07.328 28503 28503 I GAv4    :   adb logcat -s GAv4
03-19 14:38:07.333 12021 27684 I MicrophoneInputStream: mic_close  SR : 16000 CC : 16 SO : 1999
03-19 14:38:07.334 28503 28528 W GAv4    : AnalyticsReceiver is not registered or is disabled. Register the receiver for reliable dispatching on non-Google Play devices. See http://goo.gl/8Rd3yj for instructions.
03-19 14:38:07.336 28503 28528 W GAv4    : CampaignTrackingReceiver is not registered, not exported or is disabled. Installation campaign tracking is not possible. See http://goo.gl/8Rd3yj for instructions.
03-19 14:38:07.337 28503 28528 W GAv4    : AnalyticsService not registered in the app manifest. Hits might not be delivered reliably. See http://goo.gl/8Rd3yj for instructions.
03-19 14:38:07.353  1955  2242 D APM_AudioPolicyManager: stopInput() input 86
03-19 14:38:07.358  1955 28441 D audio_hw_primary: in_set_parameters: enter: kvpairs=routing=0
03-19 14:38:07.411  1955 28441 D audio_hw_primary: disable_audio_route: reset and update mixer path: audio-record
03-19 14:38:07.411  1955 28441 D audio_hw_primary: disable_snd_device: snd_device(107: voice-rec-mic)
03-19 14:38:07.630 28503 28508 I art     : Do partial code cache collection, code=16KB, data=29KB
03-19 14:38:07.630 28503 28508 I art     : After code cache collection, code=16KB, data=29KB
03-19 14:38:07.630 28503 28508 I art     : Increasing code cache capacity to 128KB
03-19 14:38:07.637 28503 28534 W RingtoneManager: No READ_EXTERNAL_STORAGE permission, ignoring ringtones on ext storage
03-19 14:38:07.665  1963 28538 D NuPlayerDriver: notifyListener_l(0xb060c840), (1, 0, 0), loop setting(0, 0)
03-19 14:38:07.665 28503 28534 D MediaPlayer: setSubtitleAnchor in MediaPlayer
03-19 14:38:07.668 28503 28534 D Ringtone: Successfully created local player
03-19 14:38:07.714 28503 28508 I art     : Do partial code cache collection, code=53KB, data=62KB
03-19 14:38:07.715 28503 28508 I art     : After code cache collection, code=51KB, data=61KB
03-19 14:38:07.715 28503 28508 I art     : Increasing code cache capacity to 256KB
03-19 14:38:07.760 28503 28537 I Adreno  : QUALCOMM build                   : 15c6858, Id9e7eae3da
03-19 14:38:07.760 28503 28537 I Adreno  : Build Date                       : 12/22/16
03-19 14:38:07.760 28503 28537 I Adreno  : OpenGL ES Shader Compiler Version: XE031.09.00.03
03-19 14:38:07.760 28503 28537 I Adreno  : Local Branch                     : 
03-19 14:38:07.760 28503 28537 I Adreno  : Remote Branch                    : refs/tags/AU_LINUX_ANDROID_LA.UM.5.5.R1.07.00.00.269.019
03-19 14:38:07.760 28503 28537 I Adreno  : Remote Branch                    : NONE
03-19 14:38:07.760 28503 28537 I Adreno  : Reconstruct Branch               : NOTHING
03-19 14:38:07.764 28503 28537 I OpenGLRenderer: Initialized EGL, version 1.4
03-19 14:38:07.765 28503 28537 D OpenGLRenderer: Swap behavior 1
03-19 14:38:07.947 28503 28508 I art     : Do full code cache collection, code=106KB, data=120KB
03-19 14:38:07.948 28503 28508 I art     : After code cache collection, code=50KB, data=62KB
03-19 14:38:07.988 28530 28530 D AndroidRuntime: >>>>>> START com.android.internal.os.RuntimeInit uid 2000 <<<<<<
03-19 14:38:07.992 28530 28530 D AndroidRuntime: CheckJNI is OFF
03-19 14:38:08.034 28503 28543 I AlarmClock: Started indexing all application data.
03-19 14:38:08.036  2649  2714 I LaunchCheckinHandler: Displayed com.google.android.deskclock/com.android.deskclock.DeskClock,cp,ca,849
03-19 14:38:08.043 22817 22817 I GoogleInputMethod: onFinishInput() : Dummy InputConnection bound
03-19 14:38:08.044 22817 22817 I GoogleInputMethod: onStartInput() : Dummy InputConnection bound
03-19 14:38:08.057  2649  2714 I WindowManager: Destroying surface Surface(name=Starting com.google.android.deskclock) called by com.android.server.wm.WindowStateAnimator.destroySurface:2067 com.android.server.wm.WindowStateAnimator.destroySurfaceLocked:896 com.android.server.wm.WindowState.destroyOrSaveSurface:2094 com.android.server.wm.AppWindowToken.destroySurfaces:368 com.android.server.wm.WindowStateAnimator.finishExit:575 com.android.server.wm.WindowStateAnimator.stepAnimationLocked:501 com.android.server.wm.WindowAnimator.updateWindowsLocked:303 com.android.server.wm.WindowAnimator.animateLocked:704 
03-19 14:38:08.062 28530 28530 E libmdmdetect: Failed to open /sys/bus/msm_subsys/devices/subsys0/name: Permission denied
03-19 14:38:08.057 28530 28530 W main    : type=1400 audit(0.0:255): avc: denied { read } for uid=2000 name="name" dev="sysfs" ino=22225 scontext=u:r:shell:s0 tcontext=u:object_r:sysfs:s0 tclass=file permissive=0
03-19 14:38:08.081 28530 28530 D ICU     : No timezone override file found: /data/misc/zoneinfo/current/icu/icu_tzdata.dat
03-19 14:38:08.111 28530 28530 I Radio-JNI: register_android_hardware_Radio DONE
03-19 14:38:08.116 28503 28543 D AppIndexApi: Logging objectbmx@fe21176
03-19 14:38:08.128 28530 28530 D AndroidRuntime: Calling main entry com.android.commands.pm.Pm
03-19 14:38:08.131  2649  3092 I ActivityManager: Force stopping us.moviemates appid=10668 user=0: clear data
03-19 14:38:08.138  2649  2678 I ActivityManager: Force stopping us.moviemates appid=10668 user=-1: clearApplicationUserData
03-19 14:38:08.167  3006  3006 D CarrierSvcBindHelper: No carrier app for: 0
03-19 14:38:08.169 28530 28530 I art     : System.exit called, status: 0
03-19 14:38:08.169 28530 28530 I AndroidRuntime: VM exiting with result code 0.
03-19 14:38:08.169  3505  3505 I GeofencerStateMachine: removeGeofences: removeRequest=RemoveGeofencingRequest[REMOVE_ALL packageName=us.moviemates]
03-19 14:38:08.171  2649  4628 W ActivityManager: Permission Denial: Accessing service ComponentInfo{com.google.android.music/com.google.android.music.dial.DialMediaRouteProviderService} from pid=3720, uid=10033 that is not exported from uid 10114
03-19 14:38:08.172  8938  8938 I CarrierServices: [1] RcsAutoStartReceiver.b: carrierServicesJibeServiceEnabled changed from true to true
03-19 14:38:08.172  8938  8938 I CarrierServices: [1] RcsAutoStartReceiver.b: enableRcs changed from true to true
03-19 14:38:08.177 28503 28543 I AlarmClock: Finished indexing all application data.
03-19 14:38:08.883 28557 28557 D AndroidRuntime: >>>>>> START com.android.internal.os.RuntimeInit uid 2000 <<<<<<
03-19 14:38:08.887 28557 28557 D AndroidRuntime: CheckJNI is OFF
03-19 14:38:08.953 28557 28557 E libmdmdetect: Failed to open /sys/bus/msm_subsys/devices/subsys0/name: Permission denied
03-19 14:38:08.950 28557 28557 W main    : type=1400 audit(0.0:256): avc: denied { read } for uid=2000 name="name" dev="sysfs" ino=22225 scontext=u:r:shell:s0 tcontext=u:object_r:sysfs:s0 tclass=file permissive=0
03-19 14:38:08.972 28557 28557 D ICU     : No timezone override file found: /data/misc/zoneinfo/current/icu/icu_tzdata.dat
03-19 14:38:08.998 28557 28557 I Radio-JNI: register_android_hardware_Radio DONE
03-19 14:38:09.013 28557 28557 D AndroidRuntime: Calling main entry com.android.commands.pm.Pm
03-19 14:38:09.089  2649  3615 I ProcessStatsService: Added stats: 2018-03-19-10-37-00, over +3h50m59s995ms
03-19 14:38:09.099  2649  3615 I ProcessStatsService: Added stats: 2018-03-19-07-35-44, over +3h1m15s725ms
03-19 14:38:09.110  2649  3615 I ProcessStatsService: Added stats: 2018-03-19-04-33-55, over +3h1m49s57ms
03-19 14:38:09.120  2649  3615 I ProcessStatsService: Added stats: 2018-03-19-01-32-33, over +3h1m21s287ms
03-19 14:38:09.140  2649  3615 I ProcessStatsService: Added stats: 2018-03-18-22-31-49, over +3h0m39s561ms
03-19 14:38:09.150  2649  3615 I ProcessStatsService: Added stats: 2018-03-16-21-43-52, over +2h1m55s607ms
03-19 14:38:09.161  2649  3615 I ProcessStatsService: Added stats: 2018-03-16-17-28-25, over +4h15m27s78ms
03-19 14:38:09.173  2649  3615 I ProcessStatsService: Added stats: 2018-03-16-08-34-20, over +8h54m4s517ms
03-19 14:38:09.232  2649  3615 I ProcessStatsService: Added stats: 2018-03-19-10-37-00, over +3h50m59s995ms
03-19 14:38:09.297  2649  3640 E BatteryStatsService: no controller energy info supplied
03-19 14:38:09.345 28557 28557 I art     : System.exit called, status: 0
03-19 14:38:09.345 28557 28557 I AndroidRuntime: VM exiting with result code 0.
03-19 14:38:09.544   587   643 I SFPerfTracer:      triggers: (rate: 0:0) (0 sw vsyncs) (0 skipped) (16:13499 vsyncs) (18:19440)
03-19 14:38:09.985 28578 28578 D AndroidRuntime: >>>>>> START com.android.internal.os.RuntimeInit uid 2000 <<<<<<
03-19 14:38:09.989 28578 28578 D AndroidRuntime: CheckJNI is OFF
03-19 14:38:10.052 28578 28578 E libmdmdetect: Failed to open /sys/bus/msm_subsys/devices/subsys0/name: Permission denied
03-19 14:38:10.047 28578 28578 W main    : type=1400 audit(0.0:257): avc: denied { read } for uid=2000 name="name" dev="sysfs" ino=22225 scontext=u:r:shell:s0 tcontext=u:object_r:sysfs:s0 tclass=file permissive=0
03-19 14:38:10.069 28578 28578 D ICU     : No timezone override file found: /data/misc/zoneinfo/current/icu/icu_tzdata.dat
03-19 14:38:10.094 28578 28578 I Radio-JNI: register_android_hardware_Radio DONE
03-19 14:38:10.109 28578 28578 D AndroidRuntime: Calling main entry com.android.commands.pm.Pm
03-19 14:38:10.112  2649  2649 I chatty  : uid=1000 system_server expire 3 lines
03-19 14:38:10.113 28578 28578 I art     : System.exit called, status: 0
03-19 14:38:10.113 28578 28578 I AndroidRuntime: VM exiting with result code 0.
03-19 14:38:10.113  2649  2676 I chatty  : uid=1000(system) android.bg expire 3 lines
03-19 14:38:10.164  1948  2033 I ThermalEngine: Thermal-Server: Thermal received msg from  override
03-19 14:38:10.165  1939 28589 I Thermal-Lib: Thermal-Lib-Client: Client request sent
03-19 14:38:10.196  2093  2093 I MSM-irqbalance: Decided to move IRQ18 from CPU2 [P:0] to CPU4 [P:1] (banned)
03-19 14:38:10.196  2093  2093 I MSM-irqbalance: Decided to move IRQ18 from CPU1 [P:0] to CPU6 [P:1] (banned)
03-19 14:38:10.197  2093  2093 I MSM-irqbalance: Decided to move IRQ18 from CPU0 [P:0] to CPU7 [P:1] (banned)
03-19 14:38:10.197  2093  2093 I MSM-irqbalance: Decided to move IRQ18 from CPU3 [P:0] to CPU5 [P:1] (banned)
03-19 14:38:10.645 28588 28588 D AndroidRuntime: >>>>>> START com.android.internal.os.RuntimeInit uid 2000 <<<<<<
03-19 14:38:10.649 28588 28588 D AndroidRuntime: CheckJNI is OFF
03-19 14:38:10.709 28588 28588 E libmdmdetect: Failed to open /sys/bus/msm_subsys/devices/subsys0/name: Permission denied
03-19 14:38:10.703 28588 28588 W main    : type=1400 audit(0.0:258): avc: denied { read } for uid=2000 name="name" dev="sysfs" ino=22225 scontext=u:r:shell:s0 tcontext=u:object_r:sysfs:s0 tclass=file permissive=0
03-19 14:38:10.726 28588 28588 D ICU     : No timezone override file found: /data/misc/zoneinfo/current/icu/icu_tzdata.dat
03-19 14:38:10.753 28588 28588 I Radio-JNI: register_android_hardware_Radio DONE
03-19 14:38:10.767 28588 28588 D AndroidRuntime: Calling main entry com.android.commands.pm.Pm
03-19 14:38:10.772  2649  3640 D VoldConnector: SND -> {15 volume remount_uid 10668 read}
03-19 14:38:10.772   468   483 D vold    : Remounting 10668 as mode read
03-19 14:38:10.782  2649  2966 D VoldConnector: RCV <- {200 15 Command succeeded}
03-19 14:38:10.784 28588 28588 I art     : System.exit called, status: 0
03-19 14:38:10.784 28588 28588 I AndroidRuntime: VM exiting with result code 0.
03-19 14:38:11.318 28599 28599 D AndroidRuntime: >>>>>> START com.android.internal.os.RuntimeInit uid 2000 <<<<<<
03-19 14:38:11.322 28599 28599 D AndroidRuntime: CheckJNI is OFF
03-19 14:38:11.382 28599 28599 E libmdmdetect: Failed to open /sys/bus/msm_subsys/devices/subsys0/name: Permission denied
03-19 14:38:11.377 28599 28599 W main    : type=1400 audit(0.0:259): avc: denied { read } for uid=2000 name="name" dev="sysfs" ino=22225 scontext=u:r:shell:s0 tcontext=u:object_r:sysfs:s0 tclass=file permissive=0
03-19 14:38:11.400 28599 28599 D ICU     : No timezone override file found: /data/misc/zoneinfo/current/icu/icu_tzdata.dat
03-19 14:38:11.425 28599 28599 I Radio-JNI: register_android_hardware_Radio DONE
03-19 14:38:11.439 28599 28599 D AndroidRuntime: Calling main entry com.android.commands.pm.Pm
03-19 14:38:11.442  2649  3593 D VoldConnector: SND -> {16 volume remount_uid 10668 write}
03-19 14:38:11.443   468   483 D vold    : Remounting 10668 as mode write
03-19 14:38:11.452  2649  2966 D VoldConnector: RCV <- {200 16 Command succeeded}
03-19 14:38:11.453 28599 28599 I art     : System.exit called, status: 0
03-19 14:38:11.453 28599 28599 I AndroidRuntime: VM exiting with result code 0.
03-19 14:38:11.489  2649  3640 I ActivityManager: Start proc 28610:com.google.android.apps.photos/u0a118 for broadcast com.google.android.apps.photos/com.google.android.libraries.social.mediastoresync.reset.impl.MediaStoreClearedReceiver
03-19 14:38:11.562 28610 28610 I art     : Starting a blocking GC AddRemoveAppImageSpace
03-19 14:38:11.601 12021 28374 I EventLogSendingHelper: Sending log events.
03-19 14:38:11.707  2649  3034 I ActivityManager: Killing 27911:com.android.keychain/1000 (adj 906): empty #13
03-19 14:38:11.723  2649  4624 D ActivityManager: cleanUpApplicationRecord -- 27911
03-19 14:38:11.736  3720 28632 I LocationSettingsChecker: Removing dialog suppression flag for package us.moviemates
03-19 14:38:11.746  3720 28040 I Icing   : doRemovePackageData us.moviemates
03-19 14:38:11.860  3720 28040 I DeviceScanner: [MDNS] Received response from "Bazoom  TV" (d06909be874a6070328167867a2d019a) with result "0 No change"
03-19 14:38:12.011 28609 28609 D AndroidRuntime: >>>>>> START com.android.internal.os.RuntimeInit uid 2000 <<<<<<
03-19 14:38:12.015 28609 28609 D AndroidRuntime: CheckJNI is OFF
03-19 14:38:12.073 28609 28609 W main    : type=1400 audit(0.0:260): avc: denied { read } for uid=2000 name="name" dev="sysfs" ino=22225 scontext=u:r:shell:s0 tcontext=u:object_r:sysfs:s0 tclass=file permissive=0
03-19 14:38:12.078 28609 28609 E libmdmdetect: Failed to open /sys/bus/msm_subsys/devices/subsys0/name: Permission denied
03-19 14:38:12.095 28609 28609 D ICU     : No timezone override file found: /data/misc/zoneinfo/current/icu/icu_tzdata.dat
03-19 14:38:12.121 28609 28609 I Radio-JNI: register_android_hardware_Radio DONE
03-19 14:38:12.135 28609 28609 D AndroidRuntime: Calling main entry com.android.commands.pm.Pm
03-19 14:38:12.139  2649  2649 I chatty  : uid=1000 system_server expire 2 lines
03-19 14:38:12.139 28609 28609 I art     : System.exit called, status: 0
03-19 14:38:12.139 28609 28609 I AndroidRuntime: VM exiting with result code 0.
03-19 14:38:12.139  2649  2676 I chatty  : uid=1000(system) android.bg expire 2 lines
03-19 14:38:12.367  3505  7425 I Places  : ?: PlacesBleScanner stop()
03-19 14:38:12.367  3505  3505 I BeaconBle: Places requested to stop scan
03-19 14:38:12.374  3505  3505 I BeaconBle: ZERO_POWER is disabled.
03-19 14:38:12.374  3505  3505 I BeaconBle: 'L' hardware scan: scan stopped, no powered clients
03-19 14:38:12.374  3505  3505 I BeaconBle: Scan canceled successfully.
03-19 14:38:12.379  3505  7425 I PlaceInferenceEngine: [anon] Changed inference mode: 0
03-19 14:38:12.677 28652 28652 D AndroidRuntime: >>>>>> START com.android.internal.os.RuntimeInit uid 2000 <<<<<<
03-19 14:38:12.680 28652 28652 D AndroidRuntime: CheckJNI is OFF
03-19 14:38:12.741 28652 28652 E libmdmdetect: Failed to open /sys/bus/msm_subsys/devices/subsys0/name: Permission denied
03-19 14:38:12.737 28652 28652 W main    : type=1400 audit(0.0:261): avc: denied { read } for uid=2000 name="name" dev="sysfs" ino=22225 scontext=u:r:shell:s0 tcontext=u:object_r:sysfs:s0 tclass=file permissive=0
03-19 14:38:12.757 28652 28652 D ICU     : No timezone override file found: /data/misc/zoneinfo/current/icu/icu_tzdata.dat
03-19 14:38:12.783 28652 28652 I Radio-JNI: register_android_hardware_Radio DONE
03-19 14:38:12.797 28652 28652 D AndroidRuntime: Calling main entry com.android.commands.pm.Pm
03-19 14:38:12.801 28652 28652 I art     : System.exit called, status: 0
03-19 14:38:12.801 28652 28652 I AndroidRuntime: VM exiting with result code 0.
03-19 14:38:13.366  2649  3615 D BatteryService: mLastPlugType/mPlugType:2/2
03-19 14:38:13.366  2649  3615 D BatteryService: set mLastPlugType to 2
03-19 14:38:13.368  3048  3048 D KeyguardUpdateMonitor: received broadcast android.intent.action.BATTERY_CHANGED
03-19 14:38:13.368  3385  4063 D HeadsetStateMachine: Disconnected process message: 10, size: 0
03-19 14:38:13.369  3385  4063 D HeadsetStateMachine: Enter processIntentBatteryChanged()
03-19 14:38:13.369  3006  3006 D VideoCall_LowBattery: BatteryIntent received: android.intent.action.BATTERY_CHANGED
03-19 14:38:13.369  3385  4063 D HeadsetStateMachine: Exit processIntentBatteryChanged()
03-19 14:38:13.369  3385  4063 D HeadsetStateMachine: Exit Disconnected processMessage() 
03-19 14:38:13.371  3006  3006 E QtiImsExtUtils: getConfigForPhoneId subId is invalid
03-19 14:38:13.371  3006  3006 E QtiImsExtUtils: isCarrierConfigEnabled bundle is null
03-19 14:38:13.371  3006  3006 D VideoCall_LowBattery:  allowVideoCallsInLowBattery: false isCarrierOneSupported: false mIsLowbattery: false
03-19 14:38:13.371  3048  3048 D KeyguardUpdateMonitor: handleBatteryUpdate
03-19 14:38:13.424 28663 28663 D AndroidRuntime: >>>>>> START com.android.internal.os.RuntimeInit uid 2000 <<<<<<
03-19 14:38:13.428 28663 28663 D AndroidRuntime: CheckJNI is OFF
03-19 14:38:13.488 28663 28663 E libmdmdetect: Failed to open /sys/bus/msm_subsys/devices/subsys0/name: Permission denied
03-19 14:38:13.483 28663 28663 W main    : type=1400 audit(0.0:262): avc: denied { read } for uid=2000 name="name" dev="sysfs" ino=22225 scontext=u:r:shell:s0 tcontext=u:object_r:sysfs:s0 tclass=file permissive=0
03-19 14:38:13.505 28663 28663 D ICU     : No timezone override file found: /data/misc/zoneinfo/current/icu/icu_tzdata.dat
03-19 14:38:13.530 28663 28663 I Radio-JNI: register_android_hardware_Radio DONE
03-19 14:38:13.544 28663 28663 D AndroidRuntime: Calling main entry com.android.commands.am.Am
03-19 14:38:13.547  2649  3615 I ActivityManager: Force stopping io.appium.uiautomator2.server appid=10683 user=0: from pid 28663
03-19 14:38:13.549 28663 28663 D AndroidRuntime: Shutting down VM
03-19 14:38:13.551  3006  3006 D CarrierSvcBindHelper: No carrier app for: 0
03-19 14:38:13.552  2649  4648 W ActivityManager: Permission Denial: Accessing service ComponentInfo{com.google.android.music/com.google.android.music.dial.DialMediaRouteProviderService} from pid=3720, uid=10033 that is not exported from uid 10114
03-19 14:38:14.137 28673 28673 D AndroidRuntime: >>>>>> START com.android.internal.os.RuntimeInit uid 2000 <<<<<<
03-19 14:38:14.141 28673 28673 D AndroidRuntime: CheckJNI is OFF
03-19 14:38:14.201 28673 28673 E libmdmdetect: Failed to open /sys/bus/msm_subsys/devices/subsys0/name: Permission denied
03-19 14:38:14.197 28673 28673 W main    : type=1400 audit(0.0:263): avc: denied { read } for uid=2000 name="name" dev="sysfs" ino=22225 scontext=u:r:shell:s0 tcontext=u:object_r:sysfs:s0 tclass=file permissive=0
03-19 14:38:14.217 28673 28673 D ICU     : No timezone override file found: /data/misc/zoneinfo/current/icu/icu_tzdata.dat
03-19 14:38:14.243 28673 28673 I Radio-JNI: register_android_hardware_Radio DONE
03-19 14:38:14.257 28673 28673 D AndroidRuntime: Calling main entry com.android.commands.am.Am
03-19 14:38:14.269  2649  3640 I ActivityManager: Force stopping io.appium.uiautomator2.server appid=10683 user=0: start instr
03-19 14:38:14.281  2649  3640 I ActivityManager: Start proc 28683:io.appium.uiautomator2.server/u0a683 for added application io.appium.uiautomator2.server
03-19 14:38:14.283 28683 28683 I art     : Late-enabling -Xcheck:jni
03-19 14:38:14.324 28683 28683 W System  : ClassLoader referenced unknown path: /data/app/io.appium.uiautomator2.server.test-1/lib/arm
03-19 14:38:14.324 28683 28683 W System  : ClassLoader referenced unknown path: /data/app/io.appium.uiautomator2.server-1/lib/arm
03-19 14:38:14.335 28683 28683 W System  : ClassLoader referenced unknown path: 
03-19 14:38:14.350 28683 28683 I MonitoringInstrumentation: Instrumentation Started!
03-19 14:38:14.352 28683 28683 I MonitoringInstrumentation: Setting context classloader to 'dalvik.system.PathClassLoader[DexPathList[[zip file "/system/framework/android.test.runner.jar", zip file "/data/app/io.appium.uiautomator2.server.test-1/base.apk", zip file "/data/app/io.appium.uiautomator2.server-1/base.apk"],nativeLibraryDirectories=[/data/app/io.appium.uiautomator2.server.test-1/lib/arm, /data/app/io.appium.uiautomator2.server-1/lib/arm, /system/lib, /vendor/lib]]]', Original: 'dalvik.system.PathClassLoader[DexPathList[[zip file "/system/framework/android.test.runner.jar", zip file "/data/app/io.appium.uiautomator2.server.test-1/base.apk", zip file "/data/app/io.appium.uiautomator2.server-1/base.apk"],nativeLibraryDirectories=[/data/app/io.appium.uiautomator2.server.test-1/lib/arm, /data/app/io.appium.uiautomator2.server-1/lib/arm, /system/lib, /vendor/lib]]]'
03-19 14:38:14.359 28683 28698 I UsageTrackerFacilitator: Usage tracking enabled
03-19 14:38:14.359 28683 28698 I TestRequestBuilder: Scanning classpath to find tests in apks [/data/app/io.appium.uiautomator2.server.test-1/base.apk]
03-19 14:38:14.568  1939  1940 E ANDR-PERF-MPCTL: Invalid profile no. 0, total profiles 0 only
03-19 14:38:14.712  2649  4631 I ActivityManager: moveHomeStack, setupComplete:true
03-19 14:38:14.739 22817 22817 I GoogleInputMethod: onFinishInput() : Dummy InputConnection bound
03-19 14:38:14.740 22817 22817 I GoogleInputMethod: onStartInput() : Dummy InputConnection bound
03-19 14:38:14.780  2649  2649 E NotificationService: Suppressing notification from package by user request.
03-19 14:38:14.793 12021 12021 W SessionLifecycleManager: Handover failed. Creating new session controller.
03-19 14:38:14.798  2649  2678 I ActivityManager: Killing 27944:com.android.printspooler/u0a119 (adj 906): empty #13
03-19 14:38:14.808  2649  4630 D ActivityManager: cleanUpApplicationRecord -- 27944
03-19 14:38:14.812  2649  4629 I WindowManager: Destroying surface Surface(name=com.google.android.deskclock/com.android.deskclock.DeskClock) called by com.android.server.wm.WindowStateAnimator.destroySurface:2067 com.android.server.wm.WindowStateAnimator.destroySurfaceLocked:896 com.android.server.wm.WindowState.removeLocked:1457 com.android.server.wm.WindowManagerService.removeWindowInnerLocked:2546 com.android.server.wm.WindowManagerService.removeWindowLocked:2504 com.android.server.wm.WindowManagerService.removeWindowLocked:2373 com.android.server.wm.WindowManagerService.removeWindow:2364 com.android.server.wm.Session.remove:193 
03-19 14:38:14.823 12021 12021 I OptInState: There is a new client and it does not support opt-in. Dropping request.
03-19 14:38:14.842 12021 27683 V ConnectivityManager: isActiveNetworkMetered() returns:false
03-19 14:38:14.849 12021 27683 V ConnectivityManager: isActiveNetworkMetered() returns:false
03-19 14:38:14.849  2649  2659 I chatty  : uid=1000(system) HeapTaskDaemon expire 1 line
03-19 14:38:14.851 12021 28374 W LocationOracle: No location history returned by ContextManager
03-19 14:38:14.880 12021 12021 I MicroDetectionWorker: #startMicroDetector [speakerMode: 0]
03-19 14:38:14.882 12021 12021 I AudioController: Created new AudioSource
03-19 14:38:14.896 12021 12021 I BgTaskExecutorImpl: Starting EXCLUSIVE background task update_searchnow_bootstrap_data.
03-19 14:38:14.902 12021 12021 I MicroDetectionWorker: onReady
03-19 14:38:14.903  3505 28653 W ctxmgr  : [AclManager]No 3 for (accnt=account#-517948760#, com.google.android.gms(10033):UserVelocityProducer, vrsn=12221438, 0, 3pPkg = null ,  3pMdlId = null ,  pid = 3505). Was: 3 for 1, account#-517948760#
03-19 14:38:14.913 12021 12021 W NowEndstateTracker: Trying to delete an endstate 1970040559223420407 that does not exist
03-19 14:38:14.929 12021 27430 I MicroRecognitionRunner: Starting detection.
03-19 14:38:14.930 12021 12021 I SNBWorker: Updating bootstrap data
03-19 14:38:14.930 12021 27684 I MicrophoneInputStream: mic_starting  SR : 16000 CC : 16 SO : 1999
03-19 14:38:14.933  1955 28701 I AudioFlinger: AudioFlinger's thread 0xaab030c0 ready to run
03-19 14:38:14.946  1955 28701 D audio_hw_primary: in_set_parameters: enter: kvpairs=input_source=6;routing=-2147483644
03-19 14:38:14.947  1955  2242 D APM_AudioPolicyManager: AudioPolicyManager::startInput() input source = 1999
03-19 14:38:14.948 12021 27684 I MicrophoneInputStream: mic_started  SR : 16000 CC : 16 SO : 1999
03-19 14:38:14.958  1955 28701 V msm8974_platform: platform_update_usecase_from_source: input source :6
03-19 14:38:14.958  1955 28701 V msm8974_platform: platform_get_input_snd_device: enter: out_device(0) in_device(0x4) channel_count (1) channel_mask (0x10)
03-19 14:38:14.958  1955 28701 V msm8974_platform: platform_get_input_snd_device: exit: in_snd_device(voice-rec-mic)
03-19 14:38:14.958  1955 28701 E audio_route: unable to find path 'set-capture-format-default'
03-19 14:38:14.958  1955 28701 V msm8974_platform: platform_send_audio_calibration: sending audio calibration for snd_device(107) acdb_id(62)
03-19 14:38:14.958  1955 28701 D ACDB-LOADER: ACDB -> send_audio_cal, acdb_id = 62, path = 1, app id = 0x11130, sample rate = 48000
03-19 14:38:14.958  1955 28701 D ACDB-LOADER: ACDB -> send_asm_topology
03-19 14:38:14.958  1955 28701 D ACDB-LOADER: ACDB -> ACDB_CMD_GET_AUDPROC_STREAM_TOPOLOGY_ID
03-19 14:38:14.958  1955 28701 D ACDB-LOADER: ACDB -> send_adm_topology
03-19 14:38:14.958  1955 28701 D ACDB-LOADER: ACDB -> ACDB_CMD_GET_AUDPROC_COMMON_TOPOLOGY_ID
03-19 14:38:14.958  1955 28701 D ACDB-LOADER: ACDB -> send_audtable
03-19 14:38:14.958  1955 28701 D ACDB-LOADER: ACDB -> ACDB_CMD_GET_AUDPROC_COMMON_TABLE_SIZE
03-19 14:38:14.958  1955 28701 D         : ACDBFILE_MGR:Read the devices count as zero, please check the acdb file
03-19 14:38:14.958  1955 28701 D         : Failed to fetch the lookup information of the device 0000003E 
03-19 14:38:14.958  1955 28701 E ACDB-LOADER: Error: ACDB_CMD_GET_AUDPROC_COMMON_TABLE_SIZE Returned = -19
03-19 14:38:14.958  1955 28701 D ACDB-LOADER: ACDB -> ACDB_CMD_GET_AUDPROC_COMMON_TABLE
03-19 14:38:14.958  1955 28701 D         : ACDBFILE_MGR:Read the devices count as zero, please check the acdb file
03-19 14:38:14.958  1955 28701 D         : Failed to fetch the lookup information of the device 0000003E 
03-19 14:38:14.958  1955 28701 D ACDB-LOADER: ACDB -> AUDIO_SET_AUDPROC_CAL
03-19 14:38:14.958  1955 28701 D ACDB-LOADER: ACDB -> send_audvoltable
03-19 14:38:14.958  1955 28701 D ACDB-LOADER: ACDB -> ACDB_CMD_GET_AUDPROC_GAIN_DEP_STEP_TABLE, vol index 0
03-19 14:38:14.958  1955 28701 D         : ACDBFILE_MGR:Read the devices count as zero, please check the acdb file
03-19 14:38:14.958  1955 28701 D         : Failed to fetch the lookup information of the device 0000003E 
03-19 14:38:14.958  1955 28701 D ACDB-LOADER: ACDB -> AUDIO_SET_VOL_CAL cal type = 12
03-19 14:38:14.958  1955 28701 D ACDB-LOADER: ACDB -> send_audstrmtable
03-19 14:38:14.958  1955 28701 D ACDB-LOADER: ACDB -> ACDB_CMD_GET_AUDPROC_STREAM_TABLE_V2
03-19 14:38:14.958  1955 28701 D ACDB-LOADER: ACDB -> audstrm_cal->cal_type.cal_data.cal_size = 456
03-19 14:38:14.958  1955 28701 D ACDB-LOADER: ACDB -> send_afe_topology
03-19 14:38:14.958  1955 28701 D ACDB-LOADER: ACDB -> ACDB_CMD_GET_AFE_TOPOLOGY_ID
03-19 14:38:14.958  1955 28701 D ACDB-LOADER: ACDB -> GET_AFE_TOPOLOGY_ID for adcd_id 62, Topology Id 112fb
03-19 14:38:14.958  1955 28701 D ACDB-LOADER: ACDB -> send_afe_cal
03-19 14:38:14.958  1955 28701 D ACDB-LOADER: ACDB -> ACDB_CMD_GET_AFE_COMMON_TABLE
03-19 14:38:14.958  1955 28701 D         : ACDBFILE_MGR:Read the devices count as zero, please check the acdb file
03-19 14:38:14.958  1955 28701 D         : Failed to fetch the lookup information of the device 0000003E 
03-19 14:38:14.958  1955 28701 D ACDB-LOADER: ACDB -> AUDIO_SET_AFE_CAL
03-19 14:38:14.958  1955 28701 D ACDB-LOADER: ACDB -> send_hw_delay : acdb_id = 62 path = 1
03-19 14:38:14.958  1955 28701 D ACDB-LOADER: ACDB -> ACDB_AVSYNC_INFO: ACDB_CMD_GET_DEVICE_PROPERTY
03-19 14:38:14.958  1955 28701 D audio_hw_primary: enable_snd_device: snd_device(107: voice-rec-mic)
03-19 14:38:14.962  1955 28701 D audio_hw_primary: enable_audio_route: apply and update mixer path: audio-record
03-19 14:38:14.963  1955 28701 I audio_hw_utils: audio_extn_utils_send_app_type_cfg PLAYBACK app_type 69936, acdb_dev_id 62, sample_rate 48000
03-19 14:38:14.991  2649  2662 I chatty  : uid=1000(system) Binder:2649_2 expire 5 lines
03-19 14:38:15.000 12021 24150 W TabTreeCopier: Card found with UNKNOWN_TAB, Entry Type 155
03-19 14:38:15.001  3505  7425 I PlaceInferenceEngine: [anon] Changed inference mode: 0
03-19 14:38:15.004 12021 24150 W TabTreeCopier: Card found with UNKNOWN_TAB, Entry Type 143
03-19 14:38:15.062  3505  3704 E ctxmgr  : [WorkInfo]Attribution was already enqueued pkg=com.google.android.gms, lbl=PlacesProducer_receive, start=unspec, stop=unspec.
03-19 14:38:15.068  3505 28653 E ctxmgr  : [WorkManager]Ongoing task not found: PlacesProducer_receive
03-19 14:38:15.082  3505  7425 I Places  : ?: PlacesBleScanner start() with priority 2
03-19 14:38:15.082  3505  7425 I PlaceInferenceEngine: [anon] Changed inference mode: 1
03-19 14:38:15.102  3505  3505 I BeaconBle: Client requested scan, settings=BleSettings [scanMode=ZERO_POWER, callbackType=ALL_MATCHES, reportDelayMillis=0, 1 filters, 0 clients, callingClientName=Places]
03-19 14:38:15.106  3505  7425 I Places  : Converted 0 out of 22 WiFi scans
03-19 14:38:15.112  3505  3505 I BeaconBle: ZERO_POWER is disabled.
03-19 14:38:15.112  3505  3505 I BeaconBle: 'L' hardware scan: scan stopped, no powered clients
03-19 14:38:15.129  3505 25002 I PlaceInferenceEngine: No beacon scan available - ignoring candidates.
03-19 14:38:15.196  2093  2093 I MSM-irqbalance: Decided to move IRQ18 from CPU2 [P:0] to CPU6 [P:1] (banned)
03-19 14:38:15.196  2093  2093 I MSM-irqbalance: Decided to move IRQ18 from CPU1 [P:0] to CPU7 [P:1] (banned)
03-19 14:38:15.197  2093  2093 I MSM-irqbalance: Decided to move IRQ18 from CPU0 [P:0] to CPU4 [P:1] (banned)
03-19 14:38:15.197  2093  2093 I MSM-irqbalance: Decided to move IRQ18 from CPU3 [P:0] to CPU5 [P:1] (banned)
03-19 14:38:15.257  3505 28703 W ctxmgr  : [AclManager]No 2 for (accnt=account#-517948760#, com.google.android.gms(10033):PlacesProducer, vrsn=12221000, 0, 3pPkg = null ,  3pMdlId = null ,  pid = 3505). Was: 3 for 18, account#-517948760#
03-19 14:38:15.261  3653  3707 W OpenGLRenderer: Incorrectly called buildLayer on View: ShortcutAndWidgetContainer, destroying layer...
03-19 14:38:15.261  3653  3707 W OpenGLRenderer: Incorrectly called buildLayer on View: ShortcutAndWidgetContainer, destroying layer...
03-19 14:38:15.442 28683 28698 D TestExecutor: Adding listener android.support.test.internal.runner.listener.LogRunListener
