03-19 19:49:04.994   468   483 D vold    : Remounting 10668 as mode read
03-19 19:49:05.004  2649  2966 I chatty  : uid=1000(system) VoldConnector expire 10 lines
03-19 19:49:05.275  2649  4629 I chatty  : uid=1000(system) Binder:2649_10 expire 12 lines
03-19 19:49:05.686   468   483 D vold    : Remounting 10668 as mode write
03-19 19:49:11.677  2649  2662 I chatty  : uid=1000(system) Binder:2649_2 expire 14 lines
03-19 19:49:12.218   587   643 I chatty  : uid=1000(system) EventThread expire 10 lines
03-19 19:49:12.875  2649  3645 I chatty  : uid=1000(system) Binder:2649_C expire 11 lines
03-19 19:49:35.972  2649  5517 I chatty  : uid=1000(system) Binder:2649_14 expire 10 lines
03-19 19:49:38.407   468   483 D vold    : Remounting 10668 as mode read
03-19 19:49:39.075   468   483 D vold    : Remounting 10668 as mode write
03-19 19:49:41.149  2649  3635 I chatty  : uid=1000(system) Binder:2649_A expire 11 lines
03-19 19:50:51.782  2649  2681 I chatty  : uid=1000(system) batterystats-sy expire 2 lines
03-19 19:52:10.067  2649  4628 I chatty  : uid=1000(system) Binder:2649_F expire 21 lines
03-19 19:53:48.989  2649  2678 I chatty  : uid=1000(system) ActivityManager expire 11 lines
03-19 19:53:49.312  2649  2740 I chatty  : uid=1000(system) PackageManager expire 10 lines
03-19 19:53:49.391 13803 13803 W ContextImpl: Calling a method in the system process without a qualified user: android.app.ContextImpl.startService:1357 android.content.ContextWrapper.startService:613 android.content.ContextWrapper.startService:613 com.android.keychain.KeyChainBroadcastReceiver.onReceive:12 android.app.ActivityThread.handleReceiver:3032 
03-19 19:53:49.501  2649  3593 I chatty  : uid=1000(system) Binder:2649_7 expire 12 lines
03-19 19:53:49.652  2649  4631 I chatty  : uid=1000(system) Binder:2649_12 expire 10 lines
03-19 19:53:49.753  2649  3092 I chatty  : uid=1000(system) Binder:2649_4 expire 10 lines
03-19 19:53:49.837 13803 13803 W ContextImpl: Calling a method in the system process without a qualified user: android.app.ContextImpl.startService:1357 android.content.ContextWrapper.startService:613 android.content.ContextWrapper.startService:613 com.android.keychain.KeyChainBroadcastReceiver.onReceive:12 android.app.ActivityThread.handleReceiver:3032 
03-19 19:53:54.598  2649  3034 I chatty  : uid=1000(system) Binder:2649_3 expire 11 lines
03-19 19:54:08.993  2649  4648 I chatty  : uid=1000(system) Binder:2649_13 expire 14 lines
03-19 19:54:09.584  2649  3095 I chatty  : uid=1000(system) Binder:2649_5 expire 17 lines
03-19 19:54:15.072  2649  4610 I chatty  : uid=1000(system) Binder:2649_D expire 12 lines
03-19 19:54:15.135  2649  3347 I chatty  : uid=1000(system) Binder:2649_6 expire 13 lines
03-19 19:54:15.136  2649  3595 I chatty  : uid=1000(system) Binder:2649_8 expire 11 lines
03-19 19:54:15.139  2649  2988 I chatty  : uid=1000(system) ConnectivitySer expire 10 lines
03-19 19:54:17.467   468   483 D vold    : Remounting 10668 as mode read
03-19 19:54:18.145   468   483 D vold    : Remounting 10668 as mode write
03-19 19:54:20.217  2649  3640 I chatty  : uid=1000(system) Binder:2649_B expire 11 lines
03-19 19:54:24.423  2649  3615 I chatty  : uid=1000(system) Binder:2649_9 expire 12 lines
03-19 19:54:25.305  2649  2714 I chatty  : uid=1000(system) android.display expire 10 lines
03-19 19:54:39.131   587   587 I chatty  : uid=1000(system) /system/bin/surfaceflinger expire 11 lines
03-19 19:54:47.876  2649  2649 I chatty  : uid=1000 system_server expire 11 lines
03-19 19:54:51.171   468   483 D vold    : Remounting 10668 as mode read
03-19 19:54:51.842   468   483 D vold    : Remounting 10668 as mode write
03-19 19:55:14.813  2649  4624 I chatty  : uid=1000(system) Binder:2649_E expire 10 lines
03-19 19:55:14.842  2649  4630 I chatty  : uid=1000(system) Binder:2649_11 expire 12 lines
03-19 19:55:18.128   468   483 D vold    : Remounting 10668 as mode read
03-19 19:55:18.799   468   483 D vold    : Remounting 10668 as mode write
03-19 19:55:20.872  2649  4631 I chatty  : uid=1000(system) Binder:2649_12 expire 14 lines
03-19 19:55:21.130  2649  4610 I chatty  : uid=1000(system) Binder:2649_D expire 16 lines
03-19 19:55:21.913  2649  3034 I chatty  : uid=1000(system) Binder:2649_3 expire 13 lines
03-19 19:55:22.083  2649  3635 I chatty  : uid=1000(system) Binder:2649_A expire 13 lines
03-19 19:56:10.704  2649  2956 I chatty  : uid=1000(system) UEventObserver expire 12 lines
03-19 19:56:29.103 15230 15230 D ActivityThread: Loading provider com.google.android.gm.sapi: com.google.android.gm.sapi.SapiUiProvider
03-19 19:56:57.602  2649  3635 I chatty  : uid=1000(system) Binder:2649_A expire 12 lines
03-19 19:56:57.651 15324 15324 W ContextImpl: Calling a method in the system process without a qualified user: android.app.ContextImpl.startService:1357 android.content.ContextWrapper.startService:613 android.content.ContextWrapper.startService:613 com.android.keychain.KeyChainBroadcastReceiver.onReceive:12 android.app.ActivityThread.handleReceiver:3032 
03-19 19:56:57.667  2649  2678 I chatty  : uid=1000(system) ActivityManager expire 20 lines
03-19 19:56:57.768  2649  3593 I chatty  : uid=1000(system) Binder:2649_7 expire 14 lines
03-19 19:56:57.802  2649  2676 I chatty  : uid=1000(system) android.bg expire 10 lines
03-19 19:56:58.129 15324 15324 W ContextImpl: Calling a method in the system process without a qualified user: android.app.ContextImpl.startService:1357 android.content.ContextWrapper.startService:613 android.content.ContextWrapper.startService:613 com.android.keychain.KeyChainBroadcastReceiver.onReceive:12 android.app.ActivityThread.handleReceiver:3032 
03-19 19:56:58.174   587   643 I chatty  : uid=1000(system) EventThread expire 18 lines
03-19 19:57:02.877  2649  2740 I chatty  : uid=1000(system) PackageManager expire 22 lines
03-19 19:57:04.575  2649  2661 I chatty  : uid=1000(system) Binder:2649_1 expire 10 lines
03-19 19:57:14.958  2649  5517 I chatty  : uid=1000(system) Binder:2649_14 expire 11 lines
03-19 19:57:21.772   468   483 D vold    : Remounting 10668 as mode read
03-19 19:57:21.780  2649  2966 I chatty  : uid=1000(system) VoldConnector expire 12 lines
03-19 19:57:22.439  2649  4624 I chatty  : uid=1000(system) Binder:2649_E expire 16 lines
03-19 19:57:22.439   468   483 D vold    : Remounting 10668 as mode write
03-19 19:57:24.488  2649  3645 I chatty  : uid=1000(system) Binder:2649_C expire 18 lines
03-19 19:57:29.458  2649  2662 I chatty  : uid=1000(system) Binder:2649_2 expire 10 lines
03-19 19:57:33.418  2649  4628 I chatty  : uid=1000(system) Binder:2649_F expire 10 lines
03-19 19:58:35.042 16241 16241 W ContextImpl: Calling a method in the system process without a qualified user: android.app.ContextImpl.startService:1357 android.content.ContextWrapper.startService:613 android.content.ContextWrapper.startService:613 com.android.keychain.KeyChainBroadcastReceiver.onReceive:12 android.app.ActivityThread.handleReceiver:3032 
03-19 19:58:35.344  2649  3092 I chatty  : uid=1000(system) Binder:2649_4 expire 14 lines
03-19 19:58:35.436  2649  4629 I chatty  : uid=1000(system) Binder:2649_10 expire 15 lines
03-19 19:58:35.487 16241 16241 W ContextImpl: Calling a method in the system process without a qualified user: android.app.ContextImpl.startService:1357 android.content.ContextWrapper.startService:613 android.content.ContextWrapper.startService:613 com.android.keychain.KeyChainBroadcastReceiver.onReceive:12 android.app.ActivityThread.handleReceiver:3032 
03-19 19:58:51.073  2649  3347 I chatty  : uid=1000(system) Binder:2649_6 expire 16 lines
03-19 19:58:51.251  2649  2714 I chatty  : uid=1000(system) android.display expire 14 lines
03-19 19:58:59.012   468   483 D vold    : Remounting 10668 as mode read
03-19 19:58:59.678   468   483 D vold    : Remounting 10668 as mode write
03-19 19:59:04.619   587   587 I chatty  : uid=1000(system) /system/bin/surfaceflinger expire 27 lines
03-19 20:01:11.326 17152 17152 W ContextImpl: Calling a method in the system process without a qualified user: android.app.ContextImpl.startService:1357 android.content.ContextWrapper.startService:613 android.content.ContextWrapper.startService:613 com.android.keychain.KeyChainBroadcastReceiver.onReceive:12 android.app.ActivityThread.handleReceiver:3032 
03-19 20:01:11.345  2649  3635 I chatty  : uid=1000(system) Binder:2649_A expire 11 lines
03-19 20:01:11.689  2649  3593 I chatty  : uid=1000(system) Binder:2649_7 expire 11 lines
03-19 20:01:11.746 17152 17152 W ContextImpl: Calling a method in the system process without a qualified user: android.app.ContextImpl.startService:1357 android.content.ContextWrapper.startService:613 android.content.ContextWrapper.startService:613 com.android.keychain.KeyChainBroadcastReceiver.onReceive:12 android.app.ActivityThread.handleReceiver:3032 
03-19 20:01:18.507  2649  4630 I chatty  : uid=1000(system) Binder:2649_11 expire 11 lines
03-19 20:01:23.558  2649  4610 I chatty  : uid=1000(system) Binder:2649_D expire 14 lines
03-19 20:01:27.454  2649  3092 I chatty  : uid=1000(system) Binder:2649_4 expire 12 lines
03-19 20:01:28.107  2649  2740 I chatty  : uid=1000(system) PackageManager expire 10 lines
03-19 20:01:33.051  2649  2678 I chatty  : uid=1000(system) ActivityManager expire 12 lines
03-19 20:01:33.172  2649  5517 I chatty  : uid=1000(system) Binder:2649_14 expire 10 lines
03-19 20:01:33.266  2649  3034 I chatty  : uid=1000(system) Binder:2649_3 expire 14 lines
03-19 20:01:33.280  2649  4648 I chatty  : uid=1000(system) Binder:2649_13 expire 15 lines
03-19 20:01:33.907  2649  3615 I chatty  : uid=1000(system) Binder:2649_9 expire 15 lines
03-19 20:01:35.548  2649  3640 I chatty  : uid=1000(system) Binder:2649_B expire 12 lines
03-19 20:01:35.549   468   483 D vold    : Remounting 10668 as mode read
03-19 20:01:36.217   468   483 D vold    : Remounting 10668 as mode write
03-19 20:01:38.291  2649  4631 I chatty  : uid=1000(system) Binder:2649_12 expire 15 lines
03-19 20:02:06.704  2649  2661 I chatty  : uid=1000(system) Binder:2649_1 expire 20 lines
03-19 20:02:09.219   468   483 D vold    : Remounting 10668 as mode read
03-19 20:02:09.898   468   483 D vold    : Remounting 10668 as mode write
03-19 20:02:13.054  2649  3595 I chatty  : uid=1000(system) Binder:2649_8 expire 15 lines
03-19 20:04:11.692  2649  3095 I chatty  : uid=1000(system) Binder:2649_5 expire 12 lines
03-19 20:07:15.946  2649 18357 I chatty  : uid=1000 system_server expire 1 line
03-19 20:07:16.256 18360 18360 W ContextImpl: Calling a method in the system process without a qualified user: android.app.ContextImpl.startService:1357 android.content.ContextWrapper.startService:613 android.content.ContextWrapper.startService:613 com.android.keychain.KeyChainBroadcastReceiver.onReceive:12 android.app.ActivityThread.handleReceiver:3032 
03-19 20:07:16.726 18360 18360 W ContextImpl: Calling a method in the system process without a qualified user: android.app.ContextImpl.startService:1357 android.content.ContextWrapper.startService:613 android.content.ContextWrapper.startService:613 com.android.keychain.KeyChainBroadcastReceiver.onReceive:12 android.app.ActivityThread.handleReceiver:3032 
03-19 20:07:23.443  2649  3347 I chatty  : uid=1000(system) Binder:2649_6 expire 14 lines
03-19 20:07:28.895  2649  4630 I chatty  : uid=1000(system) Binder:2649_11 expire 15 lines
03-19 20:07:32.907   587   643 I chatty  : uid=1000(system) EventThread expire 14 lines
03-19 20:07:33.526  2649  2678 I chatty  : uid=1000(system) ActivityManager expire 11 lines
03-19 20:07:33.825  2649  4610 I chatty  : uid=1000(system) Binder:2649_D expire 12 lines
03-19 20:07:34.397  2649  2649 I chatty  : uid=1000 system_server expire 10 lines
03-19 20:07:37.434  2649  2988 I chatty  : uid=1000(system) ConnectivitySer expire 13 lines
03-19 20:07:38.167  2649  3593 I chatty  : uid=1000(system) Binder:2649_7 expire 11 lines
03-19 20:07:38.625  2649  5517 I chatty  : uid=1000(system) Binder:2649_14 expire 10 lines
03-19 20:07:39.207  2649  4624 I chatty  : uid=1000(system) Binder:2649_E expire 12 lines
03-19 20:07:40.656  2649  2662 I chatty  : uid=1000(system) Binder:2649_2 expire 12 lines
03-19 20:07:40.657   468   483 D vold    : Remounting 10668 as mode read
03-19 20:07:41.329   468   483 D vold    : Remounting 10668 as mode write
03-19 20:07:47.607  2649  4628 I chatty  : uid=1000(system) Binder:2649_F expire 17 lines
03-19 20:07:48.512  2649  2714 I chatty  : uid=1000(system) android.display expire 11 lines
03-19 20:07:51.460   587   587 I chatty  : uid=1000(system) /system/bin/surfaceflinger expire 10 lines
03-19 20:08:12.622  2649  2956 I chatty  : uid=1000(system) UEventObserver expire 10 lines
03-19 20:08:14.337   468   483 D vold    : Remounting 10668 as mode read
03-19 20:08:15.014   468   483 D vold    : Remounting 10668 as mode write
03-19 20:08:18.147  2649  4631 I chatty  : uid=1000(system) Binder:2649_12 expire 17 lines
03-19 20:08:19.443 18971 18986 E AndroidRuntime: FATAL EXCEPTION: Instr: android.support.test.runner.AndroidJUnitRunner
03-19 20:08:19.443 18971 18986 E AndroidRuntime: Process: io.appium.uiautomator2.server, PID: 18971
03-19 20:08:19.443 18971 18986 E AndroidRuntime: java.lang.IllegalStateException: UiAutomation not connected!
03-19 20:08:19.443 18971 18986 E AndroidRuntime: 	at android.app.UiAutomation.throwIfNotConnectedLocked(UiAutomation.java:1034)
03-19 20:08:19.443 18971 18986 E AndroidRuntime: 	at android.app.UiAutomation.disconnect(UiAutomation.java:275)
03-19 20:08:19.443 18971 18986 E AndroidRuntime: 	at android.app.Instrumentation.finish(Instrumentation.java:232)
03-19 20:08:19.443 18971 18986 E AndroidRuntime: 	at android.support.test.runner.MonitoringInstrumentation.finish(MonitoringInstrumentation.java:277)
03-19 20:08:19.443 18971 18986 E AndroidRuntime: 	at android.support.test.runner.AndroidJUnitRunner.finish(AndroidJUnitRunner.java:282)
03-19 20:08:19.443 18971 18986 E AndroidRuntime: 	at android.support.test.runner.AndroidJUnitRunner.onStart(AndroidJUnitRunner.java:271)
03-19 20:08:19.443 18971 18986 E AndroidRuntime: 	at android.app.Instrumentation$InstrumentationThread.run(Instrumentation.java:2022)
03-19 20:08:19.460  2649 19449 I chatty  : uid=1000 system_server expire 1 line
03-19 20:09:16.432  2649  2740 I chatty  : uid=1000(system) PackageManager expire 15 lines
03-19 20:09:16.509 19461 19461 W ContextImpl: Calling a method in the system process without a qualified user: android.app.ContextImpl.startService:1357 android.content.ContextWrapper.startService:613 android.content.ContextWrapper.startService:613 com.android.keychain.KeyChainBroadcastReceiver.onReceive:12 android.app.ActivityThread.handleReceiver:3032 
03-19 20:09:17.008 19461 19461 W ContextImpl: Calling a method in the system process without a qualified user: android.app.ContextImpl.startService:1357 android.content.ContextWrapper.startService:613 android.content.ContextWrapper.startService:613 com.android.keychain.KeyChainBroadcastReceiver.onReceive:12 android.app.ActivityThread.handleReceiver:3032 
03-19 20:09:21.730  2649  3635 I chatty  : uid=1000(system) Binder:2649_A expire 12 lines
03-19 20:09:23.583  2649  3593 I chatty  : uid=1000(system) Binder:2649_7 expire 17 lines
03-19 20:09:23.760  2649  3595 I chatty  : uid=1000(system) Binder:2649_8 expire 15 lines
03-19 20:09:32.688  2649  3034 I chatty  : uid=1000(system) Binder:2649_3 expire 10 lines
03-19 20:09:33.625  2649  3092 I chatty  : uid=1000(system) Binder:2649_4 expire 10 lines
03-19 20:09:38.351  2649  3615 I chatty  : uid=1000(system) Binder:2649_9 expire 13 lines
03-19 20:09:38.353  2649  2678 I chatty  : uid=1000(system) ActivityManager expire 19 lines
03-19 20:09:38.995  2649  2661 I chatty  : uid=1000(system) Binder:2649_1 expire 17 lines
03-19 20:09:40.875   468   483 D vold    : Remounting 10668 as mode read
03-19 20:09:40.885  2649  2966 I chatty  : uid=1000(system) VoldConnector expire 10 lines
03-19 20:09:41.547   468   483 D vold    : Remounting 10668 as mode write
03-19 20:09:43.618  2649  4629 I chatty  : uid=1000(system) Binder:2649_10 expire 18 lines
03-19 20:09:46.477  2649  3640 I chatty  : uid=1000(system) Binder:2649_B expire 10 lines
03-19 20:09:47.829  2649  3645 I chatty  : uid=1000(system) Binder:2649_C expire 16 lines
03-19 20:10:14.594   468   483 D vold    : Remounting 10668 as mode read
03-19 20:10:15.274   468   483 D vold    : Remounting 10668 as mode write
03-19 20:10:17.991  2649  3095 I chatty  : uid=1000(system) Binder:2649_5 expire 12 lines
03-19 20:10:18.460   587   587 I chatty  : uid=1000(system) /system/bin/surfaceflinger expire 12 lines
03-19 20:10:19.446  2649  4628 I chatty  : uid=1000(system) Binder:2649_F expire 10 lines
03-19 20:10:19.561 20154 20169 E AndroidRuntime: FATAL EXCEPTION: Instr: android.support.test.runner.AndroidJUnitRunner
03-19 20:10:19.561 20154 20169 E AndroidRuntime: Process: io.appium.uiautomator2.server, PID: 20154
03-19 20:10:19.561 20154 20169 E AndroidRuntime: java.lang.RuntimeException: Error while disconnecting UiAutomation
03-19 20:10:19.561 20154 20169 E AndroidRuntime: 	at android.app.UiAutomation.disconnect(UiAutomation.java:282)
03-19 20:10:19.561 20154 20169 E AndroidRuntime: 	at android.app.Instrumentation.finish(Instrumentation.java:232)
03-19 20:10:19.561 20154 20169 E AndroidRuntime: 	at android.support.test.runner.MonitoringInstrumentation.finish(MonitoringInstrumentation.java:277)
03-19 20:10:19.561 20154 20169 E AndroidRuntime: 	at android.support.test.runner.AndroidJUnitRunner.finish(AndroidJUnitRunner.java:282)
03-19 20:10:19.561 20154 20169 E AndroidRuntime: 	at android.support.test.runner.AndroidJUnitRunner.onStart(AndroidJUnitRunner.java:271)
03-19 20:10:19.561 20154 20169 E AndroidRuntime: 	at android.app.Instrumentation$InstrumentationThread.run(Instrumentation.java:2022)
03-19 20:10:19.561 20154 20169 E AndroidRuntime: Caused by: android.os.DeadObjectException
03-19 20:10:19.561 20154 20169 E AndroidRuntime: 	at android.os.BinderProxy.transactNative(Native Method)
03-19 20:10:19.561 20154 20169 E AndroidRuntime: 	at android.os.BinderProxy.transact(Binder.java:615)
03-19 20:10:19.561 20154 20169 E AndroidRuntime: 	at android.app.IUiAutomationConnection$Stub$Proxy.disconnect(IUiAutomationConnection.java:252)
03-19 20:10:19.561 20154 20169 E AndroidRuntime: 	at android.app.UiAutomation.disconnect(UiAutomation.java:280)
03-19 20:10:19.561 20154 20169 E AndroidRuntime: 	... 5 more
03-19 20:10:19.590  2649 20674 I chatty  : uid=1000 system_server expire 1 line
03-19 20:13:46.666 20756 20756 W ContextImpl: Calling a method in the system process without a qualified user: android.app.ContextImpl.startService:1357 android.content.ContextWrapper.startService:613 android.content.ContextWrapper.startService:613 com.android.keychain.KeyChainBroadcastReceiver.onReceive:12 android.app.ActivityThread.handleReceiver:3032 
03-19 20:13:47.142 20756 20756 W ContextImpl: Calling a method in the system process without a qualified user: android.app.ContextImpl.startService:1357 android.content.ContextWrapper.startService:613 android.content.ContextWrapper.startService:613 com.android.keychain.KeyChainBroadcastReceiver.onReceive:12 android.app.ActivityThread.handleReceiver:3032 
03-19 20:13:53.660  2649  3640 I chatty  : uid=1000(system) Binder:2649_B expire 13 lines
03-19 20:14:03.190  2649  2714 I chatty  : uid=1000(system) android.display expire 11 lines
03-19 20:14:03.626  2649  2740 I chatty  : uid=1000(system) PackageManager expire 10 lines
03-19 20:14:03.628  2649  4624 I chatty  : uid=1000(system) Binder:2649_E expire 10 lines
03-19 20:14:07.809  2649  2661 I chatty  : uid=1000(system) Binder:2649_1 expire 15 lines
03-19 20:14:07.815  2649  4630 I chatty  : uid=1000(system) Binder:2649_11 expire 13 lines
03-19 20:14:08.604  2649  3347 I chatty  : uid=1000(system) Binder:2649_6 expire 19 lines
03-19 20:14:08.728  2649  4648 I chatty  : uid=1000(system) Binder:2649_13 expire 14 lines
03-19 20:14:11.120   468   483 D vold    : Remounting 10668 as mode read
03-19 20:14:11.833   468   483 D vold    : Remounting 10668 as mode write
03-19 20:14:13.366  2649  2662 I chatty  : uid=1000(system) Binder:2649_2 expire 15 lines
03-19 20:14:44.815   468   483 D vold    : Remounting 10668 as mode read
03-19 20:14:47.345   468   483 D vold    : Remounting 10668 as mode write
03-19 20:15:54.794  2649 21841 I chatty  : uid=1000 system_server expire 1 line
03-19 20:15:55.159 21843 21843 W ContextImpl: Calling a method in the system process without a qualified user: android.app.ContextImpl.startService:1357 android.content.ContextWrapper.startService:613 android.content.ContextWrapper.startService:613 com.android.keychain.KeyChainBroadcastReceiver.onReceive:12 android.app.ActivityThread.handleReceiver:3032 
03-19 20:15:55.163  2649  2678 I chatty  : uid=1000(system) ActivityManager expire 18 lines
03-19 20:15:55.587 21843 21843 W ContextImpl: Calling a method in the system process without a qualified user: android.app.ContextImpl.startService:1357 android.content.ContextWrapper.startService:613 android.content.ContextWrapper.startService:613 com.android.keychain.KeyChainBroadcastReceiver.onReceive:12 android.app.ActivityThread.handleReceiver:3032 
03-19 20:16:02.051  2649  4610 I chatty  : uid=1000(system) Binder:2649_D expire 17 lines
03-19 20:16:15.997  2649  4629 I chatty  : uid=1000(system) Binder:2649_10 expire 14 lines
03-19 20:16:16.735  2649  3034 I chatty  : uid=1000(system) Binder:2649_3 expire 13 lines
03-19 20:16:16.820  2649  5517 I chatty  : uid=1000(system) Binder:2649_14 expire 13 lines
03-19 20:16:17.506  2649  3092 I chatty  : uid=1000(system) Binder:2649_4 expire 12 lines
03-19 20:16:17.521  2649  4628 I chatty  : uid=1000(system) Binder:2649_F expire 10 lines
03-19 20:16:17.841  2649  3645 I chatty  : uid=1000(system) Binder:2649_C expire 12 lines
03-19 20:16:19.294   468   483 D vold    : Remounting 10668 as mode read
03-19 20:16:19.967  2649  4631 I chatty  : uid=1000(system) Binder:2649_12 expire 11 lines
03-19 20:16:19.968   468   483 D vold    : Remounting 10668 as mode write
03-19 20:16:22.036  2649  3640 I chatty  : uid=1000(system) Binder:2649_B expire 14 lines
03-19 20:16:22.753  2649  3615 I chatty  : uid=1000(system) Binder:2649_9 expire 12 lines
03-19 20:16:26.191  2649  3635 I chatty  : uid=1000(system) Binder:2649_A expire 11 lines
03-19 20:16:26.522  2649  4630 I chatty  : uid=1000(system) Binder:2649_11 expire 10 lines
03-19 20:16:45.399   587   643 I chatty  : uid=1000(system) EventThread expire 10 lines
03-19 20:16:49.442  2649  3595 I chatty  : uid=1000(system) Binder:2649_8 expire 11 lines
03-19 20:16:52.809   468   483 D vold    : Remounting 10668 as mode read
03-19 20:16:52.819  2649  2966 I chatty  : uid=1000(system) VoldConnector expire 10 lines
03-19 20:16:53.497   468   483 D vold    : Remounting 10668 as mode write
03-19 20:16:57.482   587   587 I chatty  : uid=1000(system) /system/bin/surfaceflinger expire 14 lines
03-19 20:17:00.268  2649  2956 I chatty  : uid=1000(system) UEventObserver expire 14 lines
03-19 20:18:06.173  2649 22995 I chatty  : uid=1000 system_server expire 1 line
03-19 20:18:06.420  2649  2740 I chatty  : uid=1000(system) PackageManager expire 16 lines
03-19 20:18:06.498 22997 22997 W ContextImpl: Calling a method in the system process without a qualified user: android.app.ContextImpl.startService:1357 android.content.ContextWrapper.startService:613 android.content.ContextWrapper.startService:613 com.android.keychain.KeyChainBroadcastReceiver.onReceive:12 android.app.ActivityThread.handleReceiver:3032 
03-19 20:18:07.025 22997 22997 W ContextImpl: Calling a method in the system process without a qualified user: android.app.ContextImpl.startService:1357 android.content.ContextWrapper.startService:613 android.content.ContextWrapper.startService:613 com.android.keychain.KeyChainBroadcastReceiver.onReceive:12 android.app.ActivityThread.handleReceiver:3032 
03-19 20:18:09.572  2649  3595 I chatty  : uid=1000(system) Binder:2649_8 expire 10 lines
03-19 20:18:29.699  2649  4648 I chatty  : uid=1000(system) Binder:2649_13 expire 15 lines
03-19 20:18:31.155   468   483 D vold    : Remounting 10668 as mode read
03-19 20:18:31.633  2649  2661 I chatty  : uid=1000(system) Binder:2649_1 expire 12 lines
03-19 20:18:31.859   468   483 D vold    : Remounting 10668 as mode write
03-19 20:18:38.475  2649  4631 I chatty  : uid=1000(system) Binder:2649_12 expire 10 lines
03-19 20:18:39.024  2649  2662 I chatty  : uid=1000(system) Binder:2649_2 expire 10 lines
03-19 20:18:39.039  2649  2714 I chatty  : uid=1000(system) android.display expire 18 lines
03-19 20:18:42.037   587   587 I chatty  : uid=1000(system) /system/bin/surfaceflinger expire 2 lines
03-19 20:18:43.014  2649  4630 I chatty  : uid=1000(system) Binder:2649_11 expire 20 lines
03-19 20:18:43.043  2649  2988 I chatty  : uid=1000(system) ConnectivitySer expire 11 lines
03-19 20:18:43.100  2649  2649 I chatty  : uid=1000 system_server expire 12 lines
03-19 20:18:43.836  2649  2678 I chatty  : uid=1000(system) ActivityManager expire 11 lines
03-19 20:18:46.344   468   483 D vold    : Remounting 10668 as mode read
03-19 20:18:47.035   468   483 D vold    : Remounting 10668 as mode write
03-19 20:18:49.140  2649  5517 I chatty  : uid=1000(system) Binder:2649_14 expire 19 lines
03-19 20:18:49.393  2649  3593 I chatty  : uid=1000(system) Binder:2649_7 expire 11 lines
03-19 20:18:49.562  2649  3635 I chatty  : uid=1000(system) Binder:2649_A expire 13 lines
03-19 20:18:51.107  2649  3095 I chatty  : uid=1000(system) Binder:2649_5 expire 11 lines
03-19 20:18:51.777   587   643 I chatty  : uid=1000(system) EventThread expire 2 lines
03-19 20:20:26.441 24172 24172 W ContextImpl: Calling a method in the system process without a qualified user: android.app.ContextImpl.startService:1357 android.content.ContextWrapper.startService:613 android.content.ContextWrapper.startService:613 com.android.keychain.KeyChainBroadcastReceiver.onReceive:12 android.app.ActivityThread.handleReceiver:3032 
03-19 20:20:26.506   587   587 I chatty  : uid=1000(system) /system/bin/surfaceflinger expire 2 lines
03-19 20:20:26.904 24172 24172 W ContextImpl: Calling a method in the system process without a qualified user: android.app.ContextImpl.startService:1357 android.content.ContextWrapper.startService:613 android.content.ContextWrapper.startService:613 com.android.keychain.KeyChainBroadcastReceiver.onReceive:12 android.app.ActivityThread.handleReceiver:3032 
03-19 20:20:42.848  2649  2661 I chatty  : uid=1000(system) Binder:2649_1 expire 21 lines
03-19 20:20:43.986  2649  4630 I chatty  : uid=1000(system) Binder:2649_11 expire 12 lines
03-19 20:20:49.503  2649  3095 I chatty  : uid=1000(system) Binder:2649_5 expire 10 lines
03-19 20:20:50.964   468   483 D vold    : Remounting 10668 as mode read
03-19 20:20:51.635   468   483 D vold    : Remounting 10668 as mode write
03-19 20:20:58.872  2649  3092 I chatty  : uid=1000(system) Binder:2649_4 expire 16 lines
03-19 20:20:59.124  2649  4624 I chatty  : uid=1000(system) Binder:2649_E expire 18 lines
03-19 20:21:00.830   587   643 I SFPerfTracer:      triggers: (rate: 0:0) (0 sw vsyncs) (0 skipped) (24:26493 vsyncs) (26:41816)
03-19 20:21:00.832   587   587 I SFPerfTracer:      triggers: (rate: 21:1728) (compose: 0:3) (post: 0:5) (render: 0:6) (11:23801 frames) (12:32476)
03-19 20:21:00.832   587   587 D SFPerfTracer:        layers: (4:14) (DimLayerController/Stack=0 (0xb0891000): 11:150) (StatusBar (0xb0894c00): 12:8938) (com.android.systemui.ImageWallpaper (0xb06f8400): 12:4701)* (Sprite (0xb06f9800): 0:3)* (animation background stackId=1 (0xb0892400): 0:116)* (com.android.launcher3/com.android.launcher3.GoogleNowPanel (0xb06c5c00): 0:13)- (com.android.launcher3/com.android.launcher3.GoogleNowPanel (0xb06fac00): 0:19)- (Starting io.appium.settings (0xb06f7000): 0:11)- (io.appium.settings/io.appium.settings.Settings (0xb06c5c00): 0:13)- (com.android.launcher3/com.android.launcher3.GoogleNowPanel (0xb06f7000): 0:32)- (com.android.launcher3/com.android.launcher3.GoogleNowPanel (0xb06fac00): 0:34)- (Starting us.moviemates (0xb06c5c00): 0:20)- (us.moviemates/us.moviemates.Activities.MainActivity (0xb0893800): 12:39) (com.google.android.gms/com.google.android.gms.common.account.SimpleAccountPickerActivity (0xb06c5c00): 12:20) 
03-19 20:21:08.385   587   643 I SFPerfTracer:      triggers: (rate: 0:0) (0 sw vsyncs) (0 skipped) (0:26543 vsyncs) (2:41918)
03-19 20:21:09.055   587   587 I SFPerfTracer:      triggers: (rate: 21:1731) (compose: 0:3) (post: 0:5) (render: 0:6) (3:23857 frames) (4:32576)
03-19 20:21:09.055   587   587 D SFPerfTracer:        layers: (2:10) (DimLayerController/Stack=0 (0xb0891000): 0:163)* (StatusBar (0xb0894c00): 4:9004) (com.android.systemui.ImageWallpaper (0xb06f8400): 4:4764)* (Sprite (0xb06f9800): 0:3)* (animation background stackId=1 (0xb0892400): 1:120)* (us.moviemates/us.moviemates.Activities.MainActivity (0xb0893800): 0:68)- (com.google.android.gms/com.google.android.gms.common.account.SimpleAccountPickerActivity (0xb06c5c00): 0:31)- (Starting us.moviemates (0xb06c5c00): 0:12)- (us.moviemates/us.moviemates.Activities.MoviesActivity (0xb06f7000): 0:44)- (us.moviemates/us.moviemates.Activities.ProfileActivity (0xb06c5c00): 4:8) 
03-19 20:21:10.659   587   587 I SFPerfTracer:       trigger: frame rate (-25.207%)	(44.876 fps)	(22.284 ms) 	(4 drops)	(12 frames)
03-19 20:21:10.659   587   587 I SFPerfTracer:      triggers: (rate: 22:1735) (compose: 0:3) (post: 0:5) (render: 0:6) (12:23875 frames) (13:32606)
03-19 20:21:10.659   587   587 D SFPerfTracer:        layers: (5:8) (DimLayerController/Stack=0 (0xb0891000): 4:173) (StatusBar (0xb0894c00): 7:9025) (com.android.systemui.ImageWallpaper (0xb06f8400): 7:4785)* (Sprite (0xb06f9800): 0:3)* (animation background stackId=1 (0xb0892400): 0:120)* (us.moviemates/us.moviemates.Activities.ProfileActivity (0xb06c5c00): 13:36) (us.moviemates/us.moviemates.Activities.ProfileActivity (0xb06f7000): 8:22) (InputMethod (0xb06fac00): 7:12) 
03-19 20:21:11.927   587   643 I SFPerfTracer:      triggers: (rate: 0:0) (0 sw vsyncs) (0 skipped) (16:26621 vsyncs) (18:42030)
03-19 20:21:13.128  2649  3034 I chatty  : uid=1000(system) Binder:2649_3 expire 20 lines
03-19 20:21:13.147  2649  3645 I chatty  : uid=1000(system) Binder:2649_C expire 17 lines
03-19 20:21:14.860   587   587 I SFPerfTracer:      triggers: (rate: 22:1751) (compose: 0:3) (post: 0:5) (render: 0:6) (2:23957 frames) (3:32708)
03-19 20:21:14.860   587   587 D SFPerfTracer:        layers: (5:9) (DimLayerController/Stack=0 (0xb0891000): 0:173) (StatusBar (0xb0894c00): 1:9047) (com.android.systemui.ImageWallpaper (0xb06f8400): 0:4805)* (Sprite (0xb06f9800): 0:3)* (animation background stackId=1 (0xb0892400): 0:120)* (us.moviemates/us.moviemates.Activities.ProfileActivity (0xb06c5c00): 0:56) (us.moviemates/us.moviemates.Activities.ProfileActivity (0xb06f7000): 1:107) (InputMethod (0xb06fac00): 0:37) (PopupWindow:b2619ef (0xb0893800): 0:13)- 
03-19 20:21:15.303   587   643 I SFPerfTracer:      triggers: (rate: 0:0) (0 sw vsyncs) (0 skipped) (0:26694 vsyncs) (2:42131)
03-19 20:21:21.519   587   643 I SFPerfTracer:      triggers: (rate: 0:0) (0 sw vsyncs) (0 skipped) (0:26774 vsyncs) (2:42233)
03-19 20:21:21.784  2649  4610 I chatty  : uid=1000(system) Binder:2649_D expire 10 lines
03-19 20:21:21.855   587   587 I SFPerfTracer:      triggers: (rate: 22:1751) (compose: 0:3) (post: 0:5) (render: 0:6) (4:24032 frames) (5:32811)
03-19 20:21:21.855   587   587 D SFPerfTracer:        layers: (1:11) (DimLayerController/Stack=0 (0xb0891000): 0:186)* (StatusBar (0xb0894c00): 5:9122) (com.android.systemui.ImageWallpaper (0xb06f8400): 5:4878)* (Sprite (0xb06f9800): 0:3)* (animation background stackId=1 (0xb0892400): 0:122)* (us.moviemates/us.moviemates.Activities.ProfileActivity (0xb06c5c00): 0:100)- (us.moviemates/us.moviemates.Activities.ProfileActivity (0xb06f7000): 0:110)- (InputMethod (0xb06fac00): 0:41)- (us.moviemates/us.moviemates.Activities.MoviesActivity (0xb06fac00): 0:23)- (us.moviemates/us.moviemates.Activities.ProfileActivity (0xb06c5c00): 0:24)- (com.google.android.deskclock/com.android.deskclock.DeskClock (0xb06c5c00): 3:3)* 
03-19 20:21:21.955  2649  2714 I chatty  : uid=1000(system) android.display expire 12 lines
03-19 20:21:22.604  2649  2740 I chatty  : uid=1000(system) PackageManager expire 11 lines
03-19 20:21:25.135   468   483 D vold    : Remounting 10668 as mode read
03-19 20:21:25.614  2649  3347 I chatty  : uid=1000(system) Binder:2649_6 expire 12 lines
03-19 20:21:25.852   468   483 D vold    : Remounting 10668 as mode write
03-19 20:21:30.728   587   643 I SFPerfTracer:      triggers: (rate: 0:0) (0 sw vsyncs) (0 skipped) (24:26844 vsyncs) (26:42343)
03-19 20:21:32.033   587   587 I SFPerfTracer:      triggers: (rate: 22:1754) (compose: 0:3) (post: 0:5) (render: 0:6) (10:24094 frames) (11:32912)
03-19 20:21:32.033   587   587 D SFPerfTracer:        layers: (3:11) (DimLayerController/Stack=0 (0xb0891000): 11:210) (StatusBar (0xb0894c00): 11:9202) (com.android.systemui.ImageWallpaper (0xb06f8400): 11:4958)* (Sprite (0xb06f9800): 0:3)* (animation background stackId=1 (0xb0892400): 0:124)* (com.google.android.deskclock/com.android.deskclock.DeskClock (0xb06c5c00): 0:10)- (com.android.launcher3/com.android.launcher3.GoogleNowPanel (0xb06fac00): 0:16)- (com.android.launcher3/com.android.launcher3.GoogleNowPanel (0xb06f7000): 0:17)- (Starting us.moviemates (0xb06c5c00): 0:20)- (us.moviemates/us.moviemates.Activities.MainActivity (0xb06fac00): 11:57) (com.google.android.gms/com.google.android.gms.common.account.SimpleAccountPickerActivity (0xb06c5c00): 0:31)- 
03-19 20:21:37.521  2649  2661 I chatty  : uid=1000(system) Binder:2649_1 expire 14 lines
03-19 20:21:37.998   587   643 I SFPerfTracer:      triggers: (rate: 0:0) (0 sw vsyncs) (0 skipped) (23:26908 vsyncs) (25:42467)
03-19 20:21:40.039   587   587 I SFPerfTracer:      triggers: (rate: 22:1764) (compose: 0:3) (post: 0:5) (render: 0:6) (0:24148 frames) (1:33012)
03-19 20:21:40.039   587   587 D SFPerfTracer:        layers: (5:11) (DimLayerController/Stack=0 (0xb0891000): 0:221) (StatusBar (0xb0894c00): 0:9266) (com.android.systemui.ImageWallpaper (0xb06f8400): 0:5021)* (Sprite (0xb06f9800): 0:3)* (animation background stackId=1 (0xb0892400): 0:128)* (us.moviemates/us.moviemates.Activities.MainActivity (0xb06fac00): 0:65)- (Starting us.moviemates (0xb06c5c00): 0:11)- (us.moviemates/us.moviemates.Activities.MoviesActivity (0xb06f7000): 0:47)- (us.moviemates/us.moviemates.Activities.ProfileActivity (0xb06c5c00): 0:36) (us.moviemates/us.moviemates.Activities.ProfileActivity (0xb06f7000): 1:22) (InputMethod (0xb06fac00): 0:14) 
03-19 20:21:42.377   587   643 I SFPerfTracer:      triggers: (rate: 0:0) (0 sw vsyncs) (0 skipped) (0:26980 vsyncs) (2:42569)
03-19 20:21:45.269   587   587 I SFPerfTracer:      triggers: (rate: 22:1770) (compose: 0:3) (post: 0:5) (render: 0:6) (8:24220 frames) (9:33114)
03-19 20:21:45.269   587   587 D SFPerfTracer:        layers: (2:10) (DimLayerController/Stack=0 (0xb0891000): 0:233)* (StatusBar (0xb0894c00): 9:9320) (com.android.systemui.ImageWallpaper (0xb06f8400): 9:5075)* (Sprite (0xb06f9800): 0:3)* (animation background stackId=1 (0xb0892400): 0:128)* (us.moviemates/us.moviemates.Activities.ProfileActivity (0xb06c5c00): 9:92) (us.moviemates/us.moviemates.Activities.ProfileActivity (0xb06f7000): 0:74)- (InputMethod (0xb06fac00): 0:43)- (PopupWindow:e1a5ed4 (0xb0893800): 0:9)- (us.moviemates/us.moviemates.Activities.MoviesActivity (0xb06fac00): 2:2)* 
03-19 20:21:46.312  2649  2714 I chatty  : uid=1000(system) android.display expire 12 lines
03-19 20:21:48.109   587   643 I SFPerfTracer:      triggers: (rate: 0:0) (0 sw vsyncs) (0 skipped) (16:27062 vsyncs) (18:42685)
03-19 20:21:49.273  2649  3615 I chatty  : uid=1000(system) Binder:2649_9 expire 11 lines
03-19 20:21:49.286  2649  4631 I chatty  : uid=1000(system) Binder:2649_12 expire 14 lines
03-19 20:21:49.308  2649  3640 I chatty  : uid=1000(system) Binder:2649_B expire 14 lines
03-19 20:21:49.357  2649  5517 I chatty  : uid=1000(system) Binder:2649_14 expire 11 lines
03-19 20:21:49.402  2649  2678 I chatty  : uid=1000(system) ActivityManager expire 10 lines
03-19 20:21:49.507  2649  2649 I chatty  : uid=1000 system_server expire 10 lines
03-19 20:21:50.161  2649  3635 I chatty  : uid=1000(system) Binder:2649_A expire 13 lines
03-19 20:21:51.066  2649  4610 I chatty  : uid=1000(system) Binder:2649_D expire 11 lines
03-19 20:21:52.715   468   483 D vold    : Remounting 10668 as mode read
03-19 20:21:52.726  2649  2966 I chatty  : uid=1000(system) VoldConnector expire 14 lines
03-19 20:21:53.403  2649  3595 I chatty  : uid=1000(system) Binder:2649_8 expire 10 lines
03-19 20:21:53.403   468   483 D vold    : Remounting 10668 as mode write
03-19 20:21:55.770  2649  4629 I chatty  : uid=1000(system) Binder:2649_10 expire 13 lines
03-19 20:21:56.684   587   587 I SFPerfTracer:      triggers: (rate: 22:1773) (compose: 0:3) (post: 0:5) (render: 0:6) (6:24280 frames) (7:33215)
03-19 20:21:56.684   587   587 D SFPerfTracer:        layers: (1:13) (DimLayerController/Stack=0 (0xb0891000): 0:233)* (StatusBar (0xb0894c00): 5:9388)* (com.android.systemui.ImageWallpaper (0xb06f8400): 5:5142)* (Sprite (0xb06f9800): 0:3)* (animation background stackId=1 (0xb0892400): 0:132)* (us.moviemates/us.moviemates.Activities.ProfileActivity (0xb06c5c00): 0:95)- (us.moviemates/us.moviemates.Activities.MoviesActivity (0xb06fac00): 0:26)- (us.moviemates/us.moviemates.Activities.ProfileActivity (0xb06c5c00): 0:24)- (com.google.android.deskclock/com.android.deskclock.DeskClock (0xb06c5c00): 0:10)- (com.android.launcher3/com.android.launcher3.GoogleNowPanel (0xb06fac00): 5:31)* (com.android.launcher3/com.android.launcher3.GoogleNowPanel (0xb06f7000): 5:32)* (Starting us.moviemates (0xb06c5c00): 7:20) (us.moviemates/us.moviemates.Activities.MainActivity (0xb0893800): 5:7)* 
03-19 20:21:57.673 24781 24796 E AndroidRuntime: FATAL EXCEPTION: Instr: android.support.test.runner.AndroidJUnitRunner
03-19 20:21:57.673 24781 24796 E AndroidRuntime: Process: io.appium.uiautomator2.server, PID: 24781
03-19 20:21:57.673 24781 24796 E AndroidRuntime: java.lang.IllegalStateException: UiAutomation not connected!
03-19 20:21:57.673 24781 24796 E AndroidRuntime: 	at android.app.UiAutomation.throwIfNotConnectedLocked(UiAutomation.java:1034)
03-19 20:21:57.673 24781 24796 E AndroidRuntime: 	at android.app.UiAutomation.disconnect(UiAutomation.java:275)
03-19 20:21:57.673 24781 24796 E AndroidRuntime: 	at android.app.Instrumentation.finish(Instrumentation.java:232)
03-19 20:21:57.673 24781 24796 E AndroidRuntime: 	at android.support.test.runner.MonitoringInstrumentation.finish(MonitoringInstrumentation.java:277)
03-19 20:21:57.673 24781 24796 E AndroidRuntime: 	at android.support.test.runner.AndroidJUnitRunner.finish(AndroidJUnitRunner.java:282)
03-19 20:21:57.673 24781 24796 E AndroidRuntime: 	at android.support.test.runner.AndroidJUnitRunner.onStart(AndroidJUnitRunner.java:271)
03-19 20:21:57.673 24781 24796 E AndroidRuntime: 	at android.app.Instrumentation$InstrumentationThread.run(Instrumentation.java:2022)
03-19 20:21:57.688  2649 26180 I chatty  : uid=1000 system_server expire 1 line
03-19 20:22:00.025   587   643 I SFPerfTracer:      triggers: (rate: 0:0) (0 sw vsyncs) (0 skipped) (0:27115 vsyncs) (2:42786)
03-19 20:24:06.430 26284 26284 W ContextImpl: Calling a method in the system process without a qualified user: android.app.ContextImpl.startService:1357 android.content.ContextWrapper.startService:613 android.content.ContextWrapper.startService:613 com.android.keychain.KeyChainBroadcastReceiver.onReceive:12 android.app.ActivityThread.handleReceiver:3032 
03-19 20:24:06.482  2649  2676 I chatty  : uid=1000(system) android.bg expire 10 lines
03-19 20:24:07.322 26284 26284 W ContextImpl: Calling a method in the system process without a qualified user: android.app.ContextImpl.startService:1357 android.content.ContextWrapper.startService:613 android.content.ContextWrapper.startService:613 com.android.keychain.KeyChainBroadcastReceiver.onReceive:12 android.app.ActivityThread.handleReceiver:3032 
03-19 20:24:31.703  2649  4610 I chatty  : uid=1000(system) Binder:2649_D expire 16 lines
03-19 20:24:34.082   587   643 I SFPerfTracer:      triggers: (rate: 0:0) (0 sw vsyncs) (0 skipped) (0:27127 vsyncs) (2:42888)
03-19 20:24:41.381  2649  2740 I chatty  : uid=1000(system) PackageManager expire 10 lines
03-19 20:24:42.019   587   587 I SFPerfTracer:      triggers: (rate: 22:1775) (compose: 0:3) (post: 0:5) (render: 0:6) (0:24304 frames) (1:33315)
03-19 20:24:42.019   587   587 D SFPerfTracer:        layers: (3:15) (DimLayerController/Stack=0 (0xb0891000): 0:233)* (StatusBar (0xb0894c00): 1:9448) (com.android.systemui.ImageWallpaper (0xb06f8400): 1:5175) (Sprite (0xb06f9800): 0:3)* (animation background stackId=1 (0xb0892400): 0:134)* (com.android.launcher3/com.android.launcher3.GoogleNowPanel (0xb06fac00): 0:33)- (com.android.launcher3/com.android.launcher3.GoogleNowPanel (0xb06f7000): 0:34)- (Starting us.moviemates (0xb06c5c00): 0:21)- (us.moviemates/us.moviemates.Activities.MainActivity (0xb0893800): 0:10)- (com.android.launcher3/com.android.launcher3.GoogleNowPanel (0xb0893800): 0:12)- (com.android.launcher3/com.android.launcher3.GoogleNowPanel (0xb06fac00): 0:18)- (Starting io.appium.settings (0xb06c5c00): 0:10)- (io.appium.settings/io.appium.settings.Settings (0xb0893800): 0:14)- (com.android.launcher3/com.android.launcher3.GoogleNowPanel (0xb06c5c00): 1:6)* (com.android.launcher3/com.android.launcher3.GoogleNowPanel (0xb06fac00): 1:4) 
03-19 20:24:45.576  2649  3640 I chatty  : uid=1000(system) Binder:2649_B expire 16 lines
03-19 20:24:47.227  2649  2661 I chatty  : uid=1000(system) Binder:2649_1 expire 16 lines
03-19 20:24:47.420  2649  2662 I chatty  : uid=1000(system) Binder:2649_2 expire 10 lines
03-19 20:24:48.882   468   483 D vold    : Remounting 10668 as mode read
03-19 20:24:49.552   468   483 D vold    : Remounting 10668 as mode write
03-19 20:24:55.530  2649  3593 I chatty  : uid=1000(system) Binder:2649_7 expire 15 lines
03-19 20:24:55.535  2649  3095 I chatty  : uid=1000(system) Binder:2649_5 expire 10 lines
03-19 20:24:55.790  2649  3092 I chatty  : uid=1000(system) Binder:2649_4 expire 10 lines
03-19 20:24:56.747  2649  4648 I chatty  : uid=1000(system) Binder:2649_13 expire 10 lines
03-19 20:24:56.857   587   643 I SFPerfTracer:      triggers: (rate: 0:0) (0 sw vsyncs) (0 skipped) (13:27177 vsyncs) (15:42990)
03-19 20:25:05.935   587   587 I SFPerfTracer:      triggers: (rate: 22:1776) (compose: 0:3) (post: 0:5) (render: 0:6) (24:24388 frames) (25:33438)
03-19 20:25:05.935   587   587 D SFPerfTracer:        layers: (1:9) (DimLayerController/Stack=0 (0xb0891000): 0:233)* (StatusBar (0xb0894c00): 0:9484)* (com.android.systemui.ImageWallpaper (0xb06f8400): 0:5203)* (Sprite (0xb06f9800): 0:3)* (animation background stackId=1 (0xb0892400): 0:136)* (com.android.launcher3/com.android.launcher3.GoogleNowPanel (0xb06c5c00): 0:32)- (com.android.launcher3/com.android.launcher3.GoogleNowPanel (0xb06fac00): 0:34)- (Starting us.moviemates (0xb0893800): 0:21)- (us.moviemates/us.moviemates.Activities.MainActivity (0xb06f7000): 25:76) 
03-19 20:25:08.757   587   643 I SFPerfTracer:      triggers: (rate: 0:0) (0 sw vsyncs) (0 skipped) (12:27253 vsyncs) (14:43094)
03-19 20:25:15.342  2649  2956 I chatty  : uid=1000(system) UEventObserver expire 10 lines
03-19 20:25:18.075  2649  4624 I chatty  : uid=1000(system) Binder:2649_E expire 13 lines
03-19 20:25:18.400   587   643 I SFPerfTracer:      triggers: (rate: 0:0) (0 sw vsyncs) (0 skipped) (15:27329 vsyncs) (17:43198)
03-19 20:25:18.404   587   587 I SFPerfTracer:      triggers: (rate: 22:1778) (compose: 0:3) (post: 0:5) (render: 0:6) (7:24471 frames) (8:33540)
03-19 20:25:18.404   587   587 D SFPerfTracer:        layers: (3:8) (DimLayerController/Stack=0 (0xb0891000): 0:233)* (StatusBar (0xb0894c00): 8:9500) (com.android.systemui.ImageWallpaper (0xb06f8400): 8:5217) (Sprite (0xb06f9800): 0:3)* (animation background stackId=1 (0xb0892400): 0:136)* (us.moviemates/us.moviemates.Activities.MainActivity (0xb06f7000): 0:154)- (com.android.launcher3/com.android.launcher3.GoogleNowPanel (0xb06f7000): 8:12)* (com.android.launcher3/com.android.launcher3.GoogleNowPanel (0xb06c5c00): 8:10) 
03-19 20:25:18.906  2649  2678 I chatty  : uid=1000(system) ActivityManager expire 10 lines
03-19 20:25:21.411   468   483 D vold    : Remounting 10668 as mode read
03-19 20:25:22.103   468   483 D vold    : Remounting 10668 as mode write
03-19 20:25:34.662   587   643 I SFPerfTracer:      triggers: (rate: 0:0) (0 sw vsyncs) (0 skipped) (24:27409 vsyncs) (26:43322)
03-19 20:25:34.664   587   587 I SFPerfTracer:      triggers: (rate: 22:1778) (compose: 0:3) (post: 0:5) (render: 0:6) (24:24544 frames) (25:33641)
03-19 20:25:34.664   587   587 D SFPerfTracer:        layers: (1:9) (DimLayerController/Stack=0 (0xb0891000): 0:233)* (StatusBar (0xb0894c00): 0:9523)* (com.android.systemui.ImageWallpaper (0xb06f8400): 0:5239)* (Sprite (0xb06f9800): 0:3)* (animation background stackId=1 (0xb0892400): 0:138)* (com.android.launcher3/com.android.launcher3.GoogleNowPanel (0xb06f7000): 0:32)- (com.android.launcher3/com.android.launcher3.GoogleNowPanel (0xb06c5c00): 0:33)- (Starting us.moviemates (0xb06fac00): 0:21)- (us.moviemates/us.moviemates.Activities.MainActivity (0xb0893800): 25:72) 
03-19 20:25:44.007  2649  4630 I chatty  : uid=1000(system) Binder:2649_11 expire 10 lines
03-19 20:25:44.722   587   643 I SFPerfTracer:      triggers: (rate: 0:0) (0 sw vsyncs) (0 skipped) (0:27485 vsyncs) (2:43424)
03-19 20:25:47.371   468   483 D vold    : Remounting 10668 as mode read
03-19 20:25:48.050   468   483 D vold    : Remounting 10668 as mode write
03-19 20:25:50.608   587   587 I SFPerfTracer:      triggers: (rate: 22:1780) (compose: 0:3) (post: 0:5) (render: 0:6) (1:24619 frames) (2:33741)
03-19 20:25:50.608   587   587 D SFPerfTracer:        layers: (2:9) (DimLayerController/Stack=0 (0xb0891000): 0:233)* (StatusBar (0xb0894c00): 2:9548) (com.android.systemui.ImageWallpaper (0xb06f8400): 2:5262)* (Sprite (0xb06f9800): 0:3)* (animation background stackId=1 (0xb0892400): 1:140)* (us.moviemates/us.moviemates.Activities.MainActivity (0xb0893800): 0:136)- (com.android.launcher3/com.android.launcher3.GoogleNowPanel (0xb0893800): 2:19)* (com.android.launcher3/com.android.launcher3.GoogleNowPanel (0xb06c5c00): 2:21)* (Starting us.moviemates (0xb06f7000): 2:6) 
03-19 20:25:52.100  2649  3034 I chatty  : uid=1000(system) Binder:2649_3 expire 10 lines
03-19 20:25:52.114  2649  2988 I chatty  : uid=1000(system) ConnectivitySer expire 11 lines
03-19 20:27:00.178   587   643 I SFPerfTracer:      triggers: (rate: 0:0) (0 sw vsyncs) (0 skipped) (3:27525 vsyncs) (5:43528)
03-19 20:27:09.543 27791 27791 W ContextImpl: Calling a method in the system process without a qualified user: android.app.ContextImpl.startService:1357 android.content.ContextWrapper.startService:613 android.content.ContextWrapper.startService:613 com.android.keychain.KeyChainBroadcastReceiver.onReceive:12 android.app.ActivityThread.handleReceiver:3032 
03-19 20:27:09.576  2649  2661 I chatty  : uid=1000(system) Binder:2649_1 expire 10 lines
03-19 20:27:10.016 27791 27791 W ContextImpl: Calling a method in the system process without a qualified user: android.app.ContextImpl.startService:1357 android.content.ContextWrapper.startService:613 android.content.ContextWrapper.startService:613 com.android.keychain.KeyChainBroadcastReceiver.onReceive:12 android.app.ActivityThread.handleReceiver:3032 
03-19 20:27:14.777  2649  3645 I chatty  : uid=1000(system) Binder:2649_C expire 11 lines
03-19 20:27:17.444  2649  4628 I chatty  : uid=1000(system) Binder:2649_F expire 10 lines
03-19 20:27:17.460  2649  2662 I chatty  : uid=1000(system) Binder:2649_2 expire 10 lines
03-19 20:27:17.498  2649  5517 I chatty  : uid=1000(system) Binder:2649_14 expire 10 lines
03-19 20:27:22.867  2649  3640 I chatty  : uid=1000(system) Binder:2649_B expire 14 lines
03-19 20:27:26.768  2649  2714 I chatty  : uid=1000(system) android.display expire 10 lines
03-19 20:27:27.821   587   587 I SFPerfTracer:      triggers: (rate: 22:1783) (compose: 0:3) (post: 0:5) (render: 0:6) (0:24653 frames) (1:33841)
03-19 20:27:27.821   587   587 D SFPerfTracer:        layers: (3:15) (DimLayerController/Stack=0 (0xb0891000): 0:233)* (StatusBar (0xb0894c00): 1:9611) (com.android.systemui.ImageWallpaper (0xb06f8400): 1:5310) (Sprite (0xb06f9800): 0:3)* (animation background stackId=1 (0xb0892400): 0:142)* (com.android.launcher3/com.android.launcher3.GoogleNowPanel (0xb0893800): 0:33)- (com.android.launcher3/com.android.launcher3.GoogleNowPanel (0xb06c5c00): 0:35)- (Starting us.moviemates (0xb06f7000): 0:22)- (us.moviemates/us.moviemates.Activities.MainActivity (0xb06fac00): 0:13)- (com.android.launcher3/com.android.launcher3.GoogleNowPanel (0xb06fac00): 0:19)- (com.android.launcher3/com.android.launcher3.GoogleNowPanel (0xb06f7000): 0:25)- (Starting io.appium.settings (0xb06c5c00): 0:11)- (io.appium.settings/io.appium.settings.Settings (0xb0893800): 1:14)* (com.android.launcher3/com.android.launcher3.GoogleNowPanel (0xb06c5c00): 1:5)* (com.android.launcher3/com.android.launcher3.GoogleNowPanel (0xb06fac00): 1:3) 
03-19 20:27:27.867  2649  3635 I chatty  : uid=1000(system) Binder:2649_A expire 13 lines
03-19 20:27:35.026   468   483 D vold    : Remounting 10668 as mode read
03-19 20:27:35.704   468   483 D vold    : Remounting 10668 as mode write
03-19 20:27:37.770  2649  3347 I chatty  : uid=1000(system) Binder:2649_6 expire 10 lines
03-19 20:27:37.775  2649  4610 I chatty  : uid=1000(system) Binder:2649_D expire 10 lines
