03-18 22:30:24.294   468   483 W vold    : Skipping due to root namespace
03-18 22:30:24.294   468   483 D vold    : Found matching PID 755
03-18 22:30:24.294   468   483 W vold    : Skipping due to root namespace
03-18 22:30:24.294   468   483 D vold    : Found matching PID 1068
03-18 22:30:24.294   468   483 W vold    : Skipping due to root namespace
03-18 22:30:24.295  1258  1424 D VoldConnector: RCV <- {200 5 Command succeeded}
03-18 22:30:24.295  1258  1354 I WindowManager: Destroying surface Surface(name=KeyguardScrim) called by com.android.server.wm.WindowStateAnimator.destroySurface:2067 com.android.server.wm.WindowStateAnimator.destroySurfaceLocked:896 com.android.server.wm.WindowState.destroyOrSaveSurface:2094 com.android.server.wm.WindowManagerService.tryStartExitingAnimation:3093 com.android.server.wm.WindowManagerService.relayoutWindow:2973 com.android.server.wm.Session.relayout:215 android.view.ViewRootImpl.relayoutWindow:5695 android.view.ViewRootImpl.performTraversals:1758 
03-18 22:30:24.296  1258  1258 D VoldConnector: SND -> {6 volume remount_uid 1000 none}
03-18 22:30:24.297   468   483 D vold    : Remounting 1000 as mode none
03-18 22:30:24.304   468   483 D vold    : Found matching PID 578
03-18 22:30:24.304   468   483 W vold    : Skipping due to root namespace
03-18 22:30:24.304   468   483 D vold    : Found matching PID 579
03-18 22:30:24.305   468   483 W vold    : Skipping due to root namespace
03-18 22:30:24.305   468   483 D vold    : Found matching PID 580
03-18 22:30:24.305   468   483 W vold    : Skipping due to root namespace
03-18 22:30:24.305   468   483 D vold    : Found matching PID 586
03-18 22:30:24.305   468   483 W vold    : Skipping due to root namespace
03-18 22:30:24.305   468   483 D vold    : Found matching PID 587
03-18 22:30:24.305   468   483 W vold    : Skipping due to root namespace
03-18 22:30:24.305   468   483 D vold    : Found matching PID 618
03-18 22:30:24.305   468   483 W vold    : Skipping due to root namespace
03-18 22:30:24.305   468   483 D vold    : Found matching PID 676
03-18 22:30:24.305   468   483 W vold    : Skipping due to root namespace
03-18 22:30:24.305   468   483 D vold    : Found matching PID 677
03-18 22:30:24.305   468   483 W vold    : Skipping due to root namespace
03-18 22:30:24.305   468   483 D vold    : Found matching PID 693
03-18 22:30:24.305   468   483 W vold    : Skipping due to root namespace
03-18 22:30:24.305   468   483 D vold    : Found matching PID 697
03-18 22:30:24.305   468   483 W vold    : Skipping due to root namespace
03-18 22:30:24.306   468   483 D vold    : Found matching PID 699
03-18 22:30:24.306   468   483 W vold    : Skipping due to root namespace
03-18 22:30:24.306   468   483 D vold    : Found matching PID 708
03-18 22:30:24.306   468   483 W vold    : Skipping due to root namespace
03-18 22:30:24.306   468   483 D vold    : Found matching PID 709
03-18 22:30:24.306   468   483 W vold    : Skipping due to root namespace
03-18 22:30:24.306   468   483 D vold    : Found matching PID 725
03-18 22:30:24.306   468   483 W vold    : Skipping due to root namespace
03-18 22:30:24.306   468   483 D vold    : Found matching PID 743
03-18 22:30:24.306   468   483 W vold    : Skipping due to root namespace
03-18 22:30:24.306   468   483 D vold    : Found matching PID 750
03-18 22:30:24.306   468   483 W vold    : Skipping due to root namespace
03-18 22:30:24.306   468   483 D vold    : Found matching PID 1258
03-18 22:30:24.309  1258  1424 D VoldConnector: RCV <- {200 6 Command succeeded}
03-18 22:30:24.310  1258  1258 D VoldConnector: SND -> {7 volume remount_uid 1000 none}
03-18 22:30:24.311   468   483 D vold    : Remounting 1000 as mode none
03-18 22:30:24.318   468   483 D vold    : Found matching PID 578
03-18 22:30:24.318   468   483 W vold    : Skipping due to root namespace
03-18 22:30:24.318   468   483 D vold    : Found matching PID 579
03-18 22:30:24.318   468   483 W vold    : Skipping due to root namespace
03-18 22:30:24.318   468   483 D vold    : Found matching PID 580
03-18 22:30:24.318   468   483 W vold    : Skipping due to root namespace
03-18 22:30:24.318   468   483 D vold    : Found matching PID 586
03-18 22:30:24.318   468   483 W vold    : Skipping due to root namespace
03-18 22:30:24.318   468   483 D vold    : Found matching PID 587
03-18 22:30:24.318   468   483 W vold    : Skipping due to root namespace
03-18 22:30:24.318   468   483 D vold    : Found matching PID 618
03-18 22:30:24.318   468   483 W vold    : Skipping due to root namespace
03-18 22:30:24.319   468   483 D vold    : Found matching PID 676
03-18 22:30:24.319   468   483 W vold    : Skipping due to root namespace
03-18 22:30:24.319   468   483 D vold    : Found matching PID 677
03-18 22:30:24.319   468   483 W vold    : Skipping due to root namespace
03-18 22:30:24.319   468   483 D vold    : Found matching PID 693
03-18 22:30:24.319   468   483 W vold    : Skipping due to root namespace
03-18 22:30:24.319   468   483 D vold    : Found matching PID 697
03-18 22:30:24.319   468   483 W vold    : Skipping due to root namespace
03-18 22:30:24.319   468   483 D vold    : Found matching PID 699
03-18 22:30:24.319   468   483 W vold    : Skipping due to root namespace
03-18 22:30:24.319   468   483 D vold    : Found matching PID 708
03-18 22:30:24.319   468   483 W vold    : Skipping due to root namespace
03-18 22:30:24.319   468   483 D vold    : Found matching PID 709
03-18 22:30:24.319   468   483 W vold    : Skipping due to root namespace
03-18 22:30:24.319   468   483 D vold    : Found matching PID 725
03-18 22:30:24.319   468   483 W vold    : Skipping due to root namespace
03-18 22:30:24.319   468   483 D vold    : Found matching PID 743
03-18 22:30:24.319   468   483 W vold    : Skipping due to root namespace
03-18 22:30:24.319   468   483 D vold    : Found matching PID 750
03-18 22:30:24.319   468   483 W vold    : Skipping due to root namespace
03-18 22:30:24.320   468   483 D vold    : Found matching PID 1258
03-18 22:30:24.322  1258  1424 D VoldConnector: RCV <- {200 7 Command succeeded}
03-18 22:30:24.326  1258  1258 D VoldConnector: SND -> {8 volume remount_uid 2000 none}
03-18 22:30:24.326   468   483 D vold    : Remounting 2000 as mode none
03-18 22:30:24.337  1258  1424 D VoldConnector: RCV <- {200 8 Command succeeded}
03-18 22:30:24.338  1258  1258 D VoldConnector: SND -> {9 volume remount_uid 2000 none}
03-18 22:30:24.338   468   483 D vold    : Remounting 2000 as mode none
03-18 22:30:24.346  1258  1424 D VoldConnector: RCV <- {200 9 Command succeeded}
03-18 22:30:24.347  1258  1258 D VoldConnector: SND -> {10 volume remount_uid 10005 none}
03-18 22:30:24.348   468   483 D vold    : Remounting 10005 as mode none
03-18 22:30:24.356  1258  1424 D VoldConnector: RCV <- {200 10 Command succeeded}
03-18 22:30:24.357  1258  1258 D VoldConnector: SND -> {11 volume remount_uid 10005 none}
03-18 22:30:24.357   468   483 D vold    : Remounting 10005 as mode none
03-18 22:30:24.366  1258  1424 D VoldConnector: RCV <- {200 11 Command succeeded}
03-18 22:30:24.368  1258  1258 W VoiceInteractionManagerService: no available voice interaction services found for user 0
03-18 22:30:24.368  1258  1258 W VoiceInteractionManagerService: no available voice recognition services found for user 0
03-18 22:30:24.401  1258  1258 I ActivityManager: System now ready
03-18 22:30:24.407  1258  1258 I SystemServer: Making services ready
03-18 22:30:24.407  1258  1258 I SystemServiceManager: Starting phase 550
03-18 22:30:24.408  1258  1258 D BatteryService: mLastPlugType/mPlugType:2/2
03-18 22:30:24.408  1258  1258 D BatteryService: set mLastPlugType to 2
03-18 22:30:24.419  1258  1359 W ContextImpl: Calling a method in the system process without a qualified user: android.app.ContextImpl.bindService:1421 android.content.ContextWrapper.bindService:636 com.google.android.gms.internal.nn.a:-1 com.google.android.gms.internal.nn.a:-1 com.google.android.gms.auth.frp.FrpClient.a:-1 
03-18 22:30:24.419  1258  1258 E InputMethodManagerService: Ignoring updateSystemUiLocked due to an invalid token. uid:1000 token:null
03-18 22:30:24.419  1258  1359 W ActivityManager: Unable to start service Intent { act=com.google.android.gms.auth.frp.FRP_BIND cat=[android.intent.category.DEFAULT] pkg=com.google.android.gms } U=0: not found
03-18 22:30:24.482  1258  1258 W InputMethodManagerService: Reset the default IME as "Resource" is ready here.
03-18 22:30:24.534  1258  1258 I InputMethodManagerService: Default found, using com.google.android.inputmethod.latin/com.android.inputmethod.latin.LatinIME
03-18 22:30:24.535  1258  1258 W InputMethodManagerService: Illegal subtype state: old subtype = null, new subtype = android.view.inputmethod.InputMethodSubtype@c9194f98
03-18 22:30:24.568  1258  1258 I ActivityManager: Start proc 1480:com.google.android.inputmethod.latin/u0a7 for service com.google.android.inputmethod.latin/com.android.inputmethod.latin.LatinIME
03-18 22:30:24.568  1258  1258 V InputMethodManagerService: Adding window token: android.os.Binder@81f3539
03-18 22:30:24.568  1258  1423 D MountService: Thinking about init, mSystemReady=true, mDaemonConnected=true
03-18 22:30:24.568  1258  1423 D MountService: Setting up emulation state, initlocked=false
03-18 22:30:24.569  1258  1423 D CryptdConnector: SND -> {2 cryptfs unlock_user_key 0 0 ! !}
03-18 22:30:24.569  1258  1258 W TextServicesManagerService: no available spell checker services found
03-18 22:30:24.570   468   484 D vold    : e4crypt_unlock_user_key 0 serial=0 token_present=0
03-18 22:30:24.570   468   484 E vold    : Failed to chmod /data/system_ce/0: No such file or directory
03-18 22:30:24.570   468   484 E vold    : Failed to chmod /data/misc_ce/0: No such file or directory
03-18 22:30:24.570   468   484 E vold    : Failed to chmod /data/media/0: No such file or directory
03-18 22:30:24.570  1258  1425 D CryptdConnector: RCV <- {200 2 Command succeeded}
03-18 22:30:24.571  1258  1423 D MountService: Thinking about reset, mSystemReady=true, mDaemonConnected=true
03-18 22:30:24.572  1258  1423 D VoldConnector: SND -> {12 volume reset}
03-18 22:30:24.573  1258  1424 D VoldConnector: RCV <- {651 emulated 7}
03-18 22:30:24.573  1258  1424 D VoldConnector: RCV <- {659 emulated}
03-18 22:30:24.574  1258  1424 D VoldConnector: RCV <- {650 emulated 2 "" ""}
03-18 22:30:24.574  1258  1424 D VoldConnector: RCV <- {651 emulated 0}
03-18 22:30:24.574  1258  1424 D VoldConnector: RCV <- {200 12 Command succeeded}
03-18 22:30:24.575  1258  1423 D VoldConnector: SND -> {13 volume user_added 0 0}
03-18 22:30:24.576  1258  1424 D VoldConnector: RCV <- {200 13 Command succeeded}
03-18 22:30:24.576  1258  1258 D UsbAlsaManager: Adding ALSA device AlsaDevice: [card: 0, device: 37, type: 2]
03-18 22:30:24.576  1258  1258 D UsbAlsaManager: Adding ALSA device AlsaDevice: [card: 0, device: 37, type: 1]
03-18 22:30:24.576  1258  1258 D UsbAlsaManager: Adding ALSA device AlsaDevice: [card: 0, device: 36, type: 2]
03-18 22:30:24.576  1258  1258 D UsbAlsaManager: Adding ALSA device AlsaDevice: [card: 0, device: 36, type: 1]
03-18 22:30:24.576  1258  1258 D UsbAlsaManager: Adding ALSA device AlsaDevice: [card: 0, device: 35, type: 2]
03-18 22:30:24.576  1258  1258 D UsbAlsaManager: Adding ALSA device AlsaDevice: [card: 0, device: 35, type: 1]
03-18 22:30:24.576  1258  1258 D UsbAlsaManager: Adding ALSA device AlsaDevice: [card: 0, device: 34, type: 2]
03-18 22:30:24.576  1258  1258 D UsbAlsaManager: Adding ALSA device AlsaDevice: [card: 0, device: 34, type: 1]
03-18 22:30:24.576  1258  1258 D UsbAlsaManager: Adding ALSA device AlsaDevice: [card: 0, device: 26, type: 2]
03-18 22:30:24.577  1258  1258 D UsbAlsaManager: Adding ALSA device AlsaDevice: [card: 0, device: 25, type: 1]
03-18 22:30:24.577  1258  1258 D UsbAlsaManager: Adding ALSA device AlsaDevice: [card: 0, device: 23, type: 2]
03-18 22:30:24.577  1258  1258 D UsbAlsaManager: Adding ALSA device AlsaDevice: [card: 0, device: 22, type: 2]
03-18 22:30:24.577  1258  1258 D UsbAlsaManager: Adding ALSA device AlsaDevice: [card: 0, device: 21, type: 2]
03-18 22:30:24.577  1258  1258 D UsbAlsaManager: Adding ALSA device AlsaDevice: [card: 0, device: 20, type: 2]
03-18 22:30:24.577  1258  1258 D UsbAlsaManager: Adding ALSA device AlsaDevice: [card: 0, device: 19, type: 2]
03-18 22:30:24.577  1258  1258 D UsbAlsaManager: Adding ALSA device AlsaDevice: [card: 0, device: 18, type: 2]
03-18 22:30:24.577  1258  1258 D UsbAlsaManager: Adding ALSA device AlsaDevice: [card: 0, device: 18, type: 1]
03-18 22:30:24.577  1258  1258 D UsbAlsaManager: Adding ALSA device AlsaDevice: [card: 0, device: 17, type: 2]
03-18 22:30:24.577  1258  1258 D UsbAlsaManager: Adding ALSA device AlsaDevice: [card: 0, device: 17, type: 1]
03-18 22:30:24.577  1258  1258 D UsbAlsaManager: Adding ALSA device AlsaDevice: [card: 0, device: 16, type: 2]
03-18 22:30:24.577  1258  1258 D UsbAlsaManager: Adding ALSA device AlsaDevice: [card: 0, device: 16, type: 1]
03-18 22:30:24.577  1258  1258 D UsbAlsaManager: Adding ALSA device AlsaDevice: [card: 0, device: 15, type: 2]
03-18 22:30:24.577  1258  1258 D UsbAlsaManager: Adding ALSA device AlsaDevice: [card: 0, device: 15, type: 1]
03-18 22:30:24.577  1258  1258 D UsbAlsaManager: Adding ALSA device AlsaDevice: [card: 0, device: 14, type: 2]
03-18 22:30:24.577  1258  1258 D UsbAlsaManager: Adding ALSA device AlsaDevice: [card: 0, device: 14, type: 1]
03-18 22:30:24.577  1258  1258 D UsbAlsaManager: Adding ALSA device AlsaDevice: [card: 0, device: 13, type: 2]
03-18 22:30:24.577  1258  1258 D UsbAlsaManager: Adding ALSA device AlsaDevice: [card: 0, device: 13, type: 1]
03-18 22:30:24.577  1258  1258 D UsbAlsaManager: Adding ALSA device AlsaDevice: [card: 0, device: 12, type: 2]
03-18 22:30:24.577  1258  1258 D UsbAlsaManager: Adding ALSA device AlsaDevice: [card: 0, device: 12, type: 1]
03-18 22:30:24.577  1258  1258 D UsbAlsaManager: Adding ALSA device AlsaDevice: [card: 0, device: 11, type: 2]
03-18 22:30:24.577  1258  1258 D UsbAlsaManager: Adding ALSA device AlsaDevice: [card: 0, device: 10, type: 2]
03-18 22:30:24.577  1258  1258 D UsbAlsaManager: Adding ALSA device AlsaDevice: [card: 0, device: 10, type: 1]
03-18 22:30:24.577  1258  1258 D UsbAlsaManager: Adding ALSA device AlsaDevice: [card: 0, device: 8, type: 2]
03-18 22:30:24.577  1258  1258 D UsbAlsaManager: Adding ALSA device AlsaDevice: [card: 0, device: 7, type: 1]
03-18 22:30:24.577  1258  1258 D UsbAlsaManager: Adding ALSA device AlsaDevice: [card: 0, device: 6, type: 2]
03-18 22:30:24.577  1258  1258 D UsbAlsaManager: Adding ALSA device AlsaDevice: [card: 0, device: 5, type: 1]
03-18 22:30:24.578  1258  1258 D UsbAlsaManager: Adding ALSA device AlsaDevice: [card: 0, device: 4, type: 1]
03-18 22:30:24.578  1258  1258 D UsbAlsaManager: Adding ALSA device AlsaDevice: [card: 0, device: 3, type: 2]
03-18 22:30:24.578  1258  1258 D UsbAlsaManager: Adding ALSA device AlsaDevice: [card: 0, device: 3, type: 1]
03-18 22:30:24.578  1258  1258 D UsbAlsaManager: Adding ALSA device AlsaDevice: [card: 0, device: 2, type: 2]
03-18 22:30:24.578  1258  1258 D UsbAlsaManager: Adding ALSA device AlsaDevice: [card: 0, device: 2, type: 1]
03-18 22:30:24.578  1258  1258 D UsbAlsaManager: Adding ALSA device AlsaDevice: [card: 0, device: 1, type: 2]
03-18 22:30:24.578  1258  1258 D UsbAlsaManager: Adding ALSA device AlsaDevice: [card: 0, device: 1, type: 1]
03-18 22:30:24.578  1258  1359 D MountService: System booted in core-only mode; ignoring volume emulated
03-18 22:30:24.579  1258  1360 D BluetoothManagerService: Message: 20
03-18 22:30:24.579  1258  1360 D BluetoothManagerService: Added callback: android.bluetooth.BluetoothAdapter$1@b8c3ffb:true
03-18 22:30:24.579  1258  1360 D BluetoothManagerService: Message: 30
03-18 22:30:24.579  1258  1258 D UsbAlsaManager: Adding ALSA device AlsaDevice: [card: 0, device: 0, type: 2]
03-18 22:30:24.579  1258  1360 D BluetoothManagerService: Message: 30
03-18 22:30:24.579  1258  1258 D UsbAlsaManager: Adding ALSA device AlsaDevice: [card: 0, device: 0, type: 1]
03-18 22:30:24.600  1258  1258 I ActivityManager: Start proc 1495:com.android.systemui/u0a5 for service com.android.systemui/.SystemUIService
03-18 22:30:24.601  1258  1258 D NetworkManagement: enabling bandwidth control
03-18 22:30:24.794  1258  1258 D NetworkManagement: enabling FW Policy deny
03-18 22:30:25.043  1258  1258 E NetworkPolicy: No ApplicationInfo for package com.android.providers.downloads
03-18 22:30:25.044  1258  1258 E NetworkPolicy: No ApplicationInfo for package com.motorola.ccc.ota
03-18 22:30:25.045  1258  1258 E NetworkPolicy: No ApplicationInfo for package com.google.android.gms
03-18 22:30:25.046  1258  1258 E NetworkPolicy: No ApplicationInfo for package com.google.android.ims
03-18 22:30:25.123  1258  1258 D NetworkPolicy: setRestrictBackgroundLocked(): false
03-18 22:30:25.260  1258  1278 I StatusBarManagerService: registerStatusBar bar=com.android.internal.statusbar.IStatusBar$Stub$Proxy@6c6563f
03-18 22:30:25.274  1258  1354 W WindowManager: Keyguard drawn timeout. Setting mKeyguardDrawComplete
03-18 22:30:25.315  1258  1258 I SystemServiceManager: Starting phase 600
03-18 22:30:25.328  1258  1258 D SensorNotificationService: Cannot obtain dynamic meta sensor, not supported.
03-18 22:30:25.423  1258  1258 W LocationProviderProxy-network: Odd, no component found for service com.android.location.service.v3.NetworkLocationProvider
03-18 22:30:25.430  1258  1258 W GeocoderProxy: Odd, no component found for service com.android.location.service.GeocodeProvider
03-18 22:30:25.450  1258  1258 W FusedProxy: Odd, no component found for service com.android.location.service.FusedProvider
03-18 22:30:25.455  1258  1258 W GeofenceProxy: Odd, no component found for service com.android.location.service.GeofenceProvider
03-18 22:30:25.458  1258  1258 D LocationManagerService: Hardware Activity-Recognition not supported.
03-18 22:30:25.460  1258  1258 W ActivityRecognitionProxy: Odd, no component found for service com.android.location.service.ActivityRecognitionProvider
03-18 22:30:25.471  1258  1258 I MmsServiceBroker: Delay connecting to MmsService until an API is called
03-18 22:30:25.474  1258  1258 W VoiceInteractionManagerService: no available voice interaction services found for user 0
03-18 22:30:25.474  1258  1258 W VoiceInteractionManagerService: no available voice recognition services found for user 0
03-18 22:30:25.485  1258  1258 I ActivityManager: Start proc 1587:com.android.phone/1001 for added application com.android.phone
03-18 22:30:25.486  1258  1258 I ActivityManager: START u0 {act=android.intent.action.MAIN cat=[android.intent.category.HOME] flg=0x10000100 cmp=com.android.settings/.CryptKeeper} from uid 0 on display 0
03-18 22:30:25.494  1258  1258 I ActivityManager: Loaded persisted task ids for user 0
03-18 22:30:25.512  1258  1258 I ActivityManager: Start proc 1599:com.android.settings:CryptKeeper/1000 for activity com.android.settings/.CryptKeeper
03-18 22:30:25.517  1258  1352 W LocationProviderProxy-network: Odd, no component found for service com.android.location.service.v3.NetworkLocationProvider
03-18 22:30:25.518  1258  1352 W GeocoderProxy: Odd, no component found for service com.android.location.service.GeocodeProvider
03-18 22:30:25.518  1258  1352 W FusedProxy: Odd, no component found for service com.android.location.service.FusedProvider
03-18 22:30:25.518  1258  1352 W GeofenceProxy: Odd, no component found for service com.android.location.service.GeofenceProvider
03-18 22:30:25.518  1258  1352 W ActivityRecognitionProxy: Odd, no component found for service com.android.location.service.ActivityRecognitionProvider
03-18 22:30:25.548   587   587 I SFPerfTracer:       trigger: frame rate (-59.258%)	(24.445 fps)	(40.908 ms) 	(39 drops)	(29 frames)
03-18 22:30:25.549   587   587 I SFPerfTracer:      triggers: (rate: 5:398) (compose: 0:1) (post: 0:1) (render: 0:2) (29:222 frames) (30:241)
03-18 22:30:25.549   587   587 D SFPerfTracer:        layers: (1:2) (BootAnimation (0xb06c5c00): 29:229) (KeyguardScrim (0xb06c7000): 0:2)- 
03-18 22:30:25.599  1258  1258 W ContextImpl: Calling a method in the system process without a qualified user: android.app.ContextImpl.startService:1357 com.android.server.content.SyncManager$13.run:631 android.os.Handler.handleCallback:751 android.os.Handler.dispatchMessage:95 android.os.Looper.loop:154 
03-18 22:30:25.604  1258  1258 D ConditionProviders.SCP: onConnected
03-18 22:30:25.609  1258  1462 W WallpaperManagerService: no current wallpaper -- first boot?
03-18 22:30:25.627  1258  1258 D ConditionProviders: Subscribing to condition://android/schedule?days=6.7&start=23.30&end=10.0&exitAtAlarm=false with ComponentInfo{android/com.android.server.notification.ScheduleConditionProvider}
03-18 22:30:25.627  1258  1258 D ConditionProviders: Subscribing to condition://android/event?userId=-10000&calendar=&reply=1 with ComponentInfo{android/com.android.server.notification.EventConditionProvider}
03-18 22:30:25.627  1258  1258 D ConditionProviders: Subscribing to condition://android/schedule?days=1.2.3.4.5&start=22.0&end=7.0&exitAtAlarm=false with ComponentInfo{android/com.android.server.notification.ScheduleConditionProvider}
03-18 22:30:25.650  1258  1360 D BluetoothManagerService: Message: 20
03-18 22:30:25.650  1258  1360 D BluetoothManagerService: Added callback: android.bluetooth.IBluetoothManagerCallback$Stub$Proxy@b0c4e7d:true
03-18 22:30:25.661  1258  1360 D BluetoothManagerService: Message: 30
03-18 22:30:25.663  1258  1360 D BluetoothManagerService: Message: 30
03-18 22:30:25.665  1258  1360 D BluetoothManagerService: Message: 30
03-18 22:30:25.669  1258  1360 D BluetoothManagerService: Message: 30
03-18 22:30:25.670  1258  1258 I Telecom : SystemStateProvider: Registering car mode receiver: android.content.IntentFilter@b1f2c7a: TS.init@AAA
03-18 22:30:25.672  1258  1360 D BluetoothManagerService: Message: 30
03-18 22:30:25.679  1258  1616 I Telecom : Telecom: Non-call EVENT: AUDIO_ROUTE, Entering state QuiescentEarpieceRoute
03-18 22:30:25.683  1258  1617 I Telecom : CallAudioModeStateMachine: Message received: null.: TS.init->CAMSM.pM_1@AAA_0
03-18 22:30:25.697  1258  1619 E ActivityThread: Failed to find provider info for call_log
03-18 22:30:25.699  1258  1360 D BluetoothManagerService: Message: 30
03-18 22:30:25.711  1258  1258 I Telecom : Class: TelecomSystem.INSTANCE being set
03-18 22:30:25.711  1258  1258 W ContextImpl: Calling a method in the system process without a qualified user: android.app.ContextImpl.startService:1357 android.content.ContextWrapper.startService:613 com.android.server.telecom.components.TelecomService.initializeTelecomSystem:155 com.android.server.telecom.components.TelecomService.onBind:56 android.app.ActivityThread.handleBindService:3210 
03-18 22:30:25.722  1258  1620 D CryptdConnector: SND -> {3 cryptfs cryptocomplete}
03-18 22:30:25.725  1258  1425 D CryptdConnector: RCV <- {200 3 0}
03-18 22:30:25.745  1258  1258 V WiredAccessoryManager: notifyWiredAccessoryChanged: when=0 bits= mask=54
03-18 22:30:25.745  1258  1258 V WiredAccessoryManager: newName=h2w newState=0 headsetState=0 prev headsetState=0
03-18 22:30:25.745  1258  1258 V WiredAccessoryManager: init()
03-18 22:30:25.756  1258  1462 D CryptdConnector: SND -> {4 cryptfs getpwtype}
03-18 22:30:25.757   468   484 D VoldCryptCmdListener: cryptfs getpwtype
03-18 22:30:25.758  1258  1425 D CryptdConnector: RCV <- {213 4 pattern}
03-18 22:30:25.759  1258  1278 D CryptdConnector: SND -> {5 cryptfs getfield OwnerInfo}
03-18 22:30:25.760  1258  1258 W NotificationRankers: could not start ranker service: no package specified!
03-18 22:30:25.760  1258  1425 D CryptdConnector: RCV <- {200 5 -1}
03-18 22:30:25.762  1258  1564 D CryptdConnector: SND -> {6 cryptfs getfield PatternVisible}
03-18 22:30:25.762  1258  1425 D CryptdConnector: RCV <- {113 6 1}
03-18 22:30:25.763  1258  1425 D CryptdConnector: RCV <- {200 6 0}
03-18 22:30:25.764  1258  1277 D CryptdConnector: SND -> {7 cryptfs getfield PasswordVisible}
03-18 22:30:25.766  1258  1425 D CryptdConnector: RCV <- {200 7 -1}
03-18 22:30:25.835  1258  1352 I SyncManager: Got SyncJobService instance.
03-18 22:30:25.837  1258  1258 D ConditionProviders.SCP: onSubscribe condition://android/schedule?days=6.7&start=23.30&end=10.0&exitAtAlarm=false
03-18 22:30:25.838  1258  1258 D ConditionProviders.SCP: setRegistered true
03-18 22:30:25.839  1258  1258 D ConditionProviders.SCP: notifyCondition condition://android/schedule?days=6.7&start=23.30&end=10.0&exitAtAlarm=false STATE_FALSE reason=!meetsSchedule
03-18 22:30:25.840  1258  1258 D ConditionProviders.SCP: Scheduling evaluate for Mon Mar 19 10:00:00 GMT+00:00 2018 (1521453600000), in +4h29m34s162ms, now=Mon Mar 19 05:30:25 GMT+00:00 2018 (1521437425838)
03-18 22:30:25.840  1258  1258 D ConditionProviders.SCP: onSubscribe condition://android/schedule?days=1.2.3.4.5&start=22.0&end=7.0&exitAtAlarm=false
03-18 22:30:25.841  1258  1258 D ConditionProviders.SCP: notifyCondition condition://android/schedule?days=6.7&start=23.30&end=10.0&exitAtAlarm=false STATE_FALSE reason=!meetsSchedule
03-18 22:30:25.841  1258  1258 D ConditionProviders.SCP: notifyCondition condition://android/schedule?days=1.2.3.4.5&start=22.0&end=7.0&exitAtAlarm=false STATE_TRUE reason=meetsSchedule
03-18 22:30:25.845  1258  1449 E ActivityThread: Failed to find provider info for com.android.calendar
03-18 22:30:25.845  1258  1258 D ConditionProviders.SCP: Scheduling evaluate for Mon Mar 19 07:00:00 GMT+00:00 2018 (1521442800000), in +1h29m34s159ms, now=Mon Mar 19 05:30:25 GMT+00:00 2018 (1521437425841)
03-18 22:30:25.845  1258  1449 E ActivityThread: Failed to find provider info for com.android.calendar
03-18 22:30:25.846  1258  1258 I Telecom : WiredHeadsetManager: ACTION_HEADSET_PLUG event, plugged in: false, : WHC.oADA@AAE
03-18 22:30:25.852  1258  1258 I ActivityManager: user 0 is still locked. Cannot load recents
03-18 22:30:25.854  1258  1258 D BluetoothManagerService: state10
03-18 22:30:25.863  1495  1630 E ActivityThread: Failed to find provider info for com.android.contacts
03-18 22:30:25.894  1258  1258 I Telecom : PhoneAccountRegistrar: SimCallManager queried, returning: null: TSI.gSCM@AAM
03-18 22:30:25.957  1258  1353 W KeyguardServiceDelegate: onScreenTurningOn(): no keyguard service!
03-18 22:30:25.969  1258  1278 I WindowManager: Screen frozen for +427ms due to Window{3ec767a u0 KeyguardScrim}
03-18 22:30:26.020  1258  1361 I LaunchCheckinHandler: Displayed com.android.settings/.CryptKeeper,wp,ca,520
03-18 22:30:26.184  1258  1431 D WifiService: New client listening to asynchronous messages
03-18 22:30:26.191  1258  1438 D ConnectivityService: Got NetworkFactory Messenger for PhoneSwitcherNetworkRequstListener
03-18 22:30:26.198  1258  1438 D ConnectivityService: Got NetworkFactory Messenger for TelephonyNetworkFactory[0]
03-18 22:30:26.221  1258  1278 I ActivityManager: Start proc 1667:com.qualcomm.qcrilmsgtunnel/1001 for service com.qualcomm.qcrilmsgtunnel/.QcrilMsgTunnelService
03-18 22:30:26.268  1587  1692 E ActivityThread: Failed to find provider info for com.android.contacts
03-18 22:30:26.284  1258  1360 D BluetoothManagerService: Message: 20
03-18 22:30:26.285  1258  1360 D BluetoothManagerService: Added callback: android.bluetooth.IBluetoothManagerCallback$Stub$Proxy@2897b0b:true
03-18 22:30:26.286  1258  1360 D BluetoothManagerService: Message: 30
03-18 22:30:26.347  1258  1564 I ActivityManager: Start proc 1708:com.android.settings/1000 for broadcast com.android.settings/.sim.SimSelectNotification
03-18 22:30:26.417  1258  1566 I ActivityManager: Start proc 1736:org.codeaurora.ims/1001 for broadcast org.codeaurora.ims/.ImsServiceAutoboot
03-18 22:30:26.550   587   643 I SFPerfTracer:      triggers: (rate: 0:0) (0 sw vsyncs) (0 skipped) (133:558 vsyncs) (135:602)
03-18 22:30:26.625  1258  1564 I Telecom : PhoneAccountRegistrar: New phone account registered: [[ ] PhoneAccount: ComponentInfo{com.android.phone/com.android.services.telephony.TelephonyConnectionService}, [e0184adedf913b076626646d3f52c3b49c39ad6d], UserHandle{0} Capabilities: CallProvider MultiUser PlaceEmerg SimSub  Schemes: tel voicemail  Extras: null]: TSI.rPA@AAY
03-18 22:30:26.629  1258  1564 I Telecom : : Sending phone-account registered intent as user: TSI.rPA@AAY
03-18 22:30:26.642  1258  1361 I SystemServiceManager: Starting phase 1000
03-18 22:30:26.642  1258  1361 D BluetoothManagerService: Bluetooth boot completed
03-18 22:30:26.643  1258  1361 D BluetoothManagerService: Getting adapter name and address
03-18 22:30:26.643  1258  1360 D BluetoothManagerService: Message: 200
03-18 22:30:26.643  1258  1360 D BluetoothManagerService: MESSAGE_GET_NAME_AND_ADDRESS
03-18 22:30:26.643  1258  1360 D BluetoothManagerService: Binding to service to get name and address
03-18 22:30:26.643  1258  1360 E BluetoothManagerService: Fail to bind to: Intent { act=android.bluetooth.IBluetooth }
03-18 22:30:26.655  1258  1361 D ActivityManager: Finishing user boot 0
03-18 22:30:26.657  1258  1361 D CryptdConnector: SND -> {8 cryptfs prepare_user_storage ! 0 0 2}
03-18 22:30:26.658   468   484 D vold    : e4crypt_prepare_user_storage for volume null, user 0, serial 0, flags 2
03-18 22:30:26.658   468   484 D vold    : Preparing: /data/system_ce/0
03-18 22:30:26.658   468   484 D vold    : Preparing: /data/misc_ce/0
03-18 22:30:26.658   468   484 D vold    : Preparing: /data/media/0
03-18 22:30:26.658   468   484 D vold    : Preparing: /data/data
03-18 22:30:26.659  1258  1425 D CryptdConnector: RCV <- {200 8 Command succeeded}
03-18 22:30:26.659  1258  1361 V PackageManager: reconcileAppsData for null u0 0x2
03-18 22:30:26.660  1258  1361 E SELinuxMMAC: Failed to read seapp hash for /data/user/0
03-18 22:30:26.660  1258  1361 E SELinuxMMAC: android.system.ErrnoException: getxattr failed: ENOTSUP (Operation not supported on transport endpoint)
03-18 22:30:26.660  1258  1361 E SELinuxMMAC: 	at libcore.io.Posix.getxattr(Native Method)
03-18 22:30:26.660  1258  1361 E SELinuxMMAC: 	at libcore.io.ForwardingOs.getxattr(ForwardingOs.java:99)
03-18 22:30:26.660  1258  1361 E SELinuxMMAC: 	at android.system.Os.getxattr(Os.java:224)
03-18 22:30:26.660  1258  1361 E SELinuxMMAC: 	at com.android.server.pm.SELinuxMMAC.isRestoreconNeeded(SELinuxMMAC.java:327)
03-18 22:30:26.660  1258  1361 E SELinuxMMAC: 	at com.android.server.pm.PackageManagerService.reconcileAppsDataLI(PackageManagerService.java:20360)
03-18 22:30:26.660  1258  1361 E SELinuxMMAC: 	at com.android.server.pm.PackageManagerService.reconcileAppsData(PackageManagerService.java:20327)
03-18 22:30:26.660  1258  1361 E SELinuxMMAC: 	at com.android.server.pm.UserManagerService.onBeforeUnlockUser(UserManagerService.java:2906)
03-18 22:30:26.660  1258  1361 E SELinuxMMAC: 	at com.android.server.am.UserController.finishUserUnlocking(UserController.java:294)
03-18 22:30:26.660  1258  1361 E SELinuxMMAC: 	at com.android.server.am.UserController.unlockUserCleared(UserController.java:984)
03-18 22:30:26.660  1258  1361 E SELinuxMMAC: 	at com.android.server.am.UserController.maybeUnlockUser(UserController.java:949)
03-18 22:30:26.660  1258  1361 E SELinuxMMAC: 	at com.android.server.am.UserController.finishUserBoot(UserController.java:269)
03-18 22:30:26.660  1258  1361 E SELinuxMMAC: 	at com.android.server.am.UserController.sendBootCompletedLocked(UserController.java:1318)
03-18 22:30:26.660  1258  1361 E SELinuxMMAC: 	at com.android.server.am.ActivityManagerService.finishBooting(ActivityManagerService.java:7082)
03-18 22:30:26.660  1258  1361 E SELinuxMMAC: 	at com.android.server.am.ActivityManagerService.bootAnimationComplete(ActivityManagerService.java:7108)
03-18 22:30:26.660  1258  1361 E SELinuxMMAC: 	at com.android.server.wm.WindowManagerService.performEnableScreen(WindowManagerService.java:5983)
03-18 22:30:26.660  1258  1361 E SELinuxMMAC: 	at com.android.server.wm.WindowManagerService$H.handleMessage(WindowManagerService.java:8462)
03-18 22:30:26.660  1258  1361 E SELinuxMMAC: 	at android.os.Handler.dispatchMessage(Handler.java:102)
03-18 22:30:26.660  1258  1361 E SELinuxMMAC: 	at android.os.Looper.loop(Looper.java:154)
03-18 22:30:26.660  1258  1361 E SELinuxMMAC: 	at android.os.HandlerThread.run(HandlerThread.java:61)
03-18 22:30:26.660  1258  1361 E SELinuxMMAC: 	at com.android.server.ServiceThread.run(ServiceThread.java:46)
03-18 22:30:26.664  1258  1361 W PackageManager: Failed to migrate com.google.android.ext.services: Failed to execute migrate_app_data [null, com.google.android.ext.services, 0, 1]: -1
03-18 22:30:26.670  1258  1361 W PackageManager: Failed to migrate com.android.providers.telephony: Failed to execute migrate_app_data [null, com.android.providers.telephony, 0, 1]: -1
03-18 22:30:26.676  1258  1361 W PackageManager: Failed to migrate com.google.android.ext.shared: Failed to execute migrate_app_data [null, com.google.android.ext.shared, 0, 1]: -1
03-18 22:30:26.683  1258  1361 W PackageManager: Failed to migrate com.quicinc.cne.CNEService: Failed to execute migrate_app_data [null, com.quicinc.cne.CNEService, 0, 2]: -1
03-18 22:30:26.690  1258  1361 W PackageManager: Failed to migrate com.android.mms.service: Failed to execute migrate_app_data [null, com.android.mms.service, 0, 2]: -1
03-18 22:30:26.696  1258  1361 W PackageManager: Failed to migrate com.android.defcontainer: Failed to execute migrate_app_data [null, com.android.defcontainer, 0, 1]: -1
03-18 22:30:26.701  1258  1361 W PackageManager: Failed to migrate android: Failed to execute migrate_app_data [null, android, 0, 1]: -1
03-18 22:30:26.707  1258  1361 W PackageManager: Failed to migrate org.codeaurora.ims: Failed to execute migrate_app_data [null, org.codeaurora.ims, 0, 2]: -1
03-18 22:30:26.713  1258  1361 W PackageManager: Failed to migrate com.qualcomm.qcrilmsgtunnel: Failed to execute migrate_app_data [null, com.qualcomm.qcrilmsgtunnel, 0, 2]: -1
03-18 22:30:26.720  1258  1361 W PackageManager: Failed to migrate com.android.providers.settings: Failed to execute migrate_app_data [null, com.android.providers.settings, 0, 1]: -1
03-18 22:30:26.726  1258  1361 W PackageManager: Failed to migrate com.android.inputdevices: Failed to execute migrate_app_data [null, com.android.inputdevices, 0, 1]: -1
03-18 22:30:26.732  1258  1361 W PackageManager: Failed to migrate com.android.server.telecom: Failed to execute migrate_app_data [null, com.android.server.telecom, 0, 1]: -1
03-18 22:30:26.737  1258  1361 W PackageManager: Failed to migrate com.motorola.android.providers.settings: Failed to execute migrate_app_data [null, com.motorola.android.providers.settings, 0, 1]: -1
03-18 22:30:26.746  1258  1361 W PackageManager: Failed to migrate com.android.dialer: Failed to execute migrate_app_data [null, com.android.dialer, 0, 2]: -1
03-18 22:30:26.751  1258  1361 W PackageManager: Failed to migrate com.google.android.packageinstaller: Failed to execute migrate_app_data [null, com.google.android.packageinstaller, 0, 1]: -1
03-18 22:30:26.757  1258  1361 W PackageManager: Failed to migrate com.android.proxyhandler: Failed to execute migrate_app_data [null, com.android.proxyhandler, 0, 1]: -1
03-18 22:30:26.764  1258  1361 W PackageManager: Failed to migrate com.android.settings: Failed to execute migrate_app_data [null, com.android.settings, 0, 1]: -1
03-18 22:30:26.774  1258  1361 W PackageManager: Failed to migrate com.android.phone: Failed to execute migrate_app_data [null, com.android.phone, 0, 1]: -1
03-18 22:30:26.779  1258  1361 W PackageManager: Failed to migrate com.android.shell: Failed to execute migrate_app_data [null, com.android.shell, 0, 1]: -1
03-18 22:30:26.786  1258  1361 W PackageManager: Failed to migrate com.android.location.fused: Failed to execute migrate_app_data [null, com.android.location.fused, 0, 1]: -1
03-18 22:30:26.792  1258  1361 W PackageManager: Failed to migrate com.android.systemui: Failed to execute migrate_app_data [null, com.android.systemui, 0, 1]: -1
03-18 22:30:26.797  1258  1361 W PackageManager: Failed to migrate com.google.android.inputmethod.latin: Failed to execute migrate_app_data [null, com.google.android.inputmethod.latin, 0, 2]: -1
03-18 22:30:26.802  1258  1361 E SELinuxMMAC: Failed to persist seapp hash in /data/user/0
03-18 22:30:26.802  1258  1361 E SELinuxMMAC: android.system.ErrnoException: setxattr failed: ENOTSUP (Operation not supported on transport endpoint)
03-18 22:30:26.802  1258  1361 E SELinuxMMAC: 	at libcore.io.Posix.setxattr(Native Method)
03-18 22:30:26.802  1258  1361 E SELinuxMMAC: 	at libcore.io.ForwardingOs.setxattr(ForwardingOs.java:159)
03-18 22:30:26.802  1258  1361 E SELinuxMMAC: 	at android.system.Os.setxattr(Os.java:481)
03-18 22:30:26.802  1258  1361 E SELinuxMMAC: 	at com.android.server.pm.SELinuxMMAC.setRestoreconDone(SELinuxMMAC.java:348)
03-18 22:30:26.802  1258  1361 E SELinuxMMAC: 	at com.android.server.pm.PackageManagerService.reconcileAppsDataLI(PackageManagerService.java:20429)
03-18 22:30:26.802  1258  1361 E SELinuxMMAC: 	at com.android.server.pm.PackageManagerService.reconcileAppsData(PackageManagerService.java:20327)
03-18 22:30:26.802  1258  1361 E SELinuxMMAC: 	at com.android.server.pm.UserManagerService.onBeforeUnlockUser(UserManagerService.java:2906)
03-18 22:30:26.802  1258  1361 E SELinuxMMAC: 	at com.android.server.am.UserController.finishUserUnlocking(UserController.java:294)
03-18 22:30:26.802  1258  1361 E SELinuxMMAC: 	at com.android.server.am.UserController.unlockUserCleared(UserController.java:984)
03-18 22:30:26.802  1258  1361 E SELinuxMMAC: 	at com.android.server.am.UserController.maybeUnlockUser(UserController.java:949)
03-18 22:30:26.802  1258  1361 E SELinuxMMAC: 	at com.android.server.am.UserController.finishUserBoot(UserController.java:269)
03-18 22:30:26.802  1258  1361 E SELinuxMMAC: 	at com.android.server.am.UserController.sendBootCompletedLocked(UserController.java:1318)
03-18 22:30:26.802  1258  1361 E SELinuxMMAC: 	at com.android.server.am.ActivityManagerService.finishBooting(ActivityManagerService.java:7082)
03-18 22:30:26.802  1258  1361 E SELinuxMMAC: 	at com.android.server.am.ActivityManagerService.bootAnimationComplete(ActivityManagerService.java:7108)
03-18 22:30:26.802  1258  1361 E SELinuxMMAC: 	at com.android.server.wm.WindowManagerService.performEnableScreen(WindowManagerService.java:5983)
03-18 22:30:26.802  1258  1361 E SELinuxMMAC: 	at com.android.server.wm.WindowManagerService$H.handleMessage(WindowManagerService.java:8462)
03-18 22:30:26.802  1258  1361 E SELinuxMMAC: 	at android.os.Handler.dispatchMessage(Handler.java:102)
03-18 22:30:26.802  1258  1361 E SELinuxMMAC: 	at android.os.Looper.loop(Looper.java:154)
03-18 22:30:26.802  1258  1361 E SELinuxMMAC: 	at android.os.HandlerThread.run(HandlerThread.java:61)
03-18 22:30:26.802  1258  1361 E SELinuxMMAC: 	at com.android.server.ServiceThread.run(ServiceThread.java:46)
03-18 22:30:26.803  1258  1361 V PackageManager: reconcileAppsData finished 22 packages; restoreconNeeded was true
03-18 22:30:26.803  1258  1353 D BluetoothManagerService: User 0 unlocked
03-18 22:30:26.803  1258  1360 D BluetoothManagerService: Message: 301
03-18 22:30:26.803  1258  1360 D BluetoothManagerService: MESSAGE_USER_UNLOCKED
03-18 22:30:26.812  1258  1353 I InputMethodManagerService: All the enabled IMEs are gone. Reset default enabled IMEs.
03-18 22:30:26.857  1258  1353 D MountService: onUnlockUser 0
03-18 22:30:26.857  1258  1423 D VoldConnector: SND -> {14 volume user_started 0}
03-18 22:30:26.857  1258  1424 D VoldConnector: RCV <- {200 14 Command succeeded}
03-18 22:30:26.861  1258  1354 I ActivityManager: Config changes=20 {1.0 ?mcc?mnc [en_US] ldltr sw360dp w360dp h568dp 480dpi nrml port finger -keyb/v/h -nav/h s.6 ?spn ?gid}
03-18 22:30:26.899  1258  1353 V BackupManagerService: No ancestral data
03-18 22:30:26.913  1258  1353 V KeyValueBackupJob: Scheduling k/v pass in 245 minutes
03-18 22:30:26.914  1258  1353 V BackupManagerService: Starting with transport com.google.android.gms/.backup.BackupTransportService
03-18 22:30:26.914  1258  1353 V BackupManagerService: Found transports: 1
03-18 22:30:26.916  1258  1353 I BackupManagerService: Backup enable apparently not migrated
03-18 22:30:26.916  1258  1353 I BackupManagerService: Migrating enable state false
03-18 22:30:26.917  1258  1353 I BackupManagerService: Backup enabled => false
03-18 22:30:26.919  1258  1353 W AppWidgetServiceImpl: Failed to read state: java.io.FileNotFoundException: /data/system/users/0/appwidgets.xml (No such file or directory)
03-18 22:30:26.919  1258  1353 V AppWidgetServiceImpl: Upgrading widget database from 0 to 1
03-18 22:30:26.920  1258  1353 W VoiceInteractionManagerService: no available voice interaction services found for user 0
03-18 22:30:26.920  1258  1353 W VoiceInteractionManagerService: no available voice recognition services found for user 0
03-18 22:30:26.920  1258  1353 I ActivityManager: Loading recents for user 0 into memory.
03-18 22:30:26.933  1258  1353 I ActivityManager: Start proc 1794:.dataservices/1000 for added application .dataservices
03-18 22:30:26.939  1258  1353 I PreBootBroadcaster: Pre-boot of {com.android.dialer/com.motorola.incallui.SmartSimPreBootReceiver} for user 0
03-18 22:30:26.939  1258  1258 V BackupManagerService: Connected to transport ComponentInfo{android/com.android.internal.backup.LocalTransportService}
03-18 22:30:26.940  1258  1258 V BackupManagerService: Registering transport android/com.android.internal.backup.LocalTransportService::android/com.android.internal.backup.LocalTransport = android.app.backup.BackupTransport$TransportImpl@52c2a8
03-18 22:30:26.961  1258  1792 V KeyValueBackupJob: Scheduling k/v pass in 245 minutes
03-18 22:30:26.963  1258  1353 I ActivityManager: Start proc 1804:com.android.dialer/u0a1 for broadcast com.android.dialer/com.motorola.incallui.SmartSimPreBootReceiver
03-18 22:30:27.111  1794  1794 W ContextImpl: Calling a method in the system process without a qualified user: android.app.ContextImpl.sendBroadcast:877 android.content.ContextWrapper.sendBroadcast:421 com.quicinc.cne.CNEService.CNEServiceApp.broadcastCNEStarted:103 com.quicinc.cne.CNEService.CNEServiceApp.startCne:123 com.quicinc.cne.CNEService.CNEServiceApp.onCreate:94 
03-18 22:30:27.212  1258  1352 W ActivityManager: Unable to start service Intent { cmp=com.android.printspooler/.model.PrintSpoolerService } U=0: not found
03-18 22:30:27.258  1258  1278 I PreBootBroadcaster: Pre-boot of {com.android.settings/com.android.settings.SettingsInitialize} for user 0
03-18 22:30:27.267  1258  1278 D ActivityManager: Sending BOOT_COMPLETE user #0
03-18 22:30:27.292  1258  1854 I BootReceiver: No existing last log timestamp file /data/system/log-files.xml; starting empty
03-18 22:30:27.292  1258  1854 I BootReceiver: Copying /sys/fs/pstore/console-ramoops to DropBox (SYSTEM_LAST_KMSG)
03-18 22:30:27.338  1258  1854 I BootReceiver: Copying /cache/recovery/last_kmsg to DropBox (SYSTEM_RECOVERY_KMSG)
03-18 22:30:27.361  1258  1854 I BootReceiver: Copying audit failures to DropBox
03-18 22:30:27.370  1258  1854 I BootReceiver: Copied 1078 worth of audits to DropBox
03-18 22:30:27.374  1258  1854 I BootReceiver: Checking for fsck errors
03-18 22:30:27.383  1804  1859 E ActivityThread: Failed to find provider info for call_log
03-18 22:30:27.414  1258  1619 E ActivityThread: Failed to find provider info for call_log
03-18 22:30:27.417  1258  1564 W ActivityManager: Unable to start service Intent { act=android.service.carrier.CarrierService pkg=com.android.carrierconfig } U=0: not found
03-18 22:30:27.425  1258  1258 I Telecom : PhoneAccountRegistrar: SimCallManager queried, returning: null: TSI.gSCMFU@ABY
03-18 22:30:28.193  1258  1438 D ConnectivityService: Got NetworkFactory Messenger for WIFI
03-18 22:30:28.193  1258  1438 D ConnectivityService: Got NetworkFactory Messenger for WIFI_UT
03-18 22:30:28.260  1258  1430 D WifiP2pService: MCC mode enabled 1
03-18 22:30:28.263  1258  1356 E BatteryStatsService: no controller energy info supplied
03-18 22:30:28.265  1258  1356 E KernelCpuSpeedReader: Failed to read cpu-freq stats for CPUs 4-7
03-18 22:30:28.276  1258  1356 E BatteryStatsService: no controller energy info supplied
03-18 22:30:28.277  1258  1356 E KernelCpuSpeedReader: Failed to read cpu-freq stats for CPUs 4-7
03-18 22:30:29.811  1258  1356 E BatteryStatsService: no controller energy info supplied
03-18 22:30:29.813  1258  1356 E KernelCpuSpeedReader: Failed to read cpu-freq stats for CPUs 4-7
03-18 22:30:30.195  1258  1432 D CountryDetector: The first listener is added
03-18 22:30:37.217  1258  1352 E RemotePrintSpooler: Error pruning approved print services.
03-18 22:30:37.217  1258  1352 E RemotePrintSpooler: java.util.concurrent.TimeoutException: Cannot get spooler!
03-18 22:30:37.217  1258  1352 E RemotePrintSpooler: 	at com.android.server.print.RemotePrintSpooler.bindLocked(RemotePrintSpooler.java:630)
03-18 22:30:37.217  1258  1352 E RemotePrintSpooler: 	at com.android.server.print.RemotePrintSpooler.getRemoteInstanceLazy(RemotePrintSpooler.java:599)
03-18 22:30:37.217  1258  1352 E RemotePrintSpooler: 	at com.android.server.print.RemotePrintSpooler.pruneApprovedPrintServices(RemotePrintSpooler.java:512)
03-18 22:30:37.217  1258  1352 E RemotePrintSpooler: 	at com.android.server.print.UserState.prunePrintServices(UserState.java:1028)
03-18 22:30:37.217  1258  1352 E RemotePrintSpooler: 	at com.android.server.print.UserState.<init>(UserState.java:159)
03-18 22:30:37.217  1258  1352 E RemotePrintSpooler: 	at com.android.server.print.PrintManagerService$PrintManagerImpl.getOrCreateUserStateLocked(PrintManagerService.java:822)
03-18 22:30:37.217  1258  1352 E RemotePrintSpooler: 	at com.android.server.print.PrintManagerService$PrintManagerImpl.-wrap0(PrintManagerService.java)
03-18 22:30:37.217  1258  1352 E RemotePrintSpooler: 	at com.android.server.print.PrintManagerService$PrintManagerImpl$3.run(PrintManagerService.java:843)
03-18 22:30:37.217  1258  1352 E RemotePrintSpooler: 	at android.os.Handler.handleCallback(Handler.java:751)
03-18 22:30:37.217  1258  1352 E RemotePrintSpooler: 	at android.os.Handler.dispatchMessage(Handler.java:95)
03-18 22:30:37.217  1258  1352 E RemotePrintSpooler: 	at android.os.Looper.loop(Looper.java:154)
03-18 22:30:37.217  1258  1352 E RemotePrintSpooler: 	at android.os.HandlerThread.run(HandlerThread.java:61)
03-18 22:30:37.218  1258  1352 W ActivityManager: Unable to start service Intent { cmp=com.android.printspooler/.model.PrintSpoolerService } U=0: not found
03-18 22:30:47.222  1258  1352 E RemotePrintSpooler: Error removing obsolete print jobs .
03-18 22:30:47.222  1258  1352 E RemotePrintSpooler: java.util.concurrent.TimeoutException: Cannot get spooler!
03-18 22:30:47.222  1258  1352 E RemotePrintSpooler: 	at com.android.server.print.RemotePrintSpooler.bindLocked(RemotePrintSpooler.java:630)
03-18 22:30:47.222  1258  1352 E RemotePrintSpooler: 	at com.android.server.print.RemotePrintSpooler.getRemoteInstanceLazy(RemotePrintSpooler.java:599)
03-18 22:30:47.222  1258  1352 E RemotePrintSpooler: 	at com.android.server.print.RemotePrintSpooler.removeObsoletePrintJobs(RemotePrintSpooler.java:534)
03-18 22:30:47.222  1258  1352 E RemotePrintSpooler: 	at com.android.server.print.UserState.removeObsoletePrintJobs(UserState.java:200)
03-18 22:30:47.222  1258  1352 E RemotePrintSpooler: 	at com.android.server.print.PrintManagerService$PrintManagerImpl$3.run(PrintManagerService.java:849)
03-18 22:30:47.222  1258  1352 E RemotePrintSpooler: 	at android.os.Handler.handleCallback(Handler.java:751)
03-18 22:30:47.222  1258  1352 E RemotePrintSpooler: 	at android.os.Handler.dispatchMessage(Handler.java:95)
03-18 22:30:47.222  1258  1352 E RemotePrintSpooler: 	at android.os.Looper.loop(Looper.java:154)
03-18 22:30:47.222  1258  1352 E RemotePrintSpooler: 	at android.os.HandlerThread.run(HandlerThread.java:61)
03-18 22:30:47.224  1258  1352 W LocationProviderProxy-network: Odd, no component found for service com.android.location.service.v3.NetworkLocationProvider
03-18 22:30:47.225  1258  1352 W GeocoderProxy: Odd, no component found for service com.android.location.service.GeocodeProvider
03-18 22:30:47.225  1258  1352 W FusedProxy: Odd, no component found for service com.android.location.service.FusedProvider
03-18 22:30:47.225  1258  1352 W GeofenceProxy: Odd, no component found for service com.android.location.service.GeofenceProvider
03-18 22:30:47.225  1258  1352 W ActivityRecognitionProxy: Odd, no component found for service com.android.location.service.ActivityRecognitionProvider
03-18 22:30:47.259  1258  1352 W ActivityManager: Unable to start service Intent { cmp=com.android.printspooler/.model.PrintSpoolerService } U=0: not found
03-18 22:30:57.263  1258  1352 E RemotePrintSpooler: Error pruning approved print services.
03-18 22:30:57.263  1258  1352 E RemotePrintSpooler: java.util.concurrent.TimeoutException: Cannot get spooler!
03-18 22:30:57.263  1258  1352 E RemotePrintSpooler: 	at com.android.server.print.RemotePrintSpooler.bindLocked(RemotePrintSpooler.java:630)
03-18 22:30:57.263  1258  1352 E RemotePrintSpooler: 	at com.android.server.print.RemotePrintSpooler.getRemoteInstanceLazy(RemotePrintSpooler.java:599)
03-18 22:30:57.263  1258  1352 E RemotePrintSpooler: 	at com.android.server.print.RemotePrintSpooler.pruneApprovedPrintServices(RemotePrintSpooler.java:512)
03-18 22:30:57.263  1258  1352 E RemotePrintSpooler: 	at com.android.server.print.UserState.prunePrintServices(UserState.java:1028)
03-18 22:30:57.263  1258  1352 E RemotePrintSpooler: 	at com.android.server.print.PrintManagerService$PrintManagerImpl$2.onPackageModified(PrintManagerService.java:740)
