02-28 18:13:20.518  2728 23568 I ActivityManager: Start proc 2891:android.process.acore/u0a11 for broadcast com.android.providers.contacts/.PackageIntentReceiver
02-28 18:13:20.526  2728  3702 I ActivityManager: Killing 2502:com.google.android.gms.ui/u0a33 (adj 906): empty #5
02-28 18:13:20.543  2728 29446 D GraphicsStats: Buffer count: 8
02-28 18:13:20.608  2728  2870 I art     : Starting a blocking GC Explicit
02-28 18:13:20.612  2728  3134 D ActivityManager: cleanUpApplicationRecord -- 2502
02-28 18:13:20.625  2891  2891 W System  : ClassLoader referenced unknown path: /system/priv-app/ContactsProvider/lib/arm
02-28 18:13:20.672  2891  2891 W System  : ClassLoader referenced unknown path: /system/priv-app/BlockedNumberProvider/lib/arm
02-28 18:13:20.681  2891  2891 W System  : ClassLoader referenced unknown path: /system/app/UserDictionaryProvider/lib/arm
02-28 18:13:20.692  2728  2796 I ActivityManager: Start proc 2909:com.android.printspooler/u0a119 for service com.android.printspooler/.model.PrintSpoolerService
02-28 18:13:20.708  2891  2915 D VoicemailCleanupService: Cleaning up data for package: io.appium.uiautomator2.server
02-28 18:13:20.729  2728 20347 I ActivityManager: Start proc 2928:com.android.vending/u0a58 for broadcast com.android.vending/com.google.android.finsky.packagemanager.impl.PackageMonitorReceiverImpl$RegisteredReceiver
02-28 18:13:20.732  2891  2905 I ContactLocale: AddressBook Labels [[en_US,ru_RU]]: [, A, B, C, D, E, F, G, H, I, J, K, L, M, N, O, P, Q, R, S, T, U, V, W, X, Y, Z, , , , , , , , , , , , , , , , , , , , , , , , , , , , , , , , , , , , , , , , , , , , , , , , , , , , , , , , , , , , , , , , , , , , , , , , , , , , , , , , , , , , , , , , , , , , , , , , , , , , , , , , , , , , , , , , , , , , , , , , , , , , , , , , , , , , , , , , , , , , , , , , , , , , , , , , , , , , , , , , , , , , , , , , , , , , , , , , , , , , , , , , , , , , , #, ]
02-28 18:13:20.754  2728 29446 I ActivityManager: Killing 2555:com.google.android.packageinstaller/u0a37 (adj 906): empty #5
02-28 18:13:20.760  2728  2870 I art     : Explicit concurrent mark sweep GC freed 104520(7MB) AllocSpace objects, 14(1152KB) LOS objects, 28% free, 39MB/55MB, paused 2.281ms total 151.896ms
02-28 18:13:20.770  2728 29450 D GraphicsStats: Buffer count: 7
02-28 18:13:20.771  2728  3702 D ActivityManager: cleanUpApplicationRecord -- 2555
02-28 18:13:20.778  2728  2870 I ActivityManager: Force stopping io.appium.uiautomator2.server.test appid=10662 user=0: pkg removed
02-28 18:13:20.787 31898 31898 D BluetoothMapAppObserver: onReceive
02-28 18:13:20.787 31898 31898 D BluetoothMapAppObserver: The removed package is: io.appium.uiautomator2.server.test
02-28 18:13:20.787  3643  3643 I GeofencerStateMachine: removeGeofences: removeRequest=RemoveGeofencingRequest[REMOVE_ALL packageName=io.appium.uiautomator2.server.test]
02-28 18:13:20.796 12616 12616 E CarrierServices: [1] c.a: Invalid signature found for com.android.contacts: 9E0178744377D469264A2D8AC1E9EBA90E0FC9C4
02-28 18:13:20.803  3180  3180 D CarrierSvcBindHelper: No carrier app for: 0
02-28 18:13:20.805  2728  3130 I InputReader: Reconfiguring input devices.  changes=0x00000010
02-28 18:13:20.821  2728  3137 I TetherStatsReporting: getTetherStats() called NetworkStats: elapsedRealtime=1893069507
02-28 18:13:20.821  2728  3137 I TetherStatsReporting:   [0] iface=rmnet_data1 uid=0 set=DEFAULT tag=0x0 roaming=NO rxBytes=3969 rxPackets=31 txBytes=4490 txPackets=64 operations=0
02-28 18:13:20.821  2728  3137 I TetherStatsReporting:   [1] iface=rmnet_data1 uid=0 set=FOREGROUND tag=0x0 roaming=NO rxBytes=0 rxPackets=0 txBytes=0 txPackets=0 operations=0
02-28 18:13:20.821  2728  3137 I TetherStatsReporting:   [2] iface=rmnet_data1 uid=1001 set=DEFAULT tag=0x0 roaming=NO rxBytes=0 rxPackets=0 txBytes=0 txPackets=0 operations=0
02-28 18:13:20.821  2728  3137 I TetherStatsReporting:   [3] iface=rmnet_data1 uid=1001 set=FOREGROUND tag=0x0 roaming=NO rxBytes=124124 rxPackets=659 txBytes=1228428 txPackets=1002 operations=0
02-28 18:13:20.821  2728  3137 I TetherStatsReporting:   [4] iface=v4-rmnet_data0 uid=0 set=DEFAULT tag=0x0 roaming=NO rxBytes=4229 rxPackets=64 txBytes=3534 txPackets=61 operations=0
02-28 18:13:20.821  2728  3137 I TetherStatsReporting:   [5] iface=v4-rmnet_data0 uid=0 set=FOREGROUND tag=0x0 roaming=NO rxBytes=0 rxPackets=0 txBytes=0 txPackets=0 operations=0
02-28 18:13:20.821  2728  3137 I TetherStatsReporting:   [6] iface=v4-rmnet_data0 uid=1000 set=DEFAULT tag=0x0 roaming=NO rxBytes=0 rxPackets=0 txBytes=448 txPackets=7 operations=0
02-28 18:13:20.821  2728  3137 I TetherStatsReporting:   [7] iface=v4-rmnet_data0 uid=1000 set=FOREGROUND tag=0x0 roaming=NO rxBytes=0 rxPackets=0 txBytes=0 txPackets=0 operations=0
02-28 18:13:20.821  2728  3137 I TetherStatsReporting:   [8] iface=v4-rmnet_data0 uid=10033 set=DEFAULT tag=0x0 roaming=NO rxBytes=0 rxPackets=0 txBytes=300 txPackets=5 operations=0
02-28 18:13:20.821  2728  3137 I TetherStatsReporting:   [9] iface=v4-rmnet_data0 uid=10033 set=FOREGROUND tag=0x0 roaming=NO rxBytes=0 rxPackets=0 txBytes=0 txPackets=0 operations=0
02-28 18:13:20.821  2728  3137 I TetherStatsReporting:   [10] iface=v4-rmnet_data0 uid=10083 set=DEFAULT tag=0x0 roaming=NO rxBytes=0 rxPackets=0 txBytes=453 txPackets=8 operations=0
02-28 18:13:20.821  2728  3137 I TetherStatsReporting:   [11] iface=v4-rmnet_data0 uid=10083 set=FOREGROUND tag=0x0 roaming=NO rxBytes=70706 rxPackets=173 txBytes=70430 txPackets=398 operations=0
02-28 18:13:20.821  2728  3137 I TetherStatsReporting:   [12] iface=v4-rmnet_data0 uid=10110 set=DEFAULT tag=0x0 roaming=NO rxBytes=3621 rxPackets=10 txBytes=1233 txPackets=17 operations=0
02-28 18:13:20.821  2728  3137 I TetherStatsReporting:   [13] iface=v4-rmnet_data0 uid=10110 set=FOREGROUND tag=0x0 roaming=NO rxBytes=0 rxPackets=0 txBytes=0 txPackets=0 operations=0
02-28 18:13:20.821  2728  3137 I TetherStatsReporting:   [14] iface=v4-rmnet_data0 uid=10396 set=DEFAULT tag=0x0 roaming=NO rxBytes=49473 rxPackets=72 txBytes=48011 txPackets=81 operations=0
02-28 18:13:20.821  2728  3137 I TetherStatsReporting:   [15] iface=v4-rmnet_data0 uid=10396 set=FOREGROUND tag=0x0 roaming=NO rxBytes=0 rxPackets=0 txBytes=0 txPackets=0 operations=0
02-28 18:13:20.821  2728  3137 I TetherStatsReporting:   [16] iface=v4-rmnet_data0 uid=10033 set=DEFAULT tag=0x900 roaming=NO rxBytes=0 rxPackets=0 txBytes=300 txPackets=5 operations=0
02-28 18:13:20.821  2728  3137 I TetherStatsReporting:   [17] iface=v4-rmnet_data0 uid=10033 set=FOREGROUND tag=0x900 roaming=NO rxBytes=0 rxPackets=0 txBytes=0 txPackets=0 operations=0
02-28 18:13:20.821  2728  3137 I TetherStatsReporting:   [18] iface=rmnet_data0 uid=0 set=DEFAULT tag=0x0 roaming=NO rxBytes=23840728 rxPackets=16967 txBytes=1098257 txPackets=16252 operations=0
02-28 18:13:20.821  2728  3137 I TetherStatsReporting:   [19] iface=rmnet_data0 uid=0 set=FOREGROUND tag=0x0 roaming=NO rxBytes=0 rxPackets=0 txBytes=0 txPackets=0 operations=0
02-28 18:13:20.821  2728  3137 I TetherStatsReporting:   [20] iface=rmnet_data0 uid=1000 set=DEFAULT tag=0x0 roaming=NO rxBytes=21373 rxPackets=116 txBytes=20967 txPackets=151 operations=0
02-28 18:13:20.821  2728  3137 I TetherStatsReporting:   [21] iface=rmnet_data0 uid=1000 set=FOREGROUND tag=0x0 roaming=NO rxBytes=0 rxPackets=0 txBytes=0 txPackets=0 operations=0
02-28 18:13:20.821  2728  3137 I TetherStatsReporting:   [22] iface=rmnet_data0 uid=10008 set=DEFAULT tag=0x0 roaming=NO rxBytes=5073 rxPackets=18 txBytes=5433 txPackets=27 operations=0
02-28 18:13:20.821  2728  3137 I TetherStatsReporting:   [23] iface=rmnet_data0 uid=10008 set=FOREGROUND tag=0x0 roaming=NO rxBytes=0 rxPackets=0 txBytes=0 txPackets=0 operations=0
02-28 18:13:20.821  2728  3137 I TetherStatsReporting:   [24] iface=rmnet_data0 uid=10027 set=DEFAULT tag=0x0 roaming=NO rxBytes=0 rxPackets=0 txBytes=72 txPackets=1 operations=1
02-28 18:13:20.821  2728  3137 I TetherStatsReporting:   [25] iface=rmnet_data0 uid=10027 set=FOREGROUND tag=0x0 roaming=NO rxBytes=0 rxPackets=0 txBytes=0 txPackets=0 operations=0
02-28 18:13:20.821  2728  3137 I TetherStatsReporting:   [26] iface=rmnet_data0 uid=10033 set=DEFAULT tag=0x0 roaming=NO rxBytes=750201 rxPackets=1406 txBytes=501953 txPackets=1388 operations=0
02-28 18:13:20.821  2728  3137 I TetherStatsReporting:   [27] iface=rmnet_data0 uid=10033 set=FOREGROUND tag=0x0 roaming=NO rxBytes=813182 rxPackets=1300 txBytes=478583 txPackets=1270 operations=0
02-28 18:13:20.821  2728  3137 I TetherStatsReporting:   [28] iface=rmnet_data0 uid=10058 set=DEFAULT tag=0x0 roaming=NO rxBytes=85811 rxPackets=127 txBytes=43675 txPackets=116 operations=0
02-28 18:13:20.821  2728  3137 I TetherStatsReporting:   [29] iface=rmnet_data0 uid=10058 set=FOREGROUND tag=0x0 roaming=NO rxBytes=20695 rxPackets=40 txBytes=16227 txPackets=41 operations=0
02-28 18:13:20.821  2728  3137 I TetherStatsReporting:   [30] iface=rmnet_data0 uid=10071 set=DEFAULT tag=0x0 roaming=NO rxBytes
02-28 18:13:20.821  2728  3137 I TetherStatsReporting: combining tether stats
02-28 18:13:20.822  3672  3683 D QtiTetherService/IpaWrapper: getStats(false)
02-28 18:13:20.967  2928  2952 I cr_CronetLibraryLoader: Cronet version: 65.0.3325.16, arch: armv7l
02-28 18:13:20.967  2928  2928 W Settings: Setting download_manager_max_bytes_over_mobile has moved from android.provider.Settings.Secure to android.provider.Settings.Global.
02-28 18:13:20.969  2928  2928 W Settings: Setting download_manager_recommended_max_bytes_over_mobile has moved from android.provider.Settings.Secure to android.provider.Settings.Global.
02-28 18:13:20.993  2928  2928 I Finsky  : [1] com.google.android.finsky.scheduler.al.d(44): Resetting scheduler db
02-28 18:13:20.995  2928  2928 I Finsky  : [1] com.google.android.finsky.hygiene.a.a.a(26): No need to run daily hygiene.
02-28 18:13:21.002  2928  2999 I Finsky  : [19896] com.google.android.finsky.cb.a.f.j(72): Loaded library for account: [lgYMHb3yi3zSOyWOcZ0l47D_Srw]
02-28 18:13:21.019  2928  2999 I Finsky  : [19896] com.google.android.finsky.cb.a.f.j(72): Loaded library for account: [qLj21PD-jEPrbcXYwMxDDvCtvi4]
02-28 18:13:21.025  2928  2928 I Finsky  : [1] com.google.android.finsky.installer.a.q.<init>(9): Not checking if recovering from paused session because experiment is off
02-28 18:13:21.026  2928  2928 I Finsky  : [1] com.google.android.finsky.installer.a.q.<init>(9): Not checking if recovering from paused session because experiment is off
02-28 18:13:21.029  2928  2999 I Finsky  : [19896] com.google.android.finsky.cb.a.f.j(100): Finished loading 2 libraries.
02-28 18:13:21.051  2928  2928 I Finsky  : [1] com.google.android.finsky.cj.a.a(50): Enabling bucket experiment: factor=1.000, zeroDelta=0ms, forceNetwork=true
02-28 18:13:21.106  2928  2928 I Finsky  : [1] com.google.android.finsky.splitinstallservice.p.a(9): Connecting InstallListener to SplitInstallService broadcaster...
02-28 18:13:21.110  2928  2928 V ConnectivityManager: isActiveNetworkMetered() returns:false
02-28 18:13:21.111  2928  2928 I Finsky  : [1] com.google.android.finsky.installer.a.ad.a(930): Installer kick - no action, not running yet
02-28 18:13:21.118  3643 30658 E NetworkScheduler: Unrecognised action provided: android.intent.action.PACKAGE_REMOVED
02-28 18:13:21.175  2728 32296 I ActivityManager: Start proc 3035:com.motorola.motodisplay/u0a52 for broadcast com.motorola.motodisplay/.events.EventReceiver
02-28 18:13:21.185  6267  1817 I ContentMaintenance: Pruning caches...
02-28 18:13:21.187  6267  1817 I ContentMaintenance: Internal cache bytes used: 0; limit: 100000000; download size: 0
02-28 18:13:21.193  6267  3025 D FA-SVC  : Got package removed intent: io.appium.uiautomator2.server
02-28 18:13:21.198  6267  3085 D FA-SVC  : No app data available; not logging uninstall event: io.appium.uiautomator2.server
02-28 18:13:21.216  6267  3021 D Wear_Controller: Received broadcast action=android.intent.action.PACKAGE_REMOVED and uri=io.appium.uiautomator2.server
02-28 18:13:21.219  6267  1817 I ContentMaintenance: Cache pruning complete.
02-28 18:13:21.223  6267 12414 I Icing   : IndexChimeraService.getServiceInterface callingPackage=com.google.android.gms componentName=AppsCorpus serviceId=36
02-28 18:13:21.229  6267 20699 E WorkSourceUtil: Could not find package: io.appium.uiautomator2.server
02-28 18:13:21.229  6267  1817 I ContentMaintenance: Beginning garbage collection.
02-28 18:13:21.231  6267 12414 I Icing   : IndexChimeraService.getServiceInterface callingPackage=com.google.android.gms componentName=AppsCorpus serviceId=32
02-28 18:13:21.231  6267  3087 I Icing   : doRemovePackageData io.appium.uiautomator2.server
02-28 18:13:21.235  6267  1817 I RealtimeCacheCleanup: Beginning Realtime garbage collection.
02-28 18:13:21.236  6267  3026 I LocationSettingsChecker: Removing dialog suppression flag for package io.appium.uiautomator2.server
02-28 18:13:21.237  6267  1817 I RealtimeCacheCleanup: Finished Realtime garbage collection.
02-28 18:13:21.237  6267  1817 I ContentMaintenance: Finished garbage collection.
02-28 18:13:21.237  2928  2928 I Finsky  : [1] com.google.android.finsky.wear.WearSupportService.onStartCommand(21): Starting WearSupportService for auto_uninstall
02-28 18:13:21.238  2928  2928 I Finsky  : [1] com.google.android.finsky.wear.ao.a(79): Connecting to wearable; initiated by: com.google.android.finsky.wear.WearSupportService
02-28 18:13:21.242  6267  3033 I GrowthService: Package io.appium.uiautomator2.server uninstalled. Removing from storage.
02-28 18:13:21.250  3035  3035 W System  : ClassLoader referenced unknown path: /system/priv-app/MotoDisplay/lib/arm
02-28 18:13:21.251  2928  2928 I Finsky  : [1] com.google.android.finsky.wear.WearSupportService.onStartCommand(21): Starting WearSupportService for send_installed_apps
02-28 18:13:21.258  3643  3643 I WearableService: Wearable Services not starting - Wear is not available on this device.
02-28 18:13:21.259  2928  3092 I Finsky  : [19909] com.google.android.finsky.splitinstallservice.r.run(7): No active session in storage.
02-28 18:13:21.265  3643 19805 D WearableService: onGetService - Wear is not available on this device.
02-28 18:13:21.269  3035  3035 D MotoDisplay: Proxy Initialization check Successful
02-28 18:13:21.282  2928  2928 E Finsky  : [1] com.google.android.finsky.wear.ar.a(3): onConnectionFailed: ConnectionResult{statusCode=API_UNAVAILABLE, resolution=null, message=null}
02-28 18:13:21.283  2928  2928 W Finsky  : [1] com.google.android.finsky.wear.ca.run(12): Dropping command=auto_uninstall due to Gms not connected
02-28 18:13:21.284  2928  2928 I Finsky  : [1] com.google.android.finsky.wear.WearSupportService.b(67): Stopping WearSupportService
02-28 18:13:21.292  2728  3699 I ActivityManager: Start proc 3097:com.android.documentsui/u0a26 for broadcast com.android.documentsui/.PackageReceiver
02-28 18:13:21.295  2928  2928 W Finsky  : [1] com.google.android.finsky.wear.ca.run(12): Dropping command=send_installed_apps due to Gms not connected
02-28 18:13:21.296  2928  2928 I Finsky  : [1] com.google.android.finsky.wear.WearSupportService.b(67): Stopping WearSupportService
02-28 18:13:21.298  2728 29446 I ActivityManager: Killing 2677:com.android.chrome:privileged_process1/u0a83 (adj 900): empty #5
02-28 18:13:21.302  2928  2928 V ConnectivityManager: isActiveNetworkMetered() returns:false
02-28 18:13:21.311  2928  2928 I Finsky  : [1] com.google.android.finsky.scheduler.JobSchedulerEngine.a(37): Scheduling job with id: 9000
02-28 18:13:21.315  2728  2743 D ActivityManager: cleanUpApplicationRecord -- 2677
02-28 18:13:21.315  2306  2376 W cr_ChildProcessConn: onServiceDisconnected (crash or killed by oom): pid=2677
02-28 18:13:21.315  2728  2743 W ActivityManager: Scheduling restart of crashed service com.android.chrome/org.chromium.content.app.PrivilegedProcessService1 in 1000ms
02-28 18:13:21.321  6267  3087 I Icing   : App usage reports: 3
02-28 18:13:21.322  6267  3087 I Icing   : Usage reports ok 3, Failed Usage reports 0, indexed 0, rejected 0, imm upload false
02-28 18:13:21.326  3097  3097 W System  : ClassLoader referenced unknown path: /system/priv-app/DocumentsUI/lib/arm
02-28 18:13:21.332  6267  3087 I Icing   : Usage reports ok 0, Failed Usage reports 0, indexed 0, rejected 0, imm upload false
02-28 18:13:21.396  2728 29449 I ActivityManager: Killing 2871:com.android.keychain/1000 (adj 906): empty #5
02-28 18:13:21.417  2728 12011 D ActivityManager: cleanUpApplicationRecord -- 2871
02-28 18:13:21.427  3643  4977 V ConnectivityManager: isActiveNetworkMetered() returns:false
02-28 18:13:21.447  2728  9525 I ActivityManager: Start proc 3167:com.android.keychain/1000 for broadcast com.android.keychain/.KeyChainBroadcastReceiver
02-28 18:13:21.489  3167  3167 W System  : ClassLoader referenced unknown path: /system/app/KeyChain/lib/arm
02-28 18:13:21.504  3167  3167 W ContextImpl: Calling a method in the system process without a qualified user: android.app.ContextImpl.startService:1357 android.content.ContextWrapper.startService:613 android.content.ContextWrapper.startService:613 com.android.keychain.KeyChainBroadcastReceiver.onReceive:12 android.app.ActivityThread.handleReceiver:3032 
02-28 18:13:21.513  2891  3197 D VoicemailCleanupService: Cleaning up data for package: io.appium.uiautomator2.server.test
02-28 18:13:21.531  2928  2928 I Finsky  : [1] com.google.android.finsky.wear.WearSupportService.onStartCommand(21): Starting WearSupportService for auto_uninstall
02-28 18:13:21.532  2928  2928 I Finsky  : [1] com.google.android.finsky.wear.ao.a(79): Connecting to wearable; initiated by: com.google.android.finsky.wear.WearSupportService
02-28 18:13:21.536  2928  2928 I Finsky  : [1] com.google.android.finsky.wear.WearSupportService.onStartCommand(21): Starting WearSupportService for send_installed_apps
02-28 18:13:21.536  3643 30658 E NetworkScheduler: Unrecognised action provided: android.intent.action.PACKAGE_REMOVED
02-28 18:13:21.544  2928  3092 I Finsky  : [19909] com.google.android.finsky.splitinstallservice.r.run(7): No active session in storage.
02-28 18:13:21.544  3643 12235 D WearableService: onGetService - Wear is not available on this device.
02-28 18:13:21.546  2928  2928 E Finsky  : [1] com.google.android.finsky.wear.ar.a(3): onConnectionFailed: ConnectionResult{statusCode=API_UNAVAILABLE, resolution=null, message=null}
02-28 18:13:21.547  2928  2928 W Finsky  : [1] com.google.android.finsky.wear.ca.run(12): Dropping command=auto_uninstall due to Gms not connected
02-28 18:13:21.551  2928  2928 I Finsky  : [1] com.google.android.finsky.wear.WearSupportService.b(67): Stopping WearSupportService
02-28 18:13:21.555  2928  2928 W Finsky  : [1] com.google.android.finsky.wear.ca.run(12): Dropping command=send_installed_apps due to Gms not connected
02-28 18:13:21.556  2928  2928 I Finsky  : [1] com.google.android.finsky.wear.WearSupportService.b(67): Stopping WearSupportService
02-28 18:13:21.580  6267 12414 I Icing   : IndexChimeraService.getServiceInterface callingPackage=com.google.android.gms componentName=AppsCorpus serviceId=36
02-28 18:13:21.581  6267 20699 I Icing   : IndexChimeraService.getServiceInterface callingPackage=com.google.android.gms componentName=AppsCorpus serviceId=32
02-28 18:13:21.599  6267  3021 D FA-SVC  : Got package removed intent: io.appium.uiautomator2.server.test
02-28 18:13:21.600  6267  3033 D Wear_Controller: Received broadcast action=android.intent.action.PACKAGE_REMOVED and uri=io.appium.uiautomator2.server.test
02-28 18:13:21.604  6267  3085 D FA-SVC  : No app data available; not logging uninstall event: io.appium.uiautomator2.server.test
02-28 18:13:21.610  6267  3033 I LocationSettingsChecker: Removing dialog suppression flag for package io.appium.uiautomator2.server.test
02-28 18:13:21.612  6267  3025 I GrowthService: Package io.appium.uiautomator2.server.test uninstalled. Removing from storage.
02-28 18:13:21.612  6267 20699 E WorkSourceUtil: Could not find package: io.appium.uiautomator2.server.test
02-28 18:13:21.617  2728  5078 I ActivityManager: Killing 3167:com.android.keychain/1000 (adj 906): empty #5
02-28 18:13:21.621  6267 26382 I Icing   : Usage reports ok 0, Failed Usage reports 0, indexed 0, rejected 0, imm upload false
02-28 18:13:21.632  2728 32296 D ActivityManager: cleanUpApplicationRecord -- 3167
02-28 18:13:21.634  3643  4977 V ConnectivityManager: isActiveNetworkMetered() returns:false
02-28 18:13:21.653  6267 26382 I Icing   : Usage reports ok 0, Failed Usage reports 0, indexed 0, rejected 0, imm upload false
02-28 18:13:21.654  6267 26382 I Icing   : doRemovePackageData io.appium.uiautomator2.server.test
02-28 18:13:21.688  6267  6277 I art     : Background sticky concurrent mark sweep GC freed 387120(11MB) AllocSpace objects, 13(252KB) LOS objects, 6% free, 169MB/180MB, paused 15.943ms total 119.301ms
02-28 18:13:22.339  6267  3087 I Icing   : Indexing 5BC26A023FAF1F43AEFAB66B338D37C6EF45681D from com.google.android.gms
02-28 18:13:22.353  6267  3087 I Icing   : Indexing done 5BC26A023FAF1F43AEFAB66B338D37C6EF45681D
02-28 18:13:22.660  6267  3087 I Icing   : Indexing 5BC26A023FAF1F43AEFAB66B338D37C6EF45681D from com.google.android.gms
02-28 18:13:22.662  6267  3087 I Icing   : Indexing done 5BC26A023FAF1F43AEFAB66B338D37C6EF45681D
02-28 18:13:23.399  3212  3212 D AndroidRuntime: >>>>>> START com.android.internal.os.RuntimeInit uid 2000 <<<<<<
02-28 18:13:23.410  3212  3212 D AndroidRuntime: CheckJNI is OFF
02-28 18:13:23.589  3212  3212 W main    : type=1400 audit(0.0:1950): avc: denied { read } for uid=2000 name="name" dev="sysfs" ino=22225 scontext=u:r:shell:s0 tcontext=u:object_r:sysfs:s0 tclass=file permissive=0
02-28 18:13:23.595  3212  3212 E libmdmdetect: Failed to open /sys/bus/msm_subsys/devices/subsys0/name: Permission denied
02-28 18:13:23.638  3212  3212 D ICU     : No timezone override file found: /data/misc/zoneinfo/current/icu/icu_tzdata.dat
02-28 18:13:23.688  3212  3212 I Radio-JNI: register_android_hardware_Radio DONE
02-28 18:13:23.718  3212  3212 D AndroidRuntime: Calling main entry com.android.commands.wm.Wm
02-28 18:13:23.721  3212  3212 D AndroidRuntime: Shutting down VM
02-28 18:13:24.298  2283  2283 I MSM-irqbalance: Decided to move IRQ18 from CPU3 [P:0] to CPU6 [P:1] (banned)
02-28 18:13:24.299  2283  2283 I MSM-irqbalance: Decided to move IRQ317 from CPU3 [P:0] to CPU5 [P:1] (banned)
02-28 18:13:24.299  2283  2283 I MSM-irqbalance: Decided to move IRQ18 from CPU1 [P:0] to CPU7 [P:1] (banned)
02-28 18:13:24.299  2283  2283 I MSM-irqbalance: Decided to move IRQ317 from CPU1 [P:0] to CPU4 [P:1] (banned)
02-28 18:13:24.299  2283  2283 I MSM-irqbalance: Decided to move IRQ37 from CPU1 [P:0] to CPU6 [P:1] (banned)
02-28 18:13:24.299  2283  2283 I MSM-irqbalance: Decided to move IRQ18 from CPU2 [P:0] to CPU5 [P:1] (banned)
02-28 18:13:24.299  2283  2283 I MSM-irqbalance: Decided to move IRQ317 from CPU2 [P:0] to CPU7 [P:1] (banned)
02-28 18:13:24.299  2283  2283 I MSM-irqbalance: Decided to move IRQ37 from CPU2 [P:0] to CPU4 [P:1] (banned)
02-28 18:13:24.300  2283  2283 I MSM-irqbalance: Decided to move IRQ18 from CPU0 [P:0] to CPU6 [P:1] (banned)
02-28 18:13:24.300  2283  2283 I MSM-irqbalance: Decided to move IRQ317 from CPU0 [P:0] to CPU5 [P:1] (banned)
02-28 18:13:24.598  3228  3228 D AndroidRuntime: >>>>>> START com.android.internal.os.RuntimeInit uid 2000 <<<<<<
02-28 18:13:24.602  3228  3228 D AndroidRuntime: CheckJNI is OFF
02-28 18:13:24.666  3228  3228 W main    : type=1400 audit(0.0:1951): avc: denied { read } for uid=2000 name="name" dev="sysfs" ino=22225 scontext=u:r:shell:s0 tcontext=u:object_r:sysfs:s0 tclass=file permissive=0
02-28 18:13:24.669  3228  3228 E libmdmdetect: Failed to open /sys/bus/msm_subsys/devices/subsys0/name: Permission denied
02-28 18:13:24.686  3228  3228 D ICU     : No timezone override file found: /data/misc/zoneinfo/current/icu/icu_tzdata.dat
02-28 18:13:24.720  3228  3228 I Radio-JNI: register_android_hardware_Radio DONE
02-28 18:13:24.733  3228  3228 D AndroidRuntime: Calling main entry com.android.commands.am.Am
02-28 18:13:24.736  2728 29453 W ActivityManager: Invalid packageName: io.appium.uiautomator2.server
02-28 18:13:24.737  3228  3228 D AndroidRuntime: Shutting down VM
02-28 18:13:25.413  3246  3246 D AndroidRuntime: >>>>>> START com.android.internal.os.RuntimeInit uid 2000 <<<<<<
02-28 18:13:25.416  3246  3246 D AndroidRuntime: CheckJNI is OFF
02-28 18:13:25.473  3246  3246 W main    : type=1400 audit(0.0:1952): avc: denied { read } for uid=2000 name="name" dev="sysfs" ino=22225 scontext=u:r:shell:s0 tcontext=u:object_r:sysfs:s0 tclass=file permissive=0
02-28 18:13:25.476  3246  3246 E libmdmdetect: Failed to open /sys/bus/msm_subsys/devices/subsys0/name: Permission denied
02-28 18:13:25.493  3246  3246 D ICU     : No timezone override file found: /data/misc/zoneinfo/current/icu/icu_tzdata.dat
02-28 18:13:25.532  3246  3246 I Radio-JNI: register_android_hardware_Radio DONE
02-28 18:13:25.546  3246  3246 D AndroidRuntime: Calling main entry com.android.commands.pm.Pm
02-28 18:13:25.569  3246  3246 I art     : System.exit called, status: 0
02-28 18:13:25.569  3246  3246 I AndroidRuntime: VM exiting with result code 0.
02-28 18:13:25.569  3246  3254 W MessageQueue: Handler (android.os.Handler) {1e30513} sending message to a Handler on a dead thread
02-28 18:13:25.569  3246  3254 W MessageQueue: java.lang.IllegalStateException: Handler (android.os.Handler) {1e30513} sending message to a Handler on a dead thread
02-28 18:13:25.569  3246  3254 W MessageQueue: 	at android.os.MessageQueue.enqueueMessage(MessageQueue.java:543)
02-28 18:13:25.569  3246  3254 W MessageQueue: 	at android.os.Handler.enqueueMessage(Handler.java:643)
02-28 18:13:25.569  3246  3254 W MessageQueue: 	at android.os.Handler.sendMessageAtTime(Handler.java:612)
02-28 18:13:25.569  3246  3254 W MessageQueue: 	at android.os.Handler.sendMessageDelayed(Handler.java:582)
02-28 18:13:25.569  3246  3254 W MessageQueue: 	at android.os.Handler.post(Handler.java:338)
02-28 18:13:25.569  3246  3254 W MessageQueue: 	at android.os.ResultReceiver$MyResultReceiver.send(ResultReceiver.java:57)
02-28 18:13:25.569  3246  3254 W MessageQueue: 	at com.android.internal.os.IResultReceiver$Stub.onTransact(IResultReceiver.java:58)
02-28 18:13:25.569  3246  3254 W MessageQueue: 	at android.os.Binder.execTransact(Binder.java:565)
02-28 18:13:25.787  2728  3730 I ActivityManager: Killing 2891:android.process.acore/u0a11 (adj 906): empty #5
02-28 18:13:25.797  2728  5071 D ActivityManager: cleanUpApplicationRecord -- 2891
02-28 18:13:26.163  3258  3258 D AndroidRuntime: >>>>>> START com.android.internal.os.RuntimeInit uid 2000 <<<<<<
02-28 18:13:26.166  3258  3258 D AndroidRuntime: CheckJNI is OFF
02-28 18:13:26.223  3258  3258 W main    : type=1400 audit(0.0:1953): avc: denied { read } for uid=2000 name="name" dev="sysfs" ino=22225 scontext=u:r:shell:s0 tcontext=u:object_r:sysfs:s0 tclass=file permissive=0
02-28 18:13:26.226  3258  3258 E libmdmdetect: Failed to open /sys/bus/msm_subsys/devices/subsys0/name: Permission denied
02-28 18:13:26.242  3258  3258 D ICU     : No timezone override file found: /data/misc/zoneinfo/current/icu/icu_tzdata.dat
02-28 18:13:26.269  3258  3258 I Radio-JNI: register_android_hardware_Radio DONE
02-28 18:13:26.283  3258  3258 D AndroidRuntime: Calling main entry com.android.commands.pm.Pm
02-28 18:13:26.284  3643  3643 I WearableService: Wearable Services stopping
02-28 18:13:26.308  3258  3258 I art     : System.exit called, status: 0
02-28 18:13:26.308  3258  3258 I AndroidRuntime: VM exiting with result code 0.
02-28 18:13:26.308  3258  3271 W MessageQueue: Handler (android.os.Handler) {d844d50} sending message to a Handler on a dead thread
02-28 18:13:26.308  3258  3271 W MessageQueue: java.lang.IllegalStateException: Handler (android.os.Handler) {d844d50} sending message to a Handler on a dead thread
02-28 18:13:26.308  3258  3271 W MessageQueue: 	at android.os.MessageQueue.enqueueMessage(MessageQueue.java:543)
02-28 18:13:26.308  3258  3271 W MessageQueue: 	at android.os.Handler.enqueueMessage(Handler.java:643)
02-28 18:13:26.308  3258  3271 W MessageQueue: 	at android.os.Handler.sendMessageAtTime(Handler.java:612)
02-28 18:13:26.308  3258  3271 W MessageQueue: 	at android.os.Handler.sendMessageDelayed(Handler.java:582)
02-28 18:13:26.308  3258  3271 W MessageQueue: 	at android.os.Handler.post(Handler.java:338)
02-28 18:13:26.308  3258  3271 W MessageQueue: 	at android.os.ResultReceiver$MyResultReceiver.send(ResultReceiver.java:57)
02-28 18:13:26.308  3258  3271 W MessageQueue: 	at com.android.internal.os.IResultReceiver$Stub.onTransact(IResultReceiver.java:58)
02-28 18:13:26.308  3258  3271 W MessageQueue: 	at android.os.Binder.execTransact(Binder.java:565)
02-28 18:13:26.796  2146  2146 I         : free_cache(1423017) avail 18946945024
02-28 18:13:27.056  2728  2870 I ActivityManager: Start proc 3282:com.android.defcontainer/u0a23 for service com.android.defcontainer/.DefaultContainerService
02-28 18:13:27.113  2928  2928 I Finsky  : [1] com.google.android.finsky.verifier.impl.PackageVerificationReceiver.onReceive(12): Verification requested, id = 125
02-28 18:13:27.128  2928  2928 I Finsky  : [1] com.google.android.finsky.cw.a.i.a(7): Started reading experiment flags from file [6JFjzvWF2uWiFYszzKVKdCi5J2A].
02-28 18:13:27.131  2928  2928 I Finsky  : [1] com.google.android.finsky.cw.a.i.a(44): Finished reading experiment flags from file [6JFjzvWF2uWiFYszzKVKdCi5J2A].
02-28 18:13:27.177  2928  3001 W Settings: Setting install_non_market_apps has moved from android.provider.Settings.Global to android.provider.Settings.Secure, returning read-only value.
02-28 18:13:27.481  2928  3001 I Finsky  : [19898] com.google.android.finsky.foregroundcoordinator.a.a(9): Task 7 requested foreground
02-28 18:13:27.491  2928  3001 I Finsky  : [19898] com.google.android.finsky.foregroundcoordinator.a.a(29): Not entering foreground
02-28 18:13:27.674  2928  2967 D NetworkSecurityConfig: No Network Security Config specified, using platform default
02-28 18:13:28.032  2928  3009 I Finsky  : [19901] com.google.android.finsky.verifier.impl.cw.b(6): Verification id=125 response=0
02-28 18:13:28.081  2928  2928 I Finsky  : [1] com.google.android.finsky.verifier.impl.dn.c(131): Verifying id=125, result=1
02-28 18:13:28.086  2928  2928 I Finsky  : [1] com.google.android.finsky.verifier.impl.dn.c(153): Verification complete: id=125, package_name=io.appium.uiautomator2.server
02-28 18:13:28.112  2728  2870 I PackageManager.DexOptimizer: Running dexopt (dex2oat) on: /data/app/vmdl1945544678.tmp/base.apk pkg=io.appium.uiautomator2.server isa=arm vmSafeMode=false debuggable=true target-filter=interpret-only oatDir = /data/app/vmdl1945544678.tmp/oat sharedLibraries=null
02-28 18:13:28.150  3308  3308 I dex2oat : Adjusted thread count (for runtime dex2oat): 4, 4
02-28 18:13:28.150  3308  3308 I dex2oat : /system/bin/dex2oat --compiler-filter=interpret-only --debuggable
02-28 18:13:28.928  3308  3308 I dex2oat : dex2oat took 778.865ms (threads: 4) arena alloc=5KB (5256B) java alloc=2MB (2447448B) native alloc=5MB (5425560B) free=2MB (2963048B)
02-28 18:13:29.159  2728  2870 V BackupManagerService: restoreAtInstall pkg=io.appium.uiautomator2.server token=7e restoreSet=0
02-28 18:13:29.160  2728  2870 V BackupManagerService: Finishing install immediately
02-28 18:13:29.162  2728  2870 I art     : Starting a blocking GC Explicit
02-28 18:13:29.171  2728 20347 I ActivityManager: Killing 3035:com.motorola.motodisplay/u0a52 (adj 906): empty #5
02-28 18:13:29.185  2728  3747 D ActivityManager: cleanUpApplicationRecord -- 3035
02-28 18:13:29.298  2283  2283 I MSM-irqbalance: Decided to move IRQ18 from CPU3 [P:0] to CPU6 [P:1] (banned)
02-28 18:13:29.299  2283  2283 I MSM-irqbalance: Decided to move IRQ18 from CPU1 [P:0] to CPU5 [P:1] (banned)
02-28 18:13:29.299  2283  2283 I MSM-irqbalance: Decided to move IRQ18 from CPU2 [P:0] to CPU7 [P:1] (banned)
02-28 18:13:29.299  2283  2283 I MSM-irqbalance: Decided to move IRQ18 from CPU0 [P:0] to CPU4 [P:1] (banned)
02-28 18:13:29.339  2728  2870 I art     : Explicit concurrent mark sweep GC freed 175215(11MB) AllocSpace objects, 27(1556KB) LOS objects, 28% free, 39MB/55MB, paused 1.869ms total 176.172ms
02-28 18:13:29.339  2146  2146 E         : Couldn't opendir /data/app/vmdl1945544678.tmp: No such file or directory
02-28 18:13:29.344 31898 31898 D BluetoothMapAppObserver: onReceive
02-28 18:13:29.344 31898 31898 D BluetoothMapAppObserver: The installed package is: io.appium.uiautomator2.server
02-28 18:13:29.345 31898 31898 D BluetoothMapAppObserver: Found 0 application(s) with intent android.bluetooth.action.BLUETOOTH_MAP_PROVIDER
02-28 18:13:29.348 31898 31898 D BluetoothMapAppObserver: Found 0 application(s) with intent android.bluetooth.action.BLUETOOTH_MAP_IM_PROVIDER
02-28 18:13:29.354 12616 12616 I CarrierServices: [1] RcsAutoStartReceiver.b: carrierServicesJibeServiceEnabled changed from true to true
02-28 18:13:29.356 12616 12616 I CarrierServices: [1] RcsAutoStartReceiver.b: enableRcs changed from true to true
02-28 18:13:29.357 12616 12616 I CarrierServices: [1] RcsAutoStartReceiver.b: RcsAutoStartReceiver triggered. Fetching RCS State. Action: android.intent.action.PACKAGE_ADDED
02-28 18:13:29.358  2728  3130 I InputReader: Reconfiguring input devices.  changes=0x00000010
02-28 18:13:29.360 12616 12616 I CarrierServices: [1] g.a: Migration binding to RcsMigrationService
02-28 18:13:29.376  3180  3180 D CarrierSvcBindHelper: No carrier app for: 0
02-28 18:13:29.415  3180  3180 D CarrierConfigLoader: mHandler: 9 phoneId: 0
02-28 18:13:29.419 12644 12655 I CarrierServices: [18385] g.a: Sim state is not ready. Returning last known operation mode.
02-28 18:13:29.421 12616  3314 I CarrierServices: [18475] bs.a: Saving RCS State
02-28 18:13:29.421 12616  3314 I CarrierServices: [18475] bs.a: Old operation mode: 0
02-28 18:13:29.421 12616  3314 I CarrierServices: [18475] bs.a: New operation mode: 0
02-28 18:13:29.440  2728  5078 I ActivityManager: Start proc 3315:android.process.acore/u0a11 for broadcast com.android.providers.contacts/.PackageIntentReceiver
02-28 18:13:29.466  3315  3315 W System  : ClassLoader referenced unknown path: /system/priv-app/ContactsProvider/lib/arm
02-28 18:13:29.509  3315  3315 W System  : ClassLoader referenced unknown path: /system/priv-app/BlockedNumberProvider/lib/arm
02-28 18:13:29.519  3315  3315 W System  : ClassLoader referenced unknown path: /system/app/UserDictionaryProvider/lib/arm
02-28 18:13:29.539  2928  2928 I Finsky  : [1] com.google.android.finsky.cw.a.i.a(7): Started reading experiment flags from file [SKocQA9EQQFTb-1gQsc5WsjVhGA].
02-28 18:13:29.540  2928  2928 I Finsky  : [1] com.google.android.finsky.cw.a.i.a(44): Finished reading experiment flags from file [SKocQA9EQQFTb-1gQsc5WsjVhGA].
02-28 18:13:29.543  2728 23568 I ActivityManager: Killing 3097:com.android.documentsui/u0a26 (adj 906): empty #5
02-28 18:13:29.557  2928  2928 I Finsky  : [1] com.google.android.finsky.wear.WearSupportService.onStartCommand(21): Starting WearSupportService for auto_install
02-28 18:13:29.558  2928  2928 I Finsky  : [1] com.google.android.finsky.wear.ao.a(79): Connecting to wearable; initiated by: com.google.android.finsky.wear.WearSupportService
02-28 18:13:29.564  2728  3268 D ActivityManager: cleanUpApplicationRecord -- 3097
02-28 18:13:29.569  3315  3333 I ContactLocale: AddressBook Labels [[en_US,ru_RU]]: [, A, B, C, D, E, F, G, H, I, J, K, L, M, N, O, P, Q, R, S, T, U, V, W, X, Y, Z, , , , , , , , , , , , , , , , , , , , , , , , , , , , , , , , , , , , , , , , , , , , , , , , , , , , , , , , , , , , , , , , , , , , , , , , , , , , , , , , , , , , , , , , , , , , , , , , , , , , , , , , , , , , , , , , , , , , , , , , , , , , , , , , , , , , , , , , , , , , , , , , , , , , , , , , , , , , , , , , , , , , , , , , , , , , , , , , , , , , , , , , , , , , , #, ]
02-28 18:13:29.570  2928  2928 I Finsky  : [1] com.google.android.finsky.wear.WearSupportService.onStartCommand(21): Starting WearSupportService for send_installed_apps
02-28 18:13:29.588  3643  3643 I WearableService: Wearable Services not starting - Wear is not available on this device.
02-28 18:13:29.589 12616 12616 I CarrierServices: [1] RcsAutoStartReceiver.b: carrierServicesJibeServiceEnabled changed from true to true
02-28 18:13:29.590 12616 12616 I CarrierServices: [1] RcsAutoStartReceiver.b: enableRcs changed from true to true
02-28 18:13:29.591 12616 12616 I CarrierServices: [1] RcsAutoStartReceiver.b: RcsAutoStartReceiver triggered. Fetching RCS State. Action: android.intent.action.PACKAGE_ADDED
02-28 18:13:29.593 12616 12616 I CarrierServices: [1] g.a: Migration binding to RcsMigrationService
02-28 18:13:29.594  6267  3346 I FontsPackageChangeOp: Package io.appium.uiautomator2.server has no metadata
02-28 18:13:29.596  3643 19805 D WearableService: onGetService - Wear is not available on this device.
02-28 18:13:29.599  2928  2928 E Finsky  : [1] com.google.android.finsky.wear.ar.a(3): onConnectionFailed: ConnectionResult{statusCode=API_UNAVAILABLE, resolution=null, message=null}
02-28 18:13:29.600  2928  2928 W Finsky  : [1] com.google.android.finsky.wear.ca.run(12): Dropping command=auto_install due to Gms not connected
02-28 18:13:29.600  2928  2928 I Finsky  : [1] com.google.android.finsky.wear.WearSupportService.b(67): Stopping WearSupportService
02-28 18:13:29.601 12644 12656 I CarrierServices: [18386] g.a: Sim state is not ready. Returning last known operation mode.
02-28 18:13:29.602 12616  3351 I CarrierServices: [18476] bs.a: Saving RCS State
02-28 18:13:29.603 12616  3351 I CarrierServices: [18476] bs.a: Old operation mode: 0
02-28 18:13:29.604 12616  3351 I CarrierServices: [18476] bs.a: New operation mode: 0
02-28 18:13:29.607  2728  5071 I ActivityManager: Start proc 3352:com.google.android.partnersetup/u0a38 for broadcast com.google.android.partnersetup/.RlzPingBroadcastReceiver
02-28 18:13:29.612  2928  2928 W Finsky  : [1] com.google.android.finsky.wear.ca.run(12): Dropping command=send_installed_apps due to Gms not connected
02-28 18:13:29.613  2928  2928 I Finsky  : [1] com.google.android.finsky.wear.WearSupportService.b(67): Stopping WearSupportService
02-28 18:13:29.615  6267 20699 I Icing   : IndexChimeraService.getServiceInterface callingPackage=com.google.android.gms componentName=AppsCorpus serviceId=36
02-28 18:13:29.615  6267  3346 D FA-SVC  : Got package added intent: io.appium.uiautomator2.server
02-28 18:13:29.616  6267 12414 I Icing   : IndexChimeraService.getServiceInterface callingPackage=com.google.android.gms componentName=AppsCorpus serviceId=32
02-28 18:13:29.616  6267  3346 D Wear_Controller: Received broadcast action=android.intent.action.PACKAGE_ADDED and uri=io.appium.uiautomator2.server
02-28 18:13:29.640  6267 22613 I Icing   : Usage reports ok 0, Failed Usage reports 0, indexed 0, rejected 0, imm upload false
02-28 18:13:29.651  6267 22613 I Icing   : Usage reports ok 0, Failed Usage reports 0, indexed 0, rejected 0, imm upload false
02-28 18:13:29.654  3352  3352 W System  : ClassLoader referenced unknown path: /system/priv-app/GooglePartnerSetup/lib/arm
02-28 18:13:29.693  2728  2743 I ActivityManager: Start proc 3374:com.motorola.invisiblenet/u0a41 for broadcast com.motorola.invisiblenet/.PackageAddedReceiver
02-28 18:13:29.696  2728  2743 I ActivityManager: Killing 2909:com.android.printspooler/u0a119 (adj 906): empty #5
02-28 18:13:29.714  2728 29450 D ActivityManager: cleanUpApplicationRecord -- 2909
02-28 18:13:29.727  3374  3374 W System  : ClassLoader referenced unknown path: /system/priv-app/InvisibleNet/lib/arm
02-28 18:13:29.749  2728  3730 I ActivityManager: Start proc 3388:com.motorola.motodisplay/u0a52 for broadcast com.motorola.motodisplay/.events.EventReceiver
02-28 18:13:29.753  2728  2745 I ActivityManager: Killing 3282:com.android.defcontainer/u0a23 (adj 906): empty #5
02-28 18:13:29.764  2728  3727 D ActivityManager: cleanUpApplicationRecord -- 3282
02-28 18:13:29.780  3388  3388 W System  : ClassLoader referenced unknown path: /system/priv-app/MotoDisplay/lib/arm
02-28 18:13:29.790  2146  2146 I         : free_cache(1621923) avail 18940481536
02-28 18:13:29.800  3388  3388 D MotoDisplay: Proxy Initialization check Successful
02-28 18:13:29.830  2728 29454 I ActivityManager: Killing 3315:android.process.acore/u0a11 (adj 906): empty #5
02-28 18:13:29.842  2728 29449 D ActivityManager: cleanUpApplicationRecord -- 3315
02-28 18:13:30.057  2728  2870 I ActivityManager: Start proc 3412:com.android.defcontainer/u0a23 for service com.android.defcontainer/.DefaultContainerService
02-28 18:13:30.110  2928  2928 I Finsky  : [1] com.google.android.finsky.verifier.impl.PackageVerificationReceiver.onReceive(12): Verification requested, id = 126
02-28 18:13:30.135  2928  3008 W Settings: Setting install_non_market_apps has moved from android.provider.Settings.Global to android.provider.Settings.Secure, returning read-only value.
02-28 18:13:30.300  2928  3008 I Finsky  : [19900] com.google.android.finsky.foregroundcoordinator.a.a(9): Task 7 requested foreground
02-28 18:13:30.300  2928  3008 I Finsky  : [19900] com.google.android.finsky.foregroundcoordinator.a.a(29): Not entering foreground
02-28 18:13:30.563  2928  3012 I Finsky  : [19904] com.google.android.finsky.verifier.impl.cw.b(6): Verification id=126 response=0
02-28 18:13:30.600  2928  2928 I Finsky  : [1] com.google.android.finsky.verifier.impl.dn.c(131): Verifying id=126, result=1
02-28 18:13:30.604  2928  2928 I Finsky  : [1] com.google.android.finsky.verifier.impl.dn.c(153): Verification complete: id=126, package_name=io.appium.uiautomator2.server.test
02-28 18:13:30.628  2728  2870 I PackageManager.DexOptimizer: Running dexopt (dex2oat) on: /data/app/vmdl795046638.tmp/base.apk pkg=io.appium.uiautomator2.server.test isa=arm vmSafeMode=false debuggable=true target-filter=interpret-only oatDir = /data/app/vmdl795046638.tmp/oat sharedLibraries=/system/framework/android.test.runner.jar
02-28 18:13:30.656  6267  1817 I Icing   : Indexing 5BC26A023FAF1F43AEFAB66B338D37C6EF45681D from com.google.android.gms
02-28 18:13:30.659  6267  1817 I Icing   : Indexing done 5BC26A023FAF1F43AEFAB66B338D37C6EF45681D
02-28 18:13:30.671  3435  3435 I dex2oat : Adjusted thread count (for runtime dex2oat): 4, 4
02-28 18:13:30.672  3435  3435 I dex2oat : /system/bin/dex2oat --compiler-filter=interpret-only --debuggable
02-28 18:13:30.908  2928  2952 E Finsky  : [19870] com.google.android.finsky.ao.c.a(34): Unable to build selector: /storage/emulated/0/Download/marketenvs.csv (No such file or directory)
02-28 18:13:30.914  2928  3009 I Finsky  : [19901] com.google.android.finsky.cw.a.a.a.a(13): Triggered update for experiment package com.google.android.finsky.stable.
02-28 18:13:30.918  2928  3001 I Finsky  : [19898] com.google.android.finsky.cw.a.a.a.a(13): Triggered update for experiment package com.google.android.finsky.regular.
02-28 18:13:30.919  2928  3012 I Finsky  : [19904] com.google.android.finsky.cw.a.a.a.a(13): Triggered update for experiment package com.google.android.finsky.regular.
02-28 18:13:30.920  2928  3008 I Finsky  : [19900] com.google.android.finsky.cw.a.a.a.a(13): Triggered update for experiment package com.google.android.finsky.regular.
02-28 18:13:30.970  2928  3008 I Finsky  : [19900] com.google.android.finsky.cw.a.i.a(7): Started reading experiment flags from file [v6B-2IolLQRBwrwPhscSaeg04As].
02-28 18:13:30.971  2928  3008 I Finsky  : [19900] com.google.android.finsky.cw.a.i.a(44): Finished reading experiment flags from file [v6B-2IolLQRBwrwPhscSaeg04As].
02-28 18:13:30.971  2928  3008 I Finsky  : [19900] com.google.android.finsky.cw.a.a.a.a(45): Already at the latest configurations for experiment package com.google.android.finsky.regular.
02-28 18:13:30.976  2928  3012 I Finsky  : [19904] com.google.android.finsky.cw.a.i.a(7): Started reading experiment flags from file [uKMzC2Gq5KGxY1aUdO2kKA2E99E].
02-28 18:13:30.977  2928  3012 I Finsky  : [19904] com.google.android.finsky.cw.a.i.a(44): Finished reading experiment flags from file [uKMzC2Gq5KGxY1aUdO2kKA2E99E].
02-28 18:13:30.977  2928  3012 I Finsky  : [19904] com.google.android.finsky.cw.a.a.a.a(45): Already at the latest configurations for experiment package com.google.android.finsky.regular.
02-28 18:13:30.983  2928  3001 I Finsky  : [19898] com.google.android.finsky.cw.a.a.a.a(45): Already at the latest configurations for experiment package com.google.android.finsky.regular.
02-28 18:13:30.987  2928  3009 I Finsky  : [19901] com.google.android.finsky.cw.a.a.a.a(45): Already at the latest configurations for experiment package com.google.android.finsky.stable.
02-28 18:13:31.033  2928  2928 I Finsky  : [1] com.google.android.finsky.wear.WearSupportService.onStartCommand(21): Starting WearSupportService for send_installed_apps
02-28 18:13:31.034  2928  2928 I Finsky  : [1] com.google.android.finsky.wear.ao.a(79): Connecting to wearable; initiated by: com.google.android.finsky.wear.WearSupportService
02-28 18:13:31.040  3643 12235 D WearableService: onGetService - Wear is not available on this device.
02-28 18:13:31.042  2928  2928 E Finsky  : [1] com.google.android.finsky.wear.ar.a(3): onConnectionFailed: ConnectionResult{statusCode=API_UNAVAILABLE, resolution=null, message=null}
02-28 18:13:31.042  2928  2928 W Finsky  : [1] com.google.android.finsky.wear.ca.run(12): Dropping command=send_installed_apps due to Gms not connected
02-28 18:13:31.043  2928  2928 I Finsky  : [1] com.google.android.finsky.wear.WearSupportService.b(67): Stopping WearSupportService
02-28 18:13:31.097  2928  3008 I Finsky  : [19900] com.google.android.finsky.verifier.impl.aq.a(6): Restoring notifications
02-28 18:13:31.097  2928  2952 I ShortcutBadger: Checking if platform supports badge counters, attempt 1/3.
02-28 18:13:31.101  2928  2952 I ShortcutBadger: Checking if platform supports badge counters, attempt 2/3.
02-28 18:13:31.105  2928  2952 I ShortcutBadger: Checking if platform supports badge counters, attempt 3/3.
02-28 18:13:31.108  2928  2952 W ShortcutBadger: Badge counter seems not supported in this platform: unable to resolve intent: Intent { act=android.intent.action.BADGE_COUNT_UPDATE (has extras) }
02-28 18:13:31.110  2928  2928 I Finsky  : [1] com.google.android.finsky.verifier.impl.aq.c(55): Done restoring notifications
02-28 18:13:31.210  2928  2928 I Finsky  : [1] com.google.android.finsky.setup.aw.a(213): Restore complete with 0 success and 0 failed.
02-28 18:13:31.675  3435  3435 I dex2oat : dex2oat took 1.004s (threads: 4) arena alloc=6KB (6224B) java alloc=3MB (3740720B) native alloc=6MB (6450720B) free=2MB (2462176B)
02-28 18:13:31.870  2728  2870 V BackupManagerService: restoreAtInstall pkg=io.appium.uiautomator2.server.test token=7f restoreSet=0
02-28 18:13:31.870  2728  2870 V BackupManagerService: Finishing install immediately
02-28 18:13:31.872  2728  2870 I art     : Starting a blocking GC Explicit
02-28 18:13:31.875  2728  3749 I ActivityManager: Killing 3352:com.google.android.partnersetup/u0a38 (adj 906): empty #5
02-28 18:13:31.884  2728 29446 D ActivityManager: cleanUpApplicationRecord -- 3352
02-28 18:13:32.010  2728  2870 I art     : Explicit concurrent mark sweep GC freed 108556(5MB) AllocSpace objects, 18(504KB) LOS objects, 28% free, 39MB/55MB, paused 1.788ms total 138.596ms
02-28 18:13:32.011  2146  2146 E         : Couldn't opendir /data/app/vmdl795046638.tmp: No such file or directory
02-28 18:13:32.015 31898 31898 D BluetoothMapAppObserver: onReceive
02-28 18:13:32.015 31898 31898 D BluetoothMapAppObserver: The installed package is: io.appium.uiautomator2.server.test
02-28 18:13:32.016 31898 31898 D BluetoothMapAppObserver: Found 0 application(s) with intent android.bluetooth.action.BLUETOOTH_MAP_PROVIDER
02-28 18:13:32.016 31898 31898 D BluetoothMapAppObserver: Found 0 application(s) with intent android.bluetooth.action.BLUETOOTH_MAP_IM_PROVIDER
02-28 18:13:32.025 12616 12616 I CarrierServices: [1] RcsAutoStartReceiver.b: carrierServicesJibeServiceEnabled changed from true to true
02-28 18:13:32.026 12616 12616 I CarrierServices: [1] RcsAutoStartReceiver.b: enableRcs changed from true to true
02-28 18:13:32.026 12616 12616 I CarrierServices: [1] RcsAutoStartReceiver.b: RcsAutoStartReceiver triggered. Fetching RCS State. Action: android.intent.action.PACKAGE_ADDED
02-28 18:13:32.027  2728  3130 I InputReader: Reconfiguring input devices.  changes=0x00000010
02-28 18:13:32.033 12616 12616 I CarrierServices: [1] g.a: Migration binding to RcsMigrationService
02-28 18:13:32.041 12644 12689 I CarrierServices: [18396] g.a: Sim state is not ready. Returning last known operation mode.
02-28 18:13:32.042 12616  3451 I CarrierServices: [18477] bs.a: Saving RCS State
02-28 18:13:32.043 12616  3451 I CarrierServices: [18477] bs.a: Old operation mode: 0
02-28 18:13:32.043 12616  3451 I CarrierServices: [18477] bs.a: New operation mode: 0
02-28 18:13:32.057  3180  3180 D CarrierSvcBindHelper: No carrier app for: 0
02-28 18:13:32.058  3180  3180 D CarrierConfigLoader: mHandler: 9 phoneId: 0
02-28 18:13:32.069  2728  3730 I ActivityManager: Start proc 3462:android.process.acore/u0a11 for broadcast com.android.providers.contacts/.PackageIntentReceiver
02-28 18:13:32.106  3462  3462 W System  : ClassLoader referenced unknown path: /system/priv-app/ContactsProvider/lib/arm
02-28 18:13:32.155  3462  3462 W System  : ClassLoader referenced unknown path: /system/priv-app/BlockedNumberProvider/lib/arm
02-28 18:13:32.166  3462  3462 W System  : ClassLoader referenced unknown path: /system/app/UserDictionaryProvider/lib/arm
02-28 18:13:32.186  2728  3699 I ActivityManager: Killing 3374:com.motorola.invisiblenet/u0a41 (adj 906): empty #5
