03-18 22:30:57.263  1258  1352 E RemotePrintSpooler: 	at com.android.internal.content.PackageMonitor.onReceive(PackageMonitor.java:370)
03-18 22:30:57.263  1258  1352 E RemotePrintSpooler: 	at android.app.LoadedApk$ReceiverDispatcher$Args.run(LoadedApk.java:1122)
03-18 22:30:57.263  1258  1352 E RemotePrintSpooler: 	at android.os.Handler.handleCallback(Handler.java:751)
03-18 22:30:57.263  1258  1352 E RemotePrintSpooler: 	at android.os.Handler.dispatchMessage(Handler.java:95)
03-18 22:30:57.263  1258  1352 E RemotePrintSpooler: 	at android.os.Looper.loop(Looper.java:154)
03-18 22:30:57.263  1258  1352 E RemotePrintSpooler: 	at android.os.HandlerThread.run(HandlerThread.java:61)
03-18 22:30:57.264  1258  1352 W LocationProviderProxy-network: Odd, no component found for service com.android.location.service.v3.NetworkLocationProvider
03-18 22:30:57.265  1258  1352 W GeocoderProxy: Odd, no component found for service com.android.location.service.GeocodeProvider
03-18 22:30:57.265  1258  1352 W FusedProxy: Odd, no component found for service com.android.location.service.FusedProvider
03-18 22:30:57.266  1258  1352 W GeofenceProxy: Odd, no component found for service com.android.location.service.GeofenceProvider
03-18 22:30:57.266  1258  1352 W ActivityRecognitionProxy: Odd, no component found for service com.android.location.service.ActivityRecognitionProvider
03-18 22:30:57.270  1258  1352 W ActivityManager: Unable to start service Intent { cmp=com.android.printspooler/.model.PrintSpoolerService } U=0: not found
03-18 22:31:00.193   587   587 I SFPerfTracer:      triggers: (rate: 5:408) (compose: 0:1) (post: 0:1) (render: 0:2) (2:303 frames) (3:341)
03-18 22:31:00.194   587   587 D SFPerfTracer:        layers: (3:10) (BootAnimation (0xb06c5c00): 0:240)- (ScreenshotSurface (0xb06c7000): 0:13)- (com.android.settings/com.android.settings.CryptKeeper (0xb06c8400): 0:78) (BlackSurface (0xb06c9800): 0:13)- (BlackSurface (0xb06cac00): 0:13)- (BlackSurface (0xb0891000): 0:13)- (BlackSurface (0xb0892400): 0:13)- (StatusBar (0xb06c5c00): 3:57) (NavigationBar (0xb0893800): 0:48) (com.android.systemui.ImageWallpaper (0xb0892400): 0:46)* 
03-18 22:31:00.854  1258  1415 D BatteryService: uevent={POWER_SUPPLY_TEMP=230, POWER_SUPPLY_PRESENT=1, POWER_SUPPLY_STATUS=Charging, POWER_SUPPLY_CAPACITY=1, ACTION=change, DEVPATH=/devices/soc/qpnp-smbcharger-17/power_supply/battery, SUBSYSTEM=power_supply, POWER_SUPPLY_VOLTAGE_NOW=3552988, SEQNUM=3839, POWER_SUPPLY_NAME=battery, POWER_SUPPLY_CURRENT_NOW=-405423, POWER_SUPPLY_CHARGE_COUNTER=27693, POWER_SUPPLY_CHARGE_RATE=Normal, POWER_SUPPLY_HEALTH=Good}
03-18 22:31:00.855  1258  1415 D BatteryService: mLastPlugType/mPlugType:2/2
03-18 22:31:00.855  1258  1415 D BatteryService: set mLastPlugType to 2
03-18 22:31:00.857  1258  1278 D BatteryService: mLastPlugType/mPlugType:2/2
03-18 22:31:00.858  1258  1278 D BatteryService: set mLastPlugType to 2
03-18 22:31:07.274  1258  1352 E RemotePrintSpooler: Error pruning approved print services.
03-18 22:31:07.274  1258  1352 E RemotePrintSpooler: java.util.concurrent.TimeoutException: Cannot get spooler!
03-18 22:31:07.274  1258  1352 E RemotePrintSpooler: 	at com.android.server.print.RemotePrintSpooler.bindLocked(RemotePrintSpooler.java:630)
03-18 22:31:07.274  1258  1352 E RemotePrintSpooler: 	at com.android.server.print.RemotePrintSpooler.getRemoteInstanceLazy(RemotePrintSpooler.java:599)
03-18 22:31:07.274  1258  1352 E RemotePrintSpooler: 	at com.android.server.print.RemotePrintSpooler.pruneApprovedPrintServices(RemotePrintSpooler.java:512)
03-18 22:31:07.274  1258  1352 E RemotePrintSpooler: 	at com.android.server.print.UserState.prunePrintServices(UserState.java:1028)
03-18 22:31:07.274  1258  1352 E RemotePrintSpooler: 	at com.android.server.print.PrintManagerService$PrintManagerImpl$2.onPackageModified(PrintManagerService.java:740)
03-18 22:31:07.274  1258  1352 E RemotePrintSpooler: 	at com.android.internal.content.PackageMonitor.onReceive(PackageMonitor.java:370)
03-18 22:31:07.274  1258  1352 E RemotePrintSpooler: 	at android.app.LoadedApk$ReceiverDispatcher$Args.run(LoadedApk.java:1122)
03-18 22:31:07.274  1258  1352 E RemotePrintSpooler: 	at android.os.Handler.handleCallback(Handler.java:751)
03-18 22:31:07.274  1258  1352 E RemotePrintSpooler: 	at android.os.Handler.dispatchMessage(Handler.java:95)
03-18 22:31:07.274  1258  1352 E RemotePrintSpooler: 	at android.os.Looper.loop(Looper.java:154)
03-18 22:31:07.274  1258  1352 E RemotePrintSpooler: 	at android.os.HandlerThread.run(HandlerThread.java:61)
03-18 22:31:07.274  1258  1352 W LocationProviderProxy-network: Odd, no component found for service com.android.location.service.v3.NetworkLocationProvider
03-18 22:31:07.276  1258  1352 W GeocoderProxy: Odd, no component found for service com.android.location.service.GeocodeProvider
03-18 22:31:07.276  1258  1352 W FusedProxy: Odd, no component found for service com.android.location.service.FusedProvider
03-18 22:31:07.276  1258  1352 W GeofenceProxy: Odd, no component found for service com.android.location.service.GeofenceProvider
03-18 22:31:07.276  1258  1352 W ActivityRecognitionProxy: Odd, no component found for service com.android.location.service.ActivityRecognitionProvider
03-18 22:31:13.269  1258  1277 D CryptdConnector: SND -> {9 cryptfs checkpw [scrubbed]}
03-18 22:31:13.270   468   484 I Cryptfs : cryptfs_check_passwd
03-18 22:31:13.320   468   484 D Cryptfs : crypt_ftr->fs_size = 51568607
03-18 22:31:13.320   468   484 I Cryptfs : Using scrypt with keymaster for cryptfs KDF
03-18 22:31:13.650   587   643 I SFPerfTracer:      triggers: (rate: 0:0) (0 sw vsyncs) (0 skipped) (70:667 vsyncs) (72:727)
03-18 22:31:13.845   468   484 I Cryptfs : keymaster module name is Keymaster QTI HAL
03-18 22:31:13.845   468   484 I Cryptfs : keymaster version is 256
03-18 22:31:13.845   468   484 I Cryptfs : Found keymaster1 module, using keymaster1 API.
03-18 22:31:13.852   468   484 I Cryptfs : Signing safely-padded object
03-18 22:31:14.530   468   484 D         : HW based disk encryption is enabled 
03-18 22:31:14.531   468   484 I Cryptfs : Using scrypt with keymaster for cryptfs KDF
03-18 22:31:15.044   468   484 I Cryptfs : keymaster module name is Keymaster QTI HAL
03-18 22:31:15.044   468   484 I Cryptfs : keymaster version is 256
03-18 22:31:15.045   468   484 I Cryptfs : Found keymaster1 module, using keymaster1 API.
03-18 22:31:15.046   468   484 I Cryptfs : Signing safely-padded object
03-18 22:31:15.700   468   484 D         : HW based disk encryption is enabled 
03-18 22:31:15.700   468   484 D         : Success loading QSEECom_create_key 
03-18 22:31:15.700   468   484 D         : Success loading QSEECom_update_key_user_info
03-18 22:31:15.700   468   484 D         : Success loading QSEECom_wipe_key 
03-18 22:31:15.700   468   484 E         : get_tmp_passwd: Passed argument is NULL 
03-18 22:31:16.003   468   484 D         : HW based disk encryption is enabled 
03-18 22:31:16.003   468   484 D         : HW based disk encryption is enabled 
03-18 22:31:16.003   468   484 I Cryptfs : target_type = req-crypt
03-18 22:31:16.003   468   484 I Cryptfs : real_blk_name = /dev/block/bootdevice/by-name/userdata, extra_params = fde_enabled ice
03-18 22:31:16.004   468   482 D vold    : Disk at 253:1 changed
03-18 22:31:16.004   468   482 D vold    : checkIfReadOnly: devName= dm-1
03-18 22:31:16.516   468   484 I Cryptfs : Password matches
03-18 22:31:16.517   468   484 D Cryptfs : test_mount_encrypted_fs(): Master key saved
03-18 22:31:16.517   468   484 I Cryptfs : keymaster module name is Keymaster QTI HAL
03-18 22:31:16.517   468   484 I Cryptfs : keymaster version is 256
03-18 22:31:16.517   468   484 I Cryptfs : Found keymaster1 module, using keymaster1 API.
03-18 22:31:16.519  1258  1425 D CryptdConnector: RCV <- {200 9 0}
03-18 22:31:16.520  1258  1277 E CryptdConnector: NDC Command {9 cryptfs checkpw [scrubbed]} took too long (3250ms)
03-18 22:31:17.524  1258  1423 D CryptdConnector: SND -> {10 cryptfs restart}
03-18 22:31:17.526   468  1928 I Cryptfs : cryptfs_restart
03-18 22:31:17.526  1258  1425 D CryptdConnector: RCV <- {200 10 0}
03-18 22:31:17.528   468  1928 D Cryptfs : Just asked init to shut down class main
03-18 22:31:19.541   468  1928 D Cryptfs : unmounting /data succeeded
03-18 22:31:44.544   468  1928 D Cryptfs : Just triggered post_fs_data
03-18 22:31:44.660   468   484 D vold    : e4crypt_init_user0
03-18 22:31:44.660   468   484 D vold    : e4crypt_prepare_user_storage for volume null, user 0, serial 0, flags 1
03-18 22:31:44.660   468   484 D vold    : Preparing: /data/system/users/0
03-18 22:31:44.661   468   484 D vold    : Preparing: /data/misc/profiles/cur/0
03-18 22:31:44.662   468   484 D vold    : Preparing: /data/misc/profiles/cur/0/foreign-dex
03-18 22:31:44.663   468   484 D vold    : Preparing: /data/system_de/0
03-18 22:31:44.663   468   484 D vold    : Preparing: /data/misc_de/0
03-18 22:31:44.664   468   484 D vold    : Preparing: /data/user_de/0
03-18 22:31:44.664   468   484 D vold    : e4crypt_unlock_user_key 0 serial=0 token_present=0
03-18 22:31:44.745   468  1928 D Cryptfs : post_fs_data done
03-18 22:31:44.745   468  1928 D Cryptfs : Just triggered restart_framework
03-18 22:31:48.011  1965  2380 E NetlinkEvent: NetlinkEvent::FindParam(): Parameter 'RearImagerActive' not found
03-18 22:31:48.941   587   587 I SFPerfTracer:       trigger: frame rate (-58.805%)	(24.717 fps)	(40.458 ms) 	(23 drops)	(19 frames)
03-18 22:31:48.941   587   587 I SFPerfTracer:      triggers: (rate: 6:431) (compose: 0:1) (post: 0:1) (render: 0:2) (19:395 frames) (20:446)
03-18 22:31:48.941   587   587 D SFPerfTracer:        layers: (1:5) (com.android.settings/com.android.settings.CryptKeeper (0xb06c8400): 0:153)- (StatusBar (0xb06c5c00): 0:57)- (NavigationBar (0xb0893800): 0:48)- (com.android.systemui.ImageWallpaper (0xb0892400): 0:46)- (BootAnimation (0xb0893800): 19:22) 
03-18 22:31:49.013  1965  2380 E NetlinkEvent: NetlinkEvent::FindParam(): Parameter 'RearImagerActive' not found
03-18 22:31:49.013  1965  2380 E NetlinkEvent: NetlinkEvent::FindParam(): Parameter 'RearImagerActive' not found
03-18 22:31:49.013  1965  2380 E NetlinkEvent: NetlinkEvent::FindParam(): Parameter 'RearImagerActive' not found
03-18 22:31:49.492  2649  2649 I chatty  : uid=1000 system_server expire 2294 lines
03-18 22:31:49.707   587   643 I chatty  : uid=1000(system) EventThread expire 10 lines
03-18 22:31:49.950  2649  2714 I chatty  : uid=1000(system) android.display expire 10 lines
03-18 22:31:53.602   587   587 I chatty  : uid=1000(system) /system/bin/surfaceflinger expire 16 lines
03-18 22:32:00.847  2649  2662 I chatty  : uid=1000(system) Binder:2649_2 expire 13 lines
03-18 22:32:00.850  2649  2678 I chatty  : uid=1000(system) ActivityManager expire 34 lines
03-18 22:32:01.011  2649  2956 I chatty  : uid=1000(system) UEventObserver expire 12 lines
03-18 22:32:01.012  2649  2661 I chatty  : uid=1000(system) Binder:2649_1 expire 14 lines
03-18 22:32:01.074  2649  2679 I chatty  : uid=1000(system) android.ui expire 157 lines
03-18 22:32:01.238  2649  2676 I chatty  : uid=1000(system) android.bg expire 155 lines
03-18 22:32:01.313  2649  2965 I chatty  : uid=1000(system) MountService expire 314 lines
03-18 22:32:01.315  2649  2967 I chatty  : uid=1000(system) CryptdConnector expire 10 lines
03-18 22:32:01.354  2649  2966 I chatty  : uid=1000(system) VoldConnector expire 17 lines
03-18 22:32:01.606  2649  2963 I chatty  : uid=1000(system) InputDispatcher expire 6 lines
03-18 22:32:01.623   468  2972 D vold    : Starting trim of /data
03-18 22:32:01.623   468  2972 D vold    : data fstrim factor=6
03-18 22:32:01.726  2649  2973 I chatty  : uid=1000(system) NetdConnector expire 1 line
03-18 22:32:03.512  2649  2988 I chatty  : uid=1000(system) ConnectivitySer expire 17 lines
03-18 22:32:03.546  2649  2720 I chatty  : uid=1000(system) PowerManagerSer expire 8 lines
03-18 22:32:03.961   468   484 D vold    : e4crypt_unlock_user_key 0 serial=0 token_present=0
03-18 22:32:03.967  2649  2711 I chatty  : uid=1000(system) android.fg expire 10 lines
03-18 22:32:03.968  2649  2712 I chatty  : uid=1000(system) android.io expire 59 lines
03-18 22:32:04.200  2649  3034 I chatty  : uid=1000(system) Binder:2649_3 expire 11 lines
03-18 22:32:04.406  2649  3095 I chatty  : uid=1000(system) Binder:2649_5 expire 11 lines
03-18 22:32:04.890   468  2972 I vold    : Trimmed 11303624704 bytes on /data in 3267ms
03-18 22:32:04.891   468  2972 D vold    : Starting trim of none
03-18 22:32:04.891   468  2972 W vold    : Failed to open none: No such file or directory
03-18 22:32:04.891   468  2972 D vold    : Starting trim of /cache
03-18 22:32:04.891   468  2972 I vold    : Trimmed 0 bytes on /cache in 0ms
03-18 22:32:05.251  2649  2681 I chatty  : uid=1000(system) batterystats-sy expire 29 lines
03-18 22:32:05.254  2649  2976 I chatty  : uid=1000(system) WifiP2pService expire 1 line
03-18 22:32:05.352  3048  3214 E ActivityThread: Failed to find provider info for com.android.contacts
03-18 22:32:05.753  2649  3375 I chatty  : uid=1000(system) uteStateMachine expire 1 line
03-18 22:32:05.756  2649  3376 I chatty  : uid=1000(system) CallAudioModeSt expire 1 line
03-18 22:32:05.761  2649  3377 I chatty  : uid=1000(system) AsyncQueryWorke expire 1 line
03-18 22:32:05.821  2649  2978 I chatty  : uid=1000(system) WifiService expire 1 line
03-18 22:32:05.863  3048  3199 E ActivityThread: Failed to find provider info for com.android.contacts
03-18 22:32:05.985   468   484 D vold    : e4crypt_prepare_user_storage for volume null, user 0, serial 0, flags 2
03-18 22:32:05.985   468   484 D vold    : Preparing: /data/system_ce/0
03-18 22:32:05.985   468   484 D vold    : Preparing: /data/misc_ce/0
03-18 22:32:05.985   468   484 D vold    : Preparing: /data/media/0
03-18 22:32:05.985   468   484 D vold    : Preparing: /data/data
03-18 22:32:06.394  2649  2995 I chatty  : uid=1000(system) onProviders.ECP expire 2 lines
03-18 22:32:06.504   468   483 D vold    : Linking /storage/emulated/0 to /mnt/user/0/primary
03-18 22:32:06.679   468   484 D VoldCryptCmdListener: cryptfs getpw
03-18 22:32:06.689   468   484 D VoldCryptCmdListener: cryptfs clearpw
03-18 22:32:07.678  2649  3347 I chatty  : uid=1000(system) Binder:2649_6 expire 10 lines
03-18 22:32:07.693  3562  3562 W ContextImpl: Calling a method in the system process without a qualified user: android.app.ContextImpl.sendBroadcast:877 android.content.ContextWrapper.sendBroadcast:421 com.quicinc.cne.CNEService.CNEServiceApp.broadcastCNEStarted:103 com.quicinc.cne.CNEService.CNEServiceApp.startCne:123 com.quicinc.cne.CNEService.CNEServiceApp.onCreate:94 
03-18 22:32:07.727  2649  3092 I chatty  : uid=1000(system) Binder:2649_4 expire 10 lines
03-18 22:32:07.728   468   484 D VoldCryptCmdListener: cryptfs getpwtype
03-18 22:32:08.318  2649  3495 I chatty  : uid=1000(system) backup expire 3 lines
03-18 22:32:08.530  2649  3595 I chatty  : uid=1000(system) Binder:2649_8 expire 11 lines
03-18 22:32:08.771  2649  2979 I chatty  : uid=1000(system) WifiStateMachin expire 2 lines
03-18 22:32:09.968  2649  3615 I chatty  : uid=1000(system) Binder:2649_9 expire 16 lines
03-18 22:32:10.348  2649  3854 I chatty  : uid=1000 system_server expire 1 line
03-18 22:32:10.617  2649  3635 I chatty  : uid=1000(system) Binder:2649_A expire 16 lines
03-18 22:32:10.767  3535  3535 W KeyphraseEnrollmentInfo: No Enrollment application supports the given keyphrase/locale
03-18 22:32:10.815  2649  3947 I chatty  : uid=1000(system) IzatServiceBase expire 1 line
03-18 22:32:11.070  2649  3593 I chatty  : uid=1000(system) Binder:2649_7 expire 11 lines
03-18 22:32:12.037  2649  3645 I chatty  : uid=1000(system) Binder:2649_C expire 16 lines
03-18 22:32:14.639  3291  3291 W ContextImpl: Calling a method in the system process without a qualified user: android.app.ContextImpl.startService:1357 android.content.ContextWrapper.startService:613 android.content.ContextWrapper.startService:613 com.android.settings.bluetooth.DockEventReceiver.beginStartingService:134 com.android.settings.bluetooth.DockEventReceiver.onReceive:115 
03-18 22:32:20.521  2649  4381 I chatty  : uid=1000 system_server expire 5 lines
03-18 22:32:21.942   587   587 I chatty  : uid=1000(system) /system/bin/surfaceflinger expire 6 lines
03-18 22:32:22.259  4463  4463 D ActivityThread: Loading provider com.google.android.gm.sapi: com.google.android.gm.sapi.SapiUiProvider
03-18 22:32:22.350  2649  3640 I chatty  : uid=1000(system) Binder:2649_B expire 18 lines
03-18 22:32:23.347  2649  4610 I chatty  : uid=1000(system) Binder:2649_D expire 14 lines
03-18 22:32:24.573  2649  2678 I chatty  : uid=1000(system) ActivityManager expire 19 lines
03-18 22:32:25.005  2649  2714 I chatty  : uid=1000(system) android.display expire 10 lines
03-18 22:32:29.050  2649  4629 I chatty  : uid=1000(system) Binder:2649_10 expire 10 lines
03-18 22:32:29.934  2649  4630 I chatty  : uid=1000(system) Binder:2649_11 expire 16 lines
03-18 22:32:30.029  2649  4631 I chatty  : uid=1000(system) Binder:2649_12 expire 13 lines
03-18 22:32:30.031  2649  4624 I chatty  : uid=1000(system) Binder:2649_E expire 25 lines
03-18 22:32:31.625  2649  4648 I chatty  : uid=1000(system) Binder:2649_13 expire 19 lines
03-18 22:32:32.249  2649  4628 I chatty  : uid=1000(system) Binder:2649_F expire 13 lines
03-18 22:32:32.425  2649  2680 I chatty  : uid=1000(system) ActivityManager expire 2 lines
03-18 22:32:39.807  2649  2712 I chatty  : uid=1000(system) android.io expire 8 lines
03-18 22:32:41.333  2649  2962 I chatty  : uid=1000(system) AlarmManager expire 1 line
03-18 22:32:43.910  2649  5517 I chatty  : uid=1000(system) Binder:2649_14 expire 11 lines
03-18 22:32:46.724  2649  3635 I chatty  : uid=1000(system) Binder:2649_A expire 19 lines
03-18 22:32:48.686  3505  4312 E ActivityThread: Failed to find provider info for com.google.android.gms.common.phenotype
03-18 22:32:53.540  3243  3243 W ContextImpl: Calling a method in the system process without a qualified user: android.app.ContextImpl.startService:1357 android.content.ContextWrapper.startService:613 android.content.ContextWrapper.startService:613 com.motorola.android.nativedropboxagent.Utils.startService:27 com.motorola.android.nativedropboxagent.BootReceiver.onReceive:24 
03-18 22:32:54.282  3626  3626 W ContextImpl: Calling a method in the system process without a qualified user: android.app.ContextImpl.startService:1357 android.content.ContextWrapper.startService:613 android.content.ContextWrapper.startService:613 com.motorola.bach.modemstats.ModemStatsReceiver.startDataStallDetectService:124 com.motorola.bach.modemstats.ModemStatsReceiver.onReceive:76 
03-18 22:32:54.313  3626  3626 W ContextImpl: Calling a method in the system process without a qualified user: android.app.ContextImpl.startService:1357 android.content.ContextWrapper.startService:613 android.content.ContextWrapper.startService:613 com.motorola.bach.modemstats.ModemStatsReceiver.startWifiStatsService:138 com.motorola.bach.modemstats.ModemStatsReceiver.onReceive:82 
03-18 22:32:54.324  3626  3626 W ContextImpl: Calling a method in the system process without a qualified user: android.app.ContextImpl.startService:1357 android.content.ContextWrapper.startService:613 android.content.ContextWrapper.startService:613 com.motorola.bach.modemstats.ModemStatsReceiver.startModemStatsService:113 com.motorola.bach.modemstats.ModemStatsReceiver.onReceive:98 
03-18 22:32:59.681   587   643 I chatty  : uid=1000(system) EventThread expire 2 lines
03-18 22:33:02.634  3243  3243 W ContextImpl: Calling a method in the system process without a qualified user: android.app.ContextImpl.startService:1357 android.content.ContextWrapper.startService:613 android.content.ContextWrapper.startService:613 com.motorola.ccc.plm.launchmanager.LaunchManagerReceiver.onReceive:18 android.app.ActivityThread.handleReceiver:3032 
03-18 22:33:02.742  3243  3243 W ContextImpl: Calling a method in the system process without a qualified user: android.app.ContextImpl.sendBroadcast:892 android.content.ContextWrapper.sendBroadcast:426 com.motorola.blur.service.blur.BSUtils.sendBroadcast:158 com.motorola.blur.service.blur.BSUtils.sendBroadcast:154 com.motorola.ccc.plm.pollingmanager.PollingManagerService$MyConnectivityReceiver.sendConnectivityIntent:599 
03-18 22:33:08.466  2649  3595 I chatty  : uid=1000(system) Binder:2649_8 expire 11 lines
03-18 22:33:09.944   587   587 I chatty  : uid=1000(system) /system/bin/surfaceflinger expire 4 lines
03-18 22:33:10.191   587   643 I chatty  : uid=1000(system) EventThread expire 3 lines
03-18 22:33:12.072  5985  6160 E ActivityThread: Failed to find provider info for com.motorola.ccc.cce.datausage
03-18 22:33:13.972  2649  3005 I chatty  : uid=1000(system) MemLeft expire 6 lines
03-18 22:33:14.467  2649  2661 I chatty  : uid=1000(system) Binder:2649_1 expire 12 lines
03-18 22:33:14.999  2649  2662 I chatty  : uid=1000(system) Binder:2649_2 expire 10 lines
03-18 22:33:15.126  5985  6241 E ActivityThread: Failed to find provider info for com.motorola.ccc.cce.datausage
03-18 22:33:16.592  3610  3610 W ContextImpl: Calling a method in the system process without a qualified user: android.app.ContextImpl.startService:1357 android.content.ContextWrapper.startService:613 android.content.ContextWrapper.startService:613 com.motorola.slpc_sys.BootCompletedReceiver.onReceive:-1 android.app.ActivityThread.handleReceiver:3032 
03-18 22:33:16.734  5985  6376 E ActivityThread: Failed to find provider info for com.motorola.ccc.cce.datausage
03-18 22:33:16.802  6452  6452 W ContextImpl: Calling a method in the system process without a qualified user: android.app.ContextImpl.startService:1357 android.content.ContextWrapper.startService:613 android.content.ContextWrapper.startService:613 com.qualcomm.atfwd.AtFwdAutoboot.onReceive:24 android.app.ActivityThread.handleReceiver:3032 
03-18 22:33:17.006  2649  3645 I chatty  : uid=1000(system) Binder:2649_C expire 17 lines
03-18 22:33:17.107  3562  3562 W ContextImpl: Calling a method in the system process without a qualified user: android.app.ContextImpl.startService:1357 android.content.ContextWrapper.startService:613 android.content.ContextWrapper.startService:613 com.qualcomm.qti.tetherservice.TetherReceiver.onReceive:32 android.app.ActivityThread.handleReceiver:3032 
03-18 22:33:17.438  2649  3034 I chatty  : uid=1000(system) Binder:2649_3 expire 11 lines
03-18 22:33:20.785  2649  3593 I chatty  : uid=1000(system) Binder:2649_7 expire 11 lines
03-18 22:33:20.788   587   587 I chatty  : uid=1000(system) /system/bin/surfaceflinger expire 3 lines
03-18 22:33:22.521   587   643 I chatty  : uid=1000(system) EventThread expire 2 lines
03-18 22:33:22.566  5985  6552 E ActivityThread: Failed to find provider info for com.motorola.ccc.cce.datausage
03-18 22:33:27.743  2649  3095 I chatty  : uid=1000(system) Binder:2649_5 expire 10 lines
03-18 22:33:28.306   587   587 I chatty  : uid=1000(system) /system/bin/surfaceflinger expire 3 lines
03-18 22:33:31.778   587   643 I chatty  : uid=1000(system) EventThread expire 2 lines
03-18 22:33:41.639   587   587 I chatty  : uid=1000(system) /system/bin/surfaceflinger expire 18 lines
03-18 22:33:44.086  2649  2678 I chatty  : uid=1000(system) ActivityManager expire 10 lines
03-18 22:33:44.907  2649  3347 I chatty  : uid=1000(system) Binder:2649_6 expire 17 lines
03-18 22:33:46.645  2649  2649 I chatty  : uid=1000 system_server expire 16 lines
03-18 22:33:49.354  7096  7096 D ActivityThread: Loading provider com.google.android.gm.sapi: com.google.android.gm.sapi.SapiUiProvider
03-18 22:33:51.093   587   643 I chatty  : uid=1000(system) EventThread expire 1 line
03-18 22:33:51.097   587   587 I chatty  : uid=1000(system) /system/bin/surfaceflinger expire 3 lines
03-18 22:33:56.072   587   643 I chatty  : uid=1000(system) EventThread expire 2 lines
03-18 22:33:58.052  2649  2662 I chatty  : uid=1000(system) Binder:2649_2 expire 13 lines
03-18 22:33:59.495  7456  7456 D ActivityThread: Loading provider com.google.android.gm.sapi: com.google.android.gm.sapi.SapiUiProvider
03-18 22:33:59.534   587   587 I chatty  : uid=1000(system) /system/bin/surfaceflinger expire 6 lines
03-18 22:34:00.407  2649  2988 I chatty  : uid=1000(system) ConnectivitySer expire 13 lines
03-18 22:34:01.755  3626  3626 W ContextImpl: Calling a method in the system process without a qualified user: android.app.ContextImpl.sendBroadcast:877 android.content.ContextWrapper.sendBroadcast:421 com.motorola.bach.modemstats.ModemStatsUtils$MyLocationListener.onLocationChanged:353 android.location.LocationManager$ListenerTransport._handleMessage:297 android.location.LocationManager$ListenerTransport.-wrap0:-1 
03-18 22:34:02.185  2649  3034 I chatty  : uid=1000(system) Binder:2649_3 expire 15 lines
03-18 22:34:03.382  2649  3095 I chatty  : uid=1000(system) Binder:2649_5 expire 11 lines
03-18 22:34:03.716  2649  2964 I chatty  : uid=1000(system) InputReader expire 5 lines
03-18 22:34:04.257  2649  2676 I chatty  : uid=1000(system) android.bg expire 138 lines
03-18 22:34:04.313  2649  3615 I chatty  : uid=1000(system) Binder:2649_9 expire 12 lines
03-18 22:34:05.100  2649  3640 I chatty  : uid=1000(system) Binder:2649_B expire 11 lines
03-18 22:34:05.180  2649  3092 I chatty  : uid=1000(system) Binder:2649_4 expire 10 lines
03-18 22:34:05.403  3048  3048 V KeyguardStatusView: refresh statusview showing:true
03-18 22:34:05.414  3048  3048 V KeyguardDisplayManager: show
03-18 22:34:05.523  2649  4624 I chatty  : uid=1000(system) Binder:2649_E expire 15 lines
03-18 22:34:06.006  2649  4610 I chatty  : uid=1000(system) Binder:2649_D expire 15 lines
03-18 22:34:06.066  2649  4630 I chatty  : uid=1000(system) Binder:2649_11 expire 13 lines
03-18 22:34:06.350  2649  4629 I chatty  : uid=1000(system) Binder:2649_10 expire 10 lines
03-18 22:34:06.431  2649  3635 I chatty  : uid=1000(system) Binder:2649_A expire 17 lines
03-18 22:34:06.478  3243  3243 W ContextImpl: Calling a method in the system process without a qualified user: android.app.ContextImpl.startService:1357 android.content.ContextWrapper.startService:613 android.content.ContextWrapper.startService:613 com.motorola.ccc.main.StartUpReceiver.onReceive:21 android.app.ActivityThread.handleReceiver:3032 
03-18 22:34:06.848  3243  7841 D ProcSpeedReader: GPU rate stats file: /sys/kernel/debug/clk/gcc_oxili_gfx3d_clk/rate_stats
03-18 22:34:12.940  5985  6241 E ActivityThread: Failed to find provider info for com.motorola.ccc.cce.datausage
03-18 22:34:12.941  5985  6552 E ActivityThread: Failed to find provider info for com.motorola.ccc.cce.datausage
03-18 22:34:13.581  7951  7951 D ActivityThread: Loading provider com.google.android.gm.sapi: com.google.android.gm.sapi.SapiUiProvider
03-18 22:34:16.402  2649  4631 I chatty  : uid=1000(system) Binder:2649_12 expire 11 lines
03-18 22:34:16.430  2649  5517 I chatty  : uid=1000(system) Binder:2649_14 expire 11 lines
03-18 22:34:18.727  2649  2740 I chatty  : uid=1000(system) PackageManager expire 25 lines
03-18 22:34:21.936  8233  8409 E ActivityThread: Failed to find provider info for com.facebook.katana.provider.AttributionIdProvider
03-18 22:34:22.029  8395  8395 D ActivityThread: Loading provider com.google.android.gm.sapi: com.google.android.gm.sapi.SapiUiProvider
03-18 22:34:22.918  2649  4628 I chatty  : uid=1000(system) Binder:2649_F expire 10 lines
03-18 22:34:27.452  2649  2676 I chatty  : uid=1000(system) android.bg expire 268 lines
03-18 22:34:27.584  2649  2649 I chatty  : uid=1000 system_server expire 26 lines
03-18 22:34:28.335  8601  8712 E ActivityThread: Failed to find provider info for com.facebook.katana.provider.AttributionIdProvider
03-18 22:34:30.887  8826  8826 W ContextImpl: Calling a method in the system process without a qualified user: android.app.ContextImpl.startService:1357 android.content.ContextWrapper.startService:613 android.content.ContextWrapper.startService:613 com.android.keychain.KeyChainBroadcastReceiver.onReceive:12 android.app.ActivityThread.handleReceiver:3032 
03-18 22:34:30.917  3048  3048 V KeyguardDisplayManager: hide
03-18 22:34:31.049  2649  3595 I chatty  : uid=1000(system) Binder:2649_8 expire 10 lines
03-18 22:34:31.054  2649  3615 I chatty  : uid=1000(system) Binder:2649_9 expire 15 lines
03-18 22:34:31.513  2649  2661 I chatty  : uid=1000(system) Binder:2649_1 expire 13 lines
03-18 22:34:31.961   587   643 I chatty  : uid=1000(system) EventThread expire 3 lines
03-18 22:34:32.681  2649  4648 I chatty  : uid=1000(system) Binder:2649_13 expire 13 lines
03-18 22:34:33.413  2649  3593 I chatty  : uid=1000(system) Binder:2649_7 expire 10 lines
03-18 22:34:34.996  8992  9143 E ActivityThread: Failed to find provider info for com.facebook.katana.provider.AttributionIdProvider
03-18 22:34:44.490  2649  3645 I chatty  : uid=1000(system) Binder:2649_C expire 16 lines
03-18 22:34:53.403  3048  3048 V KeyguardStatusView: refresh statusview showing:true
03-18 22:34:53.423  3048  3048 V KeyguardDisplayManager: show
03-18 22:35:01.591  2649  2678 I chatty  : uid=1000(system) ActivityManager expire 26 lines
03-18 22:35:01.912  2649  4624 I chatty  : uid=1000(system) Binder:2649_E expire 11 lines
03-18 22:35:02.206  9410  9410 W ContextImpl: Calling a method in the system process without a qualified user: android.app.ContextImpl.startService:1357 android.content.ContextWrapper.startService:613 android.content.ContextWrapper.startService:613 com.android.keychain.KeyChainBroadcastReceiver.onReceive:12 android.app.ActivityThread.handleReceiver:3032 
03-18 22:35:04.216  2649  2662 I chatty  : uid=1000(system) Binder:2649_2 expire 11 lines
03-18 22:35:15.730  2649  4629 I chatty  : uid=1000(system) Binder:2649_10 expire 13 lines
03-18 22:36:04.033 10780 10780 W ContextImpl: Calling a method in the system process without a qualified user: android.app.ContextImpl.startService:1357 android.content.ContextWrapper.startService:613 android.content.ContextWrapper.startService:613 com.android.keychain.KeyChainBroadcastReceiver.onReceive:12 android.app.ActivityThread.handleReceiver:3032 
03-18 22:36:04.151  2649  4648 I chatty  : uid=1000(system) Binder:2649_13 expire 14 lines
03-18 22:36:04.652  2649  2649 I chatty  : uid=1000 system_server expire 16 lines
03-18 22:36:04.750  2649  2676 I chatty  : uid=1000(system) android.bg expire 11 lines
03-18 22:36:13.201  5985  7807 E ActivityThread: Failed to find provider info for com.motorola.ccc.cce.datausage
03-18 22:36:15.619  5985 10992 E ActivityThread: Failed to find provider info for com.motorola.ccc.cce.datausage
03-18 22:36:19.238  2649  3092 I chatty  : uid=1000(system) Binder:2649_4 expire 15 lines
03-18 22:36:19.260  2649  3635 I chatty  : uid=1000(system) Binder:2649_A expire 10 lines
03-18 22:36:20.192  2649  3615 I chatty  : uid=1000(system) Binder:2649_9 expire 15 lines
03-18 22:36:20.206  2649  4628 I chatty  : uid=1000(system) Binder:2649_F expire 12 lines
03-18 22:36:29.743  2649  3593 I chatty  : uid=1000(system) Binder:2649_7 expire 18 lines
03-18 22:36:44.466  2649  2649 I chatty  : uid=1000 system_server expire 11 lines
03-18 22:36:44.936  2649  2740 I chatty  : uid=1000(system) PackageManager expire 28 lines
03-18 22:36:52.769  2649  4630 I chatty  : uid=1000(system) Binder:2649_11 expire 13 lines
03-18 22:36:52.770  2649  2988 I chatty  : uid=1000(system) ConnectivitySer expire 11 lines
03-18 22:36:53.096 11081 11081 W ContextImpl: Calling a method in the system process without a qualified user: android.app.ContextImpl.startService:1357 android.content.ContextWrapper.startService:613 android.content.ContextWrapper.startService:613 com.android.keychain.KeyChainBroadcastReceiver.onReceive:12 android.app.ActivityThread.handleReceiver:3032 
03-18 22:36:53.630  2649  5517 I chatty  : uid=1000(system) Binder:2649_14 expire 15 lines
03-18 22:36:53.700  2649  3640 I chatty  : uid=1000(system) Binder:2649_B expire 13 lines
03-18 22:36:55.827  2649  3347 I chatty  : uid=1000(system) Binder:2649_6 expire 10 lines
03-18 22:37:08.528 11387 11387 W ContextImpl: Calling a method in the system process without a qualified user: android.app.ContextImpl.startService:1357 android.content.ContextWrapper.startService:613 android.content.ContextWrapper.startService:613 com.android.keychain.KeyChainBroadcastReceiver.onReceive:12 android.app.ActivityThread.handleReceiver:3032 
03-18 22:37:08.964  2649  4610 I chatty  : uid=1000(system) Binder:2649_D expire 17 lines
03-18 22:37:09.066  2649  3034 I chatty  : uid=1000(system) Binder:2649_3 expire 10 lines
03-18 22:37:25.905  2649  2740 I chatty  : uid=1000(system) PackageManager expire 22 lines
03-18 22:37:33.827 11544 11544 W ContextImpl: Calling a method in the system process without a qualified user: android.app.ContextImpl.startService:1357 android.content.ContextWrapper.startService:613 android.content.ContextWrapper.startService:613 com.android.keychain.KeyChainBroadcastReceiver.onReceive:12 android.app.ActivityThread.handleReceiver:3032 
03-18 22:37:33.888  2649  2649 I chatty  : uid=1000 system_server expire 15 lines
03-18 22:37:51.695 11544 11544 W ContextImpl: Calling a method in the system process without a qualified user: android.app.ContextImpl.startService:1357 android.content.ContextWrapper.startService:613 android.content.ContextWrapper.startService:613 com.android.keychain.KeyChainBroadcastReceiver.onReceive:12 android.app.ActivityThread.handleReceiver:3032 
03-18 22:38:51.217  2649  2740 I chatty  : uid=1000(system) PackageManager expire 19 lines
03-18 22:39:10.039 11544 11544 W ContextImpl: Calling a method in the system process without a qualified user: android.app.ContextImpl.startService:1357 android.content.ContextWrapper.startService:613 android.content.ContextWrapper.startService:613 com.android.keychain.KeyChainBroadcastReceiver.onReceive:12 android.app.ActivityThread.handleReceiver:3032 
03-18 22:39:10.773  2649  2649 I chatty  : uid=1000 system_server expire 21 lines
03-18 22:39:11.426 12064 12064 W KeyphraseEnrollmentInfo: No Enrollment application supports the given keyphrase/locale
03-18 22:39:39.306  2649  2740 I chatty  : uid=1000(system) PackageManager expire 29 lines
03-18 22:39:43.746  2649  2678 I chatty  : uid=1000(system) ActivityManager expire 11 lines
03-18 22:39:44.462  2649  3095 I chatty  : uid=1000(system) Binder:2649_5 expire 30 lines
03-18 22:39:44.784 12234 12234 W ContextImpl: Calling a method in the system process without a qualified user: android.app.ContextImpl.startService:1357 android.content.ContextWrapper.startService:613 android.content.ContextWrapper.startService:613 com.android.keychain.KeyChainBroadcastReceiver.onReceive:12 android.app.ActivityThread.handleReceiver:3032 
03-18 22:39:45.470  2649  2662 I chatty  : uid=1000(system) Binder:2649_2 expire 20 lines
03-18 22:39:46.360  2649  3595 I chatty  : uid=1000(system) Binder:2649_8 expire 11 lines
03-18 22:39:50.124  2649  3645 I chatty  : uid=1000(system) Binder:2649_C expire 15 lines
03-18 22:40:06.062 12438 12438 W ContextImpl: Calling a method in the system process without a qualified user: android.app.ContextImpl.startService:1357 android.content.ContextWrapper.startService:613 android.content.ContextWrapper.startService:613 com.android.keychain.KeyChainBroadcastReceiver.onReceive:12 android.app.ActivityThread.handleReceiver:3032 
03-18 22:40:06.079  2649  2661 I chatty  : uid=1000(system) Binder:2649_1 expire 12 lines
03-18 22:40:06.360  2649  4648 I chatty  : uid=1000(system) Binder:2649_13 expire 20 lines
03-18 22:40:06.667  2649  4629 I chatty  : uid=1000(system) Binder:2649_10 expire 10 lines
03-18 22:40:06.933  2649  2956 I chatty  : uid=1000(system) UEventObserver expire 85 lines
03-18 22:40:09.937  2649  2740 I chatty  : uid=1000(system) PackageManager expire 27 lines
03-18 22:40:11.664 12607 12607 W ContextImpl: Calling a method in the system process without a qualified user: android.app.ContextImpl.startService:1357 android.content.ContextWrapper.startService:613 android.content.ContextWrapper.startService:613 com.android.keychain.KeyChainBroadcastReceiver.onReceive:12 android.app.ActivityThread.handleReceiver:3032 
03-18 22:40:11.799  2649  2649 I chatty  : uid=1000 system_server expire 11 lines
03-18 22:40:16.094 12715 12715 W ContextImpl: Calling a method in the system process without a qualified user: android.app.ContextImpl.startService:1357 android.content.ContextWrapper.startService:613 android.content.ContextWrapper.startService:613 com.android.keychain.KeyChainBroadcastReceiver.onReceive:12 android.app.ActivityThread.handleReceiver:3032 
03-18 22:40:16.357  2649  4631 I chatty  : uid=1000(system) Binder:2649_12 expire 15 lines
03-18 22:40:40.454 12886 12886 W ContextImpl: Calling a method in the system process without a qualified user: android.app.ContextImpl.startService:1357 android.content.ContextWrapper.startService:613 android.content.ContextWrapper.startService:613 com.android.keychain.KeyChainBroadcastReceiver.onReceive:12 android.app.ActivityThread.handleReceiver:3032 
03-18 22:40:40.585  2649  2649 I chatty  : uid=1000 system_server expire 11 lines
03-18 22:40:40.895 12901 12901 D ActivityThread: Loading provider com.google.android.gm.sapi: com.google.android.gm.sapi.SapiUiProvider
03-18 22:41:07.164  2649  2678 I chatty  : uid=1000(system) ActivityManager expire 10 lines
03-18 22:41:16.718  2649  2740 I chatty  : uid=1000(system) PackageManager expire 13 lines
03-18 22:41:17.486 12886 12886 W ContextImpl: Calling a method in the system process without a qualified user: android.app.ContextImpl.startService:1357 android.content.ContextWrapper.startService:613 android.content.ContextWrapper.startService:613 com.android.keychain.KeyChainBroadcastReceiver.onReceive:12 android.app.ActivityThread.handleReceiver:3032 
03-18 22:41:17.717  2649  2649 I chatty  : uid=1000 system_server expire 10 lines
03-18 22:41:18.326   468   484 D VoldCryptCmdListener: cryptfs getpwtype
03-18 22:41:27.927 12886 12886 W ContextImpl: Calling a method in the system process without a qualified user: android.app.ContextImpl.startService:1357 android.content.ContextWrapper.startService:613 android.content.ContextWrapper.startService:613 com.android.keychain.KeyChainBroadcastReceiver.onReceive:12 android.app.ActivityThread.handleReceiver:3032 
03-18 22:41:49.780 12886 12886 W ContextImpl: Calling a method in the system process without a qualified user: android.app.ContextImpl.startService:1357 android.content.ContextWrapper.startService:613 android.content.ContextWrapper.startService:613 com.android.keychain.KeyChainBroadcastReceiver.onReceive:12 android.app.ActivityThread.handleReceiver:3032 
03-18 22:41:49.949  2649  2649 I chatty  : uid=1000 system_server expire 10 lines
03-18 22:42:09.804  2649  2678 I chatty  : uid=1000(system) ActivityManager expire 17 lines
03-18 22:42:59.641   468   484 D VoldCryptCmdListener: cryptfs getpwtype
03-18 22:44:11.986  2649  3640 I chatty  : uid=1000(system) Binder:2649_B expire 35 lines
03-18 22:44:13.039  2649  4624 I chatty  : uid=1000(system) Binder:2649_E expire 10 lines
03-18 22:45:30.432  2649  3347 I chatty  : uid=1000(system) Binder:2649_6 expire 11 lines
03-18 22:46:45.061  2649  3615 I chatty  : uid=1000(system) Binder:2649_9 expire 18 lines
03-18 22:48:08.219  2649  3034 I chatty  : uid=1000(system) Binder:2649_3 expire 10 lines
03-18 22:58:09.822  2649  4628 I chatty  : uid=1000(system) Binder:2649_F expire 11 lines
03-18 23:03:16.743  2649  2988 I chatty  : uid=1000(system) ConnectivitySer expire 10 lines
03-18 23:03:18.536  2649  3635 I chatty  : uid=1000(system) Binder:2649_A expire 21 lines
03-18 23:23:34.931 13810 13810 D ActivityThread: Loading provider com.google.android.gm.sapi: com.google.android.gm.sapi.SapiUiProvider
03-18 23:23:35.085  2649  2661 I chatty  : uid=1000(system) Binder:2649_1 expire 20 lines
03-18 23:23:35.177  2649  4630 I chatty  : uid=1000(system) Binder:2649_11 expire 20 lines
03-18 23:23:35.190  2649  4610 I chatty  : uid=1000(system) Binder:2649_D expire 12 lines
03-18 23:24:11.112  2649  3645 I chatty  : uid=1000(system) Binder:2649_C expire 12 lines
03-18 23:25:11.111  2649  2681 I chatty  : uid=1000(system) batterystats-sy expire 12 lines
03-18 23:27:11.108  2649  4629 I chatty  : uid=1000(system) Binder:2649_10 expire 16 lines
03-18 23:29:11.112  2649  4628 I chatty  : uid=1000(system) Binder:2649_F expire 20 lines
03-18 23:32:12.470  2649  2678 I chatty  : uid=1000(system) ActivityManager expire 12 lines
03-18 23:34:17.351  2649  3092 I chatty  : uid=1000(system) Binder:2649_4 expire 11 lines
03-18 23:36:11.109  2649  3034 I chatty  : uid=1000(system) Binder:2649_3 expire 19 lines
03-18 23:36:15.900  2649  3595 I chatty  : uid=1000(system) Binder:2649_8 expire 39 lines
03-18 23:37:11.112  2649  5517 I chatty  : uid=1000(system) Binder:2649_14 expire 20 lines
03-18 23:46:20.676 13719 14164 D DownloadManager: Removed 0 stale downloads
03-18 23:46:20.695 13719 14164 D DownloadManager: Found 1 files in database
03-18 23:46:20.695 13719 14164 D DownloadManager: Found 0 files on disk
03-18 23:47:17.653  2649  2956 I chatty  : uid=1000(system) UEventObserver expire 104 lines
03-18 23:49:17.973  2649  4648 I chatty  : uid=1000(system) Binder:2649_13 expire 18 lines
03-18 23:56:19.100  2649  3095 I chatty  : uid=1000(system) Binder:2649_5 expire 21 lines
03-18 23:57:19.260  2649  2662 I chatty  : uid=1000(system) Binder:2649_2 expire 12 lines
03-18 23:58:10.127  2649  2681 I chatty  : uid=1000(system) batterystats-sy expire 25 lines
03-18 23:58:19.419  2649  3635 I chatty  : uid=1000(system) Binder:2649_A expire 10 lines
03-18 23:58:21.624  2649  3640 I chatty  : uid=1000(system) Binder:2649_B expire 26 lines
03-18 23:59:19.579  2649  3645 I chatty  : uid=1000(system) Binder:2649_C expire 22 lines
03-19 00:00:00.557  2649  4629 I chatty  : uid=1000(system) Binder:2649_10 expire 21 lines
03-19 00:00:00.986  2649  3347 I chatty  : uid=1000(system) Binder:2649_6 expire 16 lines
03-19 00:00:01.366  2649  2740 I chatty  : uid=1000(system) PackageManager expire 11 lines
03-19 00:00:19.734  2649  4631 I chatty  : uid=1000(system) Binder:2649_12 expire 29 lines
03-19 00:00:28.231  2649  4624 I chatty  : uid=1000(system) Binder:2649_E expire 13 lines
03-19 00:03:20.219  2649  3615 I chatty  : uid=1000(system) Binder:2649_9 expire 19 lines
03-19 00:05:20.537  2649  3593 I chatty  : uid=1000(system) Binder:2649_7 expire 18 lines
03-19 00:15:49.496  2649  2649 I chatty  : uid=1000 system_server expire 11 lines
03-19 00:20:01.407  2649  2676 I chatty  : uid=1000(system) android.bg expire 10 lines
03-19 00:35:29.519   468   484 D VoldCryptCmdListener: cryptfs getpwtype
03-19 00:35:29.520  2649  2967 I chatty  : uid=1000(system) CryptdConnector expire 9 lines
03-19 00:36:11.112  2649  2661 I chatty  : uid=1000(system) Binder:2649_1 expire 18 lines
03-19 00:36:13.026  2649  4648 I chatty  : uid=1000(system) Binder:2649_13 expire 22 lines
03-19 00:39:25.980  2649  3635 I chatty  : uid=1000(system) Binder:2649_A expire 21 lines
03-19 00:40:29.035  2649  4610 I chatty  : uid=1000(system) Binder:2649_D expire 18 lines
03-19 00:42:26.460  2649  2662 I chatty  : uid=1000(system) Binder:2649_2 expire 25 lines
03-19 00:51:36.005  2649  3092 I chatty  : uid=1000(system) Binder:2649_4 expire 19 lines
03-19 01:09:13.025  2649  2681 I chatty  : uid=1000(system) batterystats-sy expire 10 lines
03-19 01:09:30.774  2649  2956 I chatty  : uid=1000(system) UEventObserver expire 14 lines
03-19 01:09:30.777  2649  3034 I chatty  : uid=1000(system) Binder:2649_3 expire 16 lines
03-19 01:10:11.111  2649  4629 I chatty  : uid=1000(system) Binder:2649_10 expire 19 lines
03-19 01:11:11.112  2649  3645 I chatty  : uid=1000(system) Binder:2649_C expire 12 lines
03-19 01:11:31.101  2649  4630 I chatty  : uid=1000(system) Binder:2649_11 expire 14 lines
03-19 01:12:11.112  2649  3595 I chatty  : uid=1000(system) Binder:2649_8 expire 13 lines
03-19 01:16:31.900  2649  3095 I chatty  : uid=1000(system) Binder:2649_5 expire 16 lines
03-19 01:20:59.554   468   484 D VoldCryptCmdListener: cryptfs getpwtype
03-19 01:21:32.696  2649  2956 I chatty  : uid=1000(system) UEventObserver expire 47 lines
03-19 01:23:11.110  2649  4624 I chatty  : uid=1000(system) Binder:2649_E expire 18 lines
03-19 01:24:33.179  2649  5517 I chatty  : uid=1000(system) Binder:2649_14 expire 15 lines
03-19 01:27:33.657  2649  4628 I chatty  : uid=1000(system) Binder:2649_F expire 28 lines
03-19 01:45:36.540  2649  2661 I chatty  : uid=1000(system) Binder:2649_1 expire 11 lines
03-19 01:46:11.109  2649  3347 I chatty  : uid=1000(system) Binder:2649_6 expire 10 lines
03-19 01:48:37.019  2649  3615 I chatty  : uid=1000(system) Binder:2649_9 expire 10 lines
03-19 01:49:37.180  2649  3635 I chatty  : uid=1000(system) Binder:2649_A expire 10 lines
03-19 01:49:37.196  2649  2681 I chatty  : uid=1000(system) batterystats-sy expire 21 lines
03-19 01:50:11.111  2649  3645 I chatty  : uid=1000(system) Binder:2649_C expire 13 lines
03-19 01:50:37.337  2649  3593 I chatty  : uid=1000(system) Binder:2649_7 expire 17 lines
03-19 01:51:37.499  2649  4631 I chatty  : uid=1000(system) Binder:2649_12 expire 14 lines
03-19 01:52:37.658  2649  3034 I chatty  : uid=1000(system) Binder:2649_3 expire 14 lines
03-19 01:52:41.860  2649  3640 I chatty  : uid=1000(system) Binder:2649_B expire 17 lines
03-19 01:54:11.111  2649  2662 I chatty  : uid=1000(system) Binder:2649_2 expire 17 lines
03-19 01:57:11.112  2649  4648 I chatty  : uid=1000(system) Binder:2649_13 expire 12 lines
03-19 02:00:11.112  2649  3092 I chatty  : uid=1000(system) Binder:2649_4 expire 16 lines
03-19 02:01:32.465 15542 15542 D ActivityThread: Loading provider com.google.android.gm.sapi: com.google.android.gm.sapi.SapiUiProvider
03-19 02:01:39.096  2649  2956 I chatty  : uid=1000(system) UEventObserver expire 48 lines
03-19 02:01:39.100  2649  3595 I chatty  : uid=1000(system) Binder:2649_8 expire 12 lines
03-19 02:02:41.686  2649  2678 I chatty  : uid=1000(system) ActivityManager expire 13 lines
03-19 02:24:11.112  2649  4624 I chatty  : uid=1000(system) Binder:2649_E expire 22 lines
03-19 02:25:02.830  2649  3347 I chatty  : uid=1000(system) Binder:2649_6 expire 24 lines
03-19 02:26:48.614  2649  2661 I chatty  : uid=1000(system) Binder:2649_1 expire 22 lines
03-19 02:28:03.312  2649  4610 I chatty  : uid=1000(system) Binder:2649_D expire 36 lines
03-19 02:28:11.111  2649  3635 I chatty  : uid=1000(system) Binder:2649_A expire 12 lines
03-19 02:30:11.112  2649  4648 I chatty  : uid=1000(system) Binder:2649_13 expire 32 lines
03-19 02:31:44.297  2649  5517 I chatty  : uid=1000(system) Binder:2649_14 expire 49 lines
03-19 02:33:04.113  2649  4628 I chatty  : uid=1000(system) Binder:2649_F expire 23 lines
03-19 02:36:04.592  2649  4631 I chatty  : uid=1000(system) Binder:2649_12 expire 14 lines
03-19 02:39:51.892   468   484 D VoldCryptCmdListener: cryptfs getpwtype
03-19 02:40:05.229  2649  2956 I chatty  : uid=1000(system) UEventObserver expire 32 lines
03-19 02:42:47.688  2649  3615 I chatty  : uid=1000(system) Binder:2649_9 expire 17 lines
03-19 02:42:49.353  2649  4629 I chatty  : uid=1000(system) Binder:2649_10 expire 20 lines
03-19 02:46:06.195  2649  4630 I chatty  : uid=1000(system) Binder:2649_11 expire 35 lines
03-19 03:06:35.486  2649  2965 I chatty  : uid=1000(system) MountService expire 3 lines
03-19 03:06:35.513  2649  2966 I chatty  : uid=1000(system) VoldConnector expire 4 lines
03-19 03:06:35.516   468 16396 D vold    : Starting trim of /data
03-19 03:06:35.517   468 16396 D vold    : data fstrim factor=6
03-19 03:06:36.329   468 16396 I vold    : Trimmed 0 bytes on /data in 811ms
03-19 03:06:36.330   468 16396 D vold    : Starting trim of none
03-19 03:06:36.330   468 16396 W vold    : Failed to open none: No such file or directory
03-19 03:06:36.330   468 16396 D vold    : Starting trim of /cache
03-19 03:06:36.333   468 16396 I vold    : Trimmed 0 bytes on /cache in 2ms
03-19 03:06:56.089  2649  2956 I chatty  : uid=1000(system) UEventObserver expire 93 lines
03-19 03:06:56.098  2649  2681 I chatty  : uid=1000(system) batterystats-sy expire 20 lines
03-19 03:09:09.872  2649  3635 I chatty  : uid=1000(system) Binder:2649_A expire 20 lines
03-19 03:11:10.192  2649  3095 I chatty  : uid=1000(system) Binder:2649_5 expire 13 lines
03-19 03:12:10.352  2649  3640 I chatty  : uid=1000(system) Binder:2649_B expire 17 lines
03-19 03:13:00.465  2649  3645 I chatty  : uid=1000(system) Binder:2649_C expire 21 lines
03-19 03:13:00.493  2649  3593 I chatty  : uid=1000(system) Binder:2649_7 expire 19 lines
03-19 03:15:51.912  2649  2649 I chatty  : uid=1000 system_server expire 15 lines
03-19 03:21:11.111  2649  3595 I chatty  : uid=1000(system) Binder:2649_8 expire 16 lines
03-19 03:21:11.793  2649  3034 I chatty  : uid=1000(system) Binder:2649_3 expire 13 lines
03-19 03:25:12.432  2649  3092 I chatty  : uid=1000(system) Binder:2649_4 expire 24 lines
03-19 03:30:11.111  2649  2662 I chatty  : uid=1000(system) Binder:2649_2 expire 10 lines
03-19 04:21:23.261   468   484 D VoldCryptCmdListener: cryptfs getpwtype
03-19 04:21:23.295  2649  3595 I chatty  : uid=1000(system) Binder:2649_8 expire 13 lines
03-19 04:21:41.442  2649  2956 I chatty  : uid=1000(system) UEventObserver expire 22 lines
03-19 04:21:41.445  2649  2662 I chatty  : uid=1000(system) Binder:2649_2 expire 18 lines
03-19 04:21:51.736  2649  4628 I chatty  : uid=1000(system) Binder:2649_F expire 12 lines
03-19 04:21:53.428 16619 16619 D ActivityThread: Loading provider com.google.android.gm.sapi: com.google.android.gm.sapi.SapiUiProvider
03-19 04:21:53.631  2649  4629 I chatty  : uid=1000(system) Binder:2649_10 expire 11 lines
03-19 04:22:32.414  2649  4648 I chatty  : uid=1000(system) Binder:2649_13 expire 14 lines
