02-28 18:13:32.194  2728 23568 D ActivityManager: cleanUpApplicationRecord -- 3374
02-28 18:13:32.196  2928  2928 I Finsky  : [1] com.google.android.finsky.wear.WearSupportService.onStartCommand(21): Starting WearSupportService for auto_install
02-28 18:13:32.198  2928  2928 I Finsky  : [1] com.google.android.finsky.wear.ao.a(79): Connecting to wearable; initiated by: com.google.android.finsky.wear.WearSupportService
02-28 18:13:32.199  2928  2928 I Finsky  : [1] com.google.android.finsky.wear.WearSupportService.onStartCommand(21): Starting WearSupportService for send_installed_apps
02-28 18:13:32.204  3643 19805 D WearableService: onGetService - Wear is not available on this device.
02-28 18:13:32.209  2928  2928 E Finsky  : [1] com.google.android.finsky.wear.ar.a(3): onConnectionFailed: ConnectionResult{statusCode=API_UNAVAILABLE, resolution=null, message=null}
02-28 18:13:32.209  2928  2928 W Finsky  : [1] com.google.android.finsky.wear.ca.run(12): Dropping command=auto_install due to Gms not connected
02-28 18:13:32.210  2928  2928 I Finsky  : [1] com.google.android.finsky.wear.WearSupportService.b(67): Stopping WearSupportService
02-28 18:13:32.210  3462  3476 I ContactLocale: AddressBook Labels [[en_US,ru_RU]]: [, A, B, C, D, E, F, G, H, I, J, K, L, M, N, O, P, Q, R, S, T, U, V, W, X, Y, Z, , , , , , , , , , , , , , , , , , , , , , , , , , , , , , , , , , , , , , , , , , , , , , , , , , , , , , , , , , , , , , , , , , , , , , , , , , , , , , , , , , , , , , , , , , , , , , , , , , , , , , , , , , , , , , , , , , , , , , , , , , , , , , , , , , , , , , , , , , , , , , , , , , , , , , , , , , , , , , , , , , , , , , , , , , , , , , , , , , , , , , , , , , , , , #, ]
02-28 18:13:32.212  2928  2928 W Finsky  : [1] com.google.android.finsky.wear.ca.run(12): Dropping command=send_installed_apps due to Gms not connected
02-28 18:13:32.213  2928  2928 I Finsky  : [1] com.google.android.finsky.wear.WearSupportService.b(67): Stopping WearSupportService
02-28 18:13:32.222  6267  3341 I FontsPackageChangeOp: Package io.appium.uiautomator2.server.test has no metadata
02-28 18:13:32.228  6267  3341 D FA-SVC  : Got package added intent: io.appium.uiautomator2.server.test
02-28 18:13:32.230  6267  3346 D Wear_Controller: Received broadcast action=android.intent.action.PACKAGE_ADDED and uri=io.appium.uiautomator2.server.test
02-28 18:13:32.240  6267 20699 I Icing   : IndexChimeraService.getServiceInterface callingPackage=com.google.android.gms componentName=AppsCorpus serviceId=36
02-28 18:13:32.240 12616 12616 I CarrierServices: [1] RcsAutoStartReceiver.b: carrierServicesJibeServiceEnabled changed from true to true
02-28 18:13:32.241 12616 12616 I CarrierServices: [1] RcsAutoStartReceiver.b: enableRcs changed from true to true
02-28 18:13:32.241  6267 20676 I Icing   : IndexChimeraService.getServiceInterface callingPackage=com.google.android.gms componentName=AppsCorpus serviceId=32
02-28 18:13:32.242 12616 12616 I CarrierServices: [1] RcsAutoStartReceiver.b: RcsAutoStartReceiver triggered. Fetching RCS State. Action: android.intent.action.PACKAGE_ADDED
02-28 18:13:32.245 12616 12616 I CarrierServices: [1] g.a: Migration binding to RcsMigrationService
02-28 18:13:32.254 12644 12655 I CarrierServices: [18385] g.a: Sim state is not ready. Returning last known operation mode.
02-28 18:13:32.255 12616  3486 I CarrierServices: [18478] bs.a: Saving RCS State
02-28 18:13:32.255 12616  3486 I CarrierServices: [18478] bs.a: Old operation mode: 0
02-28 18:13:32.256 12616  3486 I CarrierServices: [18478] bs.a: New operation mode: 0
02-28 18:13:32.258  2728 29454 I ActivityManager: Start proc 3487:com.google.android.partnersetup/u0a38 for broadcast com.google.android.partnersetup/.RlzPingBroadcastReceiver
02-28 18:13:32.267  6267 26382 I Icing   : Usage reports ok 0, Failed Usage reports 0, indexed 0, rejected 0, imm upload false
02-28 18:13:32.279  6267 26382 I Icing   : Usage reports ok 0, Failed Usage reports 0, indexed 0, rejected 0, imm upload false
02-28 18:13:32.282  3487  3487 W System  : ClassLoader referenced unknown path: /system/priv-app/GooglePartnerSetup/lib/arm
02-28 18:13:32.311  2728 14300 I ActivityManager: Start proc 3503:com.motorola.invisiblenet/u0a41 for broadcast com.motorola.invisiblenet/.PackageAddedReceiver
02-28 18:13:32.315  2728 14300 I ActivityManager: Killing 3388:com.motorola.motodisplay/u0a52 (adj 906): empty #5
02-28 18:13:32.326  2728 29453 D ActivityManager: cleanUpApplicationRecord -- 3388
02-28 18:13:32.339  3503  3503 W System  : ClassLoader referenced unknown path: /system/priv-app/InvisibleNet/lib/arm
02-28 18:13:32.361  2728  5078 I ActivityManager: Start proc 3517:com.motorola.motodisplay/u0a52 for broadcast com.motorola.motodisplay/.events.EventReceiver
02-28 18:13:32.366  2728 29446 I ActivityManager: Killing 3412:com.android.defcontainer/u0a23 (adj 906): empty #5
02-28 18:13:32.378  2728 29454 D ActivityManager: cleanUpApplicationRecord -- 3412
02-28 18:13:32.391  3517  3517 W System  : ClassLoader referenced unknown path: /system/priv-app/MotoDisplay/lib/arm
02-28 18:13:32.408  3517  3517 D MotoDisplay: Proxy Initialization check Successful
02-28 18:13:32.435  2728  5078 I ActivityManager: Killing 3462:android.process.acore/u0a11 (adj 906): empty #5
02-28 18:13:32.444  2728 29449 D ActivityManager: cleanUpApplicationRecord -- 3462
02-28 18:13:32.614  3460  3460 D AndroidRuntime: >>>>>> START com.android.internal.os.RuntimeInit uid 2000 <<<<<<
02-28 18:13:32.618  3460  3460 D AndroidRuntime: CheckJNI is OFF
02-28 18:13:32.689  3460  3460 W main    : type=1400 audit(0.0:1954): avc: denied { read } for uid=2000 name="name" dev="sysfs" ino=22225 scontext=u:r:shell:s0 tcontext=u:object_r:sysfs:s0 tclass=file permissive=0
02-28 18:13:32.694  3460  3460 E libmdmdetect: Failed to open /sys/bus/msm_subsys/devices/subsys0/name: Permission denied
02-28 18:13:32.710  3460  3460 D ICU     : No timezone override file found: /data/misc/zoneinfo/current/icu/icu_tzdata.dat
02-28 18:13:32.739  3460  3460 I Radio-JNI: register_android_hardware_Radio DONE
02-28 18:13:32.753  3460  3460 D AndroidRuntime: Calling main entry com.android.commands.pm.Pm
02-28 18:13:32.761  3460  3460 I art     : System.exit called, status: 0
02-28 18:13:32.761  3460  3460 I AndroidRuntime: VM exiting with result code 0.
02-28 18:13:32.766  3460  3543 W MessageQueue: Handler (android.os.Handler) {34bfebe} sending message to a Handler on a dead thread
02-28 18:13:32.766  3460  3543 W MessageQueue: java.lang.IllegalStateException: Handler (android.os.Handler) {34bfebe} sending message to a Handler on a dead thread
02-28 18:13:32.766  3460  3543 W MessageQueue: 	at android.os.MessageQueue.enqueueMessage(MessageQueue.java:543)
02-28 18:13:32.766  3460  3543 W MessageQueue: 	at android.os.Handler.enqueueMessage(Handler.java:643)
02-28 18:13:32.766  3460  3543 W MessageQueue: 	at android.os.Handler.sendMessageAtTime(Handler.java:612)
02-28 18:13:32.766  3460  3543 W MessageQueue: 	at android.os.Handler.sendMessageDelayed(Handler.java:582)
02-28 18:13:32.766  3460  3543 W MessageQueue: 	at android.os.Handler.post(Handler.java:338)
02-28 18:13:32.766  3460  3543 W MessageQueue: 	at android.os.ResultReceiver$MyResultReceiver.send(ResultReceiver.java:57)
02-28 18:13:32.766  3460  3543 W MessageQueue: 	at com.android.internal.os.IResultReceiver$Stub.onTransact(IResultReceiver.java:58)
02-28 18:13:32.766  3460  3543 W MessageQueue: 	at android.os.Binder.execTransact(Binder.java:565)
02-28 18:13:33.283  6267 26382 I Icing   : Indexing 5BC26A023FAF1F43AEFAB66B338D37C6EF45681D from com.google.android.gms
02-28 18:13:33.291  6267 26382 I Icing   : Indexing done 5BC26A023FAF1F43AEFAB66B338D37C6EF45681D
02-28 18:13:33.536  3556  3556 D AndroidRuntime: >>>>>> START com.android.internal.os.RuntimeInit uid 2000 <<<<<<
02-28 18:13:33.540  3556  3556 D AndroidRuntime: CheckJNI is OFF
02-28 18:13:33.596  3556  3556 W main    : type=1400 audit(0.0:1955): avc: denied { read } for uid=2000 name="name" dev="sysfs" ino=22225 scontext=u:r:shell:s0 tcontext=u:object_r:sysfs:s0 tclass=file permissive=0
02-28 18:13:33.600  3556  3556 E libmdmdetect: Failed to open /sys/bus/msm_subsys/devices/subsys0/name: Permission denied
02-28 18:13:33.616  3556  3556 D ICU     : No timezone override file found: /data/misc/zoneinfo/current/icu/icu_tzdata.dat
02-28 18:13:33.643  3556  3556 I Radio-JNI: register_android_hardware_Radio DONE
02-28 18:13:33.657  3556  3556 D AndroidRuntime: Calling main entry com.android.commands.pm.Pm
02-28 18:13:33.680  3556  3556 I art     : System.exit called, status: 0
02-28 18:13:33.680  3556  3556 I AndroidRuntime: VM exiting with result code 0.
02-28 18:13:33.681  3556  3566 W MessageQueue: Handler (android.os.Handler) {eed46fb} sending message to a Handler on a dead thread
02-28 18:13:33.681  3556  3566 W MessageQueue: java.lang.IllegalStateException: Handler (android.os.Handler) {eed46fb} sending message to a Handler on a dead thread
02-28 18:13:33.681  3556  3566 W MessageQueue: 	at android.os.MessageQueue.enqueueMessage(MessageQueue.java:543)
02-28 18:13:33.681  3556  3566 W MessageQueue: 	at android.os.Handler.enqueueMessage(Handler.java:643)
02-28 18:13:33.681  3556  3566 W MessageQueue: 	at android.os.Handler.sendMessageAtTime(Handler.java:612)
02-28 18:13:33.681  3556  3566 W MessageQueue: 	at android.os.Handler.sendMessageDelayed(Handler.java:582)
02-28 18:13:33.681  3556  3566 W MessageQueue: 	at android.os.Handler.post(Handler.java:338)
02-28 18:13:33.681  3556  3566 W MessageQueue: 	at android.os.ResultReceiver$MyResultReceiver.send(ResultReceiver.java:57)
02-28 18:13:33.681  3556  3566 W MessageQueue: 	at com.android.internal.os.IResultReceiver$Stub.onTransact(IResultReceiver.java:58)
02-28 18:13:33.681  3556  3566 W MessageQueue: 	at android.os.Binder.execTransact(Binder.java:565)
02-28 18:13:34.298  2283  2283 I MSM-irqbalance: Decided to move IRQ18 from CPU2 [P:0] to CPU7 [P:1] (banned)
02-28 18:13:34.299  2283  2283 I MSM-irqbalance: Decided to move IRQ18 from CPU0 [P:0] to CPU5 [P:1] (banned)
02-28 18:13:34.299  2283  2283 I MSM-irqbalance: Decided to move IRQ18 from CPU3 [P:0] to CPU4 [P:1] (banned)
02-28 18:13:34.299  2283  2283 I MSM-irqbalance: Decided to move IRQ18 from CPU1 [P:0] to CPU6 [P:1] (banned)
02-28 18:13:34.603  3643  3643 I WearableService: Wearable Services stopping
02-28 18:13:34.660  3590  3590 D AndroidRuntime: >>>>>> START com.android.internal.os.RuntimeInit uid 2000 <<<<<<
02-28 18:13:34.663  3590  3590 D AndroidRuntime: CheckJNI is OFF
02-28 18:13:34.723  3590  3590 E libmdmdetect: Failed to open /sys/bus/msm_subsys/devices/subsys0/name: Permission denied
02-28 18:13:34.719  3590  3590 W main    : type=1400 audit(0.0:1956): avc: denied { read } for uid=2000 name="name" dev="sysfs" ino=22225 scontext=u:r:shell:s0 tcontext=u:object_r:sysfs:s0 tclass=file permissive=0
02-28 18:13:34.740  3590  3590 D ICU     : No timezone override file found: /data/misc/zoneinfo/current/icu/icu_tzdata.dat
02-28 18:13:34.767  3590  3590 I Radio-JNI: register_android_hardware_Radio DONE
02-28 18:13:34.780  3590  3590 D AndroidRuntime: Calling main entry com.android.commands.pm.Pm
02-28 18:13:34.916  2728 14300 I ProcessStatsService: Added stats: 2018-02-28-14-53-03, over +3h4m24s297ms
02-28 18:13:34.932  2728 14300 I ProcessStatsService: Added stats: 2018-02-28-00-14-18, over +14h38m44s641ms
02-28 18:13:34.952  2728 14300 I ProcessStatsService: Added stats: 2018-02-27-19-27-01, over +4h47m17s671ms
02-28 18:13:35.005  2728 14300 I ProcessStatsService: Added stats: 2018-02-28-14-53-03, over +3h4m24s297ms
02-28 18:13:35.085  2728 12011 E BatteryStatsService: no controller energy info supplied
02-28 18:13:35.143  3590  3590 I art     : System.exit called, status: 0
02-28 18:13:35.143  3590  3590 I AndroidRuntime: VM exiting with result code 0.
02-28 18:13:35.773  3611  3611 D AndroidRuntime: >>>>>> START com.android.internal.os.RuntimeInit uid 2000 <<<<<<
02-28 18:13:35.777  3611  3611 D AndroidRuntime: CheckJNI is OFF
02-28 18:13:35.837  3611  3611 E libmdmdetect: Failed to open /sys/bus/msm_subsys/devices/subsys0/name: Permission denied
02-28 18:13:35.833  3611  3611 W main    : type=1400 audit(0.0:1957): avc: denied { read } for uid=2000 name="name" dev="sysfs" ino=22225 scontext=u:r:shell:s0 tcontext=u:object_r:sysfs:s0 tclass=file permissive=0
02-28 18:13:35.853  3611  3611 D ICU     : No timezone override file found: /data/misc/zoneinfo/current/icu/icu_tzdata.dat
02-28 18:13:35.880  3611  3611 I Radio-JNI: register_android_hardware_Radio DONE
02-28 18:13:35.893  3611  3611 D AndroidRuntime: Calling main entry com.android.commands.pm.Pm
02-28 18:13:35.899  3611  3611 I art     : System.exit called, status: 1
02-28 18:13:35.899  3611  3611 I AndroidRuntime: VM exiting with result code 1.
02-28 18:13:36.266  3643  4977 V ConnectivityManager: isActiveNetworkMetered() returns:false
02-28 18:13:36.272  2928  2928 I Finsky  : [1] com.google.android.finsky.scheduler.al.a(150): onJobSchedulerWakeup
02-28 18:13:36.275  2928  2928 I Finsky  : [1] com.google.android.finsky.scheduler.k.a(22): Scheduling fallback in 43199997 (absolute: 1936284990)
02-28 18:13:36.278  2928  2928 I Finsky  : [1] com.google.android.finsky.scheduler.k.a(22): Scheduling fallback in 64799997 (absolute: 1957884993)
02-28 18:13:36.293  2928  2928 V ConnectivityManager: isActiveNetworkMetered() returns:false
02-28 18:13:36.296  2928  2928 I Finsky  : [1] com.google.android.finsky.scheduler.r.handleMessage(25): DeviceState: DeviceState{currentTime=1519870416290, isCharging=true, isIdle=false, netAny=true, netNotRoaming=true, netUnmetered=true}
02-28 18:13:36.303  2928  2928 V ConnectivityManager: isActiveNetworkMetered() returns:false
02-28 18:13:36.307  2928  2928 I Finsky  : [1] com.google.android.finsky.scheduler.m.a(87): Running job: 1 (12)
02-28 18:13:36.307  2928  2928 I Finsky  : [1] com.google.android.finsky.ag.c.a(41): ContentSyncJob started
02-28 18:13:36.309  2928  2928 I Finsky  : [1] com.google.android.finsky.scheduler.m.a(159): RunningQueue size: 1
02-28 18:13:36.310  2928  2928 I Finsky  : [1] com.google.android.finsky.scheduler.m.a(160): PendingQueue size: 0
02-28 18:13:36.381  3643  4977 V ConnectivityManager: isActiveNetworkMetered() returns:false
02-28 18:13:36.423  3643  4977 V ConnectivityManager: isActiveNetworkMetered() returns:false
02-28 18:13:36.431  3621  3621 D AndroidRuntime: >>>>>> START com.android.internal.os.RuntimeInit uid 2000 <<<<<<
02-28 18:13:36.435  3621  3621 D AndroidRuntime: CheckJNI is OFF
02-28 18:13:36.499  3621  3621 E libmdmdetect: Failed to open /sys/bus/msm_subsys/devices/subsys0/name: Permission denied
02-28 18:13:36.496  3621  3621 W main    : type=1400 audit(0.0:1958): avc: denied { read } for uid=2000 name="name" dev="sysfs" ino=22225 scontext=u:r:shell:s0 tcontext=u:object_r:sysfs:s0 tclass=file permissive=0
02-28 18:13:36.516  3621  3621 D ICU     : No timezone override file found: /data/misc/zoneinfo/current/icu/icu_tzdata.dat
02-28 18:13:36.543  3621  3621 I Radio-JNI: register_android_hardware_Radio DONE
02-28 18:13:36.557  3621  3621 D AndroidRuntime: Calling main entry com.android.commands.pm.Pm
02-28 18:13:36.559  2928  2957 I Finsky  : [19875] com.google.android.finsky.m.c.a(25): Completed 0 account content syncs with 0 successful.
02-28 18:13:36.560  2928  2928 I Finsky  : [1] com.google.android.finsky.ag.c.a(5): Installation state replication succeeded.
02-28 18:13:36.563  3621  3621 I art     : System.exit called, status: 1
02-28 18:13:36.563  3621  3621 I AndroidRuntime: VM exiting with result code 1.
02-28 18:13:36.564  2928  2928 I Finsky  : [1] com.google.android.finsky.scheduler.ai.b(12): jobFinished: 1 12
02-28 18:13:36.565  2928  2928 I Finsky  : [1] com.google.android.finsky.scheduler.m.a(184): Job 1 (12) finished
02-28 18:13:36.566  2928  2928 I Finsky  : [1] com.google.android.finsky.scheduler.m.a(159): RunningQueue size: 0
02-28 18:13:36.566  2928  2928 I Finsky  : [1] com.google.android.finsky.scheduler.m.a(160): PendingQueue size: 0
02-28 18:13:36.567  2928  2928 I Finsky  : [1] com.google.android.finsky.scheduler.r.handleMessage(200): Executor finished
02-28 18:13:37.131  3636  3636 D AndroidRuntime: >>>>>> START com.android.internal.os.RuntimeInit uid 2000 <<<<<<
02-28 18:13:37.135  3636  3636 D AndroidRuntime: CheckJNI is OFF
02-28 18:13:37.195  3636  3636 E libmdmdetect: Failed to open /sys/bus/msm_subsys/devices/subsys0/name: Permission denied
02-28 18:13:37.193  3636  3636 W main    : type=1400 audit(0.0:1959): avc: denied { read } for uid=2000 name="name" dev="sysfs" ino=22225 scontext=u:r:shell:s0 tcontext=u:object_r:sysfs:s0 tclass=file permissive=0
02-28 18:13:37.212  3636  3636 D ICU     : No timezone override file found: /data/misc/zoneinfo/current/icu/icu_tzdata.dat
02-28 18:13:37.238  3636  3636 I Radio-JNI: register_android_hardware_Radio DONE
02-28 18:13:37.252  3636  3636 D AndroidRuntime: Calling main entry com.android.commands.pm.Pm
02-28 18:13:37.257  3636  3636 I art     : System.exit called, status: 1
02-28 18:13:37.257  3636  3636 I AndroidRuntime: VM exiting with result code 1.
02-28 18:13:37.787  3656  3656 D AndroidRuntime: >>>>>> START com.android.internal.os.RuntimeInit uid 2000 <<<<<<
02-28 18:13:37.791  3656  3656 D AndroidRuntime: CheckJNI is OFF
02-28 18:13:37.851  3656  3656 E libmdmdetect: Failed to open /sys/bus/msm_subsys/devices/subsys0/name: Permission denied
02-28 18:13:37.846  3656  3656 W main    : type=1400 audit(0.0:1960): avc: denied { read } for uid=2000 name="name" dev="sysfs" ino=22225 scontext=u:r:shell:s0 tcontext=u:object_r:sysfs:s0 tclass=file permissive=0
02-28 18:13:37.867  3656  3656 D ICU     : No timezone override file found: /data/misc/zoneinfo/current/icu/icu_tzdata.dat
02-28 18:13:37.892  3656  3656 I Radio-JNI: register_android_hardware_Radio DONE
02-28 18:13:37.906  3656  3656 D AndroidRuntime: Calling main entry com.android.commands.pm.Pm
02-28 18:13:37.911  3656  3656 I art     : System.exit called, status: 1
02-28 18:13:37.911  3656  3656 I AndroidRuntime: VM exiting with result code 1.
02-28 18:13:38.669  3668  3668 D AndroidRuntime: >>>>>> START com.android.internal.os.RuntimeInit uid 2000 <<<<<<
02-28 18:13:38.673  3668  3668 D AndroidRuntime: CheckJNI is OFF
02-28 18:13:38.733  3668  3668 E libmdmdetect: Failed to open /sys/bus/msm_subsys/devices/subsys0/name: Permission denied
02-28 18:13:38.729  3668  3668 W main    : type=1400 audit(0.0:1961): avc: denied { read } for uid=2000 name="name" dev="sysfs" ino=22225 scontext=u:r:shell:s0 tcontext=u:object_r:sysfs:s0 tclass=file permissive=0
02-28 18:13:38.750  3668  3668 D ICU     : No timezone override file found: /data/misc/zoneinfo/current/icu/icu_tzdata.dat
02-28 18:13:38.776  3668  3668 I Radio-JNI: register_android_hardware_Radio DONE
02-28 18:13:38.790  3668  3668 D AndroidRuntime: Calling main entry com.android.commands.am.Am
02-28 18:13:38.796  2127  2128 E ANDR-PERF-MPCTL: Invalid profile no. 0, total profiles 0 only
02-28 18:13:38.796  2728 29450 I ActivityManager: START u0 {act=android.intent.action.MAIN cat=[android.intent.category.LAUNCHER] flg=0x10200000 cmp=io.appium.settings/.Settings} from uid 2000 on display 0
02-28 18:13:38.797  2127  3689 I Thermal-Lib: Thermal-Lib-Client: Client request sent
02-28 18:13:38.797  2136  2245 I ThermalEngine: Thermal-Server: Thermal received msg from  override
02-28 18:13:38.807  2102  3700 V FA      : Recording user engagement, ms: 711598
02-28 18:13:38.808  2102  3700 V FA      : Using measurement service
02-28 18:13:38.808  2102  3700 V FA      : Connecting to remote service
02-28 18:13:38.810  2102  3700 V FA      : Activity paused, time: 1893087525
02-28 18:13:38.812  2102  2102 D MovieMates_LOG: ContentMates.class -> onPause()
02-28 18:13:38.813  2102  3700 D FA      : Logging event (FE): user_engagement(_e), Bundle[{firebase_event_origin(_o)=auto, engagement_time_msec(_et)=711598, firebase_screen_class(_sc)=MoviesActivity, firebase_screen_id(_si)=-3871424529317959886}]
02-28 18:13:38.824  3701  3701 I art     : Late-enabling -Xcheck:jni
02-28 18:13:38.824  2728 14300 I ActivityManager: Start proc 3701:io.appium.settings/u0a395 for activity io.appium.settings/.Settings
02-28 18:13:38.868  2102  3700 V FA      : Using measurement service
02-28 18:13:38.869  2102  3700 V FA      : Connection attempt already in progress
02-28 18:13:38.869  2102  3700 D FA      : Connected to remote service
02-28 18:13:38.869  2102  3700 V FA      : Processing queued up service tasks: 2
02-28 18:13:38.906  6267  3085 V FA-SVC  : Logging event: origin=auto,name=user_engagement(_e),params=Bundle[{firebase_event_origin(_o)=auto, engagement_time_msec(_et)=711598, firebase_screen_class(_sc)=MoviesActivity, firebase_screen_id(_si)=-3871424529317959886}]
02-28 18:13:38.907  3701  3701 I art     : Starting a blocking GC AddRemoveAppImageSpace
02-28 18:13:38.914  3701  3701 W System  : ClassLoader referenced unknown path: /data/app/io.appium.settings-1/lib/arm
02-28 18:13:38.919  6267  3085 V FA-SVC  : Saving event, name, data size: user_engagement(_e), 71
02-28 18:13:38.920  6267  3085 V FA-SVC  : Event recorded: Event{appId='us.moviemates', name='user_engagement(_e)', params=Bundle[{firebase_event_origin(_o)=auto, engagement_time_msec(_et)=711598, firebase_screen_class(_sc)=MoviesActivity, firebase_screen_id(_si)=-3871424529317959886}]}
02-28 18:13:38.922  6267  3085 V FA-SVC  : Upload scheduled in approximately ms: 2890217
02-28 18:13:38.923  6267  3085 V FA-SVC  : Cancelling job. JobID: 812057698
02-28 18:13:38.926  6267  3085 V FA-SVC  : Scheduling upload with GcmTaskService
02-28 18:13:38.926  6267  3085 V FA-SVC  : Scheduling task with Gcm. Time2890217
02-28 18:13:38.929  6267  3085 V FA-SVC  : Background event processing time, ms: 24
02-28 18:13:38.944  3643  4977 V ConnectivityManager: isActiveNetworkMetered() returns:false
02-28 18:13:38.956  3643  4977 V ConnectivityManager: isActiveNetworkMetered() returns:false
02-28 18:13:38.965  3701  3701 D APPIUM SETTINGS: Entering Appium settings
02-28 18:13:38.965  3701  3701 D APPIUM SETTINGS: Closing settings app
02-28 18:13:39.006  3701  3758 I Adreno  : QUALCOMM build                   : 15c6858, Id9e7eae3da
02-28 18:13:39.006  3701  3758 I Adreno  : Build Date                       : 12/22/16
02-28 18:13:39.006  3701  3758 I Adreno  : OpenGL ES Shader Compiler Version: XE031.09.00.03
02-28 18:13:39.006  3701  3758 I Adreno  : Local Branch                     : 
02-28 18:13:39.006  3701  3758 I Adreno  : Remote Branch                    : refs/tags/AU_LINUX_ANDROID_LA.UM.5.5.R1.07.00.00.269.019
02-28 18:13:39.006  3701  3758 I Adreno  : Remote Branch                    : NONE
02-28 18:13:39.006  3701  3758 I Adreno  : Reconstruct Branch               : NOTHING
02-28 18:13:39.008  2728  2737 I art     : Background partial concurrent mark sweep GC freed 147491(7MB) AllocSpace objects, 65(2MB) LOS objects, 28% free, 40MB/56MB, paused 1.988ms total 163.845ms
02-28 18:13:39.011  3701  3758 I OpenGLRenderer: Initialized EGL, version 1.4
02-28 18:13:39.011  3701  3758 D OpenGLRenderer: Swap behavior 1
02-28 18:13:39.019 31942 31942 I GoogleInputMethod: onFinishInput() : Dummy InputConnection bound
02-28 18:13:39.020 31942 31942 I GoogleInputMethod: onStartInput() : Dummy InputConnection bound
02-28 18:13:39.043  2728  2852 I LaunchCheckinHandler: Displayed io.appium.settings/.Settings,cp,ca,230
02-28 18:13:39.043  2728  2852 I ActivityManager: Displayed io.appium.settings/.Settings: +230ms
02-28 18:13:39.045  3668  3668 D AndroidRuntime: Shutting down VM
02-28 18:13:39.070  2728  2852 I WindowManager: Destroying surface Surface(name=Starting io.appium.settings) called by com.android.server.wm.WindowStateAnimator.destroySurface:2067 com.android.server.wm.WindowStateAnimator.destroySurfaceLocked:896 com.android.server.wm.WindowState.destroyOrSaveSurface:2094 com.android.server.wm.AppWindowToken.destroySurfaces:368 com.android.server.wm.WindowStateAnimator.finishExit:575 com.android.server.wm.WindowStateAnimator.stepAnimationLocked:501 com.android.server.wm.WindowAnimator.updateWindowsLocked:303 com.android.server.wm.WindowAnimator.animateLocked:704 
02-28 18:13:39.072  2728 14300 I WindowManager: Destroying surface Surface(name=us.moviemates/us.moviemates.Activities.MoviesActivity) called by com.android.server.wm.WindowStateAnimator.destroySurface:2067 com.android.server.wm.WindowStateAnimator.destroySurfaceLocked:896 com.android.server.wm.WindowState.destroyOrSaveSurface:2094 com.android.server.wm.WindowManagerService.tryStartExitingAnimation:3093 com.android.server.wm.WindowManagerService.relayoutWindow:2973 com.android.server.wm.Session.relayout:215 android.view.IWindowSession$Stub.onTransact:286 com.android.server.wm.Session.onTransact:136 
02-28 18:13:39.186   582   637 I SFPerfTracer:      triggers: (rate: 1:65) (0 sw vsyncs) (0 skipped) (17:434304 vsyncs) (19:650434)
02-28 18:13:39.246  2146  2146 I         : free_cache(38613) avail 18933391360
02-28 18:13:39.283  2728  2870 I ActivityManager: Start proc 3780:com.android.defcontainer/u0a23 for service com.android.defcontainer/.DefaultContainerService
02-28 18:13:39.298  2283  2283 I MSM-irqbalance: Decided to move IRQ18 from CPU2 [P:0] to CPU5 [P:1] (banned)
02-28 18:13:39.298  2283  2283 I MSM-irqbalance: Decided to move IRQ18 from CPU3 [P:0] to CPU7 [P:1] (banned)
02-28 18:13:39.298  2283  2283 I MSM-irqbalance: Decided to move IRQ18 from CPU0 [P:0] to CPU4 [P:1] (banned)
02-28 18:13:39.298  2283  2283 I MSM-irqbalance: Decided to move IRQ18 from CPU1 [P:0] to CPU6 [P:1] (banned)
02-28 18:13:39.323  2928  2928 I Finsky  : [1] com.google.android.finsky.verifier.impl.PackageVerificationReceiver.onReceive(12): Verification requested, id = 127
02-28 18:13:39.332  2928  3012 W Settings: Setting install_non_market_apps has moved from android.provider.Settings.Global to android.provider.Settings.Secure, returning read-only value.
02-28 18:13:39.359  2928  3012 I Finsky  : [19904] com.google.android.finsky.foregroundcoordinator.a.a(9): Task 7 requested foreground
02-28 18:13:39.360  2928  3012 I Finsky  : [19904] com.google.android.finsky.foregroundcoordinator.a.a(29): Not entering foreground
02-28 18:13:39.494  2928  3001 I Finsky  : [19898] com.google.android.finsky.verifier.impl.cw.b(6): Verification id=127 response=0
02-28 18:13:39.509  2928  2928 I Finsky  : [1] com.google.android.finsky.verifier.impl.dn.c(131): Verifying id=127, result=1
02-28 18:13:39.511  2928  2928 I Finsky  : [1] com.google.android.finsky.verifier.impl.dn.c(153): Verification complete: id=127, package_name=io.appium.unlock
02-28 18:13:39.526  2728  2870 I PackageManager.DexOptimizer: Running dexopt (dex2oat) on: /data/app/vmdl1318114819.tmp/base.apk pkg=io.appium.unlock isa=arm vmSafeMode=false debuggable=true target-filter=interpret-only oatDir = /data/app/vmdl1318114819.tmp/oat sharedLibraries=null
02-28 18:13:39.560  3808  3808 I dex2oat : Adjusted thread count (for runtime dex2oat): 4, 4
02-28 18:13:39.560  3808  3808 I dex2oat : /system/bin/dex2oat --compiler-filter=interpret-only --debuggable
02-28 18:13:39.603  3808  3808 I dex2oat : dex2oat took 43.422ms (threads: 4) arena alloc=2368B (2368B) java alloc=93KB (95736B) native alloc=926KB (948856B) free=1633KB (1672584B)
02-28 18:13:39.608  2728  2870 W PackageManager: Attempt to re-install io.appium.unlock without first uninstalling.
02-28 18:13:39.608  2728  2797 I ActivityManager: Force stopping io.appium.unlock appid=10136 user=-1: installPackageLI
02-28 18:13:39.610  2146  2146 E         : Couldn't opendir /data/app/vmdl1318114819.tmp: No such file or directory
02-28 18:13:39.610  2728 32296 D PackageInstaller: Ignoring abandon after commit relinquished control
02-28 18:13:39.612  2728 23568 I ActivityManager: Killing 3487:com.google.android.partnersetup/u0a38 (adj 906): empty #5
02-28 18:13:39.620  2728  3268 D ActivityManager: cleanUpApplicationRecord -- 3487
02-28 18:13:39.672  2146  2146 I         : free_cache(38613) avail 18933338112
02-28 18:13:39.708  2928  2928 I Finsky  : [1] com.google.android.finsky.verifier.impl.PackageVerificationReceiver.onReceive(12): Verification requested, id = 128
02-28 18:13:39.724  2928  3009 W Settings: Setting install_non_market_apps has moved from android.provider.Settings.Global to android.provider.Settings.Secure, returning read-only value.
02-28 18:13:39.744  2928  3009 I Finsky  : [19901] com.google.android.finsky.foregroundcoordinator.a.a(9): Task 7 requested foreground
02-28 18:13:39.745  2928  3009 I Finsky  : [19901] com.google.android.finsky.foregroundcoordinator.a.a(29): Not entering foreground
02-28 18:13:39.861  2928  3008 I Finsky  : [19900] com.google.android.finsky.verifier.impl.cw.b(6): Verification id=128 response=0
02-28 18:13:39.872  2928  2928 I Finsky  : [1] com.google.android.finsky.verifier.impl.dn.c(131): Verifying id=128, result=1
02-28 18:13:39.874  2928  2928 I Finsky  : [1] com.google.android.finsky.verifier.impl.dn.c(153): Verification complete: id=128, package_name=io.appium.unlock
02-28 18:13:39.889  2728  2870 I PackageManager.DexOptimizer: Running dexopt (dex2oat) on: /data/app/vmdl1669781641.tmp/base.apk pkg=io.appium.unlock isa=arm vmSafeMode=false debuggable=true target-filter=interpret-only oatDir = /data/app/vmdl1669781641.tmp/oat sharedLibraries=null
02-28 18:13:39.922  3823  3823 I dex2oat : Adjusted thread count (for runtime dex2oat): 4, 4
02-28 18:13:39.922  3823  3823 I dex2oat : /system/bin/dex2oat --compiler-filter=interpret-only --debuggable
02-28 18:13:39.962  3823  3823 I dex2oat : dex2oat took 40.814ms (threads: 4) arena alloc=2360B (2360B) java alloc=89KB (91768B) native alloc=942KB (965496B) free=1617KB (1655944B)
02-28 18:13:39.967  2728  2870 W PackageManager: Attempt to re-install io.appium.unlock without first uninstalling.
02-28 18:13:39.968  2728  2797 I ActivityManager: Force stopping io.appium.unlock appid=10136 user=-1: installPackageLI
02-28 18:13:39.970  2146  2146 E         : Couldn't opendir /data/app/vmdl1669781641.tmp: No such file or directory
02-28 18:13:39.971  2728 29450 D PackageInstaller: Ignoring abandon after commit relinquished control
02-28 18:13:40.017  2102  3700 V FA      : Activity resumed, time: 1893088734
02-28 18:13:40.029  2102  2102 D MovieMates_LOG: ContentMates.class -> onResume()
02-28 18:13:40.029  2102  2102 D MovieMates_LOG: ContentMates.class -> setFilterState()
02-28 18:13:40.146  2728  2737 I art     : Background partial concurrent mark sweep GC freed 17444(1189KB) AllocSpace objects, 17(476KB) LOS objects, 28% free, 39MB/55MB, paused 2.116ms total 143.950ms
02-28 18:13:40.407 31942 31942 I GoogleInputMethod: onFinishInput() : Dummy InputConnection bound
02-28 18:13:40.407 31942 31942 I GoogleInputMethod: onStartInput() : Dummy InputConnection bound
02-28 18:13:40.425   582   582 I SFPerfTracer:      triggers: (rate: 727:65236) (compose: 0:49) (post: 5:1226) (render: 5:262) (10:442602 frames) (11:546976)
02-28 18:13:40.425   582   582 D SFPerfTracer:        layers: (2:9) (StatusBar (0xb3148400): 11:136367) (Sprite (0xb3145c00): 0:118)* (DimLayerController/Stack=0 (0xb3179400): 0:2534)* (animation background stackId=1 (0xb3147000): 0:354)* (com.android.systemui.ImageWallpaper (0xb317bc00): 11:31106)* (us.moviemates/us.moviemates.Activities.MoviesActivity (0xb3178000): 0:51)- (Starting io.appium.settings (0xb3149800): 0:11)- (io.appium.settings/io.appium.settings.Settings (0xb314ac00): 11:34) (us.moviemates/us.moviemates.Activities.MoviesActivity (0xb3149800): 3:3)* 
02-28 18:13:40.427  2728  2797 I ActivityManager: Killing 3503:com.motorola.invisiblenet/u0a41 (adj 906): empty #5
02-28 18:13:40.430  2728 12011 I WindowManager: Destroying surface Surface(name=io.appium.settings/io.appium.settings.Settings) called by com.android.server.wm.WindowStateAnimator.destroySurface:2067 com.android.server.wm.WindowStateAnimator.destroySurfaceLocked:896 com.android.server.wm.WindowState.removeLocked:1457 com.android.server.wm.WindowManagerService.removeWindowInnerLocked:2546 com.android.server.wm.WindowManagerService.removeWindowLocked:2504 com.android.server.wm.WindowManagerService.removeWindowLocked:2373 com.android.server.wm.WindowManagerService.removeWindow:2364 com.android.server.wm.Session.remove:193 
02-28 18:13:40.435  2728 29453 D ActivityManager: cleanUpApplicationRecord -- 3503
02-28 18:13:41.798  2136  2245 I ThermalEngine: Thermal-Server: Thermal received msg from  override
02-28 18:13:41.798  2127  3850 I Thermal-Lib: Thermal-Lib-Client: Client request sent
02-28 18:13:42.586  3851  3851 W /sbin/adbd: type=1400 audit(0.0:1962): avc: denied { search } for uid=2000 comm=73657276696365203231 name="security" dev="dm-1" ino=55 scontext=u:r:adbd:s0 tcontext=u:object_r:security_file:s0 tclass=dir permissive=0
02-28 18:13:43.406  3854  3854 D AndroidRuntime: >>>>>> START com.android.internal.os.RuntimeInit uid 2000 <<<<<<
02-28 18:13:43.410  3854  3854 D AndroidRuntime: CheckJNI is OFF
02-28 18:13:43.472  3854  3854 E libmdmdetect: Failed to open /sys/bus/msm_subsys/devices/subsys0/name: Permission denied
02-28 18:13:43.469  3854  3854 W main    : type=1400 audit(0.0:1963): avc: denied { read } for uid=2000 name="name" dev="sysfs" ino=22225 scontext=u:r:shell:s0 tcontext=u:object_r:sysfs:s0 tclass=file permissive=0
02-28 18:13:43.489  3854  3854 D ICU     : No timezone override file found: /data/misc/zoneinfo/current/icu/icu_tzdata.dat
02-28 18:13:43.517  3854  3854 I Radio-JNI: register_android_hardware_Radio DONE
02-28 18:13:43.531  3854  3854 D AndroidRuntime: Calling main entry com.android.commands.pm.Pm
02-28 18:13:43.557  3854  3854 I art     : System.exit called, status: 0
02-28 18:13:43.557  3854  3854 I AndroidRuntime: VM exiting with result code 0.
02-28 18:13:43.560  3854  3862 W MessageQueue: Handler (android.os.Handler) {33a195d} sending message to a Handler on a dead thread
02-28 18:13:43.560  3854  3862 W MessageQueue: java.lang.IllegalStateException: Handler (android.os.Handler) {33a195d} sending message to a Handler on a dead thread
02-28 18:13:43.560  3854  3862 W MessageQueue: 	at android.os.MessageQueue.enqueueMessage(MessageQueue.java:543)
02-28 18:13:43.560  3854  3862 W MessageQueue: 	at android.os.Handler.enqueueMessage(Handler.java:643)
02-28 18:13:43.560  3854  3862 W MessageQueue: 	at android.os.Handler.sendMessageAtTime(Handler.java:612)
02-28 18:13:43.560  3854  3862 W MessageQueue: 	at android.os.Handler.sendMessageDelayed(Handler.java:582)
02-28 18:13:43.560  3854  3862 W MessageQueue: 	at android.os.Handler.post(Handler.java:338)
02-28 18:13:43.560  3854  3862 W MessageQueue: 	at android.os.ResultReceiver$MyResultReceiver.send(ResultReceiver.java:57)
02-28 18:13:43.560  3854  3862 W MessageQueue: 	at com.android.internal.os.IResultReceiver$Stub.onTransact(IResultReceiver.java:58)
02-28 18:13:43.560  3854  3862 W MessageQueue: 	at android.os.Binder.execTransact(Binder.java:565)
02-28 18:13:44.118  2154  2154 I cnss-daemon: RTM_NEWNEIGH message received: 28
02-28 18:13:44.118  2154  2154 I cnss-daemon: NDA_DST received: 100.70.159.254 ul: 4271851108
02-28 18:13:44.118  2154  2154 I cnss-daemon: NDA_LLADDR received
02-28 18:13:44.169  3866  3866 D AndroidRuntime: >>>>>> START com.android.internal.os.RuntimeInit uid 2000 <<<<<<
02-28 18:13:44.172  3866  3866 D AndroidRuntime: CheckJNI is OFF
02-28 18:13:44.249  3866  3866 E libmdmdetect: Failed to open /sys/bus/msm_subsys/devices/subsys0/name: Permission denied
02-28 18:13:44.246  3866  3866 W main    : type=1400 audit(0.0:1964): avc: denied { read } for uid=2000 name="name" dev="sysfs" ino=22225 scontext=u:r:shell:s0 tcontext=u:object_r:sysfs:s0 tclass=file permissive=0
02-28 18:13:44.266  3866  3866 D ICU     : No timezone override file found: /data/misc/zoneinfo/current/icu/icu_tzdata.dat
02-28 18:13:44.292  3866  3866 I Radio-JNI: register_android_hardware_Radio DONE
02-28 18:13:44.298  2283  2283 I MSM-irqbalance: Decided to move IRQ18 from CPU2 [P:0] to CPU5 [P:1] (banned)
02-28 18:13:44.299  2283  2283 I MSM-irqbalance: Decided to move IRQ18 from CPU0 [P:0] to CPU7 [P:1] (banned)
02-28 18:13:44.299  2283  2283 I MSM-irqbalance: Decided to move IRQ18 from CPU3 [P:0] to CPU4 [P:1] (banned)
02-28 18:13:44.299  2283  2283 I MSM-irqbalance: Decided to move IRQ18 from CPU1 [P:0] to CPU6 [P:1] (banned)
02-28 18:13:44.305  3866  3866 D AndroidRuntime: Calling main entry com.android.commands.am.Am
02-28 18:13:44.309  2728  3268 I ActivityManager: Force stopping us.moviemates appid=10668 user=0: from pid 3866
02-28 18:13:44.309  2728  3268 I ActivityManager: Killing 2102:us.moviemates/u0a668 (adj 0): stop us.moviemates
02-28 18:13:44.310  2728  3268 D ActivityManager: cleanUpApplicationRecord -- 2102
02-28 18:13:44.312  2728  3268 W ActivityManager: Scheduling restart of crashed service us.moviemates/.Services.MoviesUpdateService in 1000ms
02-28 18:13:44.312  2728  3268 W ActivityManager: Scheduling restart of crashed service us.moviemates/.Services.MessageServiceListener in 10999ms
02-28 18:13:44.312  2728  3268 W ActivityManager: Force removing ActivityRecord{2be1bd u0 us.moviemates/.Activities.MoviesActivity t777}: app died, no saved state
02-28 18:13:44.352  2728  2745 D GraphicsStats: Buffer count: 7
02-28 18:13:44.352  2728  2743 D ConnectivityService: ConnectivityService NetworkRequestInfo binderDied(NetworkRequest [ id=599, legacyType=-1, [ Capabilities: INTERNET&NOT_RESTRICTED&TRUSTED] ], android.os.BinderProxy@8295793)
02-28 18:13:44.354  2728  3147 E ConnectivityService: RemoteException caught trying to send a callback msg for NetworkRequest [ id=599, legacyType=-1, [ Capabilities: INTERNET&NOT_RESTRICTED&TRUSTED] ]
02-28 18:13:44.356  2728  3268 I WindowManager: Destroying surface Surface(name=us.moviemates/us.moviemates.Activities.MoviesActivity) called by com.android.server.wm.WindowStateAnimator.destroySurface:2067 com.android.server.wm.WindowStateAnimator.destroySurfaceLocked:896 com.android.server.wm.WindowState.removeLocked:1457 com.android.server.wm.WindowManagerService.removeWindowInnerLocked:2546 com.android.server.wm.WindowManagerService.removeWindowLocked:2504 com.android.server.wm.WindowManagerService.removeWindowLocked:2373 com.android.server.wm.AppWindowToken.removeAllWindows:535 com.android.server.wm.AppWindowToken.removeAppFromTaskLocked:331 
02-28 18:13:44.374  2728  3702 W WindowManager: Failed looking up window
02-28 18:13:44.374  2728  3702 W WindowManager: java.lang.IllegalArgumentException: Requested window android.os.BinderProxy@d0d69f1 does not exist
02-28 18:13:44.374  2728  3702 W WindowManager: 	at com.android.server.wm.WindowManagerService.windowForClientLocked(WindowManagerService.java:9227)
02-28 18:13:44.374  2728  3702 W WindowManager: 	at com.android.server.wm.WindowManagerService.windowForClientLocked(WindowManagerService.java:9218)
02-28 18:13:44.374  2728  3702 W WindowManager: 	at com.android.server.wm.WindowState$DeathRecipient.binderDied(WindowState.java:1798)
02-28 18:13:44.374  2728  3702 W WindowManager: 	at android.os.BinderProxy.sendDeathNotice(Binder.java:688)
02-28 18:13:44.374  2728  3702 I WindowManager: WIN DEATH: null
02-28 18:13:44.379  2728  3268 I ActivityManager: moveHomeStack, setupComplete:true
02-28 18:13:44.382  2728  3268 I ActivityManager:   Force stopping service ServiceRecord{4da12ac u0 us.moviemates/.Services.MoviesUpdateService}
02-28 18:13:44.382  2728  3268 I ActivityManager:   Force stopping service ServiceRecord{9a460d u0 us.moviemates/.Services.MessageServiceListener}
02-28 18:13:44.385  3866  3866 D AndroidRuntime: Shutting down VM
02-28 18:13:44.387  2728 14300 I ActivityManager: Killing 3517:com.motorola.motodisplay/u0a52 (adj 906): empty #5
02-28 18:13:44.396  3180  3180 D CarrierSvcBindHelper: No carrier app for: 0
02-28 18:13:44.397  2728  3702 D ActivityManager: cleanUpApplicationRecord -- 3517
02-28 18:13:44.418 31942 31942 I GoogleInputMethod: onFinishInput() : Dummy InputConnection bound
02-28 18:13:44.419 31942 31942 I GoogleInputMethod: onStartInput() : Dummy InputConnection bound
02-28 18:13:44.447 13343 13343 W SessionLifecycleManager: Handover failed. Creating new session controller.
02-28 18:13:44.488 13343 13343 I OptInState: There is a new client and it does not support opt-in. Dropping request.
02-28 18:13:44.503 13343  2838 V ConnectivityManager: isActiveNetworkMetered() returns:false
02-28 18:13:44.533 13343  2838 V ConnectivityManager: isActiveNetworkMetered() returns:false
02-28 18:13:44.534 13343  2847 W LocationOracle: No location history returned by ContextManager
02-28 18:13:44.579 13343 13343 I BgTaskExecutorImpl: Starting EXCLUSIVE background task update_searchnow_bootstrap_data.
02-28 18:13:44.595 13343 13343 W NowEndstateTracker: Trying to delete an endstate 6199501485974407321 that does not exist
02-28 18:13:44.609  3643 30658 W ctxmgr  : [AclManager]No 3 for (accnt=account#-517948760#, com.google.android.gms(10033):UserVelocityProducer, vrsn=11975438, 0, 3pPkg = null ,  3pMdlId = null ,  pid = 3643). Was: 3 for 1, account#-517948760#
02-28 18:13:44.620 13343 13343 I SNBWorker: Updating bootstrap data
02-28 18:13:44.692  2728  3268 I MotoSensors: Sensorhub hal setDelay: 1 - 20
02-28 18:13:44.692  2728  3268 I MotoSensors: Sensorhub hal setdelay: 1 - 20
02-28 18:13:44.692  2728  3268 I MotoSensors: HubSensors::updateAccelRate 200
02-28 18:13:44.692  2728  3268 I MotoSensors: Sensorhub hal enable: 1 - 1
02-28 18:13:44.692  2728  3268 I MotoSensors: HubSensors::updateAccelRate 20
02-28 18:13:44.714  3643 30904 I PlaceInferenceEngine: [anon] Changed inference mode: 105
02-28 18:13:44.716 13343  2817 W TabTreeCopier: Card found with UNKNOWN_TAB, Entry Type 155
02-28 18:13:44.717 13343  2817 W TabTreeCopier: Card found with UNKNOWN_TAB, Entry Type 143
02-28 18:13:44.766  3643 30904 I Places  : ?: PlacesBleScanner start() with priority 2
02-28 18:13:44.767  3643 30904 I PlaceInferenceEngine: [anon] Changed inference mode: 102
02-28 18:13:44.776  3643  3653 I art     : Background partial concurrent mark sweep GC freed 166435(7MB) AllocSpace objects, 0(0B) LOS objects, 40% free, 21MB/35MB, paused 5.152ms total 159.802ms
02-28 18:13:44.779  3643  3643 I BeaconBle: Client requested scan, settings=BleSettings [scanMode=ZERO_POWER, callbackType=ALL_MATCHES, reportDelayMillis=0, 1 filters, 0 clients, callingClientName=Places]
02-28 18:13:44.781  3643 30904 I Places  : Converted 0 out of 39 WiFi scans
02-28 18:13:44.788  3643  3643 I BeaconBle: ZERO_POWER is disabled.
02-28 18:13:44.788  3643  3643 I BeaconBle: 'L' hardware scan: scan stopped, no powered clients
02-28 18:13:44.853  3643  3885 I PlaceInferenceEngine: No beacon scan available - ignoring candidates.
02-28 18:13:44.938  3776  3870 W OpenGLRenderer: Incorrectly called buildLayer on View: ShortcutAndWidgetContainer, destroying layer...
02-28 18:13:45.056  3881  3881 D AndroidRuntime: >>>>>> START com.android.internal.os.RuntimeInit uid 2000 <<<<<<
02-28 18:13:45.060  3881  3881 D AndroidRuntime: CheckJNI is OFF
02-28 18:13:45.122  3881  3881 E libmdmdetect: Failed to open /sys/bus/msm_subsys/devices/subsys0/name: Permission denied
02-28 18:13:45.119  3881  3881 W main    : type=1400 audit(0.0:1965): avc: denied { read } for uid=2000 name="name" dev="sysfs" ino=22225 scontext=u:r:shell:s0 tcontext=u:object_r:sysfs:s0 tclass=file permissive=0
02-28 18:13:45.139  3881  3881 D ICU     : No timezone override file found: /data/misc/zoneinfo/current/icu/icu_tzdata.dat
02-28 18:13:45.167  3881  3881 I Radio-JNI: register_android_hardware_Radio DONE
02-28 18:13:45.181  3881  3881 D AndroidRuntime: Calling main entry com.android.commands.pm.Pm
02-28 18:13:45.188  2728  3730 I ActivityManager: Force stopping us.moviemates appid=10668 user=0: clear data
02-28 18:13:45.190  2728  2797 I ActivityManager: Force stopping us.moviemates appid=10668 user=-1: clearApplicationUserData
02-28 18:13:45.229  2728 23568 I MotoSensors: Sensorhub hal enable: 1 - 0
02-28 18:13:45.284  3180  3180 D CarrierSvcBindHelper: No carrier app for: 0
02-28 18:13:45.286  3643  3643 I GeofencerStateMachine: removeGeofences: removeRequest=RemoveGeofencingRequest[REMOVE_ALL packageName=us.moviemates]
02-28 18:13:45.288 12616 12616 I CarrierServices: [1] RcsAutoStartReceiver.b: carrierServicesJibeServiceEnabled changed from true to true
02-28 18:13:45.289 12616 12616 I CarrierServices: [1] RcsAutoStartReceiver.b: enableRcs changed from true to true
02-28 18:13:45.291  3881  3881 I art     : System.exit called, status: 0
02-28 18:13:45.291  3881  3881 I AndroidRuntime: VM exiting with result code 0.
02-28 18:13:45.441  3643  3643 E ctxmgr  : [PlaceFenceHelper]NearbyBuffer is null!
02-28 18:13:45.455  3643  3885 W ctxmgr  : [AclManager]No 2 for (accnt=account#-517948760#, com.google.android.gms(10033):PlacesProducer, vrsn=11975000, 0, 3pPkg = null ,  3pMdlId = null ,  pid = 3643). Was: 3 for 18, account#-517948760#
02-28 18:13:45.611 13343 13354 E ReloadingLock: Finalizing LOCKED Token[shortcuts 2018-02-28 18:13:44.582]
02-28 18:13:45.923  3897  3897 D AndroidRuntime: >>>>>> START com.android.internal.os.RuntimeInit uid 2000 <<<<<<
02-28 18:13:45.926  3897  3897 D AndroidRuntime: CheckJNI is OFF
02-28 18:13:45.987  3897  3897 E libmdmdetect: Failed to open /sys/bus/msm_subsys/devices/subsys0/name: Permission denied
02-28 18:13:45.983  3897  3897 W main    : type=1400 audit(0.0:1966): avc: denied { read } for uid=2000 name="name" dev="sysfs" ino=22225 scontext=u:r:shell:s0 tcontext=u:object_r:sysfs:s0 tclass=file permissive=0
02-28 18:13:46.003  3897  3897 D ICU     : No timezone override file found: /data/misc/zoneinfo/current/icu/icu_tzdata.dat
02-28 18:13:46.030  3897  3897 I Radio-JNI: register_android_hardware_Radio DONE
02-28 18:13:46.043  3897  3897 D AndroidRuntime: Calling main entry com.android.commands.pm.Pm
02-28 18:13:46.130  2728 29449 I ProcessStatsService: Added stats: 2018-02-28-14-53-03, over +3h4m24s297ms
02-28 18:13:46.143  2728 29449 I ProcessStatsService: Added stats: 2018-02-28-00-14-18, over +14h38m44s641ms
02-28 18:13:46.159  2728 29449 I ProcessStatsService: Added stats: 2018-02-27-19-27-01, over +4h47m17s671ms
02-28 18:13:46.214  2728 29449 I ProcessStatsService: Added stats: 2018-02-28-14-53-03, over +3h4m24s297ms
02-28 18:13:46.300  2728  2743 E BatteryStatsService: no controller energy info supplied
02-28 18:13:46.358  3897  3897 I art     : System.exit called, status: 0
02-28 18:13:46.358  3897  3897 I AndroidRuntime: VM exiting with result code 0.
02-28 18:13:46.840  2154  2154 I cnss-daemon: RTM_NEWROUTE Indication
02-28 18:13:46.840  2154  2154 I cnss-daemon: ip type is ipv6
02-28 18:13:46.841  2154  2154 E cnss-daemon: gateway ipv6 address: fe80::200:5eff:fe00:265
02-28 18:13:46.841  2154  2154 E cnss-daemon: gateway mac address: %02x:%02x:%02x:%02x:%02x:%02x
02-28 18:13:46.841  2154  2154 E cnss-daemon: : 00:00:00:00:00:00
02-28 18:13:46.841  2154  2154 E cnss-daemon: Invalid mac address: 0x7f55ee6cM
02-28 18:13:46.963  3927  3927 D AndroidRuntime: >>>>>> START com.android.internal.os.RuntimeInit uid 2000 <<<<<<
02-28 18:13:46.967  3927  3927 D AndroidRuntime: CheckJNI is OFF
02-28 18:13:47.027  3927  3927 E libmdmdetect: Failed to open /sys/bus/msm_subsys/devices/subsys0/name: Permission denied
02-28 18:13:47.023  3927  3927 W main    : type=1400 audit(0.0:1967): avc: denied { read } for uid=2000 name="name" dev="sysfs" ino=22225 scontext=u:r:shell:s0 tcontext=u:object_r:sysfs:s0 tclass=file permissive=0
02-28 18:13:47.044  3927  3927 D ICU     : No timezone override file found: /data/misc/zoneinfo/current/icu/icu_tzdata.dat
02-28 18:13:47.072  3927  3927 I Radio-JNI: register_android_hardware_Radio DONE
02-28 18:13:47.086  3927  3927 D AndroidRuntime: Calling main entry com.android.commands.pm.Pm
02-28 18:13:47.090  3927  3927 I art     : System.exit called, status: 0
02-28 18:13:47.091  3927  3927 I AndroidRuntime: VM exiting with result code 0.
02-28 18:13:47.091  2728  2728 I GnssLocationProvider: WakeLock acquired by sendMessage(3, 0, com.android.server.location.GnssLocationProvider$GpsRequest@26dedc0)
02-28 18:13:47.091  2728  2796 I GnssLocationProvider: WakeLock released by handleMessage(3, 0, com.android.server.location.GnssLocationProvider$GpsRequest@26dedc0)
02-28 18:13:47.635  3940  3940 D AndroidRuntime: >>>>>> START com.android.internal.os.RuntimeInit uid 2000 <<<<<<
02-28 18:13:47.639  3940  3940 D AndroidRuntime: CheckJNI is OFF
02-28 18:13:47.699  3940  3940 E libmdmdetect: Failed to open /sys/bus/msm_subsys/devices/subsys0/name: Permission denied
02-28 18:13:47.696  3940  3940 W main    : type=1400 audit(0.0:1968): avc: denied { read } for uid=2000 name="name" dev="sysfs" ino=22225 scontext=u:r:shell:s0 tcontext=u:object_r:sysfs:s0 tclass=file permissive=0
02-28 18:13:47.716  3940  3940 D ICU     : No timezone override file found: /data/misc/zoneinfo/current/icu/icu_tzdata.dat
02-28 18:13:47.744  3940  3940 I Radio-JNI: register_android_hardware_Radio DONE
02-28 18:13:47.757  3940  3940 D AndroidRuntime: Calling main entry com.android.commands.pm.Pm
02-28 18:13:47.761  2728  5071 D VoldConnector: SND -> {76 volume remount_uid 10668 read}
02-28 18:13:47.762  2728  2728 I GnssLocationProvider: WakeLock acquired by sendMessage(3, 0, com.android.server.location.GnssLocationProvider$GpsRequest@9beeaf9)
02-28 18:13:47.762  2728  2796 I GnssLocationProvider: WakeLock released by handleMessage(3, 0, com.android.server.location.GnssLocationProvider$GpsRequest@9beeaf9)
02-28 18:13:47.777   464   480 D vold    : Remounting 10668 as mode read
02-28 18:13:47.787  2728  3132 D VoldConnector: RCV <- {200 76 Command succeeded}
02-28 18:13:47.789  3940  3940 I art     : System.exit called, status: 0
02-28 18:13:47.789  3940  3940 I AndroidRuntime: VM exiting with result code 0.
