02-19 11:27:58.423  2728  3124 D BatteryService: uevent={POWER_SUPPLY_TEMP=262, POWER_SUPPLY_PRESENT=1, POWER_SUPPLY_STATUS=Charging, POWER_SUPPLY_CAPACITY=89, ACTION=change, DEVPATH=/devices/soc/qpnp-smbcharger-17/power_supply/battery, SUBSYSTEM=power_supply, POWER_SUPPLY_VOLTAGE_NOW=4293340, SEQNUM=3757165, POWER_SUPPLY_NAME=battery, POWER_SUPPLY_CURRENT_NOW=-280149, POWER_SUPPLY_CHARGE_COUNTER=2775394, POWER_SUPPLY_CHARGE_RATE=Normal, POWER_SUPPLY_HEALTH=Good}
02-19 11:27:58.424  2728  3268 D BatteryService: mLastPlugType/mPlugType:2/2
02-19 11:27:58.425  2728  3268 D BatteryService: set mLastPlugType to 2
02-19 11:28:00.002  2728  2728 I ActivityManager: Killing 19136:com.google.android.gm/u0a94 (adj 906): empty #5
02-19 11:28:00.017  2728  3702 D ActivityManager: cleanUpApplicationRecord -- 19136
02-19 11:28:13.079  2728  2797 I ActivityManager: Killing 19120:com.google.process.gapps/u0a33 (adj 906): empty #5
02-19 11:28:13.091  2728  5071 D ActivityManager: cleanUpApplicationRecord -- 19120
02-19 11:28:42.395  2728  3179 D ActivityManager: mMemLeft = 692
02-19 11:28:46.587  2728  3749 D BatteryService: mLastPlugType/mPlugType:2/2
02-19 11:28:46.587  2728  3749 D BatteryService: set mLastPlugType to 2
02-19 11:28:58.584  2728  3124 D BatteryService: uevent={POWER_SUPPLY_TEMP=265, POWER_SUPPLY_PRESENT=1, POWER_SUPPLY_STATUS=Charging, POWER_SUPPLY_CAPACITY=89, ACTION=change, DEVPATH=/devices/soc/qpnp-smbcharger-17/power_supply/battery, SUBSYSTEM=power_supply, POWER_SUPPLY_VOLTAGE_NOW=4294255, SEQNUM=3757166, POWER_SUPPLY_NAME=battery, POWER_SUPPLY_CURRENT_NOW=-272825, POWER_SUPPLY_CHARGE_COUNTER=2779857, POWER_SUPPLY_CHARGE_RATE=Normal, POWER_SUPPLY_HEALTH=Good}
02-19 11:28:58.585  2728  3749 D BatteryService: mLastPlugType/mPlugType:2/2
02-19 11:28:58.585  2728  3749 D BatteryService: set mLastPlugType to 2
02-19 11:29:32.556  2728  2803 E BatteryStatsService: no controller energy info supplied
02-19 11:29:42.462  2728  3179 D ActivityManager: mMemLeft = 698
02-19 11:29:46.587  2728  3134 D BatteryService: mLastPlugType/mPlugType:2/2
02-19 11:29:46.587  2728  3134 D BatteryService: set mLastPlugType to 2
02-19 11:29:58.743  2728  3124 D BatteryService: uevent={POWER_SUPPLY_TEMP=270, POWER_SUPPLY_PRESENT=1, POWER_SUPPLY_STATUS=Charging, POWER_SUPPLY_CAPACITY=89, ACTION=change, DEVPATH=/devices/soc/qpnp-smbcharger-17/power_supply/battery, SUBSYSTEM=power_supply, POWER_SUPPLY_VOLTAGE_NOW=4284032, SEQNUM=3757167, POWER_SUPPLY_NAME=battery, POWER_SUPPLY_CURRENT_NOW=-142974, POWER_SUPPLY_CHARGE_COUNTER=2784561, POWER_SUPPLY_CHARGE_RATE=Normal, POWER_SUPPLY_HEALTH=Good}
02-19 11:29:58.745  2728 32296 D BatteryService: mLastPlugType/mPlugType:2/2
02-19 11:29:58.745  2728 32296 D BatteryService: set mLastPlugType to 2
02-19 11:30:21.272  2728  3134 D WifiService: acquireWifiLockLocked: WifiLock{NlpWifiLock type=2 uid=10033}
02-19 11:30:24.850  2728  3747 D WifiService: releaseWifiLockLocked: WifiLock{NlpWifiLock type=2 uid=10033}
02-19 11:30:46.587  2728  4924 D BatteryService: mLastPlugType/mPlugType:2/2
02-19 11:30:46.587  2728  4924 D BatteryService: set mLastPlugType to 2
02-19 11:30:58.903  2728  3124 D BatteryService: uevent={POWER_SUPPLY_TEMP=265, POWER_SUPPLY_PRESENT=1, POWER_SUPPLY_STATUS=Charging, POWER_SUPPLY_CAPACITY=90, ACTION=change, DEVPATH=/devices/soc/qpnp-smbcharger-17/power_supply/battery, SUBSYSTEM=power_supply, POWER_SUPPLY_VOLTAGE_NOW=4295781, SEQNUM=3757168, POWER_SUPPLY_NAME=battery, POWER_SUPPLY_CURRENT_NOW=-246733, POWER_SUPPLY_CHARGE_COUNTER=2789269, POWER_SUPPLY_CHARGE_RATE=Normal, POWER_SUPPLY_HEALTH=Good}
02-19 11:30:58.905  2728 29454 D BatteryService: mLastPlugType/mPlugType:2/2
02-19 11:30:58.905  2728 29454 D BatteryService: set mLastPlugType to 2
02-19 11:30:58.909  2728  2803 E BatteryStatsService: no controller energy info supplied
02-19 11:31:00.202   582   582 I SFPerfTracer:      triggers: (rate: 629:50453) (compose: 0:40) (post: 0:1011) (render: 0:86) (5:252382 frames) (6:314013)
02-19 11:31:00.202   582   582 D SFPerfTracer:        layers: (3:7) (StatusBar (0xb3148400): 4:77606) (Sprite (0xb3145c00): 0:81)* (DimLayerController/Stack=0 (0xb3179400): 0:2055)* (animation background stackId=1 (0xb3147000): 0:176)* (com.android.systemui.ImageWallpaper (0xb317bc00): 0:15730) (com.android.launcher3/com.android.launcher3.GoogleNowPanel (0xb3149800): 0:11)* (com.android.launcher3/com.android.launcher3.GoogleNowPanel (0xb314ac00): 2:112) 
02-19 11:31:46.587  2728  3268 D BatteryService: mLastPlugType/mPlugType:2/2
02-19 11:31:46.587  2728  3268 D BatteryService: set mLastPlugType to 2
02-19 11:31:59.064  2728  3124 D BatteryService: uevent={POWER_SUPPLY_TEMP=265, POWER_SUPPLY_PRESENT=1, POWER_SUPPLY_STATUS=Charging, POWER_SUPPLY_CAPACITY=90, ACTION=change, DEVPATH=/devices/soc/qpnp-smbcharger-17/power_supply/battery, SUBSYSTEM=power_supply, POWER_SUPPLY_VOLTAGE_NOW=4293645, SEQNUM=3757171, POWER_SUPPLY_NAME=battery, POWER_SUPPLY_CURRENT_NOW=-216368, POWER_SUPPLY_CHARGE_COUNTER=2793930, POWER_SUPPLY_CHARGE_RATE=Normal, POWER_SUPPLY_HEALTH=Good}
02-19 11:31:59.065  2728  3699 D BatteryService: mLastPlugType/mPlugType:2/2
02-19 11:31:59.065  2728  3699 D BatteryService: set mLastPlugType to 2
02-19 11:32:17.050  2728  4924 D WifiService: acquireWifiLockLocked: WifiLock{NlpWifiLock type=2 uid=10033}
02-19 11:32:17.841  2728  3702 D WifiService: releaseWifiLockLocked: WifiLock{NlpWifiLock type=2 uid=10033}
02-19 11:32:42.529  2728  3179 D ActivityManager: mMemLeft = 698
02-19 11:32:46.587  2728 29453 D BatteryService: mLastPlugType/mPlugType:2/2
02-19 11:32:46.587  2728 29453 D BatteryService: set mLastPlugType to 2
02-19 11:32:59.223  2728  3124 D BatteryService: uevent={POWER_SUPPLY_TEMP=265, POWER_SUPPLY_PRESENT=1, POWER_SUPPLY_STATUS=Charging, POWER_SUPPLY_CAPACITY=90, ACTION=change, DEVPATH=/devices/soc/qpnp-smbcharger-17/power_supply/battery, SUBSYSTEM=power_supply, POWER_SUPPLY_VOLTAGE_NOW=4302800, SEQNUM=3757174, POWER_SUPPLY_NAME=battery, POWER_SUPPLY_CURRENT_NOW=-284879, POWER_SUPPLY_CHARGE_COUNTER=2798597, POWER_SUPPLY_CHARGE_RATE=Normal, POWER_SUPPLY_HEALTH=Good}
02-19 11:32:59.225  2728 32296 D BatteryService: mLastPlugType/mPlugType:2/2
02-19 11:32:59.225  2728 32296 D BatteryService: set mLastPlugType to 2
02-19 11:33:01.274  2728 23569 D WifiService: acquireWifiLockLocked: WifiLock{NlpWifiLock type=2 uid=10033}
02-19 11:33:04.833  2728  3699 D WifiService: releaseWifiLockLocked: WifiLock{NlpWifiLock type=2 uid=10033}
02-19 11:33:42.549  2728  3179 D ActivityManager: mMemLeft = 697
02-19 11:33:45.292  2728  3124 D BatteryService: uevent={POWER_SUPPLY_TEMP=267, POWER_SUPPLY_PRESENT=1, POWER_SUPPLY_STATUS=Charging, POWER_SUPPLY_CAPACITY=90, ACTION=change, DEVPATH=/devices/soc/qpnp-smbcharger-17/power_supply/battery, SUBSYSTEM=power_supply, POWER_SUPPLY_VOLTAGE_NOW=4299291, SEQNUM=3757176, POWER_SUPPLY_NAME=battery, POWER_SUPPLY_CURRENT_NOW=-242918, POWER_SUPPLY_CHARGE_COUNTER=2800479, POWER_SUPPLY_CHARGE_RATE=Normal, POWER_SUPPLY_HEALTH=Good}
02-19 11:33:45.292  2728  2745 D BatteryService: mLastPlugType/mPlugType:2/2
02-19 11:33:45.292  2728  2745 D BatteryService: set mLastPlugType to 2
02-19 11:33:59.383  2728  3124 D BatteryService: uevent={POWER_SUPPLY_TEMP=270, POWER_SUPPLY_PRESENT=1, POWER_SUPPLY_STATUS=Charging, POWER_SUPPLY_CAPACITY=90, ACTION=change, DEVPATH=/devices/soc/qpnp-smbcharger-17/power_supply/battery, SUBSYSTEM=power_supply, POWER_SUPPLY_VOLTAGE_NOW=4302953, SEQNUM=3757177, POWER_SUPPLY_NAME=battery, POWER_SUPPLY_CURRENT_NOW=-268247, POWER_SUPPLY_CHARGE_COUNTER=2803260, POWER_SUPPLY_CHARGE_RATE=Normal, POWER_SUPPLY_HEALTH=Good}
02-19 11:33:59.384  2728  3134 D BatteryService: mLastPlugType/mPlugType:2/2
02-19 11:33:59.385  2728  3134 D BatteryService: set mLastPlugType to 2
02-19 11:34:42.626  2728  3179 D ActivityManager: mMemLeft = 698
02-19 11:34:46.587  2728 29454 D BatteryService: mLastPlugType/mPlugType:2/2
02-19 11:34:46.587  2728 29454 D BatteryService: set mLastPlugType to 2
02-19 11:34:59.543  2728  3124 D BatteryService: uevent={POWER_SUPPLY_TEMP=267, POWER_SUPPLY_PRESENT=1, POWER_SUPPLY_STATUS=Charging, POWER_SUPPLY_CAPACITY=90, ACTION=change, DEVPATH=/devices/soc/qpnp-smbcharger-17/power_supply/battery, SUBSYSTEM=power_supply, POWER_SUPPLY_VOLTAGE_NOW=4294561, SEQNUM=3757178, POWER_SUPPLY_NAME=battery, POWER_SUPPLY_CURRENT_NOW=-159758, POWER_SUPPLY_CHARGE_COUNTER=2808097, POWER_SUPPLY_CHARGE_RATE=Normal, POWER_SUPPLY_HEALTH=Good}
02-19 11:34:59.544  2728  9525 D BatteryService: mLastPlugType/mPlugType:2/2
02-19 11:34:59.544  2728  9525 D BatteryService: set mLastPlugType to 2
02-19 11:35:19.635  2728  2797 I ActivityManager: Force stopping io.appium.uiautomator2.server appid=10623 user=-1: deletePackageX
02-19 11:35:19.653  2728  2797 I ActivityManager: Killing 32674:io.appium.uiautomator2.server/u0a623 (adj 0): stop io.appium.uiautomator2.server
02-19 11:35:19.653  2728  2797 D ActivityManager: cleanUpApplicationRecord -- 32674
02-19 11:35:19.724  2728  2797 W ActivityManager: Crash of app io.appium.uiautomator2.server running instrumentation ComponentInfo{io.appium.uiautomator2.server.test/android.support.test.runner.AndroidJUnitRunner}
02-19 11:35:19.761  2728  2797 I ActivityManager: Force stopping io.appium.uiautomator2.server appid=-1 user=0: finished inst
02-19 11:35:19.764  2728 19525 I ActivityManager: Failure reporting to instrumentation watcher: comp=ComponentInfo{io.appium.uiautomator2.server.test/android.support.test.runner.AndroidJUnitRunner} results=Bundle[{shortMsg=Process crashed.}]
02-19 11:35:19.768  2728  2797 W ActivityManager: Error shutting down UiAutomationConnection
02-19 11:35:19.784  2728  3749 W AppOps  : Bad call: specified package io.appium.uiautomator2.server.test under uid 10623 but it is really 10624
02-19 11:35:19.784  2728  3749 W AppOps  : java.lang.RuntimeException: here
02-19 11:35:19.784  2728  3749 W AppOps  : 	at com.android.server.AppOpsService.getOpsRawLocked(AppOpsService.java:1257)
02-19 11:35:19.784  2728  3749 W AppOps  : 	at com.android.server.AppOpsService.getOpLocked(AppOpsService.java:1289)
02-19 11:35:19.784  2728  3749 W AppOps  : 	at com.android.server.AppOpsService.finishOperation(AppOpsService.java:1136)
02-19 11:35:19.784  2728  3749 W AppOps  : 	at com.android.server.power.Notifier.onWakeLockReleased(Notifier.java:291)
02-19 11:35:19.784  2728  3749 W AppOps  : 	at com.android.server.power.PowerManagerService.notifyWakeLockReleasedLocked(PowerManagerService.java:1114)
02-19 11:35:19.784  2728  3749 W AppOps  : 	at com.android.server.power.PowerManagerService.removeWakeLockLocked(PowerManagerService.java:1026)
02-19 11:35:19.784  2728  3749 W AppOps  : 	at com.android.server.power.PowerManagerService.handleWakeLockDeath(PowerManagerService.java:1020)
02-19 11:35:19.784  2728  3749 W AppOps  : 	at com.android.server.power.PowerManagerService.-wrap17(PowerManagerService.java)
02-19 11:35:19.784  2728  3749 W AppOps  : 	at com.android.server.power.PowerManagerService$WakeLock.binderDied(PowerManagerService.java:3272)
02-19 11:35:19.784  2728  3749 W AppOps  : 	at android.os.BinderProxy.sendDeathNotice(Binder.java:688)
02-19 11:35:20.034  2728  2870 I ActivityManager: Force stopping io.appium.uiautomator2.server appid=10623 user=0: pkg removed
02-19 11:35:20.053  2728  2797 I ActivityManager: Start proc 19527:com.android.keychain/1000 for broadcast com.android.keychain/.KeyChainBroadcastReceiver
02-19 11:35:20.055  2728  3268 W ActivityManager: Permission Denial: Accessing service ComponentInfo{com.google.android.music/com.google.android.music.dial.DialMediaRouteProviderService} from pid=13953, uid=10033 that is not exported from uid 10114
02-19 11:35:20.102  2728  2797 I ActivityManager: Force stopping io.appium.uiautomator2.server.test appid=10624 user=-1: deletePackageX
02-19 11:35:20.290 19527 19527 W ContextImpl: Calling a method in the system process without a qualified user: android.app.ContextImpl.startService:1357 android.content.ContextWrapper.startService:613 android.content.ContextWrapper.startService:613 com.android.keychain.KeyChainBroadcastReceiver.onReceive:12 android.app.ActivityThread.handleReceiver:3032 
02-19 11:35:20.339  2728 23569 I ActivityManager: Start proc 19547:android.process.acore/u0a11 for broadcast com.android.providers.contacts/.PackageIntentReceiver
02-19 11:35:20.343  2728 23569 I ActivityManager: Killing 19437:com.google.android.calendar/u0a80 (adj 906): empty #5
02-19 11:35:20.363  2728  3699 D ActivityManager: cleanUpApplicationRecord -- 19437
02-19 11:35:20.474  2728  2870 I ActivityManager: Force stopping io.appium.uiautomator2.server.test appid=10624 user=0: pkg removed
02-19 11:35:20.488  2728  3267 W ActivityManager: Permission Denial: Accessing service ComponentInfo{com.google.android.music/com.google.android.music.dial.DialMediaRouteProviderService} from pid=13953, uid=10033 that is not exported from uid 10114
02-19 11:35:20.613  2728  2796 I ActivityManager: Start proc 19569:com.android.printspooler/u0a119 for service com.android.printspooler/.model.PrintSpoolerService
02-19 11:35:20.655  2728  4924 D ConnectivityService: Returning unblocked NetworkInfo to uid=10058
02-19 11:35:20.664  2728 29450 I ActivityManager: Start proc 19590:com.google.process.gapps/u0a33 for content provider com.google.android.gsf/.gservices.GservicesProvider
02-19 11:35:20.693  2728  3727 I ActivityManager: Start proc 19603:com.motorola.motodisplay/u0a52 for broadcast com.motorola.motodisplay/.events.EventReceiver
02-19 11:35:20.751  2728 29446 I ActivityManager: Killing 19420:com.android.providers.calendar/u0a13 (adj 906): empty #5
02-19 11:35:20.771  2728 23568 D ActivityManager: cleanUpApplicationRecord -- 19420
02-19 11:35:20.812  2728  5071 I ActivityManager: Start proc 19629:com.android.documentsui/u0a26 for broadcast com.android.documentsui/.PackageReceiver
02-19 11:35:20.822  2728  5071 I ActivityManager: Killing 19527:com.android.keychain/1000 (adj 906): empty #5
02-19 11:35:20.843  2728 27102 D ActivityManager: cleanUpApplicationRecord -- 19527
02-19 11:35:20.907  2728  2745 I ActivityManager: Killing 19547:android.process.acore/u0a11 (adj 906): empty #5
02-19 11:35:20.924  2728 29446 I ActivityManager: Start proc 19650:com.google.android.apps.docs/u0a90 for content provider com.google.android.apps.docs/.storagebackend.StorageBackendContentProvider
02-19 11:35:20.929  2728  3268 D ActivityManager: cleanUpApplicationRecord -- 19547
02-19 11:35:20.945  2728  3268 I ActivityManager: Killing 1614:com.android.vending/u0a58 (adj 906): empty #5
02-19 11:35:20.958  2728 23569 I ActivityManager: Start proc 19663:com.android.keychain/1000 for broadcast com.android.keychain/.KeyChainBroadcastReceiver
02-19 11:35:20.973  2728 29453 D ConnectivityService: ConnectivityService NetworkRequestInfo binderDied(NetworkRequest [ id=237, legacyType=-1, [ Capabilities: INTERNET&NOT_RESTRICTED&TRUSTED] ], android.os.BinderProxy@55acf45)
02-19 11:35:20.973  2728  3702 D ActivityManager: cleanUpApplicationRecord -- 1614
02-19 11:35:20.974  2728  3147 E ConnectivityService: RemoteException caught trying to send a callback msg for NetworkRequest [ id=237, legacyType=-1, [ Capabilities: INTERNET&NOT_RESTRICTED&TRUSTED] ]
02-19 11:35:21.006 19663 19663 W ContextImpl: Calling a method in the system process without a qualified user: android.app.ContextImpl.startService:1357 android.content.ContextWrapper.startService:613 android.content.ContextWrapper.startService:613 com.android.keychain.KeyChainBroadcastReceiver.onReceive:12 android.app.ActivityThread.handleReceiver:3032 
02-19 11:35:21.021  2728 29454 I ActivityManager: Start proc 19681:android.process.acore/u0a11 for broadcast com.android.providers.contacts/.PackageIntentReceiver
02-19 11:35:21.024  2728  3134 I ActivityManager: Killing 19603:com.motorola.motodisplay/u0a52 (adj 906): empty #5
02-19 11:35:21.039  2728  2745 D ActivityManager: cleanUpApplicationRecord -- 19603
02-19 11:35:21.140  2728  3134 I ActivityManager: Start proc 19711:com.android.vending/u0a58 for broadcast com.android.vending/com.google.android.finsky.packagemanager.impl.PackageMonitorReceiverImpl$RegisteredReceiver
02-19 11:35:21.160  2728 29446 I ActivityManager: Killing 19629:com.android.documentsui/u0a26 (adj 906): empty #5
02-19 11:35:21.171  2728  3727 D ActivityManager: cleanUpApplicationRecord -- 19629
02-19 11:35:21.810  2728  3749 I ActivityManager: Start proc 19790:com.motorola.motodisplay/u0a52 for broadcast com.motorola.motodisplay/.events.EventReceiver
02-19 11:35:21.882  2728 29446 I ActivityManager: Killing 19650:com.google.android.apps.docs/u0a90 (adj 906): empty #5
02-19 11:35:21.903  2728  9525 I ActivityManager: Start proc 19815:com.android.documentsui/u0a26 for broadcast com.android.documentsui/.PackageReceiver
02-19 11:35:21.904  2728 23568 D ActivityManager: cleanUpApplicationRecord -- 19650
02-19 11:35:21.907  2728  9525 I ActivityManager: Killing 19663:com.android.keychain/1000 (adj 906): empty #5
02-19 11:35:21.921  2728  3747 D ActivityManager: cleanUpApplicationRecord -- 19663
02-19 11:35:21.966  2728  3134 I ActivityManager: Start proc 19835:com.google.android.apps.docs/u0a90 for content provider com.google.android.apps.docs/.storagebackend.StorageBackendContentProvider
02-19 11:35:21.968  2728 20347 I ActivityManager: Killing 19681:android.process.acore/u0a11 (adj 906): empty #5
02-19 11:35:21.987  2728  2743 D ActivityManager: cleanUpApplicationRecord -- 19681
02-19 11:35:21.992  2728  5078 I ActivityManager: Killing 19711:com.android.vending/u0a58 (adj 906): empty #5
02-19 11:35:22.018  2728 12011 D ConnectivityService: ConnectivityService NetworkRequestInfo binderDied(NetworkRequest [ id=368, legacyType=-1, [ Capabilities: INTERNET&NOT_RESTRICTED&TRUSTED] ], android.os.BinderProxy@9908b8b)
02-19 11:35:22.018  2728 14300 D ActivityManager: cleanUpApplicationRecord -- 19711
02-19 11:35:22.019  2728  3147 E ConnectivityService: RemoteException caught trying to send a callback msg for NetworkRequest [ id=368, legacyType=-1, [ Capabilities: INTERNET&NOT_RESTRICTED&TRUSTED] ]
02-19 11:35:23.991  2728  3699 W ActivityManager: Invalid packageName: io.appium.uiautomator2.server
02-19 11:35:25.721  2728  3268 I ActivityManager: Killing 19790:com.motorola.motodisplay/u0a52 (adj 906): empty #5
02-19 11:35:25.746  2728  9525 D ActivityManager: cleanUpApplicationRecord -- 19790
02-19 11:35:26.311  2728  2870 I ActivityManager: Start proc 19930:com.android.defcontainer/u0a23 for service com.android.defcontainer/.DefaultContainerService
02-19 11:35:26.468  2728  2797 I ActivityManager: Start proc 19944:com.android.vending/u0a58 for broadcast com.android.vending/com.google.android.finsky.verifier.impl.PackageVerificationReceiver
02-19 11:35:27.579  2728 32296 I ActivityManager: Killing 19815:com.android.documentsui/u0a26 (adj 906): empty #5
02-19 11:35:27.600  2728 29449 D ActivityManager: cleanUpApplicationRecord -- 19815
02-19 11:35:28.733  2728  2870 V BackupManagerService: restoreAtInstall pkg=io.appium.uiautomator2.server token=19 restoreSet=0
02-19 11:35:28.733  2728  2870 V BackupManagerService: Finishing install immediately
02-19 11:35:28.736  2728  4924 I ActivityManager: Killing 19835:com.google.android.apps.docs/u0a90 (adj 906): empty #5
02-19 11:35:28.751  2728  3134 D ActivityManager: cleanUpApplicationRecord -- 19835
02-19 11:35:28.910  2728 12011 W ActivityManager: Permission Denial: Accessing service ComponentInfo{com.google.android.music/com.google.android.music.dial.DialMediaRouteProviderService} from pid=13953, uid=10033 that is not exported from uid 10114
02-19 11:35:28.959  2728  2743 I ActivityManager: Start proc 20014:android.process.acore/u0a11 for broadcast com.android.providers.contacts/.PackageIntentReceiver
02-19 11:35:29.143  2728  3134 I ActivityManager: Killing 19569:com.android.printspooler/u0a119 (adj 906): empty #5
02-19 11:35:29.153  2728  3730 D ActivityManager: cleanUpApplicationRecord -- 19569
02-19 11:35:29.169  2728 29449 I ActivityManager: Start proc 20051:com.google.android.partnersetup/u0a38 for broadcast com.google.android.partnersetup/.RlzPingBroadcastReceiver
02-19 11:35:29.273  2728 14300 I ActivityManager: Start proc 20070:com.motorola.invisiblenet/u0a41 for broadcast com.motorola.invisiblenet/.PackageAddedReceiver
02-19 11:35:29.276  2728 14300 I ActivityManager: Killing 19930:com.android.defcontainer/u0a23 (adj 906): empty #5
02-19 11:35:29.286  2728 29454 D ActivityManager: cleanUpApplicationRecord -- 19930
02-19 11:35:29.327  2728  2745 I ActivityManager: Start proc 20086:com.motorola.motodisplay/u0a52 for broadcast com.motorola.motodisplay/.events.EventReceiver
02-19 11:35:29.330  2728  3727 I ActivityManager: Killing 20014:android.process.acore/u0a11 (adj 906): empty #5
02-19 11:35:29.344  2728 29446 D ActivityManager: cleanUpApplicationRecord -- 20014
02-19 11:35:29.403  2728 29450 I ActivityManager: Killing 19944:com.android.vending/u0a58 (adj 906): empty #5
02-19 11:35:29.426  2728 29453 D ConnectivityService: ConnectivityService NetworkRequestInfo binderDied(NetworkRequest [ id=369, legacyType=-1, [ Capabilities: INTERNET&NOT_RESTRICTED&TRUSTED] ], android.os.BinderProxy@ea56ee1)
02-19 11:35:29.426  2728  3749 D ActivityManager: cleanUpApplicationRecord -- 19944
02-19 11:35:29.427  2728  3147 E ConnectivityService: RemoteException caught trying to send a callback msg for NetworkRequest [ id=369, legacyType=-1, [ Capabilities: INTERNET&NOT_RESTRICTED&TRUSTED] ]
02-19 11:35:29.599  2728  2870 I ActivityManager: Start proc 20106:com.android.defcontainer/u0a23 for service com.android.defcontainer/.DefaultContainerService
02-19 11:35:29.655  2728  2797 I ActivityManager: Start proc 20120:com.android.vending/u0a58 for broadcast com.android.vending/com.google.android.finsky.verifier.impl.PackageVerificationReceiver
02-19 11:35:30.564  2728  3134 I ActivityManager: Killing 20051:com.google.android.partnersetup/u0a38 (adj 906): empty #5
02-19 11:35:30.586  2728 14300 D ActivityManager: cleanUpApplicationRecord -- 20051
02-19 11:35:31.785  2728  2870 V BackupManagerService: restoreAtInstall pkg=io.appium.uiautomator2.server.test token=1a restoreSet=0
02-19 11:35:31.785  2728  2870 V BackupManagerService: Finishing install immediately
02-19 11:35:31.787  2728  3730 I ActivityManager: Killing 20070:com.motorola.invisiblenet/u0a41 (adj 906): empty #5
02-19 11:35:31.797  2728 20347 D ActivityManager: cleanUpApplicationRecord -- 20070
02-19 11:35:31.932  2728  5078 W ActivityManager: Permission Denial: Accessing service ComponentInfo{com.google.android.music/com.google.android.music.dial.DialMediaRouteProviderService} from pid=13953, uid=10033 that is not exported from uid 10114
02-19 11:35:31.968  2728  3730 I ActivityManager: Start proc 20193:android.process.acore/u0a11 for broadcast com.android.providers.contacts/.PackageIntentReceiver
02-19 11:35:32.147  2728  5078 I ActivityManager: Killing 20086:com.motorola.motodisplay/u0a52 (adj 906): empty #5
02-19 11:35:32.168  2728 32296 I ActivityManager: Start proc 20218:com.google.android.partnersetup/u0a38 for broadcast com.google.android.partnersetup/.RlzPingBroadcastReceiver
02-19 11:35:32.171  2728 12011 D ActivityManager: cleanUpApplicationRecord -- 20086
02-19 11:35:32.256  2728  3749 I ActivityManager: Start proc 20234:com.motorola.invisiblenet/u0a41 for broadcast com.motorola.invisiblenet/.PackageAddedReceiver
02-19 11:35:32.259  2728  3749 I ActivityManager: Killing 20106:com.android.defcontainer/u0a23 (adj 906): empty #5
02-19 11:35:32.269  2728 20347 D ActivityManager: cleanUpApplicationRecord -- 20106
02-19 11:35:32.309  2728 29450 I ActivityManager: Start proc 20248:com.motorola.motodisplay/u0a52 for broadcast com.motorola.motodisplay/.events.EventReceiver
02-19 11:35:32.313  2728 23569 I ActivityManager: Killing 20193:android.process.acore/u0a11 (adj 906): empty #5
02-19 11:35:32.326  2728  3699 D ActivityManager: cleanUpApplicationRecord -- 20193
02-19 11:35:32.380  2728 29450 I ActivityManager: Killing 20120:com.android.vending/u0a58 (adj 906): empty #5
02-19 11:35:32.396  2728  5078 D ConnectivityService: ConnectivityService NetworkRequestInfo binderDied(NetworkRequest [ id=370, legacyType=-1, [ Capabilities: INTERNET&NOT_RESTRICTED&TRUSTED] ], android.os.BinderProxy@297d036)
02-19 11:35:32.396  2728  3749 D ActivityManager: cleanUpApplicationRecord -- 20120
02-19 11:35:32.397  2728  3147 E ConnectivityService: RemoteException caught trying to send a callback msg for NetworkRequest [ id=370, legacyType=-1, [ Capabilities: INTERNET&NOT_RESTRICTED&TRUSTED] ]
02-19 11:35:34.716  2728 32296 I ProcessStatsService: Added stats: 2018-02-19-06-27-40, over +4h40m56s336ms
02-19 11:35:34.729  2728 32296 I ProcessStatsService: Added stats: 2018-02-18-21-31-17, over +8h56m23s649ms
02-19 11:35:34.740  2728 32296 I ProcessStatsService: Added stats: 2018-02-18-18-12-13, over +3h19m3s221ms
02-19 11:35:34.750  2728 32296 I ProcessStatsService: Added stats: 2018-02-18-15-10-19, over +3h1m53s969ms
02-19 11:35:34.763  2728 32296 I ProcessStatsService: Added stats: 2018-02-18-12-09-45, over +3h0m34s608ms
02-19 11:35:34.803  2728 32296 I ProcessStatsService: Added stats: 2018-02-19-06-27-40, over +4h40m56s336ms
02-19 11:35:34.934  2728 23568 E BatteryStatsService: no controller energy info supplied
02-19 11:35:38.634  2728 23568 I ActivityManager: START u0 {act=android.intent.action.MAIN cat=[android.intent.category.LAUNCHER] flg=0x10200000 cmp=io.appium.settings/.Settings} from uid 2000 on display 0
02-19 11:35:38.685  2728  3730 I ActivityManager: Start proc 20377:io.appium.settings/u0a395 for activity io.appium.settings/.Settings
02-19 11:35:38.809   582   635 I SFPerfTracer:      triggers: (rate: 0:15) (179528 sw vsyncs) (0 skipped) (4:426007 vsyncs) (6:724588)
02-19 11:35:38.863  2728  2852 I LaunchCheckinHandler: Displayed io.appium.settings/.Settings,cp,ca,190
02-19 11:35:38.878  2728 29450 I WindowManager: Destroying surface Surface(name=com.android.launcher3/com.android.launcher3.GoogleNowPanel) called by com.android.server.wm.WindowStateAnimator.destroySurface:2067 com.android.server.wm.WindowStateAnimator.destroySurfaceLocked:896 com.android.server.wm.WindowState.destroyOrSaveSurface:2094 com.android.server.wm.AppWindowToken.destroySurfaces:368 com.android.server.wm.AppWindowToken.notifyAppStopped:394 com.android.server.wm.WindowManagerService.notifyAppStopped:4532 com.android.server.am.ActivityStack.activityStoppedLocked:1267 com.android.server.am.ActivityManagerService.activityStopped:7177 
02-19 11:35:38.879  2728 29450 I WindowManager: Destroying surface Surface(name=com.android.launcher3/com.android.launcher3.GoogleNowPanel) called by com.android.server.wm.WindowStateAnimator.destroySurface:2067 com.android.server.wm.WindowStateAnimator.destroySurfaceLocked:896 com.android.server.wm.WindowState.destroyOrSaveSurface:2094 com.android.server.wm.AppWindowToken.destroySurfaces:368 com.android.server.wm.AppWindowToken.notifyAppStopped:394 com.android.server.wm.WindowManagerService.notifyAppStopped:4532 com.android.server.am.ActivityStack.activityStoppedLocked:1267 com.android.server.am.ActivityManagerService.activityStopped:7177 
02-19 11:35:38.894  2728  2852 I WindowManager: Destroying surface Surface(name=Starting io.appium.settings) called by com.android.server.wm.WindowStateAnimator.destroySurface:2067 com.android.server.wm.WindowStateAnimator.destroySurfaceLocked:896 com.android.server.wm.WindowState.destroyOrSaveSurface:2094 com.android.server.wm.AppWindowToken.destroySurfaces:368 com.android.server.wm.WindowStateAnimator.finishExit:575 com.android.server.wm.WindowStateAnimator.stepAnimationLocked:501 com.android.server.wm.WindowAnimator.updateWindowsLocked:303 com.android.server.wm.WindowAnimator.animateLocked:704 
02-19 11:35:39.087  2728  2870 I ActivityManager: Start proc 20412:com.android.defcontainer/u0a23 for service com.android.defcontainer/.DefaultContainerService
02-19 11:35:39.134  2728  2797 I ActivityManager: Start proc 20426:com.android.vending/u0a58 for broadcast com.android.vending/com.google.android.finsky.verifier.impl.PackageVerificationReceiver
02-19 11:35:39.656  2728  3268 I ActivityManager: Killing 20218:com.google.android.partnersetup/u0a38 (adj 906): empty #5
02-19 11:35:39.668  2728 23569 D ActivityManager: cleanUpApplicationRecord -- 20218
02-19 11:35:39.758  2728  2797 I ActivityManager: Force stopping io.appium.unlock appid=10136 user=-1: installPackageLI
02-19 11:35:39.758  2728  2870 W PackageManager: Attempt to re-install io.appium.unlock without first uninstalling.
02-19 11:35:39.761  2728  3134 D PackageInstaller: Ignoring abandon after commit relinquished control
02-19 11:35:39.762  2728  5078 I ActivityManager: Killing 20234:com.motorola.invisiblenet/u0a41 (adj 906): empty #5
02-19 11:35:39.769  2728  3699 D ActivityManager: cleanUpApplicationRecord -- 20234
02-19 11:35:39.832  2728 23568 I ActivityManager: moveHomeStack, setupComplete:true
02-19 11:35:39.901  2728 29454 I WindowManager: Destroying surface Surface(name=io.appium.settings/io.appium.settings.Settings) called by com.android.server.wm.WindowStateAnimator.destroySurface:2067 com.android.server.wm.WindowStateAnimator.destroySurfaceLocked:896 com.android.server.wm.WindowState.destroyOrSaveSurface:2094 com.android.server.wm.WindowManagerService.tryStartExitingAnimation:3093 com.android.server.wm.WindowManagerService.relayoutWindow:2973 com.android.server.wm.Session.relayout:215 android.view.IWindowSession$Stub.onTransact:286 com.android.server.wm.Session.onTransact:136 
02-19 11:35:40.082  2728  2870 W PackageManager: Attempt to re-install io.appium.unlock without first uninstalling.
02-19 11:35:40.082  2728  2797 I ActivityManager: Force stopping io.appium.unlock appid=10136 user=-1: installPackageLI
02-19 11:35:40.084  2728 29449 D PackageInstaller: Ignoring abandon after commit relinquished control
02-19 11:35:40.087  2728 23568 I ActivityManager: Killing 20248:com.motorola.motodisplay/u0a52 (adj 906): empty #5
02-19 11:35:40.094  2728 29453 D ActivityManager: cleanUpApplicationRecord -- 20248
02-19 11:35:40.443  2728  2728 E NotificationService: Suppressing notification from package by user request.
02-19 11:35:40.633  2728  3699 D WifiService: acquireWifiLockLocked: WifiLock{NlpWifiLock type=2 uid=10033}
02-19 11:35:41.444  2728  3727 D WifiService: releaseWifiLockLocked: WifiLock{NlpWifiLock type=2 uid=10033}
02-19 11:35:44.388  2728  3730 I ActivityManager: Force stopping us.moviemates appid=10622 user=0: from pid 20542
02-19 11:35:44.388  2728  3730 I ActivityManager: Killing 6973:us.moviemates/u0a622 (adj 700): stop us.moviemates
02-19 11:35:44.389  2728  3730 D ActivityManager: cleanUpApplicationRecord -- 6973
02-19 11:35:44.390  2728  3730 W ActivityManager: Scheduling restart of crashed service us.moviemates/.Services.MessageServiceListener in 1000ms
02-19 11:35:44.390  2728  3730 W ActivityManager: Scheduling restart of crashed service us.moviemates/.Services.MoviesUpdateService in 11000ms
02-19 11:35:44.391  2728  3730 I ActivityManager:   Force finishing activity ActivityRecord{e8f5895 u0 us.moviemates/.Activities.MoviesActivity t719}
02-19 11:35:44.391  2728  3730 I ActivityManager:   Force stopping service ServiceRecord{9639513 u0 us.moviemates/.Services.MoviesUpdateService}
02-19 11:35:44.391  2728  3730 I ActivityManager:   Force stopping service ServiceRecord{f9fb7f0 u0 us.moviemates/.Services.MessageServiceListener}
02-19 11:35:44.399  2728  3749 W ActivityManager: Permission Denial: Accessing service ComponentInfo{com.google.android.music/com.google.android.music.dial.DialMediaRouteProviderService} from pid=13953, uid=10033 that is not exported from uid 10114
02-19 11:35:44.431  2728  2745 D ConnectivityService: ConnectivityService NetworkRequestInfo binderDied(NetworkRequest [ id=367, legacyType=-1, [ Capabilities: INTERNET&NOT_RESTRICTED&TRUSTED] ], android.os.BinderProxy@d7761b5)
02-19 11:35:44.432  2728  3147 E ConnectivityService: RemoteException caught trying to send a callback msg for NetworkRequest [ id=367, legacyType=-1, [ Capabilities: INTERNET&NOT_RESTRICTED&TRUSTED] ]
02-19 11:35:45.112  2728  4924 I ActivityManager: Force stopping us.moviemates appid=10622 user=0: clear data
02-19 11:35:45.114  2728  2797 I ActivityManager: Force stopping us.moviemates appid=10622 user=-1: clearApplicationUserData
02-19 11:35:45.187  2728  2797 I ActivityManager: Start proc 20564:com.android.documentsui/u0a26 for broadcast com.android.documentsui/.PackageReceiver
02-19 11:35:45.189  2728  5078 W ActivityManager: Permission Denial: Accessing service ComponentInfo{com.google.android.music/com.google.android.music.dial.DialMediaRouteProviderService} from pid=13953, uid=10033 that is not exported from uid 10114
02-19 11:35:45.249  2728 20347 I ActivityManager: Start proc 20578:com.google.android.apps.photos/u0a118 for broadcast com.google.android.apps.photos/com.google.android.libraries.social.mediastoresync.reset.impl.MediaStoreClearedReceiver
02-19 11:35:46.057  2728  3730 I ProcessStatsService: Added stats: 2018-02-19-06-27-40, over +4h40m56s336ms
02-19 11:35:46.076  2728  3730 I ProcessStatsService: Added stats: 2018-02-18-21-31-17, over +8h56m23s649ms
02-19 11:35:46.092  2728  3730 I ProcessStatsService: Added stats: 2018-02-18-18-12-13, over +3h19m3s221ms
02-19 11:35:46.104  2728  3730 I ProcessStatsService: Added stats: 2018-02-18-15-10-19, over +3h1m53s969ms
02-19 11:35:46.116  2728  3730 I ProcessStatsService: Added stats: 2018-02-18-12-09-45, over +3h0m34s608ms
02-19 11:35:46.164  2728  3730 I ProcessStatsService: Added stats: 2018-02-19-06-27-40, over +4h40m56s336ms
02-19 11:35:46.241  2728  3134 E BatteryStatsService: no controller energy info supplied
02-19 11:35:46.587  2728 32296 D BatteryService: mLastPlugType/mPlugType:2/2
02-19 11:35:46.587  2728 32296 D BatteryService: set mLastPlugType to 2
02-19 11:35:47.690  2728  3134 D VoldConnector: SND -> {40 volume remount_uid 10622 read}
02-19 11:35:47.705   464   480 D vold    : Remounting 10622 as mode read
02-19 11:35:47.715  2728  3132 D VoldConnector: RCV <- {200 40 Command succeeded}
02-19 11:35:48.372  2728 23569 D VoldConnector: SND -> {41 volume remount_uid 10622 write}
02-19 11:35:48.372   464   480 D vold    : Remounting 10622 as mode write
02-19 11:35:48.380  2728  3132 D VoldConnector: RCV <- {200 41 Command succeeded}
02-19 11:35:50.411  2728  3268 I ActivityManager: Force stopping io.appium.uiautomator2.server appid=10625 user=0: from pid 20684
02-19 11:35:50.416  2728 23568 W ActivityManager: Permission Denial: Accessing service ComponentInfo{com.google.android.music/com.google.android.music.dial.DialMediaRouteProviderService} from pid=13953, uid=10033 that is not exported from uid 10114
02-19 11:35:51.126  2728  3747 I ActivityManager: Force stopping io.appium.uiautomator2.server appid=10625 user=0: start instr
02-19 11:35:51.139  2728  3747 I ActivityManager: Start proc 20704:io.appium.uiautomator2.server/u0a625 for added application io.appium.uiautomator2.server
02-19 11:35:53.282  2728  3268 W AppOps  : Bad call: specified package io.appium.uiautomator2.server.test under uid 10625 but it is really 10626
02-19 11:35:53.282  2728  3268 W AppOps  : java.lang.RuntimeException: here
02-19 11:35:53.282  2728  3268 W AppOps  : 	at com.android.server.AppOpsService.getOpsRawLocked(AppOpsService.java:1257)
02-19 11:35:53.282  2728  3268 W AppOps  : 	at com.android.server.AppOpsService.startOperation(AppOpsService.java:1078)
02-19 11:35:53.282  2728  3268 W AppOps  : 	at com.android.server.power.Notifier.onWakeLockAcquired(Notifier.java:226)
02-19 11:35:53.282  2728  3268 W AppOps  : 	at com.android.server.power.PowerManagerService.notifyWakeLockAcquiredLocked(PowerManagerService.java:1096)
02-19 11:35:53.282  2728  3268 W AppOps  : 	at com.android.server.power.PowerManagerService.acquireWakeLockInternal(PowerManagerService.java:936)
02-19 11:35:53.282  2728  3268 W AppOps  : 	at com.android.server.power.PowerManagerService.-wrap7(PowerManagerService.java)
02-19 11:35:53.282  2728  3268 W AppOps  : 	at com.android.server.power.PowerManagerService$BinderService.acquireWakeLock(PowerManagerService.java:3469)
02-19 11:35:53.282  2728  3268 W AppOps  : 	at android.os.IPowerManager$Stub.onTransact(IPowerManager.java:66)
02-19 11:35:53.282  2728  3268 W AppOps  : 	at android.os.Binder.execTransact(Binder.java:565)
02-19 11:35:54.330  2728 20347 I ActivityManager: Force stopping us.moviemates appid=10622 user=0: from pid 20726
02-19 11:35:54.335  2728 29449 W ActivityManager: Permission Denial: Accessing service ComponentInfo{com.google.android.music/com.google.android.music.dial.DialMediaRouteProviderService} from pid=13953, uid=10033 that is not exported from uid 10114
02-19 11:35:54.588  2728 12011 I ActivityManager: START u0 {act=android.intent.action.MAIN cat=[android.intent.category.LAUNCHER] flg=0x10200000 cmp=us.moviemates/.Activities.SplashActivity} from uid 2000 on display 0
02-19 11:35:54.605   582   582 I SFPerfTracer:      triggers: (rate: 629:50456) (compose: 0:40) (post: 0:1011) (render: 0:86) (0:252420 frames) (1:314113)
02-19 11:35:54.605   582   582 D SFPerfTracer:        layers: (3:11) (StatusBar (0xb3148400): 0:77661) (Sprite (0xb3145c00): 0:81)* (DimLayerController/Stack=0 (0xb3179400): 0:2055)* (animation background stackId=1 (0xb3147000): 0:178)* (com.android.systemui.ImageWallpaper (0xb317bc00): 0:15760) (com.android.launcher3/com.android.launcher3.GoogleNowPanel (0xb3149800): 0:22)- (com.android.launcher3/com.android.launcher3.GoogleNowPanel (0xb314ac00): 0:133)- (Starting io.appium.settings (0xb3178000): 0:11)- (io.appium.settings/io.appium.settings.Settings (0xb317a800): 0:14)- (com.android.launcher3/com.android.launcher3.GoogleNowPanel (0xb3178000): 0:13)* (com.android.launcher3/com.android.launcher3.GoogleNowPanel (0xb3149800): 0:15) 
02-19 11:35:54.611  2728  3268 I ActivityManager: Start proc 20738:us.moviemates/u0a622 for activity us.moviemates/.Activities.SplashActivity
02-19 11:35:55.071  2728  2745 I ActivityManager: START u0 {flg=0x10000000 cmp=us.moviemates/.Activities.MainActivity} from uid 10622 on display 0
02-19 11:35:55.359  2728  4924 I ActivityManager: Start proc 20821:com.android.chrome/u0a83 for service com.android.chrome/org.chromium.chrome.browser.customtabs.CustomTabsConnectionService
02-19 11:35:55.672  2728  2852 I LaunchCheckinHandler: Displayed us.moviemates/.Activities.MainActivity,wp,ca,584
02-19 11:35:55.690  2728  2852 I WindowManager: Destroying surface Surface(name=Starting us.moviemates) called by com.android.server.wm.WindowStateAnimator.destroySurface:2067 com.android.server.wm.WindowStateAnimator.destroySurfaceLocked:896 com.android.server.wm.WindowState.destroyOrSaveSurface:2094 com.android.server.wm.AppWindowToken.destroySurfaces:368 com.android.server.wm.WindowStateAnimator.finishExit:575 com.android.server.wm.WindowStateAnimator.stepAnimationLocked:501 com.android.server.wm.WindowAnimator.updateWindowsLocked:303 com.android.server.wm.WindowAnimator.animateLocked:704 
02-19 11:35:55.723  2728  5071 I WindowManager: Destroying surface Surface(name=com.android.launcher3/com.android.launcher3.GoogleNowPanel) called by com.android.server.wm.WindowStateAnimator.destroySurface:2067 com.android.server.wm.WindowStateAnimator.destroySurfaceLocked:896 com.android.server.wm.WindowState.destroyOrSaveSurface:2094 com.android.server.wm.AppWindowToken.destroySurfaces:368 com.android.server.wm.AppWindowToken.notifyAppStopped:394 com.android.server.wm.WindowManagerService.notifyAppStopped:4532 com.android.server.am.ActivityStack.activityStoppedLocked:1267 com.android.server.am.ActivityManagerService.activityStopped:7177 
02-19 11:35:55.724  2728  5071 I WindowManager: Destroying surface Surface(name=com.android.launcher3/com.android.launcher3.GoogleNowPanel) called by com.android.server.wm.WindowStateAnimator.destroySurface:2067 com.android.server.wm.WindowStateAnimator.destroySurfaceLocked:896 com.android.server.wm.WindowState.destroyOrSaveSurface:2094 com.android.server.wm.AppWindowToken.destroySurfaces:368 com.android.server.wm.AppWindowToken.notifyAppStopped:394 com.android.server.wm.WindowManagerService.notifyAppStopped:4532 com.android.server.am.ActivityStack.activityStoppedLocked:1267 com.android.server.am.ActivityManagerService.activityStopped:7177 
02-19 11:35:56.183  2728  2745 I ActivityManager: Start proc 20897:com.android.chrome:sandboxed_process0/u0i62 for service com.android.chrome/org.chromium.content.app.SandboxedProcessService0
02-19 11:35:56.342  2728  2851 D BluetoothManagerService: Message: 20
02-19 11:35:56.343  2728  2851 D BluetoothManagerService: Added callback: android.bluetooth.IBluetoothManagerCallback$Stub$Proxy@349fa93:true
02-19 11:35:56.355  2728 32296 I ActivityManager: Start proc 20914:com.android.chrome:privileged_process0/u0a83 for service com.android.chrome/org.chromium.content.app.PrivilegedProcessService0
02-19 11:35:56.417  2728  3747 I ActivityManager: Start proc 20938:com.android.chrome:sandboxed_process1/u0i63 for service com.android.chrome/org.chromium.content.app.SandboxedProcessService1
02-19 11:35:56.786  2728 29454 I ActivityManager: Process com.android.chrome:sandboxed_process0 (pid 20897) has died
02-19 11:35:56.786  2728 29454 D ActivityManager: cleanUpApplicationRecord -- 20897
02-19 11:35:59.706  2728  3124 D BatteryService: uevent={POWER_SUPPLY_TEMP=270, POWER_SUPPLY_PRESENT=1, POWER_SUPPLY_STATUS=Charging, POWER_SUPPLY_CAPACITY=90, ACTION=change, DEVPATH=/devices/soc/qpnp-smbcharger-17/power_supply/battery, SUBSYSTEM=power_supply, POWER_SUPPLY_VOLTAGE_NOW=4312566, SEQNUM=3757179, POWER_SUPPLY_NAME=battery, POWER_SUPPLY_CURRENT_NOW=-350492, POWER_SUPPLY_CHARGE_COUNTER=2812486, POWER_SUPPLY_CHARGE_RATE=Normal, POWER_SUPPLY_HEALTH=Good}
02-19 11:35:59.709  2728  3727 D BatteryService: mLastPlugType/mPlugType:2/2
02-19 11:35:59.709  2728  3727 D BatteryService: set mLastPlugType to 2
02-19 11:35:59.742  2728  9525 W AppOps  : Bad call: specified package io.appium.uiautomator2.server.test under uid 10625 but it is really 10626
02-19 11:35:59.742  2728  9525 W AppOps  : java.lang.RuntimeException: here
02-19 11:35:59.742  2728  9525 W AppOps  : 	at com.android.server.AppOpsService.getOpsRawLocked(AppOpsService.java:1257)
02-19 11:35:59.742  2728  9525 W AppOps  : 	at com.android.server.AppOpsService.getOpLocked(AppOpsService.java:1289)
02-19 11:35:59.742  2728  9525 W AppOps  : 	at com.android.server.AppOpsService.finishOperation(AppOpsService.java:1136)
02-19 11:35:59.742  2728  9525 W AppOps  : 	at com.android.server.power.Notifier.onWakeLockReleased(Notifier.java:291)
02-19 11:35:59.742  2728  9525 W AppOps  : 	at com.android.server.power.PowerManagerService.notifyWakeLockReleasedLocked(PowerManagerService.java:1114)
02-19 11:35:59.742  2728  9525 W AppOps  : 	at com.android.server.power.PowerManagerService.removeWakeLockLocked(PowerManagerService.java:1026)
02-19 11:35:59.742  2728  9525 W AppOps  : 	at com.android.server.power.PowerManagerService.releaseWakeLockInternal(PowerManagerService.java:1003)
02-19 11:35:59.742  2728  9525 W AppOps  : 	at com.android.server.power.PowerManagerService.-wrap22(PowerManagerService.java)
02-19 11:35:59.742  2728  9525 W AppOps  : 	at com.android.server.power.PowerManagerService$BinderService.releaseWakeLock(PowerManagerService.java:3485)
02-19 11:35:59.742  2728  9525 W AppOps  : 	at android.os.IPowerManager$Stub.onTransact(IPowerManager.java:94)
02-19 11:35:59.742  2728  9525 W AppOps  : 	at android.os.Binder.execTransact(Binder.java:565)
02-19 11:36:00.456  2728  3727 W WindowManager: Attempted to remove non-existing token: android.os.Binder@82b4b13
02-19 11:36:00.470  2728  3730 I ActivityManager: Force stopping io.appium.uiautomator2.server appid=10625 user=0: finished inst
02-19 11:36:00.470  2728  3730 I ActivityManager: Killing 20704:io.appium.uiautomator2.server/u0a625 (adj 0): stop io.appium.uiautomator2.server
02-19 11:36:00.471  2728  3730 D ActivityManager: cleanUpApplicationRecord -- 20704
02-19 11:36:00.496  2728  2743 I ActivityManager: Force stopping us.moviemates appid=10622 user=0: from pid 21008
02-19 11:36:00.496  2728  2743 I ActivityManager: Killing 20738:us.moviemates/u0a622 (adj 0): stop us.moviemates
02-19 11:36:00.497  2728  2743 D ActivityManager: cleanUpApplicationRecord -- 20738
02-19 11:36:00.500  2728  2743 W ActivityManager: Scheduling restart of crashed service us.moviemates/.Services.MessageServiceListener in 1000ms
02-19 11:36:00.500  2728  2743 W ActivityManager: Force removing ActivityRecord{996edae u0 us.moviemates/.Activities.MainActivity t721}: app died, no saved state
02-19 11:36:00.511  2728  2743 I WindowManager: Destroying surface Surface(name=us.moviemates/us.moviemates.Activities.MainActivity) called by com.android.server.wm.WindowStateAnimator.destroySurface:2067 com.android.server.wm.WindowStateAnimator.destroySurfaceLocked:896 com.android.server.wm.WindowState.removeLocked:1457 com.android.server.wm.WindowManagerService.removeWindowInnerLocked:2546 com.android.server.wm.WindowManagerService.removeWindowLocked:2504 com.android.server.wm.WindowManagerService.removeWindowLocked:2373 com.android.server.wm.AppWindowToken.removeAllWindows:535 com.android.server.wm.AppWindowToken.removeAppFromTaskLocked:331 
02-19 11:36:00.529  2728  2743 I ActivityManager: moveHomeStack, setupComplete:true
02-19 11:36:00.531  2728  2743 I ActivityManager:   Force stopping service ServiceRecord{5cae312 u0 us.moviemates/.Services.MessageServiceListener}
02-19 11:36:00.538  2728 14300 W ActivityManager: Permission Denial: Accessing service ComponentInfo{com.google.android.music/com.google.android.music.dial.DialMediaRouteProviderService} from pid=13953, uid=10033 that is not exported from uid 10114
02-19 11:36:00.551  2728  5078 D ConnectivityService: ConnectivityService NetworkRequestInfo binderDied(NetworkRequest [ id=372, legacyType=-1, [ Capabilities: INTERNET&NOT_RESTRICTED&TRUSTED] ], android.os.BinderProxy@37d7242)
02-19 11:36:00.552  2728  3147 E ConnectivityService: RemoteException caught trying to send a callback msg for NetworkRequest [ id=372, legacyType=-1, [ Capabilities: INTERNET&NOT_RESTRICTED&TRUSTED] ]
02-19 11:36:00.568  2728  2796 W ProcessCpuTracker: Skipping unknown process pid 21008
02-19 11:36:00.629  2728  2728 E NotificationService: Suppressing notification from package by user request.
--------- beginning of main
02-19 11:36:00.740  7038  7038 I BgTaskExecutorImpl: Starting EXCLUSIVE background task update_searchnow_bootstrap_data.
02-19 11:36:00.748  7038  7038 I MicroDetectionWorker: onReady
02-19 11:36:00.761  7038  7038 W NowEndstateTracker: Trying to delete an endstate 1883693343651798924 that does not exist
02-19 11:36:00.764  2728  3134 I chatty  : uid=1000(system) Binder:2728_3 expire 5 lines
02-19 11:36:00.776  7038 20519 I UpdateSNBDTask: Updating bootstrap data
02-19 11:36:00.777  7038 19409 I MicroRecognitionRunner: Starting detection.
02-19 11:36:00.778  7038 19410 I MicrophoneInputStream: mic_starting  SR : 16000 CC : 16 SO : 1999
02-19 11:36:00.780  2143 21025 I AudioFlinger: AudioFlinger's thread 0xaff83ec0 ready to run
02-19 11:36:00.784  3643 30904 I PlaceInferenceEngine: [anon] Changed inference mode: 105
02-19 11:36:00.791  2143 21025 D audio_hw_primary: in_set_parameters: enter: kvpairs=input_source=6;routing=-2147483644
02-19 11:36:00.793  2143  2504 D APM_AudioPolicyManager: AudioPolicyManager::startInput() input source = 1999
02-19 11:36:00.795  7038 19410 I MicrophoneInputStream: mic_started  SR : 16000 CC : 16 SO : 1999
02-19 11:36:00.803  2143 21025 V msm8974_platform: platform_update_usecase_from_source: input source :6
02-19 11:36:00.803  2143 21025 V msm8974_platform: platform_get_input_snd_device: enter: out_device(0) in_device(0x4) channel_count (1) channel_mask (0x10)
02-19 11:36:00.803  2143 21025 V msm8974_platform: platform_get_input_snd_device: exit: in_snd_device(voice-rec-mic)
02-19 11:36:00.803  2143 21025 E audio_route: unable to find path 'set-capture-format-default'
02-19 11:36:00.803  2143 21025 V msm8974_platform: platform_send_audio_calibration: sending audio calibration for snd_device(107) acdb_id(62)
02-19 11:36:00.803  2143 21025 D ACDB-LOADER: ACDB -> send_audio_cal, acdb_id = 62, path = 1, app id = 0x11130, sample rate = 48000
02-19 11:36:00.803  2143 21025 D ACDB-LOADER: ACDB -> send_asm_topology
02-19 11:36:00.803  2143 21025 D ACDB-LOADER: ACDB -> ACDB_CMD_GET_AUDPROC_STREAM_TOPOLOGY_ID
02-19 11:36:00.803  2143 21025 D ACDB-LOADER: ACDB -> send_adm_topology
02-19 11:36:00.803  2143 21025 D ACDB-LOADER: ACDB -> ACDB_CMD_GET_AUDPROC_COMMON_TOPOLOGY_ID
02-19 11:36:00.803  2143 21025 D ACDB-LOADER: ACDB -> send_audtable
02-19 11:36:00.803  2143 21025 D ACDB-LOADER: ACDB -> ACDB_CMD_GET_AUDPROC_COMMON_TABLE_SIZE
02-19 11:36:00.803  2143 21025 D         : ACDBFILE_MGR:Read the devices count as zero, please check the acdb file
02-19 11:36:00.803  2143 21025 D         : Failed to fetch the lookup information of the device 0000003E 
02-19 11:36:00.803  2143 21025 E ACDB-LOADER: Error: ACDB_CMD_GET_AUDPROC_COMMON_TABLE_SIZE Returned = -19
02-19 11:36:00.803  2143 21025 D ACDB-LOADER: ACDB -> ACDB_CMD_GET_AUDPROC_COMMON_TABLE
02-19 11:36:00.803  2143 21025 D         : ACDBFILE_MGR:Read the devices count as zero, please check the acdb file
02-19 11:36:00.803  2143 21025 D         : Failed to fetch the lookup information of the device 0000003E 
02-19 11:36:00.803  2143 21025 D ACDB-LOADER: ACDB -> AUDIO_SET_AUDPROC_CAL
02-19 11:36:00.803  2143 21025 D ACDB-LOADER: ACDB -> send_audvoltable
02-19 11:36:00.803  2143 21025 D ACDB-LOADER: ACDB -> ACDB_CMD_GET_AUDPROC_GAIN_DEP_STEP_TABLE, vol index 0
02-19 11:36:00.803  2143 21025 D         : ACDBFILE_MGR:Read the devices count as zero, please check the acdb file
